[    0.000000] Booting Linux on physical CPU 0
[    0.000000] Initializing cgroup subsys cpu
[    0.000000] Linux version 3.4.0-g3106909-dirty (alexforsale@elasrofxela) (gcc version 4.7 (GCC) ) #3 SMP PREEMPT Mon Nov 30 03:59:58 WIB 2015
[    0.000000] CPU: ARMv7 Processor [410fc073] revision 3 (ARMv7), cr=10c5387d
[    0.000000] CPU: PIPT / VIPT nonaliasing data cache, VIPT aliasing instruction cache
[    0.000000] Machine: Qualcomm MSM 8226 (Flattened Device Tree), model: Qualcomm MSM 8226v2 H1A
[    0.000000] Powerup reason=0x40180
[    0.000000] Hw version=0x40
[    0.000000] qcom,ion-heap@28 reserved EBI1 size 314000
[    0.000000] qcom,mdss_fb_primary reserved EBI1 size 800000
[    0.000000] Node qcom,mdss_fb_primary memblock_reserve memory 3200000-41a0000
[    0.000000] Node qcom,msm-mem-hole removed memory 8400000-c400000
[    0.000000] Node qcom,msm-mem-hole removed memory d200000-f500000
[    0.000000] Node qcom,msm-mem-hole removed memory fa00000-ff00000
[    0.000000] qcom,msm-rtb reserved EBI1 size 100000
[    0.000000] memory pool 3 (start 0x3f300000 size d00000) initialized
[    0.000000] Initialized persistent memory from 3f100000-3f2fffff
[    0.000000] cma: CMA: reserved 16 MiB at 35000000
[    0.000000] cma: Found secure_region, memory base 0, size 109 MiB
[    0.000000] cma: CMA: reserved 112 MiB at 38000000
[    0.000000] cma: Found adsp_region, memory base 0, size 42 MiB
[    0.000000] cma: CMA: reserved 44 MiB at 32400000
[    0.000000] cma: Found qsecom_region, memory base 0, size 13 MiB
[    0.000000] cma: CMA: reserved 16 MiB at 37000000
[    0.000000] Memory policy: ECC disabled, Data cache writealloc
[    0.000000] IMEM DT static mapping successful
[    0.000000] On node 0 totalpages: 232192
[    0.000000] free_area_init_node: node 0, pgdat c1316a40, node_mem_map c243f000
[    0.000000]   Normal zone: 1944 pages used for memmap
[    0.000000]   Normal zone: 0 pages reserved
[    0.000000]   Normal zone: 192616 pages, LIFO batch:31
[    0.000000]   HighMem zone: 360 pages used for memmap
[    0.000000]   HighMem zone: 37272 pages, LIFO batch:7
[    0.000000] PERCPU: Embedded 10 pages/cpu @c2d82000 s16448 r8192 d16320 u40960
[    0.000000] pcpu-alloc: s16448 r8192 d16320 u40960 alloc=10*4096
[    0.000000] pcpu-alloc: [0] 0 [0] 1 [0] 2 [0] 3 
[    0.000000] Built 1 zonelists in Zone order, mobility grouping on.  Total pages: 229888
[    0.000000] Kernel command line: console=ttyHSL0,115200,n8 androidboot.console=ttyHSL0 androidboot.hardware=armani user_debug=31 msm_rtb.filter=0x37 console=tty0 androidboot.emmc=true androidboot.modem=HM1AW androidboot.hwversion=40 androidboot.serialno=9924b89b androidboot.baseband=msm mdss_mdp.panel=1:dsi:0:qcom,mdss_dsi_auo_720p_video
[    0.000000] androidboot.modem= HM1AW
[    0.000000] PID hash table entries: 4096 (order: 2, 16384 bytes)
[    0.000000] Dentry cache hash table entries: 131072 (order: 7, 524288 bytes)
[    0.000000] Inode-cache hash table entries: 65536 (order: 6, 262144 bytes)
[    0.000000] Memory: 132MB 14MB 5MB 756MB = 907MB total
[    0.000000] Memory: 677072k/677072k available, 265008k reserved, 17408K highmem
[    0.000000] Virtual kernel memory layout:
[    0.000000]     vector  : 0xffff0000 - 0xffff1000   (   4 kB)
[    0.000000]     fixmap  : 0xfff00000 - 0xfffe0000   ( 896 kB)
[    0.000000] 	   vmalloc : 0xf6800000 - 0xff000000   ( 136 MB)
[    0.000000] 	    lowmem : 0xe0000000 - 0xf6000000   ( 352 MB)
[    0.000000] 	    lowmem : 0xcff00000 - 0xe0000000   ( 257 MB)
[    0.000000] 	   vmalloc : 0xcfa00000 - 0xcff00000   (   5 MB)
[    0.000000] 	    lowmem : 0xcf500000 - 0xcfa00000   (   5 MB)
[    0.000000] 	   vmalloc : 0xcd200000 - 0xcf500000   (  35 MB)
[    0.000000] 	    lowmem : 0xcc400000 - 0xcd200000   (  14 MB)
[    0.000000] 	   vmalloc : 0xc8400000 - 0xcc400000   (  64 MB)
[    0.000000] 	    lowmem : 0xc0000000 - 0xc8400000   ( 132 MB)
[    0.000000]     pkmap   : 0xbfe00000 - 0xc0000000   (   2 MB)
[    0.000000]     modules : 0xbf000000 - 0xbfe00000   (  14 MB)
[    0.000000]       .text : 0xc0008000 - 0xc1090000   (16928 kB)
[    0.000000]       .init : 0xc1100000 - 0xc1238040   (1249 kB)
[    0.000000]       .data : 0xc123a000 - 0xc1349a60   (1087 kB)
[    0.000000]        .bss : 0xc1349a84 - 0xc1b3b0e0   (8134 kB)
[    0.000000] SLUB: Genslabs=11, HWalign=64, Order=0-3, MinObjects=0, CPUs=4, Nodes=1
[    0.000000] Preemptible hierarchical RCU implementation.
[    0.000000] 	RCU dyntick-idle grace-period acceleration is enabled.
[    0.000000] NR_IRQS:16 nr_irqs:16 16
[    0.000000] kmemleak: Kernel memory leak detector disabled
[    0.000000] sched_clock: 32 bits at 19MHz, resolution 52ns, wraps every 223696ms
[    0.000000] Switching to timer-based delay loop
[    0.000000] Console: colour dummy device 80x30
[    0.000000] console [tty0] enabled
[    0.002100] Calibrating delay loop (skipped), value calculated using timer frequency.. 38.40 BogoMIPS (lpj=192000)
[    0.002187] pid_max: default: 32768 minimum: 301
[    0.002527] Security Framework initialized
[    0.002765] AppArmor: AppArmor initialized
[    0.002805] Yama: becoming mindful.
[    0.003008] Mount-cache hash table entries: 512
[    0.004551] Initializing cgroup subsys debug
[    0.004599] Initializing cgroup subsys cpuacct
[    0.004639] Initializing cgroup subsys freezer
[    0.004811] CPU: Testing write buffer coherency: ok
[    0.004907] ftrace: allocating 36172 entries in 107 pages
[    0.055413] ------------[ cut here ]------------
[    0.055479] WARNING: at /home/alexforsale/phablet/kernel/xiaomi/armani/kernel/trace/ftrace.c:1590 ftrace_bug+0xec/0x174()
[    0.055556] Modules linked in:
[    0.055592] Backtrace: 
[    0.055640] [<c010a95c>] (dump_backtrace+0x0/0x114) from [<c0b6d2ac>] (dump_stack+0x20/0x24)
[    0.055705]  r6:c0215c30 r5:00000009 r4:00000000 r3:271ae91c
[    0.055793] [<c0b6d28c>] (dump_stack+0x0/0x24) from [<c019c6b8>] (warn_slowpath_common+0x5c/0x74)
[    0.055873] [<c019c65c>] (warn_slowpath_common+0x0/0x74) from [<c019c6fc>] (warn_slowpath_null+0x2c/0x34)
[    0.055943]  r8:60000153 r7:00000000 r6:00000000 r5:c01003a0 r4:c1318389
[    0.056020] r3:00000009
[    0.056071] [<c019c6d0>] (warn_slowpath_null+0x0/0x34) from [<c0215c30>] (ftrace_bug+0xec/0x174)
[    0.056149] [<c0215b44>] (ftrace_bug+0x0/0x174) from [<c0216068>] (ftrace_process_locs+0x3b0/0x500)
[    0.056217]  r5:f1c21e40 r4:00000000
[    0.056278] [<c0215cb8>] (ftrace_process_locs+0x0/0x500) from [<c11122d8>] (ftrace_init+0x98/0x18c)
[    0.056358] [<c1112240>] (ftrace_init+0x0/0x18c) from [<c1100ab4>] (start_kernel+0x308/0x368)
[    0.056423]  r7:c2d7f280 r6:00000000 r5:00000000 r4:c1243fe8
[    0.056506] [<c11007ac>] (start_kernel+0x0/0x368) from [<0000803c>] (0x803c)
[    0.056558]  r7:c1248ac4 r6:c1200f00 r5:c12424dc r4:10c5387d
[    0.056664] ---[ end trace da227214a82491b7 ]---
[    0.056704] ftrace faulted on writing [<c01003a0>] asm_do_IRQ+0x10/0x1c
[    0.057251] CPU0: thread -1, cpu 0, socket 0, mpidr 80000000
[    0.057382] hw perfevents: enabled with ARMv7 Cortex-A7 PMU driver, 5 counters available
[    0.062189] Setting up static identity map for 0xb836b0 - 0xb83714
[    0.062281] Configuring XPU violations to be fatal errors
[    0.062333] MSM Memory Dump table set up
[    0.068875] CPU1: thread -1, cpu 1, socket 0, mpidr 80000001
[    0.073912] CPU2: thread -1, cpu 2, socket 0, mpidr 80000002
[    0.079119] CPU3: thread -1, cpu 3, socket 0, mpidr 80000003
[    0.079435] Brought up 4 CPUs
[    0.079574] SMP: Total of 4 processors activated (153.60 BogoMIPS).
[    0.081387] devtmpfs: initialized
[    0.104386] EVM: security.selinux
[    0.104427] EVM: security.SMACK64
[    0.104463] EVM: security.capability
[    0.106731] dummy: 
[    0.299642] NET: Registered protocol family 16
[    0.315591] DMA: preallocated 256 KiB pool for atomic coherent allocations
[    0.319018] KPI: Bootloader start count = 30087
[    0.319067] KPI: Bootloader end count = 51760
[    0.319107] KPI: Bootloader display count = 42340
[    0.319148] KPI: Bootloader load kernel count = 2293
[    0.319193] KPI: Kernel MPM timestamp = 97417
[    0.319232] KPI: Kernel MPM Clock frequency = 32768
[    0.319286] socinfo_print: v8, id=221, ver=2.0, raw_id=2325, raw_ver=1, hw_plat=11, hw_plat_ver=0
[    0.319299]  accessory_chip=0, hw_plat_subtype=0, pmic_model=65540, pmic_die_revision=131073
[    0.351967] gpiochip_add: registered GPIOs 0 to 116 on device: msmgpio
[    0.364019] msm_watchdog f9017000.qcom,wdt: MSM Watchdog Initialized
[    0.421832] 8226_s1: 500 <--> 1275 mV at 0 mV normal idle 
[    0.422901] 8226_s1_corner: 0 <--> 0 mV at 0 mV normal idle 
[    0.423995] 8226_s1_corner_ao: 0 <--> 0 mV at 0 mV normal idle 
[    0.425052] 8226_s1_floor_corner: 0 <--> 0 mV at 0 mV normal idle 
[    0.426165] 8226_s3: 1200 <--> 1300 mV at 1200 mV normal idle 
[    0.427294] 8226_s4: 1800 <--> 2200 mV at 1800 mV normal idle 
[    0.428518] 8226_s5: 1150 mV normal idle 
[    0.429608] 8226_l1: 1225 mV normal idle 
[    0.430747] 8226_l2: 1200 mV normal idle 
[    0.431862] 8226_l3: 750 <--> 1337 mV at 0 mV normal idle 
[    0.432897] 8226_l3_ao: 750 <--> 1337 mV at 0 mV normal idle 
[    0.433958] 8226_l3_so: 750 <--> 1337 mV at 750 mV normal idle 
[    0.435150] 8226_l4: 1200 mV normal idle 
[    0.436240] 8226_l5: 1200 mV normal idle 
[    0.437398] 8226_l6: 1800 mV normal idle 
[    0.438592] 8226_l7: 1850 mV normal idle 
[    0.440023] 8226_l8: 1800 mV normal idle 
[    0.441101] 8226_l8_ao: 1800 mV normal idle 
[    0.442197] 8226_l8_so: 1800 mV normal idle 
[    0.443335] 8226_l9: 2050 mV normal idle 
[    0.444485] 8226_l10: 1800 mV normal idle 
[    0.445711] 8226_l12: 1800 mV normal idle 
[    0.446838] 8226_l14: 2750 mV normal idle 
[    0.447928] 8226_l15: 2800 mV normal idle 
[    0.449114] 8226_l16: 3000 <--> 3350 mV at 3300 mV normal idle 
[    0.450243] 8226_l17: 2950 mV normal idle 
[    0.451334] 8226_l18: 2950 mV normal idle 
[    0.452458] 8226_l19: 2850 mV normal idle 
[    0.453624] 8226_l20: 3075 mV normal idle 
[    0.454740] 8226_l21: 1800 <--> 2950 mV at 2950 mV normal idle 
[    0.455884] 8226_l22: 1800 <--> 2950 mV at 2950 mV normal idle 
[    0.457021] 8226_l23: 1800 <--> 2950 mV at 2950 mV normal idle 
[    0.458144] 8226_l24: 1300 <--> 1350 mV at 1300 mV normal idle 
[    0.459328] 8226_l25: 1775 <--> 2125 mV at 1775 mV normal idle 
[    0.460486] 8226_l26: 1225 mV normal idle 
[    0.461585] 8226_l27: 2050 mV normal idle 
[    0.462732] 8226_l28: 1800 <--> 2950 mV at 2950 mV normal idle 
[    0.463878] 8226_lvs1: 
[    0.465080] 8226_s2: 900 <--> 1350 mV at 1150 mV 
[    0.465469] spm_regulator_probe: name=8226_s2, range=MV, voltage=1150000 uV, mode=AUTO, step rate=9600 uV/us
[    0.513732] AXI: msm_bus_fabric_init_driver(): msm_bus_fabric_init_driver
[    0.516184] AXI: msm_bus_fabric_probe(): Coresight support absent for bus: 2048
[    0.518155] AXI: msm_bus_fabric_probe(): Coresight support absent for bus: 1024
[    0.520160] AXI: msm_bus_fabric_probe(): Coresight support absent for bus: 4096
[    0.523204] AXI: msm_bus_fabric_probe(): Coresight support absent for bus: 5120
[    0.524194] AXI: msm_bus_fabric_probe(): Coresight support absent for bus: 0
[    0.524798] AXI: msm_bus_fabric_probe(): Coresight support absent for bus: 6144
[    0.527432] qup_i2c f9927000.i2c: Missing 'qcom,master-id' DT entry
[    0.528985] kworker/u:0 used greatest stack depth: 5928 bytes left
[    0.530892] qup_i2c f9928000.i2c: Missing 'qcom,master-id' DT entry
[    0.532658] cpr_efuse_init: efuse_addr = 0xfc4b8000 (len=0x1000)
[    0.532851] cpr_fuse_is_setting_expected: [row:54] = 0x1c0000000000 @42:6 == 7 ?: yes
[    0.532930] cpr_parse_speed_bin_fuse: [row: 22]: 0x202b0b1a000001a9, speed_bits = 1
[    0.533012] cpr_fuse_is_setting_expected: [row:22] = 0x202b0b1a000001a9 @53:1 == 0 ?: no
[    0.533088] cpr_fuse_is_setting_expected: [row:22] = 0x202b0b1a000001a9 @24:3 == 2 ?: no
[    0.533170] cpr_pvs_init: pvs voltage: [1050000 1150000 1290000] uV
[    0.533226] cpr_pvs_init: ceiling voltage: [1050000 1150000 1290000] uV
[    0.533284] cpr_pvs_init: floor voltage: [1050000 1050000 1100000] uV
[    0.533856] cpr_fuse_is_setting_expected: [row:138] = 0x8404a36a3a9595 @57:1 == 1 ?: no
[    0.533944] cpr_init_cpr_efuse: [row:138] = 0x8404a36a3a9595
[    0.534003] cpr_init_cpr_efuse: disable = 0, local = 1
[    0.534050] cpr_init_cpr_efuse: Corner[1]: ro_sel = 2, target quot = 874
[    0.534105] cpr_init_cpr_efuse: Corner[2]: ro_sel = 2, target quot = 937
[    0.534160] cpr_init_cpr_efuse: Corner[3]: ro_sel = 2, target quot = 1429
[    0.534269] cpr_parse_pvs_version_fuse: [row: 22]: 0x202b0b1a000001a9, pvs_version = 2
[    0.534365] cpr_get_corner_quot_adjustment: quotient adjustment scaling factor: 0.610
[    0.534430] cpr_get_corner_quot_adjustment: adjusted quotient[12] = 1429
[    0.534484] cpr_get_corner_quot_adjustment: adjusted quotient[11] = 1371
[    0.534539] cpr_get_corner_quot_adjustment: adjusted quotient[10] = 1312
[    0.534594] cpr_get_corner_quot_adjustment: adjusted quotient[9] = 1278
[    0.534648] cpr_get_corner_quot_adjustment: adjusted quotient[8] = 1254
[    0.534702] cpr_get_corner_quot_adjustment: adjusted quotient[7] = 1184
[    0.534756] cpr_get_corner_quot_adjustment: adjusted quotient[6] = 1125
[    0.534810] cpr_get_corner_quot_adjustment: adjusted quotient[5] = 1067
[    0.534939] cpr_init_cpr_parameters: CPR is enabled by default.
[    0.535005] cpr_config: Timer count: 0x17700 (for 5000 us)
[    0.535568] apc_corner: 0 <--> 0 mV 
[    0.538209] msm-thermal qcom,msm-thermal.67: probe_freq_mitigation:Failed reading node=/soc/qcom,msm-thermal, key=qcom,freq-mitigation-temp. KTM continues
[    0.538319] msm-thermal qcom,msm-thermal.67: probe_psm:Failed reading node=/soc/qcom,msm-thermal, key=qcom,pmic-sw-mode-temp. KTM continues
[    0.538893] vdd_restriction_reg_init:Defer vdd rstr freq init
[    0.538958] msm-thermal qcom,msm-thermal.67: probe_ocr:Failed reading node=/soc/qcom,msm-thermal, key=qti,pmic-opt-curr-temp. KTM continues
[    0.540286] persistent_ram: found existing buffer, size 76910, start 76910
[    0.541725] console [ram-1] enabled
[    0.541786]  LCD_KCAL_DEBUG : add_lcd_kcal_devices 
[    0.542080] hw-breakpoint: found 5 (+1 reserved) breakpoint and 4 watchpoint registers.
[    0.542155] hw-breakpoint: maximum watchpoint size is 8 bytes.
[    0.543460] msm-jtag-fuse fc4be024.jtagfuse: JTag Fuse initialized
[    0.550447] sps:sps is ready.
[    0.553924] gdsc_venus: 
[    0.554629] gdsc_mdss: 
[    0.555329] gdsc_jpeg: 
[    0.556047] gdsc_vfe: 
[    0.556781] gdsc_oxili_cx: 
[    0.557395] gdsc_usb_hsic: 
[    0.559509] msm_ocmem fdd00000.qcom,ocmem: OCMEM Virtual addr c8800000
[    0.559758] Physical OCMEM zone layout:
[    0.559804]  zone graphics	: 0xfec00000 - 0xfec1ffff ( 128 KB)
[    0.616088] bio: create slab <bio-0> at 0
[    0.618880] cma: Assigned CMA region at 0 to 8.qcom,ion-heap device
[    0.619087] ION-heap mm: Cannot specify alignment for this type of heap
[    0.619334] cma: Assigned CMA region at 0 to 16.qcom,ion-heap device
[    0.619533] ION-heap adsp: Cannot specify alignment for this type of heap
[    0.619798] cma: Assigned CMA region at 0 to 1b.qcom,ion-heap device
[    0.621055] ION heap system created
[    0.621338] ION heap kmalloc created
[    0.621425] ION heap mm created at 0x38000000 with size 6d00000
[    0.621590] ION heap adsp created at 0x32400000 with size 2a00000
[    0.621677] ION heap qsecom created at 0x37000000 with size d00000
[    0.621818] ION heap audio created at 0x3f300000 with size 314000
[    0.621911] ION heap pil_1 created at 0x0dc00000 with size 1900000
[    0.624956] SCSI subsystem initialized
[    0.625352] usbcore: registered new interface driver usbfs
[    0.625592] usbcore: registered new interface driver hub
[    0.625879] usbcore: registered new device driver usb
[    0.626733] Linux media interface: v0.10
[    0.626892] Linux video capture interface: v2.00
[    0.630331] msm_iommu_v1 fda64000.qcom,iommu: device jpeg_iommu mapped at c84e0000, with 3 ctx banks
[    0.632496] msm_iommu_v1 fd928000.qcom,iommu: device mdp_iommu mapped at c8560000, with 3 ctx banks
[    0.634654] msm_iommu_v1 fdc84000.qcom,iommu: device venus_iommu mapped at c8840000, with 3 ctx banks
[    0.636672] msm_iommu_v1 fdb10000.qcom,iommu: device kgsl_iommu mapped at c8860000, with 3 ctx banks
[    0.638612] msm_iommu_v1 fda44000.qcom,iommu: device vfe_iommu mapped at c8880000, with 3 ctx banks
[    0.641118] msm_iommu_ctx_v1 fda6c000.qcom,iommu-ctx: context jpeg_enc0 using bank 0
[    0.641529] msm_iommu_ctx_v1 fda6d000.qcom,iommu-ctx: context jpeg_enc1 using bank 1
[    0.641852] msm_iommu_ctx_v1 fda6e000.qcom,iommu-ctx: context jpeg_dec using bank 2
[    0.642180] msm_iommu_ctx_v1 fd930000.qcom,iommu-ctx: context mdp_0 using bank 0
[    0.642498] msm_iommu_ctx_v1 fd931000.qcom,iommu-ctx: context mdp_1 using bank 1
[    0.642794] msm_iommu_ctx_v1 fd932000.qcom,iommu-ctx: context mdp_2 using bank 2
[    0.643113] msm_iommu_ctx_v1 fdc8c000.qcom,iommu-ctx: context venus_ns using bank 0
[    0.643434] msm_iommu_ctx_v1 fdc8d000.qcom,iommu-ctx: context venus_cp using bank 1
[    0.643736] msm_iommu_ctx_v1 fdc8e000.qcom,iommu-ctx: context venus_fw using bank 2
[    0.644118] msm_iommu_ctx_v1 fdb18000.qcom,iommu-ctx: context gfx3d_user using bank 0
[    0.644419] msm_iommu_ctx_v1 fdb19000.qcom,iommu-ctx: context gfx3d_priv using bank 1
[    0.644721] msm_iommu_ctx_v1 fdb1a000.qcom,iommu-ctx: context gfx3d_spare using bank 2
[    0.645111] msm_iommu_ctx_v1 fda4c000.qcom,iommu-ctx: context vfe0 using bank 0
[    0.645408] msm_iommu_ctx_v1 fda4d000.qcom,iommu-ctx: context vfe1 using bank 1
[    0.645703] msm_iommu_ctx_v1 fda4e000.qcom,iommu-ctx: context cpp using bank 2
[    0.647190] Advanced Linux Sound Architecture Driver Version 1.0.25.
[    0.648449] Bluetooth: Core ver 2.16
[    0.648572] NET: Registered protocol family 31
[    0.648618] Bluetooth: HCI device and connection manager initialized
[    0.648681] Bluetooth: HCI socket layer initialized
[    0.648731] Bluetooth: L2CAP socket layer initialized
[    0.649208] Bluetooth: SCO socket layer initialized
[    0.649955] cfg80211: Calling CRDA to update world regulatory domain
[    0.650066] cfg80211: World regulatory domain updated:
[    0.650114] cfg80211:   (start_freq - end_freq @ bandwidth), (max_antenna_gain, max_eirp)
[    0.650184] cfg80211:   (2402000 KHz - 2472000 KHz @ 40000 KHz), (300 mBi, 2000 mBm)
[    0.650251] cfg80211:   (2457000 KHz - 2482000 KHz @ 40000 KHz), (300 mBi, 2000 mBm)
[    0.650318] cfg80211:   (2474000 KHz - 2494000 KHz @ 20000 KHz), (300 mBi, 2000 mBm)
[    0.650385] cfg80211:   (5170000 KHz - 5250000 KHz @ 80000 KHz), (300 mBi, 2000 mBm)
[    0.650451] cfg80211:   (5735000 KHz - 5835000 KHz @ 80000 KHz), (300 mBi, 2000 mBm)
[    0.650518] cfg80211:   (57240000 KHz - 63720000 KHz @ 2160000 KHz), (N/A, 0 mBm)
[    0.650763] NetLabel: Initializing
[    0.650804] NetLabel:  domain hash size = 128
[    0.650845] NetLabel:  protocols = UNLABELED CIPSOv4
[    0.651018] NetLabel:  unlabeled traffic allowed by default
[    0.652211] Switching to clocksource arch_sys_counter
[    0.730720] AppArmor: AppArmor Filesystem Enabled
[    0.754139] NET: Registered protocol family 2
[    0.755067] IP route cache hash table entries: 32768 (order: 5, 131072 bytes)
[    0.759666] TCP established hash table entries: 131072 (order: 8, 1048576 bytes)
[    0.769466] TCP bind hash table entries: 65536 (order: 8, 1310720 bytes)
[    0.771853] TCP: Hash tables configured (established 131072 bind 65536)
[    0.771910] TCP: reno registered
[    0.772129] UDP hash table entries: 512 (order: 2, 24576 bytes)
[    0.772303] UDP-Lite hash table entries: 512 (order: 2, 24576 bytes)
[    0.773153] NET: Registered protocol family 1
[    0.773817] Trying to unpack rootfs image as initramfs...
[    1.167347] Freeing initrd memory: 4344K
[    1.174037] clock-a7 f9011050.qcom,clock-a7: Speed bin: 1
[    1.174095] clock-a7 f9011050.qcom,clock-a7: PVS version: 2
[    1.181303] gpiochip_find_base: found new base at 992
[    1.181656] gpiochip_add: registered GPIOs 992 to 1023 on device: smp2p
[    1.183442] gpiochip_find_base: found new base at 960
[    1.183759] gpiochip_add: registered GPIOs 960 to 991 on device: smp2p
[    1.183928] gpiochip_find_base: found new base at 928
[    1.184263] gpiochip_add: registered GPIOs 928 to 959 on device: smp2p
[    1.185989] gpiochip_find_base: found new base at 896
[    1.186304] gpiochip_add: registered GPIOs 896 to 927 on device: smp2p
[    1.186474] gpiochip_find_base: found new base at 864
[    1.186811] gpiochip_add: registered GPIOs 864 to 895 on device: slave-kernel
[    1.188612] gpiochip_find_base: found new base at 832
[    1.188928] gpiochip_add: registered GPIOs 832 to 863 on device: master-kernel
[    1.189154] gpiochip_find_base: found new base at 800
[    1.189506] gpiochip_add: registered GPIOs 800 to 831 on device: smp2p
[    1.191311] gpiochip_find_base: found new base at 768
[    1.191655] gpiochip_add: registered GPIOs 768 to 799 on device: smp2p
[    1.191823] gpiochip_find_base: found new base at 736
[    1.192136] gpiochip_add: registered GPIOs 736 to 767 on device: slave-kernel
[    1.194053] gpiochip_find_base: found new base at 704
[    1.194402] gpiochip_add: registered GPIOs 704 to 735 on device: master-kernel
[    1.194623] gpiochip_find_base: found new base at 672
[    1.194941] gpiochip_add: registered GPIOs 672 to 703 on device: smp2p
[    1.196842] gpiochip_find_base: found new base at 640
[    1.197185] gpiochip_add: registered GPIOs 640 to 671 on device: smp2p
[    1.197368] gpiochip_find_base: found new base at 608
[    1.197687] gpiochip_add: registered GPIOs 608 to 639 on device: slave-kernel
[    1.199635] gpiochip_find_base: found new base at 576
[    1.199980] gpiochip_add: registered GPIOs 576 to 607 on device: master-kernel
[    1.200421] gpiochip_find_base: found new base at 544
[    1.200741] gpiochip_add: registered GPIOs 544 to 575 on device: rdbg
[    1.202822] gpiochip_find_base: found new base at 512
[    1.203144] gpiochip_add: registered GPIOs 512 to 543 on device: rdbg
[    1.203348] gpiochip_find_base: found new base at 480
[    1.203668] gpiochip_add: registered GPIOs 480 to 511 on device: rdbg
[    1.205701] gpiochip_find_base: found new base at 448
[    1.206023] gpiochip_add: registered GPIOs 448 to 479 on device: rdbg
[    1.209298] pil-q6v5-lpass fe200000.qcom,lpass: using secure boot
[    1.219525] pil_pronto fb21b000.qcom,pronto: using secure boot
[    1.224520] pil_venus fdce0000.qcom,venus: using secure boot
[    1.246329] NET: Registered protocol family 27
[    1.272984] msm_rpm_log_probe: OK
[    1.303350] ocmem: Client sensors (id: 6) not allowed to use OCMEM
[    1.303439] OCMEM notifier registration failed
[    1.303497] sns_ocmem_main: sns_ocmem_init failed -14
[    1.315282] audit: initializing netlink socket (disabled)
[    1.315426] type=2000 audit(1.300:1): initialized
[    1.411133] highmem bounce pool size: 64 pages
[    1.424978] NTFS driver 2.1.30 [Flags: R/O].
[    1.425400] fuse init (API version 7.18)
[    1.426520] msgmni has been set to 1416
[    1.428563] Block layer SCSI generic (bsg) driver version 0.4 loaded (major 247)
[    1.428603] io scheduler noop registered
[    1.428624] io scheduler deadline registered (default)
[    1.428663] io scheduler row registered
[    1.428890] io scheduler cfq registered
[    1.429209] gpiochip_find_base: found new base at 440
[    1.429342] gpiochip_add: registered GPIOs 440 to 447 on device: pm8226-gpio
[    1.429663] qcom,qpnp-pin qpnp-pin-f1df0400: qpnp_pin_probe: gpio_chip registered between 440-447
[    1.429842] gpiochip_find_base: found new base at 432
[    1.429973] gpiochip_add: registered GPIOs 432 to 439 on device: pm8226-mpp
[    1.430492] qcom,qpnp-pin qpnp-pin-f1df0600: qpnp_pin_probe: gpio_chip registered between 432-439
[    1.430793] mdss_mdp_probe: MDP HW Base phy_Address=0xfd900000 virt=0xc88c0000
[    1.430843] mdss_mdp_probe: MDSS VBIF HW Base phy_Address=0xfd924000 virt=0xc8556000
[    1.431112] mdss_mdp_parse_dt_handler: Error from prop qcom,mdss-ib-factor-overlap : u32 array read
[    1.431153] mdss_mdp_parse_dt_fudge_factors: err reading qcom,mdss-ib-factor-overlap
[    1.431193] mdss_mdp_parse_dt_prop_len: Error from prop qcom,mdss-ad-off : spec error in device tree
[    1.431245] mdss_mdp_parse_bootarg: mdss_mdp_parse_bootarg:1482: pan_name=[1:dsi:0:qcom,mdss_dsi_auo_720p_video] end=[\x03]
[    1.432040] mdss_mdp_pp_argc: >>>>> mdss_mdp_pp_argc 
[    1.432074] update_preset_lcdc_lut: update_preset_lcdc_lut red=[255], green=[255], blue=[255]
[    1.432111] mdss_mdp_pp_argc_kcal: >>>>> mdss_mdp_pp_argc_kcal 
[    1.433781] mdss_dsi_ctrl_probe: DSI Ctrl name = MDSS DSI CTRL->0
[    1.433909] mdss_dsi_panel_init: Panel Name = auo 720p video mode dsi panel
[    1.434181] mdss_dsi_panel_init:1057 Continuous splash flag enabled.
[    1.434212] mdss_dsi_panel_init:1069 Partial update disabled.
[    1.434580] dsi_panel_device_register:1279, Disp_en gpio not specified
[    1.434676] mdss_dsi_retrieve_ctrl_resources: dsi base=c8574800 size=600
[    1.462649] mdss_register_panel: adding framebuffer device fd922800.qcom,mdss_dsi
[    1.463086] mdss_hw_init: MDP Rev=10010001
[    1.464987] mdss_register_panel: adding framebuffer device qcom,mdss_wb_panel.23
[    1.466234] mdss_fb_parse_dt: split framebuffer left=0 right=0
[    1.466265] mdss_fb_alloc_fbmem_iommu: mdss_fb_alloc_fbmem_iommu frame buffer reserve_size=0x800000
[    1.466601] mdss_fb_alloc_fbmem_iommu: allocating 8388608 bytes at c9000000 (3f800000 phys) for fb 0
[    1.466999] mdss_fb_register: FrameBuffer[0] 720x1280 size=8388608 registered successfully!
[    1.467085] mdss_mdp_overlay_init: mdss_mdp_overlay_init: unable to add event timer
[    1.467291] Registered led device: lcd-backlight
[    1.467366] mdss_fb_parse_dt: split framebuffer left=0 right=0
[    1.467623] mdss_fb_register: FrameBuffer[1] 1280x720 size=0 registered successfully!
[    1.467693] mdss_mdp_overlay_init: mdss_mdp_overlay_init: unable to add event timer
[    1.545353] msm_serial_hsl_probe: detected port #0 (ttyHSL0)
[    1.545610] f991f000.serial: ttyHSL0 at MMIO 0xf991f000 (irq = 141) is a MSM
[    1.548774] msm_serial_hsl_init: driver initialized
[    1.554026] diagchar initialized nowkgsl bus ib [0] = 1600000000
[    1.556529] kgsl bus ib [1] = 3200000000
[    1.556550] kgsl bus ib [2] = 4256000000
[    1.556570] kgsl bus index is 2 for pwrlevel 0
[    1.556591] kgsl bus index is 1 for pwrlevel 1
[    1.556613] kgsl bus index is 0 for pwrlevel 2
[    1.557132] kgsl kgsl-3d0: |kgsl_iommu_init| MMU type set for device is IOMMU
[    1.570029] brd: module loaded
[    1.574601] loop: module loaded
[    1.575296] QSEECOM: qseecom_probe: support_bus_scaling=0x1
[    1.575323] QSEECOM: qseecom_probe: bam_pipe_pair=0x2
[    1.575350] QSEECOM: qseecom_probe: qsee-ce-hw-instance=0x0
[    1.575379] QSEECOM: qseecom_probe: hlos-ce-hw-instance=0x0
[    1.575448] QSEECOM: qseecom_probe: secure app region addr=0xd980000 size=0x256000
[    1.576642] 8226_l28: Failed to create debugfs directory
[    1.577002] isa1000_setup: isa1000 set up
[    1.577311] i2c-core: driver [tabla-i2c-core] using legacy suspend method
[    1.577343] i2c-core: driver [tabla-i2c-core] using legacy resume method
[    1.577526] i2c-core: driver [wcd9xxx-i2c-core] using legacy suspend method
[    1.577557] i2c-core: driver [wcd9xxx-i2c-core] using legacy resume method
[    1.578285] SCSI Media Changer driver v0.25 
[    1.579113] sps: BAM device 0xf9904000 is not registered yet.
[    1.579151] sps:BAM 0xf9904000 is registered.
[    1.579484] sps:BAM 0xf9904000 (va:0xc8830000) enabled: ver:0x15, number of pipes:24
[    1.579992] spi_qsd f9923000.spi: master is unqueued, this is deprecated
[    1.585039] modprobe used greatest stack depth: 5728 bytes left
[    1.585410] gpio_request: gpio-0 (spi_mosi) status -16
[    1.585424] spi_qsd f9923000.spi: msm_spi_request_gpios: gpio_request for pin 0 failed with error -16
[    1.585483] spi_qsd f9923000.spi: can't setup spi0.3, status -16
[    1.585515] spi_master spi0: spi_device register error /soc/spi@f9923000/ethernet-switch@3
[    1.587066] tun: Universal TUN/TAP device driver, 1.6
[    1.587097] tun: (C) 1999-2004 Max Krasnyansky <maxk@qualcomm.com>
[    1.587384] rmnet_init: BAM devices[9]
[    1.597692] PPP generic driver version 2.4.2
[    1.597986] PPP BSD Compression module registered
[    1.598013] PPP Deflate Compression module registered
[    1.606509] PPP MPPE Compression module registered
[    1.606544] NET: Registered protocol family 24
[    1.606603] SLIP: version 0.8.4-NET3.019-NEWTTY (dynamic channels, max=256) (6 bit encapsulation enabled).
[    1.606641] CSLIP: code copyright 1989 Regents of the University of California.
[    1.607085] wcnss_wlan probed in built-in mode
[    1.608902] usbcore: registered new interface driver asix
[    1.609002] usbcore: registered new interface driver cdc_ether
[    1.609077] usbcore: registered new interface driver net1080
[    1.609164] usbcore: registered new interface driver cdc_subset
[    1.609240] usbcore: registered new interface driver zaurus
[    1.609522] usbcore: registered new interface driver cdc_ncm
[    1.611245] msm_otg f9a55000.usb: msm_otg probe
[    1.613508] msm_otg f9a55000.usb: OTG regs = c87f8000
[    1.615993] ehci_hcd: USB 2.0 'Enhanced' Host Controller (EHCI) Driver
[    1.616367] Unable to get vbus_otg
[    1.616391] msm_hsusb_host msm_hsusb_host: unable to register with transceiver
[    1.616447] platform msm_hsusb_host: Driver msm_hsusb_host requests probe deferral
[    1.617704] usbcore: registered new interface driver cdc_acm
[    1.617732] cdc_acm: USB Abstract Control Model driver for USB modems and ISDN adapters
[    1.617766] Initializing USB Mass Storage driver...
[    1.617874] usbcore: registered new interface driver usb-storage
[    1.617902] USB Mass Storage support registered.
[    1.617966] usbcore: registered new interface driver ums-alauda
[    1.618034] usbcore: registered new interface driver ums-cypress
[    1.618100] usbcore: registered new interface driver ums-datafab
[    1.618167] usbcore: registered new interface driver ums-freecom
[    1.618233] usbcore: registered new interface driver ums-isd200
[    1.618300] usbcore: registered new interface driver ums-jumpshot
[    1.618366] usbcore: registered new interface driver ums-karma
[    1.618433] usbcore: registered new interface driver ums-onetouch
[    1.618499] usbcore: registered new interface driver ums-sddr09
[    1.618584] usbcore: registered new interface driver ums-sddr55
[    1.618651] usbcore: registered new interface driver ums-usbat
[    1.618817] usbcore: registered new interface driver usbserial
[    1.618845] usbserial: USB Serial Driver core
[    1.618923] usbcore: registered new interface driver qc_csvt
[    1.618992] USB Serial support registered for qc_csvt
[    1.619069] usbcore: registered new interface driver usb_ehset_test
[    1.620354] msm_hsusb msm_hsusb: [ci13xxx_start] hw_ep_max = 32
[    1.621169] mbim_init: initialize 1 instances
[    1.621373] mbim_init: Initialized 1 ports
[    1.623998] rndis_qc_init: initialize rndis QC instance
[    1.624854] android_usb gadget: Mass Storage Function, version: 2009/09/11
[    1.624888] android_usb gadget: Number of LUNs=2
[    1.624914]  lun0: LUN: removable read only CD-ROM file: (no medium)
[    1.624942]  lun1: LUN: removable file: (no medium)
[    1.625435] android_usb gadget: android_usb ready
[    1.626636] mousedev: PS/2 mouse device common for all mice
[    1.627053] usbcore: registered new interface driver xpad
[    1.627082] ft5x06_i2c_init
[    1.627198] num_fw = 4
[    1.627293] i2c-pull-up = 1
[    1.627310] reset gpio = 16
[    1.627326] irq gpio = 17
[    1.627342] x_max = 720
[    1.627358] y_max = 1280
[    1.627374] z_max = 255
[    1.627389] w_max = 200
[    1.627404] landing_jiffies = 1000
[    1.627423] landing_threshold = 16
[    1.627441] staying_threshold = 8
[    1.627459] raw min = 7000
[    1.627475] raw max = 10000
[    1.627492] key_num = 3
[    1.627508] keymap[0] = 139
[    1.627524] keypos[0] = 2
[    1.627542] key[0]: 155 1317 10 50
[    1.627560] keymap[1] = 102
[    1.627577] keypos[1] = 6
[    1.627594] key[1]: 355 1317 10 50
[    1.627612] keymap[2] = 158
[    1.627629] keypos[2] = 10
[    1.627646] key[2]: 565 1317 10 50
[    1.627665] key_num = 3
[    1.627680] keymap[0] = 139
[    1.627697] keypos[0] = 2
[    1.627714] key[0]: 155 1319 10 50
[    1.627733] keymap[1] = 102
[    1.627749] keypos[1] = 6
[    1.627767] key[1]: 355 1319 10 50
[    1.627785] keymap[2] = 158
[    1.627802] keypos[2] = 10
[    1.627819] key[2]: 565 1319 10 50
[    1.627837] key_num = 3
[    1.627853] keymap[0] = 139
[    1.627870] keypos[0] = 2
[    1.627887] key[0]: 155 1319 10 50
[    1.627905] keymap[1] = 102
[    1.627922] keypos[1] = 6
[    1.627939] key[1]: 355 1319 10 50
[    1.627958] keymap[2] = 158
[    1.627974] keypos[2] = 10
[    1.627992] key[2]: 565 1319 10 50
[    1.628010] key_num = 3
[    1.628026] keymap[0] = 139
[    1.628042] keypos[0] = 2
[    1.628059] key[0]: 155 1319 10 50
[    1.628078] keymap[1] = 102
[    1.628095] keypos[1] = 6
[    1.628112] key[1]: 355 1319 10 50
[    1.628130] keymap[2] = 158
[    1.628147] keypos[2] = 10
[    1.628164] key[2]: 565 1319 10 50
[    1.628184] firmare 0 chip = 0xa, vendor = 0x51 name = ft5316_firmware.fw
[    1.843335] ft5x06_i2c 5-0038: firmware vendor is 51
[    1.843476] ft5x06_i2c 5-0038: chip id = 0x14, found it!
[    1.843607] ft5x06_i2c 5-0038: firmware name = ft5336_firmware_ofilm.fw
[    1.844344] ft5x06_i2c 5-0038: firmware version is 0e
[    1.845628] input: ft5x06 as /devices/f9927000.i2c/i2c-5/5-0038/input/input0
[    1.848491] #### init for imagis #####
[    1.852738] [ Imagis ] ist30xx_probe(), the i2c addr=0x50
[    1.853109] ### reset gpio = 16 ####
[    1.853232] ### irq gpio = 17 ####
[    1.853327] ### max x = 720 ####
[    1.853419] ### max y = 1280 ####
[    1.853512] ### max w = 200 ####
[    1.853604] ### key num = 3 ####
[    1.853697] #### key [0] = 139 ####
[    1.853794] #### key [1] = 102 ####
[    1.853892] #### key [2] = 158 ####
[    1.854020] gpio_request: gpio-17 (imagis_irq_gpio) status -16
[    1.854068] [ Imagis ] irq gpio request failed!
[    1.854193] [ Imagis ] Error, ist30xx mem free
[    1.855588] IST30XX: probe of 5-0050 failed with error -16
[    1.861739] using rtc device, qpnp_rtc, for alarms
[    1.861950] qcom,qpnp-rtc qpnp-rtc-f1df1000: rtc core: registered qpnp_rtc as rtc0
[    1.863541] i2c /dev entries driver
[    1.871730] msm_vidc: 1: Failed to read qcom,load-freq-tbl from device tree
[    1.871777] msm_vidc: 1: no elements in frequency table
[    1.871820] msm_vidc: 1: Failed to read qcom,reg-presets from device tree
[    1.872040] msm_vidc: 1: Failed to read qcom,buffer-type-tz-usage-table from device tree
[    1.872116] msm_vidc: 1: Q6 hfi device probe called
[    1.874204] msm_vidc: 1: debugfs_create_file: fail
[    1.899396] Registered led device: flashlight
[    1.901572] msm_eeprom_platform_probe MM data miss:1059
[    1.902431] msm_eeprom_parse_memory_map: pageen not needed
[    1.902898] msm_eeprom_parse_memory_map: pageen not needed
[    1.902980] msm_eeprom_parse_memory_map: pageen not needed
[    1.903058] msm_eeprom_parse_memory_map: pageen not needed
[    1.903136] msm_eeprom_parse_memory_map: pageen not needed
[    1.903216] msm_eeprom_parse_memory_map: pageen not needed
[    1.903296] msm_eeprom_parse_memory_map: pageen not needed
[    1.903378] msm_eeprom_parse_memory_map: pageen not needed
[    1.903460] msm_eeprom_parse_memory_map: pageen not needed
[    1.903543] msm_eeprom_parse_memory_map: pageen not needed
[    1.903627] msm_eeprom_parse_memory_map: pageen not needed
[    1.903712] msm_eeprom_parse_memory_map: pageen not needed
[    1.903798] msm_eeprom_parse_memory_map: pageen not needed
[    1.903885] msm_eeprom_parse_memory_map: pageen not needed
[    1.903973] msm_eeprom_parse_memory_map: pageen not needed
[    1.904062] msm_eeprom_parse_memory_map: pageen not needed
[    1.904152] msm_eeprom_parse_memory_map: pageen not needed
[    1.904242] msm_eeprom_parse_memory_map: pageen not needed
[    1.904334] msm_eeprom_parse_memory_map: pageen not needed
[    2.392530] h3lte_set_sensor_name: sensor_name = , is set = 0
[    2.468459] msm_eeprom_platform_probe MM data miss:1059
[    2.469655] msm_eeprom_parse_memory_map: pageen not needed
[    2.923615] h3lte_set_sensor_name: sensor_name = ov5693_olq5f08, is set = 1
[    2.969658] msm_sensor_driver_get_dt_data:809 Invalid sensor position
[    2.969825] msm_sensor_driver_get_dt_data:818 Invalid sensor mode supported
[    2.970001] g_sctrl[0] f0c7a000
[    2.970911] msm_sensor_driver_get_dt_data:809 Invalid sensor position
[    2.971091] msm_sensor_driver_get_dt_data:818 Invalid sensor mode supported
[    2.971264] g_sctrl[1] f0c7a200
[    2.983322] __msm_jpeg_init:951] Jpeg Device id 0
[    3.013886] lirc_dev: IR Remote Control driver registered, major 236 
[    3.014029] IR NEC protocol handler initialized
[    3.014122] IR RC5(x) protocol handler initialized
[    3.014217] IR RC6 protocol handler initialized
[    3.014308] IR JVC protocol handler initialized
[    3.014400] IR Sony protocol handler initialized
[    3.014492] IR RC5 (streamzap) protocol handler initialized
[    3.014596] IR SANYO protocol handler initialized
[    3.014689] IR MCE Keyboard/mouse protocol handler initialized
[    3.014795] IR LIRC bridge handler initialized
[    3.015265] usbcore: registered new interface driver uvcvideo
[    3.015377] USB Video Class driver (1.1.1)
[    3.018909] Driver for 1-wire Dallas network protocol.
[    3.021090] w1-gpio: w1_gpio_probe:gpio 439
[    3.203286] BMS: qpnp_bms_init: QPNP BMS INIT
[    3.203411] BMS: qpnp_bms_init: QPNP BMS INIT
[    3.203527] spmi qpnp-bms-armani-f1dedc00: Driver qcom,qpnp-bms-armani requests probe deferral
[    3.203799] spmi qpnp-charger-armani-f1deda00: Driver qcom,qpnp-charger-armani requests probe deferral
[    3.237919] qpnp_vadc_conv_seq_request: not a valid VADC channel
[    3.237953] thermal_sys: failed to read out thermal zone 7
[    3.238219] qpnp_vadc_conv_seq_request: not a valid VADC channel
[    3.238249] thermal_sys: failed to read out thermal zone 8
[    3.238966] device-mapper: uevent: version 1.0.3
[    3.239432] device-mapper: ioctl: 4.22.0-ioctl (2011-10-19) initialised: dm-devel@redhat.com
[    3.240242] cpuidle: using governor ladder
[    3.240268] cpuidle: using governor menu
[    3.240333] sdhci: Secure Digital Host Controller Interface driver
[    3.240361] sdhci: Copyright(c) Pierre Ossman
[    3.241059] sdhci-pltfm: SDHCI platform and OF driver helper
[    3.245798] mmc0: no vmmc regulator found
[    3.246965] Registered led device: mmc0::
[    3.249400] mmc0: SDHCI controller on msm_sdcc.1 [msm_sdcc.1] using ADMA
[    3.254413] mmc1: no vmmc regulator found
[    3.255567] Registered led device: mmc1::
[    3.256846] mmc1: SDHCI controller on msm_sdcc.2 [msm_sdcc.2] using ADMA
[    3.257498] Registered led device: red
[    3.257768] Registered led device: green
[    3.258050] Registered led device: blue
[    3.258837] Registered led device: wled:backlight
[    3.258850] qcom,leds-qpnp leds-qpnp-f1df1200: bl: change to higher light 4095
[    3.258907] qcom,leds-qpnp leds-qpnp-f1df1200: bl: change to analog 4095
[    3.260103] qcom,leds-qpnp leds-qpnp-f1e12000: Regulator get failed(-517)
[    3.260134] qcom,leds-qpnp leds-qpnp-f1e12000: Unable to read flash config data
[    3.260181] spmi leds-qpnp-f1e12000: Driver qcom,leds-qpnp requests probe deferral
[    3.263607] usbcore: registered new interface driver usbhid
[    3.263638] usbhid: USB HID core driver
[    3.264385] zram: Created 1 device(s) ...
[    3.265170] ashmem: initialized
[    3.265341] logger: created 1024K log 'log_main'
[    3.265512] logger: created 1024K log 'log_events'
[    3.265684] logger: created 1024K log 'log_radio'
[    3.265865] logger: created 1024K log 'log_system'
[    3.266627] sps:BAM 0xf9a44000 is registered.
[    3.266654] usb_bam_ipa_create_resources: Failed to create USB_PROD resource
[    3.267151] PMIC@SID0 Power-on reason: Triggered from KPD (power key press) and 'warm' boot
[    3.267529] input: qpnp_pon as /devices/virtual/input/input1
[    3.268831] PMIC@SID0: PM8226 v2.1 options: 0, 0, 2, 2
[    3.269286] coresight-fuse fc4be024.fuse: Fuse initialized
[    3.270047] coresight-cti fc308000.cti: CTI initialized
[    3.270249] coresight-cti fc309000.cti: CTI initialized
[    3.270464] coresight-cti fc30a000.cti: CTI initialized
[    3.270667] coresight-cti fc30b000.cti: CTI initialized
[    3.270879] coresight-cti fc30c000.cti: CTI initialized
[    3.271082] coresight-cti fc30d000.cti: CTI initialized
[    3.271302] coresight-cti fc30e000.cti: CTI initialized
[    3.271507] coresight-cti fc30f000.cti: CTI initialized
[    3.271726] coresight-cti fc310000.cti: CTI initialized
[    3.271931] coresight-cti fc340000.cti: CTI initialized
[    3.272177] coresight-cti fc341000.cti: CTI initialized
[    3.272436] coresight-cti fc342000.cti: CTI initialized
[    3.272668] coresight-cti fc343000.cti: CTI initialized
[    3.272866] coresight-cti fc344000.cti: CTI initialized
[    3.273072] coresight-cti fc348000.cti: CTI initialized
[    3.273267] coresight-cti fc34d000.cti: CTI initialized
[    3.273471] coresight-cti fc350000.cti: CTI initialized
[    3.273667] coresight-cti fc354000.cti: CTI initialized
[    3.273874] coresight-cti fc358000.cti: CTI initialized
[    3.274580] coresight-csr fc302000.csr: CSR initialized
[    3.277816] coresight-tmc fc322000.tmc: Byte Counter feature enabled
[    3.277890] sps:BAM 0xfc37c000 is registered.
[    3.278261] coresight-tmc fc322000.tmc: TMC initialized
[    3.278871] coresight-tmc fc307000.tmc: TMC initialized
[    3.279887] coresight-tpiu fc318000.tpiu: seta gpios not specified
[    3.279918] coresight-tpiu fc318000.tpiu: setb gpios not specified
[    3.280050] coresight-tpiu fc318000.tpiu: TPIU initialized
[    3.284940] coresight-funnel fc31b000.funnel: FUNNEL initialized
[    3.285132] coresight-funnel fc319000.funnel: FUNNEL initialized
[    3.285337] coresight-funnel fc31a000.funnel: FUNNEL initialized
[    3.285539] coresight-funnel fc345000.funnel: FUNNEL initialized
[    3.285757] coresight-funnel fc364000.funnel: FUNNEL initialized
[    3.286533] coresight-replicator fc31c000.replicator: REPLICATOR initialized
[    3.287501] coresight-stm fc321000.stm: STM initialized
[    3.290330] coresight-hwevent fd828018.hwevent: Hardware Event driver initialized
[    3.297446] coresight-etm fc33c000.etm: ETM initialized
[    3.299866] coresight-etm fc33d000.etm: ETM initialized
[    3.302285] coresight-etm fc33e000.etm: ETM initialized
[    3.304738] coresight-etm fc33f000.etm: ETM initialized
[    3.309587] coresight-audio-etm audio_etm0.24: Audio ETM initialized
[    3.310380] coresight-modem-etm modem_etm0.25: Modem ETM initialized
[    3.311119] coresight-wcn-etm wcn_etm0.26: Wireless ETM initialized
[    3.311857] coresight-rpm-etm rpm_etm0.27: RPM ETM initialized
[    3.312828] usbcore: registered new interface driver snd-usb-audio
[    3.328028] msm-compr-dsp msm-compr-dsp: msm_compr_probe: dev name msm-compr-dsp
[    3.328959] msm-pcm-lpa msm-pcm-lpa: msm_pcm_probe: dev name msm-pcm-lpa
[    3.330240] platform qcom,msm-voip-dsp.49: Driver msm-voip-dsp requests probe deferral
[    3.330892] platform qcom,msm-pcm-voice.50: Driver msm-pcm-voice requests probe deferral
[    3.336532] platform sound.42: Driver msm8226-asoc-tapan requests probe deferral
[    3.337147] GACT probability NOT on
[    3.337179] Mirror/redirect action on
[    3.337202] u32 classifier
[    3.337219]     Actions configured
[    3.337477] TCP: cubic registered
[    3.338464] NET: Registered protocol family 10
[    3.341737] Mobile IPv6
[    3.341762] IPv6 over IPv4 tunneling driver
[    3.343158] NET: Registered protocol family 17
[    3.343285] Bridge firewalling registered
[    3.343321] Ebtables v2.0 registered
[    3.343617] Bluetooth: RFCOMM TTY layer initialized
[    3.343659] Bluetooth: RFCOMM socket layer initialized
[    3.343684] Bluetooth: RFCOMM ver 1.11
[    3.343704] Bluetooth: BNEP (Ethernet Emulation) ver 1.3
[    3.343728] Bluetooth: BNEP filters: protocol multicast
[    3.343754] Bluetooth: HIDP (Human Interface Emulation) ver 1.2
[    3.343785] mmc0: BKOPS_EN bit = 0
[    3.343876] Registering the dns_resolver key type
[    3.344502] VFP support v0.3: implementor 41 architecture 2 part 30 variant 7 rev 3
[    3.344572] Registering SWP/SWPB emulation handler
[    3.351429] mmc0: new HS200 MMC card at address 0001
[    3.352466] mmcblk0: mmc0:0001 M8G1GC 7.28 GiB 
[    3.353156] mmcblk0rpmb: mmc0:0001 M8G1GC partition 3 512 KiB
[    3.354952] Alternate GPT is invalid, using primary GPT.
[    3.355159]  mmcblk0: p1 p2 p3 p4 p5 p6 p7 p8 p9 p10 p11 p12 p13 p14 p15 p16 p17 p18 p19 p20 p21 p22 p23 p24 p25 p26 p27 p28 p29
[    3.355843] registered taskstats version 1
[    3.376403] AppArmor: AppArmor sha1 policy hashing enabled
[    3.378340] platform sound.42: Driver msm8226-asoc-tapan requests probe deferral
[    3.380142] qcom,leds-qpnp leds-qpnp-f1e12000: Regulator get failed(-517)
[    3.380178] qcom,leds-qpnp leds-qpnp-f1e12000: Unable to read flash config data
[    3.380227] spmi leds-qpnp-f1e12000: Driver qcom,leds-qpnp requests probe deferral
[    3.380465] bq2022: w1_bq2022_battery_id: pseduo_info:0x10139463
[    3.380599] chg:qpnp_chg_vbatdet_set: voltage=4320 setting 36
[    3.381132] batfet: 
[    3.381437] 8226_smbbp_boost: 5000 mV 
[    3.381848] 8226_smbbp_otg: 
[    3.381891] 8226_smbbp_otg: supplied by 8226_smbbp_boost
[    3.383945] gpio_set_debounce: gpio-108 status -22
[    3.384205] gpio_set_debounce: gpio-107 status -22
[    3.384382] gpio_set_debounce: gpio-106 status -22
[    3.384794] input: gpio-keys as /devices/gpio_keys.75/input/input2
[    3.385476] qcom,qpnp-rtc qpnp-rtc-f1df1000: setting system clock to 2015-11-30 08:13:29 UTC (1448871209)
[    3.386420] msm_thermal: Interrupt mode init
[    3.387420] clock_late_init: Removing enables held for handed-off clocks
[    3.393051] ALSA device list:
[    3.393073]   No soundcards found.
[    3.393453] Freeing init memory: 224K
[    3.400084] chg:qpnp_chg_vddmax_and_trim_set: voltage=4350+0 setting vddmax: 6f, trim: 00
[    3.401278] chg:qpnp_chg_usb_chg_gone_irq_handler: chg_gone triggered, usb 1 3
[    3.401367] chg:qpnp_chg_usb_usbin_valid_irq_handler: usbin-valid triggered: 1 host_mode: 0
[    3.401476] chg:qpnp_chg_vddmax_and_trim_set: voltage=4350+0 setting vddmax: 6f, trim: 00
[    3.401534] chg:qpnp_chg_dc_dcin_valid_irq_handler: dcin-valid triggered: 0
[    3.401620] chg:qpnp_charger_probe: success chg_dis = 0, bpd = 1, usb = 1, dc = 0 b_health = 1 batt_present = 1
[    3.402224] bq2022: w1_bq2022_battery_id: pseduo_info:0x10139463
[    3.402525] BMS: read_shutdown_soc: stored soc = 0x66, shutdown_soc = 50
[    3.415003] exe used greatest stack depth: 5464 bytes left
[    3.452441] BMS: read_soc_params_raw: PON_OCV_UV = 3823495, cc = 8070
[    3.452496] BMS: read_soc_params_raw: OCV is stale or bad, estimating new OCV.
[    3.452546] BMS: read_saved_instant_ocv: read instant ocv 3844 reg 6f
[    3.457272] BMS: estimate_ocv: estimated pon ocv = 3900567 i935207 v3767388 r167 d23000
[    3.457318] BMS: read_soc_params_raw: instant ocv 3844 estimated 3900
[    3.457509] BMS: read_soc_params_raw: New PON_OCV_UV = 3844000, cc = 8070
[    3.489276] BMS: load_shutdown_data: raw_soc = 49 shutdown_soc = 50 shutdown_iavg = 250 shutdown_soc_invalid = 0, battery_removed = 0
[    3.489500] BMS: setup_vbat_monitoring: set low thr to 3420000 and high to 4330000
[    3.505004] BMS: refresh_die_temp_monitor: low = 49665, high = 59665
[    3.567675] BMS: calculate_state_of_charge: soc = 49 before forcing shutdown_soc = 50
[    3.567726] BMS: calculate_state_of_charge: DONE for shutdown_soc = 50 soc is 50, adjusted ocv to 3845000uV
[    3.572466] BMS: adjust_soc: s 50 i 933075 v 3769449 ocv 3845000 rbatt 141 uuc 61620 cc 22 r 1057832 t 393
[    3.617903] BMS: adjust_soc: s 51 i 966554 v 3765912 ocv 3845000 rbatt 141 uuc 61620 cc 30 r 1068080 t 393
[    3.701720] mmc1: new high speed SDHC card at address b368
[    3.702737] mmcblk1: mmc1:b368 NCard 7.48 GiB 
[    3.703408] BMS: qpnp_bms_probe: probe success: soc =50 vbatt = 3763846 ocv = 3845000 r_sense_uohm = 10000 warm_reset = 1
[    3.704704]  mmcblk1: p1 p2
[    3.705016] platform sound.42: Driver msm8226-asoc-tapan requests probe deferral
[    3.705795] Registered led device: led:flash_0
[    3.706141] msm_otg f9a55000.usb: phy_reset: success
[    3.706609] Registered led device: led:flash_1
[    3.706837] Registered led device: led:flash_torch
[    3.708102] platform sound.42: Driver msm8226-asoc-tapan requests probe deferral
[    3.717366] chg:get_prop_capacity: resuming charging at 50% soc
[    3.717401] chg:qpnp_chg_vbatdet_set: voltage=4380 setting 39
[    3.949835] msm_hsusb msm_hsusb: CI13XXX_CONTROLLER_RESET_EVENT received
[    4.165312] udevadm used greatest stack depth: 5088 bytes left
[    4.930315] initrd: checking filesystem integrity for the userdata partition
[    4.938227] EXT3-fs (mmcblk0p29): error: couldn't mount because of unsupported optional features (40)
[    4.943435] EXT2-fs (mmcblk0p29): error: couldn't mount because of unsupported optional features (40)
[    4.957100] EXT4-fs (mmcblk0p29): warning: maximal mount count reached, running e2fsck is recommended
[    4.958026] EXT4-fs (mmcblk0p29): mounted filesystem with ordered data mode. Opts: errors=remount-ro
[    7.402818] cpr_irq_handler: IRQ_STATUS = 0x05
[    7.402871] cpr_scale: last_volt[corner:5, fuse_corner:3] = 1290000 uV
[    7.402918] cpr_scale: Down: cpr status = 0x00006b79 (error_steps=14)
[    7.402962] cpr_scale: 14 is over down-limit(1): Clamp
[    7.403026] cpr_scale: DOWN: -> new_volt[corner:5, fuse_corner:3] = 1280000 uV
[    7.413109] cpr_irq_handler: IRQ_STATUS = 0x05
[    7.413154] cpr_scale: last_volt[corner:5, fuse_corner:3] = 1280000 uV
[    7.413201] cpr_scale: Down: cpr status = 0x0000677d (error_steps=15)
[    7.413245] cpr_scale: 15 is over down-limit(1): Clamp
[    7.413307] cpr_scale: DOWN: -> new_volt[corner:5, fuse_corner:3] = 1270000 uV
[    7.423374] cpr_irq_handler: IRQ_STATUS = 0x05
[    7.423419] cpr_scale: last_volt[corner:5, fuse_corner:3] = 1270000 uV
[    7.423466] cpr_scale: Down: cpr status = 0x000063fd (error_steps=15)
[    7.423510] cpr_scale: 15 is over down-limit(1): Clamp
[    7.423571] cpr_scale: DOWN: -> new_volt[corner:5, fuse_corner:3] = 1260000 uV
[    7.433652] cpr_irq_handler: IRQ_STATUS = 0x05
[    7.433696] cpr_scale: last_volt[corner:5, fuse_corner:3] = 1260000 uV
[    7.433743] cpr_scale: Down: cpr status = 0x00005efd (error_steps=15)
[    7.433787] cpr_scale: 15 is over down-limit(1): Clamp
[    7.433847] cpr_scale: DOWN: -> new_volt[corner:5, fuse_corner:3] = 1250000 uV
[    7.443924] cpr_irq_handler: IRQ_STATUS = 0x05
[    7.443969] cpr_scale: last_volt[corner:5, fuse_corner:3] = 1250000 uV
[    7.444015] cpr_scale: Down: cpr status = 0x00005b7d (error_steps=15)
[    7.444060] cpr_scale: 15 is over down-limit(1): Clamp
[    7.444125] cpr_scale: DOWN: -> new_volt[corner:5, fuse_corner:3] = 1240000 uV
[    7.454205] cpr_irq_handler: IRQ_STATUS = 0x05
[    7.454249] cpr_scale: last_volt[corner:5, fuse_corner:3] = 1240000 uV
[    7.454294] cpr_scale: Down: cpr status = 0x000057fd (error_steps=15)
[    7.454339] cpr_scale: 15 is over down-limit(1): Clamp
[    7.454400] cpr_scale: DOWN: -> new_volt[corner:5, fuse_corner:3] = 1230000 uV
[    7.464474] cpr_irq_handler: IRQ_STATUS = 0x05
[    7.464516] cpr_scale: last_volt[corner:5, fuse_corner:3] = 1230000 uV
[    7.464562] cpr_scale: Down: cpr status = 0x0000543d (error_steps=15)
[    7.464606] cpr_scale: 15 is over down-limit(1): Clamp
[    7.464666] cpr_scale: DOWN: -> new_volt[corner:5, fuse_corner:3] = 1220000 uV
[    7.483020] cpr_irq_handler: IRQ_STATUS = 0x05
[    7.483098] cpr_scale: last_volt[corner:4, fuse_corner:2] = 1150000 uV
[    7.483175] cpr_scale: Down: cpr status = 0x0000536d (error_steps=11)
[    7.483248] cpr_scale: 11 is over down-limit(1): Clamp
[    7.483345] cpr_scale: DOWN: -> new_volt[corner:4, fuse_corner:2] = 1140000 uV
[    7.493459] cpr_irq_handler: IRQ_STATUS = 0x05
[    7.493532] cpr_scale: last_volt[corner:4, fuse_corner:2] = 1140000 uV
[    7.493609] cpr_scale: Down: cpr status = 0x00004f35 (error_steps=13)
[    7.493682] cpr_scale: 13 is over down-limit(1): Clamp
[    7.493778] cpr_scale: DOWN: -> new_volt[corner:4, fuse_corner:2] = 1130000 uV
[    7.503865] cpr_irq_handler: IRQ_STATUS = 0x05
[    7.503935] cpr_scale: last_volt[corner:4, fuse_corner:2] = 1130000 uV
[    7.504011] cpr_scale: Down: cpr status = 0x00004af1 (error_steps=12)
[    7.504084] cpr_scale: 12 is over down-limit(1): Clamp
[    7.504178] cpr_scale: DOWN: -> new_volt[corner:4, fuse_corner:2] = 1120000 uV
[    7.514301] cpr_irq_handler: IRQ_STATUS = 0x05
[    7.514375] cpr_scale: last_volt[corner:4, fuse_corner:2] = 1120000 uV
[    7.514453] cpr_scale: Down: cpr status = 0x00004631 (error_steps=12)
[    7.514526] cpr_scale: 12 is over down-limit(1): Clamp
[    7.514622] cpr_scale: DOWN: -> new_volt[corner:4, fuse_corner:2] = 1110000 uV
[    7.524720] cpr_irq_handler: IRQ_STATUS = 0x05
[    7.524791] cpr_scale: last_volt[corner:4, fuse_corner:2] = 1110000 uV
[    7.524868] cpr_scale: Down: cpr status = 0x000041f5 (error_steps=13)
[    7.524941] cpr_scale: 13 is over down-limit(1): Clamp
[    7.525040] cpr_scale: DOWN: -> new_volt[corner:4, fuse_corner:2] = 1100000 uV
[    7.535150] cpr_irq_handler: IRQ_STATUS = 0x05
[    7.535226] cpr_scale: last_volt[corner:4, fuse_corner:2] = 1100000 uV
[    7.535302] cpr_scale: Down: cpr status = 0x00003df5 (error_steps=13)
[    7.535374] cpr_scale: 13 is over down-limit(1): Clamp
[    7.535471] cpr_scale: DOWN: -> new_volt[corner:4, fuse_corner:2] = 1090000 uV
[    7.545560] cpr_irq_handler: IRQ_STATUS = 0x05
[    7.545630] cpr_scale: last_volt[corner:4, fuse_corner:2] = 1090000 uV
[    7.545705] cpr_scale: Down: cpr status = 0x0000396d (error_steps=11)
[    7.545779] cpr_scale: 11 is over down-limit(1): Clamp
[    7.545873] cpr_scale: DOWN: -> new_volt[corner:4, fuse_corner:2] = 1080000 uV
[    7.555987] cpr_irq_handler: IRQ_STATUS = 0x05
[    7.556056] cpr_scale: last_volt[corner:4, fuse_corner:2] = 1080000 uV
[    7.556132] cpr_scale: Down: cpr status = 0x00003425 (error_steps=9)
[    7.556205] cpr_scale: 9 is over down-limit(1): Clamp
[    7.556299] cpr_scale: DOWN: -> new_volt[corner:4, fuse_corner:2] = 1070000 uV
[    7.566389] cpr_irq_handler: IRQ_STATUS = 0x05
[    7.566460] cpr_scale: last_volt[corner:4, fuse_corner:2] = 1070000 uV
[    7.566537] cpr_scale: Down: cpr status = 0x00003029 (error_steps=10)
[    7.566610] cpr_scale: 10 is over down-limit(1): Clamp
[    7.566703] cpr_scale: DOWN: -> new_volt[corner:4, fuse_corner:2] = 1060000 uV
[    7.576819] cpr_irq_handler: IRQ_STATUS = 0x05
[    7.576891] cpr_scale: last_volt[corner:4, fuse_corner:2] = 1060000 uV
[    7.576968] cpr_scale: Down: cpr status = 0x00002b61 (error_steps=8)
[    7.577040] cpr_scale: 8 is over down-limit(1): Clamp
[    7.577136] cpr_scale: DOWN: -> new_volt[corner:4, fuse_corner:2] = 1050000 uV
[    7.587225] cpr_irq_handler: IRQ_STATUS = 0x05
[    7.587296] cpr_scale: last_volt[corner:4, fuse_corner:2] = 1050000 uV
[    7.587372] cpr_scale: Down: cpr status = 0x0000269d (error_steps=7)
[    7.587447] cpr_scale: [corn:4, fuse_corner:2] @ floor: 1050000 <= 1050000: NACK
[    7.587536] cpr_scale: gcnt = 0x000133a9 (quot = 937)
[    7.977023] systemd-udevd used greatest stack depth: 5064 bytes left
[    8.102750] cpr_irq_handler: IRQ_STATUS = 0x05
[    8.102803] cpr_scale: last_volt[corner:5, fuse_corner:3] = 1220000 uV
[    8.102850] cpr_scale: Down: cpr status = 0x00005169 (error_steps=10)
[    8.102895] cpr_scale: 10 is over down-limit(1): Clamp
[    8.102959] cpr_scale: DOWN: -> new_volt[corner:5, fuse_corner:3] = 1210000 uV
[    8.113031] cpr_irq_handler: IRQ_STATUS = 0x05
[    8.113078] cpr_scale: last_volt[corner:5, fuse_corner:3] = 1210000 uV
[    8.113124] cpr_scale: Down: cpr status = 0x00004cb1 (error_steps=12)
[    8.113168] cpr_scale: 12 is over down-limit(1): Clamp
[    8.113229] cpr_scale: DOWN: -> new_volt[corner:5, fuse_corner:3] = 1200000 uV
[    8.123319] cpr_irq_handler: IRQ_STATUS = 0x05
[    8.123365] cpr_scale: last_volt[corner:5, fuse_corner:3] = 1200000 uV
[    8.123411] cpr_scale: Down: cpr status = 0x00004875 (error_steps=13)
[    8.123455] cpr_scale: 13 is over down-limit(1): Clamp
[    8.123518] cpr_scale: DOWN: -> new_volt[corner:5, fuse_corner:3] = 1190000 uV
[    8.133591] cpr_irq_handler: IRQ_STATUS = 0x05
[    8.133635] cpr_scale: last_volt[corner:5, fuse_corner:3] = 1190000 uV
[    8.133681] cpr_scale: Down: cpr status = 0x000043f9 (error_steps=14)
[    8.133725] cpr_scale: 14 is over down-limit(1): Clamp
[    8.133786] cpr_scale: DOWN: -> new_volt[corner:5, fuse_corner:3] = 1180000 uV
[    8.143870] cpr_irq_handler: IRQ_STATUS = 0x05
[    8.143914] cpr_scale: last_volt[corner:5, fuse_corner:3] = 1180000 uV
[    8.143960] cpr_scale: Down: cpr status = 0x00003ff5 (error_steps=13)
[    8.144005] cpr_scale: 13 is over down-limit(1): Clamp
[    8.144065] cpr_scale: DOWN: -> new_volt[corner:5, fuse_corner:3] = 1170000 uV
[    8.154134] cpr_irq_handler: IRQ_STATUS = 0x05
[    8.154181] cpr_scale: last_volt[corner:5, fuse_corner:3] = 1170000 uV
[    8.154227] cpr_scale: Down: cpr status = 0x00003bf5 (error_steps=13)
[    8.154271] cpr_scale: 13 is over down-limit(1): Clamp
[    8.154332] cpr_scale: DOWN: -> new_volt[corner:5, fuse_corner:3] = 1160000 uV
[    8.164420] cpr_irq_handler: IRQ_STATUS = 0x05
[    8.164465] cpr_scale: last_volt[corner:5, fuse_corner:3] = 1160000 uV
[    8.164511] cpr_scale: Down: cpr status = 0x000037ed (error_steps=11)
[    8.164556] cpr_scale: 11 is over down-limit(1): Clamp
[    8.164617] cpr_scale: DOWN: -> new_volt[corner:5, fuse_corner:3] = 1150000 uV
[    8.174689] cpr_irq_handler: IRQ_STATUS = 0x05
[    8.174735] cpr_scale: last_volt[corner:5, fuse_corner:3] = 1150000 uV
[    8.174781] cpr_scale: Down: cpr status = 0x00003369 (error_steps=10)
[    8.174825] cpr_scale: 10 is over down-limit(1): Clamp
[    8.174887] cpr_scale: DOWN: -> new_volt[corner:5, fuse_corner:3] = 1140000 uV
[    8.184955] cpr_irq_handler: IRQ_STATUS = 0x05
[    8.184999] cpr_scale: last_volt[corner:5, fuse_corner:3] = 1140000 uV
[    8.185045] cpr_scale: Down: cpr status = 0x00002ea5 (error_steps=9)
[    8.185089] cpr_scale: 9 is over down-limit(1): Clamp
[    8.185149] cpr_scale: DOWN: -> new_volt[corner:5, fuse_corner:3] = 1130000 uV
[    8.195217] cpr_irq_handler: IRQ_STATUS = 0x05
[    8.195262] cpr_scale: last_volt[corner:5, fuse_corner:3] = 1130000 uV
[    8.195308] cpr_scale: Down: cpr status = 0x00002b25 (error_steps=9)
[    8.195351] cpr_scale: 9 is over down-limit(1): Clamp
[    8.195413] cpr_scale: DOWN: -> new_volt[corner:5, fuse_corner:3] = 1120000 uV
[    8.205497] cpr_irq_handler: IRQ_STATUS = 0x05
[    8.205542] cpr_scale: last_volt[corner:5, fuse_corner:3] = 1120000 uV
[    8.205588] cpr_scale: Down: cpr status = 0x0000261d (error_steps=7)
[    8.205632] cpr_scale: 7 is over down-limit(1): Clamp
[    8.205692] cpr_scale: DOWN: -> new_volt[corner:5, fuse_corner:3] = 1110000 uV
[    8.215764] cpr_irq_handler: IRQ_STATUS = 0x05
[    8.215811] cpr_scale: last_volt[corner:5, fuse_corner:3] = 1110000 uV
[    8.215857] cpr_scale: Down: cpr status = 0x000021dd (error_steps=7)
[    8.215901] cpr_scale: 7 is over down-limit(1): Clamp
[    8.215963] cpr_scale: DOWN: -> new_volt[corner:5, fuse_corner:3] = 1100000 uV
[    8.226049] cpr_irq_handler: IRQ_STATUS = 0x05
[    8.226094] cpr_scale: last_volt[corner:5, fuse_corner:3] = 1100000 uV
[    8.226140] cpr_scale: Down: cpr status = 0x00001dd9 (error_steps=6)
[    8.226186] cpr_scale: [corn:5, fuse_corner:3] @ floor: 1100000 <= 1100000: NACK
[    8.226239] cpr_scale: gcnt = 0x0001342b (quot = 1067)
[    8.402534] chg:qpnp_invalid_charger_work: qpnp_invalid_charger_work usb 1 batt 1 status 2 usb online 0
[    8.402757] chg:qpnp_chg_iusbmax_set: mA 500
[    8.402844] ft5x06_i2c 5-0038: Power state changed, set noise filter to 0x1
[    8.402964] chg:qpnp_chg_chgr_chg_fastchg_irq_handler: FAST_CHG IRQ triggered
[    8.403043] chg:qpnp_chg_vbatdet_set: voltage=4320 setting 36
[    8.540293] BMS: adjust_soc: s 50 i 285772 v 3840477 ocv 3845000 rbatt 141 uuc 61620 cc 1139 r 1068080 t 392
[    9.356351] initrd: checking filesystem for userdata took (including e2fsck) 4 seconds
[    9.375642] initrd: mounting /dev/mmcblk0p29
[    9.382357] EXT3-fs (mmcblk0p29): error: unrecognized mount option "discard" or missing value
[    9.403253] EXT4-fs: Warning: mounting with data=journal disables delayed allocation and O_DIRECT support!
[    9.407586] EXT4-fs (mmcblk0p29): mounted filesystem with journalled data mode. Opts: discard,data=journal
[    9.412136] initrd: boot mode: ubuntu
[    9.969212] initrd: mounting system.img (user mode)
[   10.057879] initrd: mounting device image as ro
[   10.078805] EXT3-fs (loop1): error: couldn't mount because of unsupported optional features (40)
[   10.103072] EXT2-fs (loop1): error: couldn't mount because of unsupported optional features (40)
[   10.125827] EXT4-fs (loop1): mounted filesystem with ordered data mode. Opts: (null)
[   10.134804] initrd: device is armani
[   10.932652] cpr_irq_handler: IRQ_STATUS = 0x05
[   10.932702] cpr_scale: last_volt[corner:6, fuse_corner:3] = 1290000 uV
[   10.932744] cpr_scale: Down: cpr status = 0x00005df1 (error_steps=12)
[   10.932786] cpr_scale: 12 is over down-limit(1): Clamp
[   10.932849] cpr_scale: DOWN: -> new_volt[corner:6, fuse_corner:3] = 1280000 uV
[   11.566880] init used greatest stack depth: 4648 bytes left
[   11.889063] initrd: checking fstab /root/var/lib/lxc/android/rootfs/fstab* for additional mount points
[   11.965508] initrd: checking mount label cache
[   11.967199] initrd: mounting /dev/disk/by-partlabel/cache as /root/android//cache
[   11.975322] EXT4-fs (mmcblk0p28): mounted filesystem with ordered data mode. Opts: barrier=1
[   12.004660] initrd: checking mount label persist
[   12.006231] initrd: mounting /dev/disk/by-partlabel/persist as /root/android//persist
[   12.014301] EXT4-fs (mmcblk0p26): warning: maximal mount count reached, running e2fsck is recommended
[   12.014886] EXT4-fs (mmcblk0p26): mounted filesystem with ordered data mode. Opts: barrier=1
[   12.031404] initrd: checking mount label modem
[   12.033035] initrd: mounting /dev/disk/by-partlabel/modem as /root/android//firmware
[   12.061025] initrd: checking mount label boot
[   12.062669] initrd: mounting /dev/disk/by-partlabel/boot as /root/android//boot
[   12.087493] initrd: checking mount label recovery
[   12.089068] initrd: mounting /dev/disk/by-partlabel/recovery as /root/android//recovery
[   12.123994] initrd: checking mount label mmc_host
[   12.140351] initrd: checking mount label usb1
[   12.166809] initrd: checking mount label zram0
[   12.168556] initrd: mounting /dev/zram0 as /root/android/none
[   12.177956] initrd: mounting /root/var/lib/lxc/android/system.img as /root/android/system
[   12.272657] cpr_irq_handler: IRQ_STATUS = 0x05
[   12.272705] cpr_scale: last_volt[corner:6, fuse_corner:3] = 1280000 uV
[   12.272747] cpr_scale: Down: cpr status = 0x00005a31 (error_steps=12)
[   12.272788] cpr_scale: 12 is over down-limit(1): Clamp
[   12.272843] cpr_scale: DOWN: -> new_volt[corner:6, fuse_corner:3] = 1270000 uV
[   12.313334] Adding 102396k swap on /root/userdata/SWAP.img.  Priority:-1 extents:6 across:192508k SS
[   12.640339] init: ureadahead main process (628) terminated with status 5
[   12.946134] list-records used greatest stack depth: 4548 bytes left
[   14.172829] ssh-keygen (842): undefined instruction: pc=b6e713c8
[   14.172852] Code: 00000000 00000000 f26ee1fe e12fff1e (ee190f1d) 
[   14.195800] enable_store: android_usb: already disabled
[   14.250748] adbd (855): undefined instruction: pc=b6d343c8
[   14.250765] Code: 00000000 00000000 f26ee1fe e12fff1e (ee190f1d) 
[   14.252707] adb_open
[   14.252777] msm_hsusb msm_hsusb: CI13XXX_CONTROLLER_CONNECT_EVENT received
[   14.423740] click (826): undefined instruction: pc=b6abe3c8
[   14.423757] Code: 00000000 00000000 f26ee1fe e12fff1e (ee190f1d) 
[   14.500431] init: plymouth-upstart-bridge main process (871) terminated with status 1
[   14.501757] BMS: btm_notify_die_temp: die temp = 61345, raw = 0x7b7d
[   14.506213] BMS: refresh_die_temp_monitor: low = 56198, high = 66198
[   14.559255] BMS: adjust_soc: s 50 i 735041 v 3783597 ocv 3845000 rbatt 141 uuc 61620 cc 1533 r 1068080 t 394
[   14.617803] msm_otg f9a55000.usb: Avail curr from USB = 100
[   14.618217] chg:qpnp_chg_iusbmax_set: mA 100
[   14.618313] gpio_request: gpio-109 (QPNP_CHARGER) status -16
[   14.618556] android_work: android_work: did not send uevent (0 0   (null))
[   14.620635] init: bluetooth-touch main process (872) terminated with status 1
[   14.648117] chg:get_prop_capacity: resuming charging at 50% soc
[   14.648132] chg:qpnp_chg_vbatdet_set: voltage=4380 setting 39
[   14.692590] BMS: adjust_soc: s 50 i 1429807 v 3706380 ocv 3845000 rbatt 141 uuc 61620 cc 1554 r 1068080 t 396
[   14.692747] android_work: android_work: did not send uevent (0 0   (null))
[   14.725484] aa-clickhook (854): undefined instruction: pc=b693c3c8
[   14.725502] Code: 00000000 00000000 f26ee1fe e12fff1e (ee190f1d) 
[   14.780307] bluetoothd used greatest stack depth: 4504 bytes left
[   14.780489] android_work: android_work: sent uevent USB_STATE=CONNECTED
[   14.781993] android_usb gadget: high-speed config #1: fe8050c8.android_usb
[   14.782046] msm_otg f9a55000.usb: Avail curr from USB = 500
[   14.782170] chg:qpnp_chg_iusbmax_set: mA 500
[   14.782246] gpio_request: gpio-109 (QPNP_CHARGER) status -16
[   14.782274] chg:qpnp_chg_chgr_chg_fastchg_irq_handler: FAST_CHG IRQ triggered
[   14.782287] chg:qpnp_chg_vbatdet_set: voltage=4320 setting 36
[   14.842396] android_work: android_work: sent uevent USB_STATE=CONFIGURED
[   14.872016] BMS: adjust_soc: s 50 i 756095 v 3777702 ocv 3845000 rbatt 141 uuc 61620 cc 1586 r 1068080 t 394
[   15.913194] ssh-keygen (949): undefined instruction: pc=b6e3b3c8
[   15.913213] Code: 00000000 00000000 f26ee1fe e12fff1e (ee190f1d) 
[   16.057008] aa-clickhook (933): undefined instruction: pc=b69df3c8
[   16.057025] Code: 00000000 00000000 f26ee1fe e12fff1e (ee190f1d) 
[   16.207720] init: could not import file '/init.carrier.rc' from '/init.rc'
[   16.207797] init: could not import file '/init.cm.rc' from '/init.rc'
[   16.208064] init (982): /proc/982/oom_adj is deprecated, please use /proc/982/oom_score_adj instead.
[   16.209076] init: do_chown: Could not access /selinux/booleans
[   16.209212] init: do_chown: Could not access /sys/fs/selinux/booleans
[   16.312727] pil-q6v5-mss fc880000.qcom,mss: mba: loading from 0x0c300000 to 0x0c339000
[   16.346814] pil-q6v5-mss fc880000.qcom,mss: mba: Brought out of reset
[   16.349016] pil-q6v5-mss fc880000.qcom,mss: modem: loading from 0x08400000 to 0x0c300000
[   16.756613] init: cannot open '/initlogo.rle'
[   16.764270] zram: Initialization done!
[   16.813605] Adding 262140k swap on /dev/block/zram0.  Priority:-2 extents:1 across:262140k SS
[   16.837070] init: Detected MSM SOC ID=221 SOC VER=0 BOARD TYPE=QRD
[   16.837573] init: failed to open '/sys/class/graphics/fb2/msm_fb_type'
[   16.855872] pil-q6v5-lpass fe200000.qcom,lpass: adsp: loading from 0x0dc00000 to 0x0f000000
[   16.980964] pil-q6v5-mss fc880000.qcom,mss: modem: Brought out of reset
[   17.022886] Notify: smsm init
[   17.062812] pil-q6v5-mss fc880000.qcom,mss: mba: Power/Clock ready interrupt received
[   17.062888] pil-q6v5-mss fc880000.qcom,mss: Subsystem error monitoring/handling services are up
[   17.064420] platform sound.42: Driver msm8226-asoc-tapan requests probe deferral
[   17.328670] pil-q6v5-lpass fe200000.qcom,lpass: adsp: Brought out of reset
[   17.384772] pil-q6v5-lpass fe200000.qcom,lpass: adsp: Power/Clock ready interrupt received
[   17.396613] systemd-udevd[1038]: starting version 204
[   17.407030] pil-q6v5-lpass fe200000.qcom,lpass: Subsystem error monitoring/handling services are up
[   17.407093] adsp-loader qcom,msm-adsp-loader.41: adsp_loader_do: Q6/ADSP image is loaded
[   17.407940] ubuntu-location: unhandled page fault (11) at 0xfffffffc, code 0x80000007
[   17.407956] pgd = ea36c000
[   17.407989] [fffffffc] *pgd=323e0821, *pte=00000000, *ppte=00000000
[   17.408038] 
[   17.408046] Pid: 1044, comm:      ubuntu-location
[   17.408058] CPU: 3    Tainted: G        W     (3.4.0-g3106909-dirty #3)
[   17.408074] PC is at 0xfffffffc
[   17.408086] LR is at 0xb5eeef37
[   17.408101] pc : [<fffffffc>]    lr : [<b5eeef37>]    psr: 400f0030
[   17.408107] sp : b4afed80  ip : b5ef7f98  fp : b600e9b9
[   17.408118] r10: b600e811  r9 : b5d00808  r8 : b6cc765c
[   17.408128] r7 : b4afede8  r6 : 00000000  r5 : b4aff460  r4 : b5ef7eec
[   17.408140] r3 : b5eed719  r2 : 00000000  r1 : b4afedac  r0 : 00000001
[   17.408152] Flags: nZcv  IRQs on  FIQs on  Mode USER_32  ISA Thumb  Segment user
[   17.408167] Control: 10c5387d  Table: 2a36c06a  DAC: 00000015
[   17.408178] Backtrace: 
[   17.408202] [<c010a95c>] (dump_backtrace+0x0/0x114) from [<c0b6d2ac>] (dump_stack+0x20/0x24)
[   17.408214]  r6:0000000b r5:fffffffc r4:e62b9fb0 r3:271ae91c
[   17.408247] [<c0b6d28c>] (dump_stack+0x0/0x24) from [<c0107de4>] (show_regs+0x4c/0x58)
[   17.408267] [<c0107d98>] (show_regs+0x0/0x58) from [<c0113930>] (__do_user_fault+0xdc/0x158)
[   17.408279]  r4:ee294440 r3:271ae91c
[   17.408323] [<c0113854>] (__do_user_fault+0x0/0x158) from [<c0b7fe8c>] (do_page_fault+0x388/0x408)
[   17.409951]  r8:80000007 r7:ee294440 r6:fffffffc r5:00030001 r4:e62b9fb0
[   17.410001] [<c0b7fb04>] (do_page_fault+0x0/0x408) from [<c0100328>] (do_PrefetchAbort+0x44/0xa8)
[   17.410019] [<c01002e4>] (do_PrefetchAbort+0x0/0xa8) from [<c0b7e458>] (ret_from_exception+0x0/0x10)
[   17.410033] Exception stack(0xe62b9fb0 to 0xe62b9ff8)
[   17.410044] 9fa0:                                     00000001 b4afedac 00000000 b5eed719
[   17.410060] 9fc0: b5ef7eec b4aff460 00000000 b4afede8 b6cc765c b5d00808 b600e811 b600e9b9
[   17.410075] 9fe0: b5ef7f98 b4afed80 b5eeef37 fffffffc 400f0030 ffffffff
[   17.410086]  r7:b4afede8 r6:ffffffff r5:400f0030 r4:fffffffc
[   17.412980] platform sound.42: Driver msm8226-asoc-tapan requests probe deferral
[   17.413089] diag: In diag_send_msg_mask_update, invalid status 0
[   17.413126] diag: In diag_send_log_mask_update, invalid status 0
[   17.415528] Slimbus QMI NGD CB received event:2
[   17.418792] platform sound.42: Driver msm8226-asoc-tapan requests probe deferral
[   17.423386] apr_tal:Q6 Is Up
[   17.425197] platform sound.42: Driver msm8226-asoc-tapan requests probe deferral
[   17.429699] SLIM SAT: Received master capability
[   17.429778] sps:BAM 0xfe104000 (va:0xc8980000) enabled: ver:0x15, number of pipes:19
[   17.429793] sps:BAM 0xfe104000 is registered.
[   17.431547] SLIM SAT: capability exchange successful
[   17.431854] tapan-slim tapan-slim-pgd: Platform data from device tree
[   17.431936] tapan-slim tapan-slim-pgd: cdc-vdd-h: vol=[1800000 1800000]uV, curr=[25000]uA, ond 0
[   17.431970] tapan-slim tapan-slim-pgd: cdc-vdd-px: vol=[1800000 1800000]uV, curr=[25000]uA, ond 0
[   17.432000] tapan-slim tapan-slim-pgd: cdc-vdd-cx: vol=[1200000 1200000]uV, curr=[2000]uA, ond 0
[   17.432035] tapan-slim tapan-slim-pgd: cdc-vdd-buck: vol=[1800000 2150000]uV, curr=[650000]uA, ond 1
[   17.432074] tapan-slim tapan-slim-pgd: cdc-vdd-buckhelper: vol=[1775000 2125000]uV, curr=[10000]uA, ond 1
[   17.432109] tapan-slim tapan-slim-pgd: Looking up qcom,cdc-micbias4-cfilt-sel property in node /soc/slim@fe12f000/tapan_codec failed
[   17.432200] tapan-slim tapan-slim-pgd: Looking up qcom,cdc-dmic-sample-rate property in node /soc/slim@fe12f000/tapan_codec failed
[   17.441870] init: cannot find '/system/bin/surfaceflinger.disabled', disabling 'surfaceflinger'
[   17.453657] healthd: wakealarm_init: timerfd_create failed
[   17.492955] slimbus:1 laddr:0xcb, EAPC:0x1:0xe0
[   17.493267] tapan-slim tapan-slim-pgd: wcd9xxx_slim_device_up: slim device up
[   17.493695] slimbus:1 laddr:0xca, EAPC:0x0:0xe0
[   17.500200] tapan-slim tapan-slim-pgd: wcd9xxx_check_codec_type: detected tapan_codec, major 0x103, minor 0x1, ver 0x1
[   17.500223] wcd9xxx_core_res_init: num_irqs = 31, num_irq_regs = 4
[   17.519156] tapan_codec tapan_codec: tapan_check_wcd9306: wcd9306 detected
[   17.564839] tapan_codec tapan_codec: tapan_codec_probe()
[   17.568356] warning: `ptt_socket_app' uses 32-bit capabilities (legacy support in use)
[   17.577795] init: ubuntu-location-service main process (870) killed by SEGV signal
[   17.578568] init: ubuntu-location-service main process ended, respawning
[   17.639860] asoc: snd-soc-dummy-dai <-> MultiMedia1 mapping ok
[   17.640679] asoc: snd-soc-dummy-dai <-> MultiMedia2 mapping ok
[   17.641539] asoc: snd-soc-dummy-dai <-> CS-VOICE mapping ok
[   17.642741] asoc: snd-soc-dummy-dai <-> VoIP mapping ok
[   17.644152] asoc: snd-soc-dummy-dai <-> MultiMedia3 mapping ok
[   17.645681] asoc: snd-soc-dummy-dai <-> SLIMBUS0_HOSTLESS mapping ok
[   17.647137] asoc: snd-soc-dummy-dai <-> INT_FM_HOSTLESS mapping ok
[   17.648671] asoc: msm-stub-rx <-> msm-dai-q6-dev.241 mapping ok
[   17.652173] asoc: msm-stub-tx <-> msm-dai-q6-dev.240 mapping ok
[   17.653680] compress asoc: snd-soc-dummy-dai <-> MultiMedia4 mapping ok
[   17.655358] asoc: snd-soc-dummy-dai <-> AUXPCM_HOSTLESS mapping ok
[   17.656660] asoc: snd-soc-dummy-dai <-> SLIMBUS1_HOSTLESS mapping ok
[   17.657946] asoc: snd-soc-dummy-dai <-> SLIMBUS3_HOSTLESS mapping ok
[   17.659256] asoc: snd-soc-dummy-dai <-> SLIMBUS4_HOSTLESS mapping ok
[   17.660323] asoc: snd-soc-dummy-dai <-> Voice2 mapping ok
[   17.661450] asoc: snd-soc-dummy-dai <-> MultiMedia5 mapping ok
[   17.662717] asoc: snd-soc-dummy-dai <-> MultiMedia9 mapping ok
[   17.663879] asoc: snd-soc-dummy-dai <-> VoLTE mapping ok
[   17.665023] asoc: snd-soc-dummy-dai <-> QCHAT mapping ok
[   17.666225] asoc: snd-soc-dummy-dai <-> LSM1 mapping ok
[   17.667763] asoc: snd-soc-dummy-dai <-> MultiMedia8 mapping ok
[   17.668915] asoc: snd-soc-dummy-dai <-> LSM2 mapping ok
[   17.670080] asoc: snd-soc-dummy-dai <-> LSM3 mapping ok
[   17.671063] asoc: snd-soc-dummy-dai <-> LSM4 mapping ok
[   17.671885] asoc: snd-soc-dummy-dai <-> LSM5 mapping ok
[   17.672830] asoc: snd-soc-dummy-dai <-> LSM6 mapping ok
[   17.673813] asoc: snd-soc-dummy-dai <-> LSM7 mapping ok
[   17.674931] asoc: snd-soc-dummy-dai <-> LSM8 mapping ok
[   17.676343] asoc: snd-soc-dummy-dai <-> INT_HFP_BT_HOSTLESS mapping ok
[   17.677498] asoc: snd-soc-dummy-dai <-> MultiMedia6 mapping ok
[   17.678721] asoc: snd-soc-dummy-dai <-> VoWLAN mapping ok
[   17.679800] asoc: msm-stub-rx <-> msm-dai-q6-dev.12288 mapping ok
[   17.680716] asoc: msm-stub-tx <-> msm-dai-q6-dev.12289 mapping ok
[   17.681645] asoc: msm-stub-rx <-> msm-dai-q6-dev.12292 mapping ok
[   17.684721] asoc: msm-stub-tx <-> msm-dai-q6-dev.12293 mapping ok
[   17.685694] asoc: msm-stub-rx <-> msm-dai-q6-dev.224 mapping ok
[   17.686506] asoc: msm-stub-tx <-> msm-dai-q6-dev.225 mapping ok
[   17.687383] asoc: snd-soc-dummy-dai <-> HDMI_HOSTLESS mapping ok
[   17.688212] asoc: msm-stub-rx <-> msm-dai-q6-auxpcm.1 mapping ok
[   17.688972] asoc: msm-stub-tx <-> msm-dai-q6-auxpcm.1 mapping ok
[   17.689662] asoc: msm-stub-tx <-> msm-dai-q6-dev.32772 mapping ok
[   17.690341] asoc: msm-stub-tx <-> msm-dai-q6-dev.32771 mapping ok
[   17.691036] asoc: msm-stub-rx <-> msm-dai-q6-dev.32773 mapping ok
[   17.691728] asoc: msm-stub-rx <-> msm-dai-q6-dev.32770 mapping ok
[   17.873545] failed: no power_down_setting
[   17.873598] msm_camera_fill_vreg_params:68 i 0 j 1 cam_vio
[   17.873642] msm_camera_fill_vreg_params:79 i 1 j 2 cam_vana
[   17.873672] msm_camera_fill_vreg_params:57 i 2 j 0 cam_vdig
[   17.873701] msm_camera_fill_vreg_params:90 i 3 j 3 cam_vaf
[   17.873728] msm_camera_fill_vreg_params:90 i 6 j 3 cam_vaf
[   17.873756] msm_camera_fill_vreg_params:57 i 7 j 0 cam_vdig
[   17.873784] msm_camera_fill_vreg_params:79 i 8 j 2 cam_vana
[   17.873813] msm_camera_fill_vreg_params:68 i 9 j 1 cam_vio
[   17.891528] msm_thermal: enabled = 0
[   17.930356] 'opened /dev/adsprpc-smd c 243 0'
[   17.930540] s5k3h2yx_owt8a01a probe succeeded
[   17.939782] asoc: tapan_rx1 <-> msm-dai-q6-dev.16384 mapping ok
[   17.941005] asoc: tapan_tx1 <-> msm-dai-q6-dev.16385 mapping ok
[   17.941586] asoc: tapan_rx1 <-> msm-dai-q6-dev.16386 mapping ok
[   17.943214] asoc: tapan_tx1 <-> msm-dai-q6-dev.16387 mapping ok
[   17.952122] asoc: tapan_rx1 <-> msm-dai-q6-dev.16390 mapping ok
[   17.955208] asoc: tapan_tx1 <-> msm-dai-q6-dev.16391 mapping ok
[   17.955692] asoc: tapan_rx1 <-> msm-dai-q6-dev.16392 mapping ok
[   17.956094] asoc: tapan_tx1 <-> msm-dai-q6-dev.16393 mapping ok
[   17.956525] asoc: tapan_tx1 <-> msm-dai-q6-dev.16395 mapping ok
[   18.052426] ubuntu-location: unhandled page fault (11) at 0xfffffffc, code 0x80000007
[   18.052441] pgd = e481c000
[   18.052473] [fffffffc] *pgd=323e0821, *pte=00000000, *ppte=00000000
[   18.052522] 
[   18.052529] Pid: 1181, comm:      ubuntu-location
[   18.052543] CPU: 0    Tainted: G        W     (3.4.0-g3106909-dirty #3)
[   18.052564] PC is at 0xfffffffc
[   18.052573] LR is at 0xb5e59f37
[   18.052584] pc : [<fffffffc>]    lr : [<b5e59f37>]    psr: 400f0030
[   18.052589] sp : b53fed80  ip : b5e62f98  fp : b5f799b9
[   18.052600] r10: b5f79811  r9 : b5c00808  r8 : b6c3265c
[   18.052611] r7 : b53fede8  r6 : 00000000  r5 : b53ff460  r4 : b5e62eec
[   18.052622] r3 : b5e58719  r2 : 00000000  r1 : b53fedac  r0 : 00000001
[   18.052637] Flags: nZcv  IRQs on  FIQs on  Mode USER_32  ISA Thumb  Segment user
[   18.052650] Control: 10c5387d  Table: 2481c06a  DAC: 00000015
[   18.052661] Backtrace: 
[   18.052686] [<c010a95c>] (dump_backtrace+0x0/0x114) from [<c0b6d2ac>] (dump_stack+0x20/0x24)
[   18.052698]  r6:0000000b r5:fffffffc r4:e431ffb0 r3:271ae91c
[   18.052738] [<c0b6d28c>] (dump_stack+0x0/0x24) from [<c0107de4>] (show_regs+0x4c/0x58)
[   18.052763] [<c0107d98>] (show_regs+0x0/0x58) from [<c0113930>] (__do_user_fault+0xdc/0x158)
[   18.052779]  r4:e41b9500 r3:271ae91c
[   18.052809] [<c0113854>] (__do_user_fault+0x0/0x158) from [<c0b7fe8c>] (do_page_fault+0x388/0x408)
[   18.052822]  r8:80000007 r7:e41b9500 r6:fffffffc r5:00030001 r4:e431ffb0
[   18.052859] [<c0b7fb04>] (do_page_fault+0x0/0x408) from [<c0100328>] (do_PrefetchAbort+0x44/0xa8)
[   18.052878] [<c01002e4>] (do_PrefetchAbort+0x0/0xa8) from [<c0b7e458>] (ret_from_exception+0x0/0x10)
[   18.052891] Exception stack(0xe431ffb0 to 0xe431fff8)
[   18.052903] ffa0:                                     00000001 b53fedac 00000000 b5e58719
[   18.052919] ffc0: b5e62eec b53ff460 00000000 b53fede8 b6c3265c b5c00808 b5f79811 b5f799b9
[   18.052933] ffe0: b5e62f98 b53fed80 b5e59f37 fffffffc 400f0030 ffffffff
[   18.052944]  r7:b53fede8 r6:ffffffff r5:400f0030 r4:fffffffc
[   18.053718] input: msm8226-tapan-snd-card Button Jack as /devices/sound.42/sound/card0/input3
[   18.055055] init: using deprecated syntax for specifying property 'ro.serialno', use ${name} instead
[   18.055225] input: msm8226-tapan-snd-card Headset Jack as /devices/sound.42/sound/card0/input4
[   18.064448] init: using deprecated syntax for specifying property 'ro.product.manufacturer', use ${name} instead
[   18.064631] init: using deprecated syntax for specifying property 'ro.product.model', use ${name} instead
[   18.073807] adb_release
[   18.104757] mtp_bind_config
[   18.105088] msm_hsusb msm_hsusb: CI13XXX_CONTROLLER_CONNECT_EVENT received
[   18.108155] msm_otg f9a55000.usb: Avail curr from USB = 2
[   18.108173] msm_hsusb msm_hsusb: CI13XXX_CONTROLLER_SUSPEND_EVENT received
[   18.108506] android_work: android_work: did not send uevent (1 1   (null))
[   18.108555] chg:qpnp_chg_iusbmax_set: mA 100
[   18.108633] gpio_request: gpio-109 (QPNP_CHARGER) status -16
[   18.108684] ft5x06_i2c 5-0038: Power state changed, set noise filter to 0x0
[   18.129214] chg:get_prop_capacity: resuming charging at 50% soc
[   18.129229] chg:qpnp_chg_vbatdet_set: voltage=4380 setting 39
[   18.168906] failed: no power_down_setting
[   18.168949] msm_camera_fill_vreg_params:79 i 0 j 2 cam_vana
[   18.168993] msm_camera_fill_vreg_params:68 i 1 j 1 cam_vio
[   18.169026] msm_camera_fill_vreg_params:57 i 2 j 0 cam_vdig
[   18.169059] msm_camera_fill_vreg_params:57 i 6 j 0 cam_vdig
[   18.169090] msm_camera_fill_vreg_params:68 i 7 j 1 cam_vio
[   18.169121] msm_camera_fill_vreg_params:79 i 8 j 2 cam_vana
[   18.178940] BMS: adjust_soc: s 50 i 1573224 v 3686340 ocv 3845000 rbatt 141 uuc 61620 cc 2195 r 1068080 t 398
[   18.233170] init: ubuntu-location-service main process (1104) killed by SEGV signal
[   18.233622] init: ubuntu-location-service main process ended, respawning
[   18.255032] ov9760_q1v05a probe succeeded
[   18.259506] mtp_bind_config
[   18.260216] msm_hsusb msm_hsusb: CI13XXX_CONTROLLER_CONNECT_EVENT received
[   18.260262] msm_hsusb msm_hsusb: CI13XXX_CONTROLLER_RESUME_EVENT received
[   18.260295] msm_otg f9a55000.usb: Avail curr from USB = 100
[   18.260327] init: cannot find '/sbin/adbd', disabling 'adbd'
[   18.260719] android_work: android_work: sent uevent USB_STATE=DISCONNECTED
[   18.260797] chg:qpnp_chg_iusbmax_set: mA 100
[   18.260832] ft5x06_i2c 5-0038: Power state changed, set noise filter to 0x1
[   18.263277] msm_otg f9a55000.usb: Avail curr from USB = 2
[   18.263292] msm_hsusb msm_hsusb: CI13XXX_CONTROLLER_SUSPEND_EVENT received
[   18.263896] android_work: android_work: did not send uevent (0 0   (null))
[   18.285572] chg:qpnp_chg_iusbmax_set: mA 100
[   18.285621] ft5x06_i2c 5-0038: Power state changed, set noise filter to 0x0
[   18.447250] ubuntu-location: unhandled page fault (11) at 0xfffffffc, code 0x80000007
[   18.447269] pgd = e3b10000
[   18.447299] [fffffffc] *pgd=323e0821, *pte=00000000, *ppte=00000000
[   18.447349] 
[   18.447356] Pid: 1212, comm:      ubuntu-location
[   18.447369] CPU: 1    Tainted: G        W     (3.4.0-g3106909-dirty #3)
[   18.447382] PC is at 0xfffffffc
[   18.447390] LR is at 0xb5e89f37
[   18.447401] pc : [<fffffffc>]    lr : [<b5e89f37>]    psr: 400f0030
[   18.447406] sp : b49fed80  ip : b5e92f98  fp : b5fa99b9
[   18.447417] r10: b5fa9811  r9 : b5c00808  r8 : b6c6265c
[   18.447427] r7 : b49fede8  r6 : 00000000  r5 : b49ff460  r4 : b5e92eec
[   18.447439] r3 : b5e88719  r2 : 00000000  r1 : b49fedac  r0 : 00000001
[   18.447451] Flags: nZcv  IRQs on  FIQs on  Mode USER_32  ISA Thumb  Segment user
[   18.447463] Control: 10c5387d  Table: 23b1006a  DAC: 00000015
[   18.447474] Backtrace: 
[   18.447498] [<c010a95c>] (dump_backtrace+0x0/0x114) from [<c0b6d2ac>] (dump_stack+0x20/0x24)
[   18.447510]  r6:0000000b r5:fffffffc r4:e362bfb0 r3:271ae91c
[   18.447543] [<c0b6d28c>] (dump_stack+0x0/0x24) from [<c0107de4>] (show_regs+0x4c/0x58)
[   18.447561] [<c0107d98>] (show_regs+0x0/0x58) from [<c0113930>] (__do_user_fault+0xdc/0x158)
[   18.447573]  r4:f0f5ee40 r3:271ae91c
[   18.447595] [<c0113854>] (__do_user_fault+0x0/0x158) from [<c0b7fe8c>] (do_page_fault+0x388/0x408)
[   18.447607]  r8:80000007 r7:f0f5ee40 r6:fffffffc r5:00030001 r4:e362bfb0
[   18.447644] [<c0b7fb04>] (do_page_fault+0x0/0x408) from [<c0100328>] (do_PrefetchAbort+0x44/0xa8)
[   18.447662] [<c01002e4>] (do_PrefetchAbort+0x0/0xa8) from [<c0b7e458>] (ret_from_exception+0x0/0x10)
[   18.447675] Exception stack(0xe362bfb0 to 0xe362bff8)
[   18.447687] bfa0:                                     00000001 b49fedac 00000000 b5e88719
[   18.447703] bfc0: b5e92eec b49ff460 00000000 b49fede8 b6c6265c b5c00808 b5fa9811 b5fa99b9
[   18.447718] bfe0: b5e92f98 b49fed80 b5e89f37 fffffffc 400f0030 ffffffff
[   18.447729]  r7:b49fede8 r6:ffffffff r5:400f0030 r4:fffffffc
[   18.461787] msm_hsusb msm_hsusb: CI13XXX_CONTROLLER_RESUME_EVENT received
[   18.461844] msm_otg f9a55000.usb: Avail curr from USB = 100
[   18.463314] android_work: android_work: did not send uevent (0 0   (null))
[   18.463393] chg:qpnp_chg_iusbmax_set: mA 100
[   18.463431] ft5x06_i2c 5-0038: Power state changed, set noise filter to 0x1
[   18.533245] android_work: android_work: sent uevent USB_STATE=CONNECTED
[   18.536764] android_work: android_work: sent uevent USB_STATE=DISCONNECTED
[   18.624664] android_work: android_work: sent uevent USB_STATE=CONNECTED
[   18.625979] android_usb gadget: high-speed config #1: fe8050c8.android_usb
[   18.626051] msm_otg f9a55000.usb: Avail curr from USB = 500
[   18.626722] chg:qpnp_chg_iusbmax_set: mA 500
[   18.626802] gpio_request: gpio-109 (QPNP_CHARGER) status -16
[   18.626834] chg:qpnp_chg_chgr_chg_fastchg_irq_handler: FAST_CHG IRQ triggered
[   18.626849] chg:qpnp_chg_vbatdet_set: voltage=4320 setting 36
[   18.629124] init: ubuntu-location-service main process (1194) killed by SEGV signal
[   18.629265] init: ubuntu-location-service main process ended, respawning
[   18.682807] android_work: android_work: sent uevent USB_STATE=CONFIGURED
[   18.862790] ubuntu-location: unhandled page fault (11) at 0xfffffffc, code 0x80000007
[   18.862807] pgd = e3064000
[   18.862839] [fffffffc] *pgd=323e0821, *pte=00000000, *ppte=00000000
[   18.862886] 
[   18.862893] Pid: 1233, comm:      ubuntu-location
[   18.862906] CPU: 3    Tainted: G        W     (3.4.0-g3106909-dirty #3)
[   18.862920] PC is at 0xfffffffc
[   18.862929] LR is at 0xb5e5bf37
[   18.862940] pc : [<fffffffc>]    lr : [<b5e5bf37>]    psr: 400f0030
[   18.862946] sp : b53fed80  ip : b5e64f98  fp : b5f7b9b9
[   18.862961] r10: b5f7b811  r9 : b5c00808  r8 : b6c3465c
[   18.862972] r7 : b53fede8  r6 : 00000000  r5 : b53ff460  r4 : b5e64eec
[   18.862984] r3 : b5e5a719  r2 : 00000000  r1 : b53fedac  r0 : 00000001
[   18.862997] Flags: nZcv  IRQs on  FIQs on  Mode USER_32  ISA Thumb  Segment user
[   18.863010] Control: 10c5387d  Table: 2306406a  DAC: 00000015
[   18.863022] Backtrace: 
[   18.863047] [<c010a95c>] (dump_backtrace+0x0/0x114) from [<c0b6d2ac>] (dump_stack+0x20/0x24)
[   18.863059]  r6:0000000b r5:fffffffc r4:e3261fb0 r3:271ae91c
[   18.863093] [<c0b6d28c>] (dump_stack+0x0/0x24) from [<c0107de4>] (show_regs+0x4c/0x58)
[   18.863112] [<c0107d98>] (show_regs+0x0/0x58) from [<c0113930>] (__do_user_fault+0xdc/0x158)
[   18.863123]  r4:e47fe900 r3:271ae91c
[   18.863147] [<c0113854>] (__do_user_fault+0x0/0x158) from [<c0b7fe8c>] (do_page_fault+0x388/0x408)
[   18.863159]  r8:80000007 r7:e47fe900 r6:fffffffc r5:00030001 r4:e3261fb0
[   18.863196] [<c0b7fb04>] (do_page_fault+0x0/0x408) from [<c0100328>] (do_PrefetchAbort+0x44/0xa8)
[   18.863216] [<c01002e4>] (do_PrefetchAbort+0x0/0xa8) from [<c0b7e458>] (ret_from_exception+0x0/0x10)
[   18.863229] Exception stack(0xe3261fb0 to 0xe3261ff8)
[   18.863241] 1fa0:                                     00000001 b53fedac 00000000 b5e5a719
[   18.863258] 1fc0: b5e64eec b53ff460 00000000 b53fede8 b6c3465c b5c00808 b5f7b811 b5f7b9b9
[   18.863273] 1fe0: b5e64f98 b53fed80 b5e5bf37 fffffffc 400f0030 ffffffff
[   18.863283]  r7:b53fede8 r6:ffffffff r5:400f0030 r4:fffffffc
[   18.898517] BMS: adjust_soc: s 50 i 1154286 v 3735852 ocv 3845000 rbatt 141 uuc 61620 cc 2360 r 1068080 t 397
[   18.911299] apr_tal:Modem Is Up
[   18.926863] diag: In diag_send_msg_mask_update, invalid status 0
[   18.926907] diag: In diag_send_log_mask_update, invalid status 0
[   19.008098] init: got POLLERR, terminating ueventd
[   19.025428] init: ubuntu-location-service main process (1224) killed by SEGV signal
[   19.025559] init: ubuntu-location-service main process ended, respawning
[   19.072561] MSM-CPP cpp_load_fw:870 MC Bootloader Version: 0x312e3176
[   19.092453] MSM-CPP cpp_load_fw:883 CPP FW Version: 0x1002000a
[   19.192846] ubuntu-location: unhandled page fault (11) at 0xfffffffc, code 0x80000007
[   19.192862] pgd = e2cdc000
[   19.192892] [fffffffc] *pgd=323e0821, *pte=00000000, *ppte=00000000
[   19.192936] 
[   19.192944] Pid: 1262, comm:      ubuntu-location
[   19.192955] CPU: 3    Tainted: G        W     (3.4.0-g3106909-dirty #3)
[   19.192968] PC is at 0xfffffffc
[   19.192977] LR is at 0xb5e68f37
[   19.192988] pc : [<fffffffc>]    lr : [<b5e68f37>]    psr: 400f0030
[   19.192993] sp : b53fed80  ip : b5e71f98  fp : b5f889b9
[   19.193004] r10: b5f88811  r9 : b5c00808  r8 : b6c4165c
[   19.193014] r7 : b53fede8  r6 : 00000000  r5 : b53ff460  r4 : b5e71eec
[   19.193025] r3 : b5e67719  r2 : 00000000  r1 : b53fedac  r0 : 00000001
[   19.193038] Flags: nZcv  IRQs on  FIQs on  Mode USER_32  ISA Thumb  Segment user
[   19.193050] Control: 10c5387d  Table: 22cdc06a  DAC: 00000015
[   19.193061] Backtrace: 
[   19.193084] [<c010a95c>] (dump_backtrace+0x0/0x114) from [<c0b6d2ac>] (dump_stack+0x20/0x24)
[   19.193096]  r6:0000000b r5:fffffffc r4:e2d3dfb0 r3:271ae91c
[   19.193129] [<c0b6d28c>] (dump_stack+0x0/0x24) from [<c0107de4>] (show_regs+0x4c/0x58)
[   19.193148] [<c0107d98>] (show_regs+0x0/0x58) from [<c0113930>] (__do_user_fault+0xdc/0x158)
[   19.193159]  r4:e5c76900 r3:271ae91c
[   19.193182] [<c0113854>] (__do_user_fault+0x0/0x158) from [<c0b7fe8c>] (do_page_fault+0x388/0x408)
[   19.193194]  r8:80000007 r7:e5c76900 r6:fffffffc r5:00030001 r4:e2d3dfb0
[   19.193230] [<c0b7fb04>] (do_page_fault+0x0/0x408) from [<c0100328>] (do_PrefetchAbort+0x44/0xa8)
[   19.193248] [<c01002e4>] (do_PrefetchAbort+0x0/0xa8) from [<c0b7e458>] (ret_from_exception+0x0/0x10)
[   19.193262] Exception stack(0xe2d3dfb0 to 0xe2d3dff8)
[   19.193273] dfa0:                                     00000001 b53fedac 00000000 b5e67719
[   19.193289] dfc0: b5e71eec b53ff460 00000000 b53fede8 b6c4165c b5c00808 b5f88811 b5f889b9
[   19.193304] dfe0: b5e71f98 b53fed80 b5e68f37 fffffffc 400f0030 ffffffff
[   19.193315]  r7:b53fede8 r6:ffffffff r5:400f0030 r4:fffffffc
[   19.199401] sps:BAM 0xfc834000 is registered.
[   19.204759] sps:BAM 0xfc834000 (va:0xca508000) enabled: ver:0x22, number of pipes:6
[   19.439586] init: ubuntu-location-service main process (1248) killed by SEGV signal
[   19.439722] init: ubuntu-location-service main process ended, respawning
[   19.582217] ubuntu-location: unhandled page fault (11) at 0xfffffffc, code 0x80000007
[   19.582234] pgd = e2f1c000
[   19.582265] [fffffffc] *pgd=323e0821, *pte=00000000, *ppte=00000000
[   19.582361] 
[   19.582370] Pid: 1273, comm:      ubuntu-location
[   19.582382] CPU: 2    Tainted: G        W     (3.4.0-g3106909-dirty #3)
[   19.582396] PC is at 0xfffffffc
[   19.582404] LR is at 0xb5e9bf37
[   19.582416] pc : [<fffffffc>]    lr : [<b5e9bf37>]    psr: 400f0030
[   19.582421] sp : b53fed80  ip : b5ea4f98  fp : b5fbb9b9
[   19.582432] r10: b5fbb811  r9 : b5c00808  r8 : b6c7465c
[   19.582443] r7 : b53fede8  r6 : 00000000  r5 : b53ff460  r4 : b5ea4eec
[   19.582455] r3 : b5e9a719  r2 : 00000000  r1 : b53fedac  r0 : 00000001
[   19.582467] Flags: nZcv  IRQs on  FIQs on  Mode USER_32  ISA Thumb  Segment user
[   19.582479] Control: 10c5387d  Table: 22f1c06a  DAC: 00000015
[   19.582496] Backtrace: 
[   19.582539] [<c010a95c>] (dump_backtrace+0x0/0x114) from [<c0b6d2ac>] (dump_stack+0x20/0x24)
[   19.582554]  r6:0000000b r5:fffffffc r4:e38f7fb0 r3:271ae91c
[   19.582596] [<c0b6d28c>] (dump_stack+0x0/0x24) from [<c0107de4>] (show_regs+0x4c/0x58)
[   19.582617] [<c0107d98>] (show_regs+0x0/0x58) from [<c0113930>] (__do_user_fault+0xdc/0x158)
[   19.582629]  r4:e5c763c0 r3:271ae91c
[   19.582666] [<c0113854>] (__do_user_fault+0x0/0x158) from [<c0b7fe8c>] (do_page_fault+0x388/0x408)
[   19.582681]  r8:80000007 r7:e5c763c0 r6:fffffffc r5:00030001 r4:e38f7fb0
[   19.582730] [<c0b7fb04>] (do_page_fault+0x0/0x408) from [<c0100328>] (do_PrefetchAbort+0x44/0xa8)
[   19.582751] [<c01002e4>] (do_PrefetchAbort+0x0/0xa8) from [<c0b7e458>] (ret_from_exception+0x0/0x10)
[   19.582765] Exception stack(0xe38f7fb0 to 0xe38f7ff8)
[   19.582779] 7fa0:                                     00000001 b53fedac 00000000 b5e9a719
[   19.582798] 7fc0: b5ea4eec b53ff460 00000000 b53fede8 b6c7465c b5c00808 b5fbb811 b5fbb9b9
[   19.582813] 7fe0: b5ea4f98 b53fed80 b5e9bf37 fffffffc 400f0030 ffffffff
[   19.582824]  r7:b53fede8 r6:ffffffff r5:400f0030 r4:fffffffc
[   19.667603] systemd-udevd[1098]: could not open moddep file '/lib/modules/3.4.0-g3106909-dirty/modules.dep.bin'
[   19.671479] systemd-udevd[1095]: could not open moddep file '/lib/modules/3.4.0-g3106909-dirty/modules.dep.bin'
[   19.754922] init: ubuntu-location-service main process (1269) killed by SEGV signal
[   19.755319] init: ubuntu-location-service main process ended, respawning
[   19.859111] BMS: btm_notify_die_temp: die temp = 67878, raw = 0x7c02
[   19.863536] BMS: refresh_die_temp_monitor: low = 63222, high = 73222
[   19.898001] ubuntu-location: unhandled page fault (11) at 0xfffffffc, code 0x80000007
[   19.898019] pgd = e1cfc000
[   19.898048] [fffffffc] *pgd=323e0821, *pte=00000000, *ppte=00000000
[   19.898092] 
[   19.898101] Pid: 1302, comm:      ubuntu-location
[   19.898113] CPU: 1    Tainted: G        W     (3.4.0-g3106909-dirty #3)
[   19.898126] PC is at 0xfffffffc
[   19.898137] LR is at 0xb5ec1f37
[   19.898149] pc : [<fffffffc>]    lr : [<b5ec1f37>]    psr: 400f0030
[   19.898154] sp : b54fed80  ip : b5ecaf98  fp : b5fe19b9
[   19.898169] r10: b5fe1811  r9 : b5d00808  r8 : b6c9a65c
[   19.898181] r7 : b54fede8  r6 : 00000000  r5 : b54ff460  r4 : b5ecaeec
[   19.898194] r3 : b5ec0719  r2 : 00000000  r1 : b54fedac  r0 : 00000001
[   19.898208] Flags: nZcv  IRQs on  FIQs on  Mode USER_32  ISA Thumb  Segment user
[   19.898220] Control: 10c5387d  Table: 21cfc06a  DAC: 00000015
[   19.898231] Backtrace: 
[   19.898257] [<c010a95c>] (dump_backtrace+0x0/0x114) from [<c0b6d2ac>] (dump_stack+0x20/0x24)
[   19.898270]  r6:0000000b r5:fffffffc r4:e1eb5fb0 r3:271ae91c
[   19.898309] [<c0b6d28c>] (dump_stack+0x0/0x24) from [<c0107de4>] (show_regs+0x4c/0x58)
[   19.898331] [<c0107d98>] (show_regs+0x0/0x58) from [<c0113930>] (__do_user_fault+0xdc/0x158)
[   19.898342]  r4:e5c778c0 r3:271ae91c
[   19.898373] [<c0113854>] (__do_user_fault+0x0/0x158) from [<c0b7fe8c>] (do_page_fault+0x388/0x408)
[   19.898387]  r8:80000007 r7:e5c778c0 r6:fffffffc r5:00030001 r4:e1eb5fb0
[   19.898424] [<c0b7fb04>] (do_page_fault+0x0/0x408) from [<c0100328>] (do_PrefetchAbort+0x44/0xa8)
[   19.898444] [<c01002e4>] (do_PrefetchAbort+0x0/0xa8) from [<c0b7e458>] (ret_from_exception+0x0/0x10)
[   19.898461] Exception stack(0xe1eb5fb0 to 0xe1eb5ff8)
[   19.898473] 5fa0:                                     00000001 b54fedac 00000000 b5ec0719
[   19.898489] 5fc0: b5ecaeec b54ff460 00000000 b54fede8 b6c9a65c b5d00808 b5fe1811 b5fe19b9
[   19.898504] 5fe0: b5ecaf98 b54fed80 b5ec1f37 fffffffc 400f0030 ffffffff
[   19.898517]  r7:b54fede8 r6:ffffffff r5:400f0030 r4:fffffffc
[   19.919293] BMS: adjust_soc: s 50 i 1118200 v 3742632 ocv 3845000 rbatt 141 uuc 61620 cc 2604 r 1068080 t 397
[   20.131823] init: ubuntu-location-service main process (1292) killed by SEGV signal
[   20.131951] init: ubuntu-location-service main process ended, respawning
[   20.301233] ubuntu-location: unhandled page fault (11) at 0xfffffffc, code 0x80000007
[   20.301250] pgd = e1480000
[   20.301286] [fffffffc] *pgd=323e0821, *pte=00000000, *ppte=00000000
[   20.301337] 
[   20.301345] Pid: 1343, comm:      ubuntu-location
[   20.301358] CPU: 2    Tainted: G        W     (3.4.0-g3106909-dirty #3)
[   20.301372] PC is at 0xfffffffc
[   20.301382] LR is at 0xb5e67f37
[   20.301393] pc : [<fffffffc>]    lr : [<b5e67f37>]    psr: 400f0030
[   20.301398] sp : b53fed80  ip : b5e70f98  fp : b5f879b9
[   20.301409] r10: b5f87811  r9 : b5c00808  r8 : b6c4065c
[   20.301425] r7 : b53fede8  r6 : 00000000  r5 : b53ff460  r4 : b5e70eec
[   20.301438] r3 : b5e66719  r2 : 00000000  r1 : b53fedac  r0 : 00000001
[   20.301453] Flags: nZcv  IRQs on  FIQs on  Mode USER_32  ISA Thumb  Segment user
[   20.301465] Control: 10c5387d  Table: 2148006a  DAC: 00000015
[   20.301476] Backtrace: 
[   20.301502] [<c010a95c>] (dump_backtrace+0x0/0x114) from [<c0b6d2ac>] (dump_stack+0x20/0x24)
[   20.301517]  r6:0000000b r5:fffffffc r4:e114dfb0 r3:271ae91c
[   20.301551] [<c0b6d28c>] (dump_stack+0x0/0x24) from [<c0107de4>] (show_regs+0x4c/0x58)
[   20.301570] [<c0107d98>] (show_regs+0x0/0x58) from [<c0113930>] (__do_user_fault+0xdc/0x158)
[   20.301582]  r4:f1ec63c0 r3:271ae91c
[   20.301605] [<c0113854>] (__do_user_fault+0x0/0x158) from [<c0b7fe8c>] (do_page_fault+0x388/0x408)
[   20.301618]  r8:80000007 r7:f1ec63c0 r6:fffffffc r5:00030001 r4:e114dfb0
[   20.301654] [<c0b7fb04>] (do_page_fault+0x0/0x408) from [<c0100328>] (do_PrefetchAbort+0x44/0xa8)
[   20.301675] [<c01002e4>] (do_PrefetchAbort+0x0/0xa8) from [<c0b7e458>] (ret_from_exception+0x0/0x10)
[   20.301688] Exception stack(0xe114dfb0 to 0xe114dff8)
[   20.301700] dfa0:                                     00000001 b53fedac 00000000 b5e66719
[   20.301716] dfc0: b5e70eec b53ff460 00000000 b53fede8 b6c4065c b5c00808 b5f87811 b5f879b9
[   20.301731] dfe0: b5e70f98 b53fed80 b5e67f37 fffffffc 400f0030 ffffffff
[   20.301741]  r7:b53fede8 r6:ffffffff r5:400f0030 r4:fffffffc
[   20.474493] init: ubuntu-location-service main process (1333) killed by SEGV signal
[   20.474622] init: ubuntu-location-service main process ended, respawning
[   20.550749] wcnss_wlan triggered by userspace
[   20.610411] pil_pronto fb21b000.qcom,pronto: wcnss: loading from 0x0d200000 to 0x0d81f000
[   20.933110] pil_pronto fb21b000.qcom,pronto: wcnss: Brought out of reset
[   21.865637] pil_pronto fb21b000.qcom,pronto: wcnss: Power/Clock ready interrupt received
[   21.891200] pil_pronto fb21b000.qcom,pronto: Subsystem error monitoring/handling services are up
[   21.892391] diag: In diag_send_msg_mask_update, invalid status 0
[   21.892427] diag: In diag_send_log_mask_update, invalid status 0
[   21.925051] ubuntu-location: unhandled page fault (11) at 0xfffffffc, code 0x80000007
[   21.925078] pgd = e094c000
[   21.925096] [fffffffc] *pgd=323e0821, *pte=00000000, *ppte=00000000
[   21.925140] 
[   21.925148] Pid: 1451, comm:      ubuntu-location
[   21.925160] CPU: 2    Tainted: G        W     (3.4.0-g3106909-dirty #3)
[   21.925173] PC is at 0xfffffffc
[   21.925182] LR is at 0xb5f1df37
[   21.925194] pc : [<fffffffc>]    lr : [<b5f1df37>]    psr: 400f0030
[   21.925199] sp : b54fed80  ip : b5f26f98  fp : b603d9b9
[   21.925210] r10: b603d811  r9 : b5d00808  r8 : b6cf665c
[   21.925222] r7 : b54fede8  r6 : 00000000  r5 : b54ff460  r4 : b5f26eec
[   21.925234] r3 : b5f1c719  r2 : 00000000  r1 : b54fedac  r0 : 00000001
[   21.925246] Flags: nZcv  IRQs on  FIQs on  Mode USER_32  ISA Thumb  Segment user
[   21.925259] Control: 10c5387d  Table: 2094c06a  DAC: 00000015
[   21.925270] Backtrace: 
[   21.925298] [<c010a95c>] (dump_backtrace+0x0/0x114) from [<c0b6d2ac>] (dump_stack+0x20/0x24)
[   21.925310]  r6:0000000b r5:fffffffc r4:df43dfb0 r3:271ae91c
[   21.925344] [<c0b6d28c>] (dump_stack+0x0/0x24) from [<c0107de4>] (show_regs+0x4c/0x58)
[   21.925362] [<c0107d98>] (show_regs+0x0/0x58) from [<c0113930>] (__do_user_fault+0xdc/0x158)
[   21.925374]  r4:df430540 r3:271ae91c
[   21.925397] [<c0113854>] (__do_user_fault+0x0/0x158) from [<c0b7fe8c>] (do_page_fault+0x388/0x408)
