[    0.000000] Booting Linux on physical CPU 0
[    0.000000] Initializing cgroup subsys cpu
[    0.000000] Linux version 3.4.0-g3106909-dirty (alexforsale@elasrofxela) (gcc version 4.7 (GCC) ) #3 SMP PREEMPT Mon Nov 30 03:59:58 WIB 2015
[    0.000000] CPU: ARMv7 Processor [410fc073] revision 3 (ARMv7), cr=10c5387d
[    0.000000] CPU: PIPT / VIPT nonaliasing data cache, VIPT aliasing instruction cache
[    0.000000] Machine: Qualcomm MSM 8226 (Flattened Device Tree), model: Qualcomm MSM 8226v2 H1A
[    0.000000] Powerup reason=0x40180
[    0.000000] Hw version=0x40
[    0.000000] qcom,ion-heap@28 reserved EBI1 size 314000
[    0.000000] qcom,mdss_fb_primary reserved EBI1 size 800000
[    0.000000] Node qcom,mdss_fb_primary memblock_reserve memory 3200000-41a0000
[    0.000000] Node qcom,msm-mem-hole removed memory 8400000-c400000
[    0.000000] Node qcom,msm-mem-hole removed memory d200000-f500000
[    0.000000] Node qcom,msm-mem-hole removed memory fa00000-ff00000
[    0.000000] qcom,msm-rtb reserved EBI1 size 100000
[    0.000000] memory pool 3 (start 0x3f300000 size d00000) initialized
[    0.000000] Initialized persistent memory from 3f100000-3f2fffff
[    0.000000] cma: CMA: reserved 16 MiB at 35000000
[    0.000000] cma: Found secure_region, memory base 0, size 109 MiB
[    0.000000] cma: CMA: reserved 112 MiB at 38000000
[    0.000000] cma: Found adsp_region, memory base 0, size 42 MiB
[    0.000000] cma: CMA: reserved 44 MiB at 32400000
[    0.000000] cma: Found qsecom_region, memory base 0, size 13 MiB
[    0.000000] cma: CMA: reserved 16 MiB at 37000000
[    0.000000] Memory policy: ECC disabled, Data cache writealloc
[    0.000000] IMEM DT static mapping successful
[    0.000000] On node 0 totalpages: 232192
[    0.000000] free_area_init_node: node 0, pgdat c1316a40, node_mem_map c243f000
[    0.000000]   Normal zone: 1944 pages used for memmap
[    0.000000]   Normal zone: 0 pages reserved
[    0.000000]   Normal zone: 192616 pages, LIFO batch:31
[    0.000000]   HighMem zone: 360 pages used for memmap
[    0.000000]   HighMem zone: 37272 pages, LIFO batch:7
[    0.000000] PERCPU: Embedded 10 pages/cpu @c2d82000 s16448 r8192 d16320 u40960
[    0.000000] pcpu-alloc: s16448 r8192 d16320 u40960 alloc=10*4096
[    0.000000] pcpu-alloc: [0] 0 [0] 1 [0] 2 [0] 3 
[    0.000000] Built 1 zonelists in Zone order, mobility grouping on.  Total pages: 229888
[    0.000000] Kernel command line: console=ttyHSL0,115200,n8 androidboot.console=ttyHSL0 androidboot.hardware=armani user_debug=31 msm_rtb.filter=0x37 console=tty0 androidboot.emmc=true androidboot.modem=HM1AW androidboot.hwversion=40 androidboot.serialno=9924b89b androidboot.baseband=msm mdss_mdp.panel=1:dsi:0:qcom,mdss_dsi_auo_720p_video
[    0.000000] androidboot.modem= HM1AW
[    0.000000] PID hash table entries: 4096 (order: 2, 16384 bytes)
[    0.000000] Dentry cache hash table entries: 131072 (order: 7, 524288 bytes)
[    0.000000] Inode-cache hash table entries: 65536 (order: 6, 262144 bytes)
[    0.000000] Memory: 132MB 14MB 5MB 756MB = 907MB total
[    0.000000] Memory: 677072k/677072k available, 265008k reserved, 17408K highmem
[    0.000000] Virtual kernel memory layout:
[    0.000000]     vector  : 0xffff0000 - 0xffff1000   (   4 kB)
[    0.000000]     fixmap  : 0xfff00000 - 0xfffe0000   ( 896 kB)
[    0.000000] 	   vmalloc : 0xf6800000 - 0xff000000   ( 136 MB)
[    0.000000] 	    lowmem : 0xe0000000 - 0xf6000000   ( 352 MB)
[    0.000000] 	    lowmem : 0xcff00000 - 0xe0000000   ( 257 MB)
[    0.000000] 	   vmalloc : 0xcfa00000 - 0xcff00000   (   5 MB)
[    0.000000] 	    lowmem : 0xcf500000 - 0xcfa00000   (   5 MB)
[    0.000000] 	   vmalloc : 0xcd200000 - 0xcf500000   (  35 MB)
[    0.000000] 	    lowmem : 0xcc400000 - 0xcd200000   (  14 MB)
[    0.000000] 	   vmalloc : 0xc8400000 - 0xcc400000   (  64 MB)
[    0.000000] 	    lowmem : 0xc0000000 - 0xc8400000   ( 132 MB)
[    0.000000]     pkmap   : 0xbfe00000 - 0xc0000000   (   2 MB)
[    0.000000]     modules : 0xbf000000 - 0xbfe00000   (  14 MB)
[    0.000000]       .text : 0xc0008000 - 0xc1090000   (16928 kB)
[    0.000000]       .init : 0xc1100000 - 0xc1238040   (1249 kB)
[    0.000000]       .data : 0xc123a000 - 0xc1349a60   (1087 kB)
[    0.000000]        .bss : 0xc1349a84 - 0xc1b3b0e0   (8134 kB)
[    0.000000] SLUB: Genslabs=11, HWalign=64, Order=0-3, MinObjects=0, CPUs=4, Nodes=1
[    0.000000] Preemptible hierarchical RCU implementation.
[    0.000000] 	RCU dyntick-idle grace-period acceleration is enabled.
[    0.000000] NR_IRQS:16 nr_irqs:16 16
[    0.000000] kmemleak: Kernel memory leak detector disabled
[    0.000000] sched_clock: 32 bits at 19MHz, resolution 52ns, wraps every 223696ms
[    0.000000] Switching to timer-based delay loop
[    0.000000] Console: colour dummy device 80x30
[    0.000000] console [tty0] enabled
[    0.002100] Calibrating delay loop (skipped), value calculated using timer frequency.. 38.40 BogoMIPS (lpj=192000)
[    0.002187] pid_max: default: 32768 minimum: 301
[    0.002529] Security Framework initialized
[    0.002767] AppArmor: AppArmor initialized
[    0.002807] Yama: becoming mindful.
[    0.003008] Mount-cache hash table entries: 512
[    0.004557] Initializing cgroup subsys debug
[    0.004605] Initializing cgroup subsys cpuacct
[    0.004645] Initializing cgroup subsys freezer
[    0.004817] CPU: Testing write buffer coherency: ok
[    0.004914] ftrace: allocating 36172 entries in 107 pages
[    0.055427] ------------[ cut here ]------------
[    0.055494] WARNING: at /home/alexforsale/phablet/kernel/xiaomi/armani/kernel/trace/ftrace.c:1590 ftrace_bug+0xec/0x174()
[    0.055572] Modules linked in:
[    0.055607] Backtrace: 
[    0.055656] [<c010a95c>] (dump_backtrace+0x0/0x114) from [<c0b6d2ac>] (dump_stack+0x20/0x24)
[    0.055721]  r6:c0215c30 r5:00000009 r4:00000000 r3:271ae91c
[    0.055809] [<c0b6d28c>] (dump_stack+0x0/0x24) from [<c019c6b8>] (warn_slowpath_common+0x5c/0x74)
[    0.055889] [<c019c65c>] (warn_slowpath_common+0x0/0x74) from [<c019c6fc>] (warn_slowpath_null+0x2c/0x34)
[    0.055959]  r8:60000153 r7:00000000 r6:00000000 r5:c01003a0 r4:c1318389
[    0.056037] r3:00000009
[    0.056088] [<c019c6d0>] (warn_slowpath_null+0x0/0x34) from [<c0215c30>] (ftrace_bug+0xec/0x174)
[    0.056167] [<c0215b44>] (ftrace_bug+0x0/0x174) from [<c0216068>] (ftrace_process_locs+0x3b0/0x500)
[    0.056235]  r5:f1c21e40 r4:00000000
[    0.056297] [<c0215cb8>] (ftrace_process_locs+0x0/0x500) from [<c11122d8>] (ftrace_init+0x98/0x18c)
[    0.056377] [<c1112240>] (ftrace_init+0x0/0x18c) from [<c1100ab4>] (start_kernel+0x308/0x368)
[    0.056442]  r7:c2d7f280 r6:00000000 r5:00000000 r4:c1243fe8
[    0.056525] [<c11007ac>] (start_kernel+0x0/0x368) from [<0000803c>] (0x803c)
[    0.056577]  r7:c1248ac4 r6:c1200f00 r5:c12424dc r4:10c5387d
[    0.056684] ---[ end trace da227214a82491b7 ]---
[    0.056724] ftrace faulted on writing [<c01003a0>] asm_do_IRQ+0x10/0x1c
[    0.057270] CPU0: thread -1, cpu 0, socket 0, mpidr 80000000
[    0.057401] hw perfevents: enabled with ARMv7 Cortex-A7 PMU driver, 5 counters available
[    0.062214] Setting up static identity map for 0xb836b0 - 0xb83714
[    0.062306] Configuring XPU violations to be fatal errors
[    0.062357] MSM Memory Dump table set up
[    0.068915] CPU1: thread -1, cpu 1, socket 0, mpidr 80000001
[    0.073965] CPU2: thread -1, cpu 2, socket 0, mpidr 80000002
[    0.079160] CPU3: thread -1, cpu 3, socket 0, mpidr 80000003
[    0.079477] Brought up 4 CPUs
[    0.079613] SMP: Total of 4 processors activated (153.60 BogoMIPS).
[    0.081423] devtmpfs: initialized
[    0.104478] EVM: security.selinux
[    0.104517] EVM: security.SMACK64
[    0.104552] EVM: security.capability
[    0.106827] dummy: 
[    0.299100] NET: Registered protocol family 16
[    0.315056] DMA: preallocated 256 KiB pool for atomic coherent allocations
[    0.318494] KPI: Bootloader start count = 21769
[    0.318543] KPI: Bootloader end count = 43266
[    0.318584] KPI: Bootloader display count = 33885
[    0.318626] KPI: Bootloader load kernel count = 2293
[    0.318670] KPI: Kernel MPM timestamp = 88902
[    0.318709] KPI: Kernel MPM Clock frequency = 32768
[    0.318764] socinfo_print: v8, id=221, ver=2.0, raw_id=2325, raw_ver=1, hw_plat=11, hw_plat_ver=0
[    0.318777]  accessory_chip=0, hw_plat_subtype=0, pmic_model=65540, pmic_die_revision=131073
[    0.351432] gpiochip_add: registered GPIOs 0 to 116 on device: msmgpio
[    0.363512] msm_watchdog f9017000.qcom,wdt: MSM Watchdog Initialized
[    0.421351] 8226_s1: 500 <--> 1275 mV at 0 mV normal idle 
[    0.422422] 8226_s1_corner: 0 <--> 0 mV at 0 mV normal idle 
[    0.423518] 8226_s1_corner_ao: 0 <--> 0 mV at 0 mV normal idle 
[    0.424574] 8226_s1_floor_corner: 0 <--> 0 mV at 0 mV normal idle 
[    0.425679] 8226_s3: 1200 <--> 1300 mV at 1200 mV normal idle 
[    0.426808] 8226_s4: 1800 <--> 2200 mV at 1800 mV normal idle 
[    0.427993] 8226_s5: 1150 mV normal idle 
[    0.429119] 8226_l1: 1225 mV normal idle 
[    0.430252] 8226_l2: 1200 mV normal idle 
[    0.431369] 8226_l3: 750 <--> 1337 mV at 0 mV normal idle 
[    0.432399] 8226_l3_ao: 750 <--> 1337 mV at 0 mV normal idle 
[    0.433471] 8226_l3_so: 750 <--> 1337 mV at 750 mV normal idle 
[    0.434666] 8226_l4: 1200 mV normal idle 
[    0.435753] 8226_l5: 1200 mV normal idle 
[    0.436908] 8226_l6: 1800 mV normal idle 
[    0.438050] 8226_l7: 1850 mV normal idle 
[    0.439522] 8226_l8: 1800 mV normal idle 
[    0.440605] 8226_l8_ao: 1800 mV normal idle 
[    0.441694] 8226_l8_so: 1800 mV normal idle 
[    0.442827] 8226_l9: 2050 mV normal idle 
[    0.443985] 8226_l10: 1800 mV normal idle 
[    0.445207] 8226_l12: 1800 mV normal idle 
[    0.446343] 8226_l14: 2750 mV normal idle 
[    0.447434] 8226_l15: 2800 mV normal idle 
[    0.448615] 8226_l16: 3000 <--> 3350 mV at 3300 mV normal idle 
[    0.449746] 8226_l17: 2950 mV normal idle 
[    0.450831] 8226_l18: 2950 mV normal idle 
[    0.451954] 8226_l19: 2850 mV normal idle 
[    0.453119] 8226_l20: 3075 mV normal idle 
[    0.454227] 8226_l21: 1800 <--> 2950 mV at 2950 mV normal idle 
[    0.455366] 8226_l22: 1800 <--> 2950 mV at 2950 mV normal idle 
[    0.456496] 8226_l23: 1800 <--> 2950 mV at 2950 mV normal idle 
[    0.457615] 8226_l24: 1300 <--> 1350 mV at 1300 mV normal idle 
[    0.458798] 8226_l25: 1775 <--> 2125 mV at 1775 mV normal idle 
[    0.459958] 8226_l26: 1225 mV normal idle 
[    0.461057] 8226_l27: 2050 mV normal idle 
[    0.462201] 8226_l28: 1800 <--> 2950 mV at 2950 mV normal idle 
[    0.463344] 8226_lvs1: 
[    0.464545] 8226_s2: 900 <--> 1350 mV at 1150 mV 
[    0.464932] spm_regulator_probe: name=8226_s2, range=MV, voltage=1150000 uV, mode=AUTO, step rate=9600 uV/us
[    0.513112] AXI: msm_bus_fabric_init_driver(): msm_bus_fabric_init_driver
[    0.515553] AXI: msm_bus_fabric_probe(): Coresight support absent for bus: 2048
[    0.517522] AXI: msm_bus_fabric_probe(): Coresight support absent for bus: 1024
[    0.519551] AXI: msm_bus_fabric_probe(): Coresight support absent for bus: 4096
[    0.522687] AXI: msm_bus_fabric_probe(): Coresight support absent for bus: 5120
[    0.523657] AXI: msm_bus_fabric_probe(): Coresight support absent for bus: 0
[    0.524257] AXI: msm_bus_fabric_probe(): Coresight support absent for bus: 6144
[    0.526888] qup_i2c f9927000.i2c: Missing 'qcom,master-id' DT entry
[    0.528397] kworker/u:0 used greatest stack depth: 5928 bytes left
[    0.530351] qup_i2c f9928000.i2c: Missing 'qcom,master-id' DT entry
[    0.532125] cpr_efuse_init: efuse_addr = 0xfc4b8000 (len=0x1000)
[    0.532322] cpr_fuse_is_setting_expected: [row:54] = 0x1c0000000000 @42:6 == 7 ?: yes
[    0.532401] cpr_parse_speed_bin_fuse: [row: 22]: 0x202b0b1a000001a9, speed_bits = 1
[    0.532484] cpr_fuse_is_setting_expected: [row:22] = 0x202b0b1a000001a9 @53:1 == 0 ?: no
[    0.532560] cpr_fuse_is_setting_expected: [row:22] = 0x202b0b1a000001a9 @24:3 == 2 ?: no
[    0.532641] cpr_pvs_init: pvs voltage: [1050000 1150000 1290000] uV
[    0.532698] cpr_pvs_init: ceiling voltage: [1050000 1150000 1290000] uV
[    0.532756] cpr_pvs_init: floor voltage: [1050000 1050000 1100000] uV
[    0.533319] cpr_fuse_is_setting_expected: [row:138] = 0x8404a36a3a9595 @57:1 == 1 ?: no
[    0.533407] cpr_init_cpr_efuse: [row:138] = 0x8404a36a3a9595
[    0.533465] cpr_init_cpr_efuse: disable = 0, local = 1
[    0.533512] cpr_init_cpr_efuse: Corner[1]: ro_sel = 2, target quot = 874
[    0.533567] cpr_init_cpr_efuse: Corner[2]: ro_sel = 2, target quot = 937
[    0.533622] cpr_init_cpr_efuse: Corner[3]: ro_sel = 2, target quot = 1429
[    0.533731] cpr_parse_pvs_version_fuse: [row: 22]: 0x202b0b1a000001a9, pvs_version = 2
[    0.533828] cpr_get_corner_quot_adjustment: quotient adjustment scaling factor: 0.610
[    0.533893] cpr_get_corner_quot_adjustment: adjusted quotient[12] = 1429
[    0.533948] cpr_get_corner_quot_adjustment: adjusted quotient[11] = 1371
[    0.534002] cpr_get_corner_quot_adjustment: adjusted quotient[10] = 1312
[    0.534057] cpr_get_corner_quot_adjustment: adjusted quotient[9] = 1278
[    0.534111] cpr_get_corner_quot_adjustment: adjusted quotient[8] = 1254
[    0.534165] cpr_get_corner_quot_adjustment: adjusted quotient[7] = 1184
[    0.534219] cpr_get_corner_quot_adjustment: adjusted quotient[6] = 1125
[    0.534273] cpr_get_corner_quot_adjustment: adjusted quotient[5] = 1067
[    0.534402] cpr_init_cpr_parameters: CPR is enabled by default.
[    0.534468] cpr_config: Timer count: 0x17700 (for 5000 us)
[    0.535031] apc_corner: 0 <--> 0 mV 
[    0.537677] msm-thermal qcom,msm-thermal.67: probe_freq_mitigation:Failed reading node=/soc/qcom,msm-thermal, key=qcom,freq-mitigation-temp. KTM continues
[    0.537787] msm-thermal qcom,msm-thermal.67: probe_psm:Failed reading node=/soc/qcom,msm-thermal, key=qcom,pmic-sw-mode-temp. KTM continues
[    0.538318] vdd_restriction_reg_init:Defer vdd rstr freq init
[    0.538383] msm-thermal qcom,msm-thermal.67: probe_ocr:Failed reading node=/soc/qcom,msm-thermal, key=qti,pmic-opt-curr-temp. KTM continues
[    0.539764] persistent_ram: found existing buffer, size 71942, start 71942
[    0.541159] console [ram-1] enabled
[    0.541221]  LCD_KCAL_DEBUG : add_lcd_kcal_devices 
[    0.541513] hw-breakpoint: found 5 (+1 reserved) breakpoint and 4 watchpoint registers.
[    0.541585] hw-breakpoint: maximum watchpoint size is 8 bytes.
[    0.542878] msm-jtag-fuse fc4be024.jtagfuse: JTag Fuse initialized
[    0.549853] sps:sps is ready.
[    0.553344] gdsc_venus: 
[    0.554045] gdsc_mdss: 
[    0.554723] gdsc_jpeg: 
[    0.555446] gdsc_vfe: 
[    0.556174] gdsc_oxili_cx: 
[    0.556797] gdsc_usb_hsic: 
[    0.558904] msm_ocmem fdd00000.qcom,ocmem: OCMEM Virtual addr c8800000
[    0.559148] Physical OCMEM zone layout:
[    0.559195]  zone graphics	: 0xfec00000 - 0xfec1ffff ( 128 KB)
[    0.615447] bio: create slab <bio-0> at 0
[    0.618185] cma: Assigned CMA region at 0 to 8.qcom,ion-heap device
[    0.618389] ION-heap mm: Cannot specify alignment for this type of heap
[    0.618638] cma: Assigned CMA region at 0 to 16.qcom,ion-heap device
[    0.618884] ION-heap adsp: Cannot specify alignment for this type of heap
[    0.619152] cma: Assigned CMA region at 0 to 1b.qcom,ion-heap device
[    0.620419] ION heap system created
[    0.620704] ION heap kmalloc created
[    0.620790] ION heap mm created at 0x38000000 with size 6d00000
[    0.620952] ION heap adsp created at 0x32400000 with size 2a00000
[    0.621038] ION heap qsecom created at 0x37000000 with size d00000
[    0.621180] ION heap audio created at 0x3f300000 with size 314000
[    0.621274] ION heap pil_1 created at 0x0dc00000 with size 1900000
[    0.624328] SCSI subsystem initialized
[    0.624719] usbcore: registered new interface driver usbfs
[    0.624954] usbcore: registered new interface driver hub
[    0.625239] usbcore: registered new device driver usb
[    0.626096] Linux media interface: v0.10
[    0.626253] Linux video capture interface: v2.00
[    0.629710] msm_iommu_v1 fda64000.qcom,iommu: device jpeg_iommu mapped at c84e0000, with 3 ctx banks
[    0.631871] msm_iommu_v1 fd928000.qcom,iommu: device mdp_iommu mapped at c8560000, with 3 ctx banks
[    0.634035] msm_iommu_v1 fdc84000.qcom,iommu: device venus_iommu mapped at c8840000, with 3 ctx banks
[    0.636046] msm_iommu_v1 fdb10000.qcom,iommu: device kgsl_iommu mapped at c8860000, with 3 ctx banks
[    0.637992] msm_iommu_v1 fda44000.qcom,iommu: device vfe_iommu mapped at c8880000, with 3 ctx banks
[    0.640498] msm_iommu_ctx_v1 fda6c000.qcom,iommu-ctx: context jpeg_enc0 using bank 0
[    0.640906] msm_iommu_ctx_v1 fda6d000.qcom,iommu-ctx: context jpeg_enc1 using bank 1
[    0.641227] msm_iommu_ctx_v1 fda6e000.qcom,iommu-ctx: context jpeg_dec using bank 2
[    0.641552] msm_iommu_ctx_v1 fd930000.qcom,iommu-ctx: context mdp_0 using bank 0
[    0.641876] msm_iommu_ctx_v1 fd931000.qcom,iommu-ctx: context mdp_1 using bank 1
[    0.642174] msm_iommu_ctx_v1 fd932000.qcom,iommu-ctx: context mdp_2 using bank 2
[    0.642494] msm_iommu_ctx_v1 fdc8c000.qcom,iommu-ctx: context venus_ns using bank 0
[    0.642814] msm_iommu_ctx_v1 fdc8d000.qcom,iommu-ctx: context venus_cp using bank 1
[    0.643113] msm_iommu_ctx_v1 fdc8e000.qcom,iommu-ctx: context venus_fw using bank 2
[    0.643490] msm_iommu_ctx_v1 fdb18000.qcom,iommu-ctx: context gfx3d_user using bank 0
[    0.643790] msm_iommu_ctx_v1 fdb19000.qcom,iommu-ctx: context gfx3d_priv using bank 1
[    0.644092] msm_iommu_ctx_v1 fdb1a000.qcom,iommu-ctx: context gfx3d_spare using bank 2
[    0.644486] msm_iommu_ctx_v1 fda4c000.qcom,iommu-ctx: context vfe0 using bank 0
[    0.644783] msm_iommu_ctx_v1 fda4d000.qcom,iommu-ctx: context vfe1 using bank 1
[    0.645082] msm_iommu_ctx_v1 fda4e000.qcom,iommu-ctx: context cpp using bank 2
[    0.646571] Advanced Linux Sound Architecture Driver Version 1.0.25.
[    0.647822] Bluetooth: Core ver 2.16
[    0.647944] NET: Registered protocol family 31
[    0.647990] Bluetooth: HCI device and connection manager initialized
[    0.648053] Bluetooth: HCI socket layer initialized
[    0.648104] Bluetooth: L2CAP socket layer initialized
[    0.648527] Bluetooth: SCO socket layer initialized
[    0.649324] cfg80211: Calling CRDA to update world regulatory domain
[    0.649435] cfg80211: World regulatory domain updated:
[    0.649486] cfg80211:   (start_freq - end_freq @ bandwidth), (max_antenna_gain, max_eirp)
[    0.649560] cfg80211:   (2402000 KHz - 2472000 KHz @ 40000 KHz), (300 mBi, 2000 mBm)
[    0.649630] cfg80211:   (2457000 KHz - 2482000 KHz @ 40000 KHz), (300 mBi, 2000 mBm)
[    0.649701] cfg80211:   (2474000 KHz - 2494000 KHz @ 20000 KHz), (300 mBi, 2000 mBm)
[    0.649771] cfg80211:   (5170000 KHz - 5250000 KHz @ 80000 KHz), (300 mBi, 2000 mBm)
[    0.649838] cfg80211:   (5735000 KHz - 5835000 KHz @ 80000 KHz), (300 mBi, 2000 mBm)
[    0.649904] cfg80211:   (57240000 KHz - 63720000 KHz @ 2160000 KHz), (N/A, 0 mBm)
[    0.650151] NetLabel: Initializing
[    0.650192] NetLabel:  domain hash size = 128
[    0.650233] NetLabel:  protocols = UNLABELED CIPSOv4
[    0.650406] NetLabel:  unlabeled traffic allowed by default
[    0.651599] Switching to clocksource arch_sys_counter
[    0.730199] AppArmor: AppArmor Filesystem Enabled
[    0.753566] NET: Registered protocol family 2
[    0.754485] IP route cache hash table entries: 32768 (order: 5, 131072 bytes)
[    0.759086] TCP established hash table entries: 131072 (order: 8, 1048576 bytes)
[    0.768909] TCP bind hash table entries: 65536 (order: 8, 1310720 bytes)
[    0.771278] TCP: Hash tables configured (established 131072 bind 65536)
[    0.771334] TCP: reno registered
[    0.771552] UDP hash table entries: 512 (order: 2, 24576 bytes)
[    0.771862] UDP-Lite hash table entries: 512 (order: 2, 24576 bytes)
[    0.772593] NET: Registered protocol family 1
[    0.773261] Trying to unpack rootfs image as initramfs...
[    1.166767] Freeing initrd memory: 4344K
[    1.173458] clock-a7 f9011050.qcom,clock-a7: Speed bin: 1
[    1.173516] clock-a7 f9011050.qcom,clock-a7: PVS version: 2
[    1.180737] gpiochip_find_base: found new base at 992
[    1.181092] gpiochip_add: registered GPIOs 992 to 1023 on device: smp2p
[    1.182877] gpiochip_find_base: found new base at 960
[    1.183195] gpiochip_add: registered GPIOs 960 to 991 on device: smp2p
[    1.183364] gpiochip_find_base: found new base at 928
[    1.183703] gpiochip_add: registered GPIOs 928 to 959 on device: smp2p
[    1.185434] gpiochip_find_base: found new base at 896
[    1.185749] gpiochip_add: registered GPIOs 896 to 927 on device: smp2p
[    1.185919] gpiochip_find_base: found new base at 864
[    1.186254] gpiochip_add: registered GPIOs 864 to 895 on device: slave-kernel
[    1.188056] gpiochip_find_base: found new base at 832
[    1.188374] gpiochip_add: registered GPIOs 832 to 863 on device: master-kernel
[    1.188599] gpiochip_find_base: found new base at 800
[    1.188948] gpiochip_add: registered GPIOs 800 to 831 on device: smp2p
[    1.190753] gpiochip_find_base: found new base at 768
[    1.191095] gpiochip_add: registered GPIOs 768 to 799 on device: smp2p
[    1.191269] gpiochip_find_base: found new base at 736
[    1.191586] gpiochip_add: registered GPIOs 736 to 767 on device: slave-kernel
[    1.193503] gpiochip_find_base: found new base at 704
[    1.193849] gpiochip_add: registered GPIOs 704 to 735 on device: master-kernel
[    1.194070] gpiochip_find_base: found new base at 672
[    1.194385] gpiochip_add: registered GPIOs 672 to 703 on device: smp2p
[    1.196289] gpiochip_find_base: found new base at 640
[    1.196631] gpiochip_add: registered GPIOs 640 to 671 on device: smp2p
[    1.196811] gpiochip_find_base: found new base at 608
[    1.197127] gpiochip_add: registered GPIOs 608 to 639 on device: slave-kernel
[    1.199071] gpiochip_find_base: found new base at 576
[    1.199415] gpiochip_add: registered GPIOs 576 to 607 on device: master-kernel
[    1.199858] gpiochip_find_base: found new base at 544
[    1.200176] gpiochip_add: registered GPIOs 544 to 575 on device: rdbg
[    1.202251] gpiochip_find_base: found new base at 512
[    1.202574] gpiochip_add: registered GPIOs 512 to 543 on device: rdbg
[    1.202778] gpiochip_find_base: found new base at 480
[    1.203098] gpiochip_add: registered GPIOs 480 to 511 on device: rdbg
[    1.205133] gpiochip_find_base: found new base at 448
[    1.205455] gpiochip_add: registered GPIOs 448 to 479 on device: rdbg
[    1.208753] pil-q6v5-lpass fe200000.qcom,lpass: using secure boot
[    1.218994] pil_pronto fb21b000.qcom,pronto: using secure boot
[    1.224006] pil_venus fdce0000.qcom,venus: using secure boot
[    1.245782] NET: Registered protocol family 27
[    1.272493] msm_rpm_log_probe: OK
[    1.302905] ocmem: Client sensors (id: 6) not allowed to use OCMEM
[    1.302997] OCMEM notifier registration failed
[    1.303055] sns_ocmem_main: sns_ocmem_init failed -14
[    1.314831] audit: initializing netlink socket (disabled)
[    1.314976] type=2000 audit(1.300:1): initialized
[    1.410590] highmem bounce pool size: 64 pages
[    1.424412] NTFS driver 2.1.30 [Flags: R/O].
[    1.424831] fuse init (API version 7.18)
[    1.425947] msgmni has been set to 1416
[    1.427990] Block layer SCSI generic (bsg) driver version 0.4 loaded (major 247)
[    1.428031] io scheduler noop registered
[    1.428053] io scheduler deadline registered (default)
[    1.428091] io scheduler row registered
[    1.428318] io scheduler cfq registered
[    1.428639] gpiochip_find_base: found new base at 440
[    1.428768] gpiochip_add: registered GPIOs 440 to 447 on device: pm8226-gpio
[    1.429089] qcom,qpnp-pin qpnp-pin-f1df0400: qpnp_pin_probe: gpio_chip registered between 440-447
[    1.429268] gpiochip_find_base: found new base at 432
[    1.429399] gpiochip_add: registered GPIOs 432 to 439 on device: pm8226-mpp
[    1.429919] qcom,qpnp-pin qpnp-pin-f1df0600: qpnp_pin_probe: gpio_chip registered between 432-439
[    1.430224] mdss_mdp_probe: MDP HW Base phy_Address=0xfd900000 virt=0xc88c0000
[    1.430273] mdss_mdp_probe: MDSS VBIF HW Base phy_Address=0xfd924000 virt=0xc8556000
[    1.430544] mdss_mdp_parse_dt_handler: Error from prop qcom,mdss-ib-factor-overlap : u32 array read
[    1.430583] mdss_mdp_parse_dt_fudge_factors: err reading qcom,mdss-ib-factor-overlap
[    1.430624] mdss_mdp_parse_dt_prop_len: Error from prop qcom,mdss-ad-off : spec error in device tree
[    1.430676] mdss_mdp_parse_bootarg: mdss_mdp_parse_bootarg:1482: pan_name=[1:dsi:0:qcom,mdss_dsi_auo_720p_video] end=[\x03]
[    1.431473] mdss_mdp_pp_argc: >>>>> mdss_mdp_pp_argc 
[    1.431507] update_preset_lcdc_lut: update_preset_lcdc_lut red=[255], green=[255], blue=[255]
[    1.431544] mdss_mdp_pp_argc_kcal: >>>>> mdss_mdp_pp_argc_kcal 
[    1.433274] mdss_dsi_ctrl_probe: DSI Ctrl name = MDSS DSI CTRL->0
[    1.433401] mdss_dsi_panel_init: Panel Name = auo 720p video mode dsi panel
[    1.433673] mdss_dsi_panel_init:1057 Continuous splash flag enabled.
[    1.433704] mdss_dsi_panel_init:1069 Partial update disabled.
[    1.434071] dsi_panel_device_register:1279, Disp_en gpio not specified
[    1.434166] mdss_dsi_retrieve_ctrl_resources: dsi base=c8574800 size=600
[    1.462040] mdss_register_panel: adding framebuffer device fd922800.qcom,mdss_dsi
[    1.462476] mdss_hw_init: MDP Rev=10010001
[    1.464389] mdss_register_panel: adding framebuffer device qcom,mdss_wb_panel.23
[    1.465639] mdss_fb_parse_dt: split framebuffer left=0 right=0
[    1.465670] mdss_fb_alloc_fbmem_iommu: mdss_fb_alloc_fbmem_iommu frame buffer reserve_size=0x800000
[    1.466003] mdss_fb_alloc_fbmem_iommu: allocating 8388608 bytes at c9000000 (3f800000 phys) for fb 0
[    1.466404] mdss_fb_register: FrameBuffer[0] 720x1280 size=8388608 registered successfully!
[    1.466490] mdss_mdp_overlay_init: mdss_mdp_overlay_init: unable to add event timer
[    1.466697] Registered led device: lcd-backlight
[    1.466772] mdss_fb_parse_dt: split framebuffer left=0 right=0
[    1.467028] mdss_fb_register: FrameBuffer[1] 1280x720 size=0 registered successfully!
[    1.467099] mdss_mdp_overlay_init: mdss_mdp_overlay_init: unable to add event timer
[    1.544737] msm_serial_hsl_probe: detected port #0 (ttyHSL0)
[    1.544994] f991f000.serial: ttyHSL0 at MMIO 0xf991f000 (irq = 141) is a MSM
[    1.548158] msm_serial_hsl_init: driver initialized
[    1.553430] diagchar initialized nowkgsl bus ib [0] = 1600000000
[    1.555906] kgsl bus ib [1] = 3200000000
[    1.555926] kgsl bus ib [2] = 4256000000
[    1.555947] kgsl bus index is 2 for pwrlevel 0
[    1.555968] kgsl bus index is 1 for pwrlevel 1
[    1.555989] kgsl bus index is 0 for pwrlevel 2
[    1.556522] kgsl kgsl-3d0: |kgsl_iommu_init| MMU type set for device is IOMMU
[    1.569437] brd: module loaded
[    1.574000] loop: module loaded
[    1.574700] QSEECOM: qseecom_probe: support_bus_scaling=0x1
[    1.574726] QSEECOM: qseecom_probe: bam_pipe_pair=0x2
[    1.574754] QSEECOM: qseecom_probe: qsee-ce-hw-instance=0x0
[    1.574782] QSEECOM: qseecom_probe: hlos-ce-hw-instance=0x0
[    1.574852] QSEECOM: qseecom_probe: secure app region addr=0xd980000 size=0x256000
[    1.576039] 8226_l28: Failed to create debugfs directory
[    1.576396] isa1000_setup: isa1000 set up
[    1.576708] i2c-core: driver [tabla-i2c-core] using legacy suspend method
[    1.576740] i2c-core: driver [tabla-i2c-core] using legacy resume method
[    1.576924] i2c-core: driver [wcd9xxx-i2c-core] using legacy suspend method
[    1.576955] i2c-core: driver [wcd9xxx-i2c-core] using legacy resume method
[    1.577678] SCSI Media Changer driver v0.25 
[    1.578506] sps: BAM device 0xf9904000 is not registered yet.
[    1.578546] sps:BAM 0xf9904000 is registered.
[    1.578877] sps:BAM 0xf9904000 (va:0xc8830000) enabled: ver:0x15, number of pipes:24
[    1.579371] spi_qsd f9923000.spi: master is unqueued, this is deprecated
[    1.584430] modprobe used greatest stack depth: 5728 bytes left
[    1.584797] gpio_request: gpio-0 (spi_mosi) status -16
[    1.584811] spi_qsd f9923000.spi: msm_spi_request_gpios: gpio_request for pin 0 failed with error -16
[    1.584871] spi_qsd f9923000.spi: can't setup spi0.3, status -16
[    1.584904] spi_master spi0: spi_device register error /soc/spi@f9923000/ethernet-switch@3
[    1.586455] tun: Universal TUN/TAP device driver, 1.6
[    1.586486] tun: (C) 1999-2004 Max Krasnyansky <maxk@qualcomm.com>
[    1.586776] rmnet_init: BAM devices[9]
[    1.597047] PPP generic driver version 2.4.2
[    1.597339] PPP BSD Compression module registered
[    1.597366] PPP Deflate Compression module registered
[    1.605885] PPP MPPE Compression module registered
[    1.605919] NET: Registered protocol family 24
[    1.605979] SLIP: version 0.8.4-NET3.019-NEWTTY (dynamic channels, max=256) (6 bit encapsulation enabled).
[    1.606018] CSLIP: code copyright 1989 Regents of the University of California.
[    1.606474] wcnss_wlan probed in built-in mode
[    1.608291] usbcore: registered new interface driver asix
[    1.608391] usbcore: registered new interface driver cdc_ether
[    1.608468] usbcore: registered new interface driver net1080
[    1.608553] usbcore: registered new interface driver cdc_subset
[    1.608628] usbcore: registered new interface driver zaurus
[    1.608871] usbcore: registered new interface driver cdc_ncm
[    1.610588] msm_otg f9a55000.usb: msm_otg probe
[    1.612851] msm_otg f9a55000.usb: OTG regs = c87f8000
[    1.615199] ehci_hcd: USB 2.0 'Enhanced' Host Controller (EHCI) Driver
[    1.615575] Unable to get vbus_otg
[    1.615598] msm_hsusb_host msm_hsusb_host: unable to register with transceiver
[    1.615653] platform msm_hsusb_host: Driver msm_hsusb_host requests probe deferral
[    1.616907] usbcore: registered new interface driver cdc_acm
[    1.616934] cdc_acm: USB Abstract Control Model driver for USB modems and ISDN adapters
[    1.616968] Initializing USB Mass Storage driver...
[    1.617075] usbcore: registered new interface driver usb-storage
[    1.617104] USB Mass Storage support registered.
[    1.617168] usbcore: registered new interface driver ums-alauda
[    1.617234] usbcore: registered new interface driver ums-cypress
[    1.617301] usbcore: registered new interface driver ums-datafab
[    1.617368] usbcore: registered new interface driver ums-freecom
[    1.617434] usbcore: registered new interface driver ums-isd200
[    1.617501] usbcore: registered new interface driver ums-jumpshot
[    1.617568] usbcore: registered new interface driver ums-karma
[    1.617634] usbcore: registered new interface driver ums-onetouch
[    1.617702] usbcore: registered new interface driver ums-sddr09
[    1.617777] usbcore: registered new interface driver ums-sddr55
[    1.617854] usbcore: registered new interface driver ums-usbat
[    1.618019] usbcore: registered new interface driver usbserial
[    1.618047] usbserial: USB Serial Driver core
[    1.618125] usbcore: registered new interface driver qc_csvt
[    1.618196] USB Serial support registered for qc_csvt
[    1.618272] usbcore: registered new interface driver usb_ehset_test
[    1.619556] msm_hsusb msm_hsusb: [ci13xxx_start] hw_ep_max = 32
[    1.620367] mbim_init: initialize 1 instances
[    1.620570] mbim_init: Initialized 1 ports
[    1.623186] rndis_qc_init: initialize rndis QC instance
[    1.624048] android_usb gadget: Mass Storage Function, version: 2009/09/11
[    1.624082] android_usb gadget: Number of LUNs=2
[    1.624107]  lun0: LUN: removable read only CD-ROM file: (no medium)
[    1.624136]  lun1: LUN: removable file: (no medium)
[    1.624632] android_usb gadget: android_usb ready
[    1.625837] mousedev: PS/2 mouse device common for all mice
[    1.626268] usbcore: registered new interface driver xpad
[    1.626295] ft5x06_i2c_init
[    1.626409] num_fw = 4
[    1.626504] i2c-pull-up = 1
[    1.626521] reset gpio = 16
[    1.626538] irq gpio = 17
[    1.626554] x_max = 720
[    1.626570] y_max = 1280
[    1.626585] z_max = 255
[    1.626601] w_max = 200
[    1.626616] landing_jiffies = 1000
[    1.626634] landing_threshold = 16
[    1.626653] staying_threshold = 8
[    1.626671] raw min = 7000
[    1.626687] raw max = 10000
[    1.626703] key_num = 3
[    1.626719] keymap[0] = 139
[    1.626736] keypos[0] = 2
[    1.626753] key[0]: 155 1317 10 50
[    1.626772] keymap[1] = 102
[    1.626788] keypos[1] = 6
[    1.626806] key[1]: 355 1317 10 50
[    1.626824] keymap[2] = 158
[    1.626841] keypos[2] = 10
[    1.626858] key[2]: 565 1317 10 50
[    1.626877] key_num = 3
[    1.626892] keymap[0] = 139
[    1.626909] keypos[0] = 2
[    1.626926] key[0]: 155 1319 10 50
[    1.626945] keymap[1] = 102
[    1.626961] keypos[1] = 6
[    1.626979] key[1]: 355 1319 10 50
[    1.626997] keymap[2] = 158
[    1.627014] keypos[2] = 10
[    1.627031] key[2]: 565 1319 10 50
[    1.627049] key_num = 3
[    1.627065] keymap[0] = 139
[    1.627082] keypos[0] = 2
[    1.627099] key[0]: 155 1319 10 50
[    1.627118] keymap[1] = 102
[    1.627134] keypos[1] = 6
[    1.627152] key[1]: 355 1319 10 50
[    1.627170] keymap[2] = 158
[    1.627187] keypos[2] = 10
[    1.627204] key[2]: 565 1319 10 50
[    1.627222] key_num = 3
[    1.627238] keymap[0] = 139
[    1.627255] keypos[0] = 2
[    1.627272] key[0]: 155 1319 10 50
[    1.627291] keymap[1] = 102
[    1.627307] keypos[1] = 6
[    1.627324] key[1]: 355 1319 10 50
[    1.627343] keymap[2] = 158
[    1.627360] keypos[2] = 10
[    1.627377] key[2]: 565 1319 10 50
[    1.627397] firmare 0 chip = 0xa, vendor = 0x51 name = ft5316_firmware.fw
[    1.842726] ft5x06_i2c 5-0038: firmware vendor is 51
[    1.842867] ft5x06_i2c 5-0038: chip id = 0x14, found it!
[    1.842997] ft5x06_i2c 5-0038: firmware name = ft5336_firmware_ofilm.fw
[    1.843733] ft5x06_i2c 5-0038: firmware version is 0e
[    1.845018] input: ft5x06 as /devices/f9927000.i2c/i2c-5/5-0038/input/input0
[    1.847857] #### init for imagis #####
[    1.852093] [ Imagis ] ist30xx_probe(), the i2c addr=0x50
[    1.852457] ### reset gpio = 16 ####
[    1.852580] ### irq gpio = 17 ####
[    1.852676] ### max x = 720 ####
[    1.852768] ### max y = 1280 ####
[    1.852861] ### max w = 200 ####
[    1.852953] ### key num = 3 ####
[    1.853047] #### key [0] = 139 ####
[    1.853144] #### key [1] = 102 ####
[    1.853242] #### key [2] = 158 ####
[    1.853372] gpio_request: gpio-17 (imagis_irq_gpio) status -16
[    1.853419] [ Imagis ] irq gpio request failed!
[    1.853545] [ Imagis ] Error, ist30xx mem free
[    1.854942] IST30XX: probe of 5-0050 failed with error -16
[    1.861122] using rtc device, qpnp_rtc, for alarms
[    1.861333] qcom,qpnp-rtc qpnp-rtc-f1df1000: rtc core: registered qpnp_rtc as rtc0
[    1.862923] i2c /dev entries driver
[    1.871114] msm_vidc: 1: Failed to read qcom,load-freq-tbl from device tree
[    1.871161] msm_vidc: 1: no elements in frequency table
[    1.871204] msm_vidc: 1: Failed to read qcom,reg-presets from device tree
[    1.871422] msm_vidc: 1: Failed to read qcom,buffer-type-tz-usage-table from device tree
[    1.871499] msm_vidc: 1: Q6 hfi device probe called
[    1.873581] msm_vidc: 1: debugfs_create_file: fail
[    1.898776] Registered led device: flashlight
[    1.900951] msm_eeprom_platform_probe MM data miss:1059
[    1.901808] msm_eeprom_parse_memory_map: pageen not needed
[    1.902279] msm_eeprom_parse_memory_map: pageen not needed
[    1.902360] msm_eeprom_parse_memory_map: pageen not needed
[    1.902439] msm_eeprom_parse_memory_map: pageen not needed
[    1.902517] msm_eeprom_parse_memory_map: pageen not needed
[    1.902597] msm_eeprom_parse_memory_map: pageen not needed
[    1.902677] msm_eeprom_parse_memory_map: pageen not needed
[    1.902758] msm_eeprom_parse_memory_map: pageen not needed
[    1.902840] msm_eeprom_parse_memory_map: pageen not needed
[    1.902923] msm_eeprom_parse_memory_map: pageen not needed
[    1.903008] msm_eeprom_parse_memory_map: pageen not needed
[    1.903092] msm_eeprom_parse_memory_map: pageen not needed
[    1.903178] msm_eeprom_parse_memory_map: pageen not needed
[    1.903265] msm_eeprom_parse_memory_map: pageen not needed
[    1.903353] msm_eeprom_parse_memory_map: pageen not needed
[    1.903442] msm_eeprom_parse_memory_map: pageen not needed
[    1.903531] msm_eeprom_parse_memory_map: pageen not needed
[    1.903622] msm_eeprom_parse_memory_map: pageen not needed
[    1.903714] msm_eeprom_parse_memory_map: pageen not needed
[    2.391916] h3lte_set_sensor_name: sensor_name = , is set = 0
[    2.467866] msm_eeprom_platform_probe MM data miss:1059
[    2.469069] msm_eeprom_parse_memory_map: pageen not needed
[    2.923003] h3lte_set_sensor_name: sensor_name = ov5693_olq5f08, is set = 1
[    2.969058] msm_sensor_driver_get_dt_data:809 Invalid sensor position
[    2.969224] msm_sensor_driver_get_dt_data:818 Invalid sensor mode supported
[    2.969401] g_sctrl[0] f0c7a000
[    2.970307] msm_sensor_driver_get_dt_data:809 Invalid sensor position
[    2.970487] msm_sensor_driver_get_dt_data:818 Invalid sensor mode supported
[    2.970660] g_sctrl[1] f0c7a200
[    2.982700] __msm_jpeg_init:951] Jpeg Device id 0
[    3.013274] lirc_dev: IR Remote Control driver registered, major 236 
[    3.013423] IR NEC protocol handler initialized
[    3.013516] IR RC5(x) protocol handler initialized
[    3.013610] IR RC6 protocol handler initialized
[    3.013702] IR JVC protocol handler initialized
[    3.013794] IR Sony protocol handler initialized
[    3.013887] IR RC5 (streamzap) protocol handler initialized
[    3.013990] IR SANYO protocol handler initialized
[    3.014084] IR MCE Keyboard/mouse protocol handler initialized
[    3.014191] IR LIRC bridge handler initialized
[    3.014657] usbcore: registered new interface driver uvcvideo
[    3.014764] USB Video Class driver (1.1.1)
[    3.018322] Driver for 1-wire Dallas network protocol.
[    3.020514] w1-gpio: w1_gpio_probe:gpio 439
[    3.205087] BMS: qpnp_bms_init: QPNP BMS INIT
[    3.205235] BMS: qpnp_bms_init: QPNP BMS INIT
[    3.205420] spmi qpnp-bms-armani-f1dedc00: Driver qcom,qpnp-bms-armani requests probe deferral
[    3.205756] spmi qpnp-charger-armani-f1deda00: Driver qcom,qpnp-charger-armani requests probe deferral
[    3.240720] qpnp_vadc_conv_seq_request: not a valid VADC channel
[    3.240759] thermal_sys: failed to read out thermal zone 7
[    3.241061] qpnp_vadc_conv_seq_request: not a valid VADC channel
[    3.241097] thermal_sys: failed to read out thermal zone 8
[    3.242041] device-mapper: uevent: version 1.0.3
[    3.242617] device-mapper: ioctl: 4.22.0-ioctl (2011-10-19) initialised: dm-devel@redhat.com
[    3.243581] cpuidle: using governor ladder
[    3.243613] cpuidle: using governor menu
[    3.243691] sdhci: Secure Digital Host Controller Interface driver
[    3.243725] sdhci: Copyright(c) Pierre Ossman
[    3.244588] sdhci-pltfm: SDHCI platform and OF driver helper
[    3.249759] mmc0: no vmmc regulator found
[    3.250951] Registered led device: mmc0::
[    3.253448] mmc0: SDHCI controller on msm_sdcc.1 [msm_sdcc.1] using ADMA
[    3.258544] mmc1: no vmmc regulator found
[    3.259750] Registered led device: mmc1::
[    3.261069] mmc1: SDHCI controller on msm_sdcc.2 [msm_sdcc.2] using ADMA
[    3.261931] Registered led device: red
[    3.262256] Registered led device: green
[    3.262580] Registered led device: blue
[    3.263450] Registered led device: wled:backlight
[    3.263466] qcom,leds-qpnp leds-qpnp-f1df1200: bl: change to higher light 4095
[    3.263530] qcom,leds-qpnp leds-qpnp-f1df1200: bl: change to analog 4095
[    3.264747] qcom,leds-qpnp leds-qpnp-f1e12000: Regulator get failed(-517)
[    3.264785] qcom,leds-qpnp leds-qpnp-f1e12000: Unable to read flash config data
[    3.264841] spmi leds-qpnp-f1e12000: Driver qcom,leds-qpnp requests probe deferral
[    3.268453] usbcore: registered new interface driver usbhid
[    3.268488] usbhid: USB HID core driver
[    3.269344] zram: Created 1 device(s) ...
[    3.270314] ashmem: initialized
[    3.270503] logger: created 1024K log 'log_main'
[    3.270719] logger: created 1024K log 'log_events'
[    3.270912] logger: created 1024K log 'log_radio'
[    3.271103] logger: created 1024K log 'log_system'
[    3.272067] sps:BAM 0xf9a44000 is registered.
[    3.272113] usb_bam_ipa_create_resources: Failed to create USB_PROD resource
[    3.272703] PMIC@SID0 Power-on reason: Triggered from KPD (power key press) and 'warm' boot
[    3.273139] input: qpnp_pon as /devices/virtual/input/input1
[    3.274557] PMIC@SID0: PM8226 v2.1 options: 0, 0, 2, 2
[    3.275100] coresight-fuse fc4be024.fuse: Fuse initialized
[    3.276002] coresight-cti fc308000.cti: CTI initialized
[    3.276262] coresight-cti fc309000.cti: CTI initialized
[    3.276517] coresight-cti fc30a000.cti: CTI initialized
[    3.276774] coresight-cti fc30b000.cti: CTI initialized
[    3.277021] coresight-cti fc30c000.cti: CTI initialized
[    3.277280] coresight-cti fc30d000.cti: CTI initialized
[    3.277528] coresight-cti fc30e000.cti: CTI initialized
[    3.277785] coresight-cti fc30f000.cti: CTI initialized
[    3.278033] coresight-cti fc310000.cti: CTI initialized
[    3.278378] coresight-cti fc340000.cti: CTI initialized
[    3.278666] coresight-cti fc341000.cti: CTI initialized
[    3.278916] coresight-cti fc342000.cti: CTI initialized
[    3.279153] coresight-cti fc343000.cti: CTI initialized
[    3.279400] coresight-cti fc344000.cti: CTI initialized
[    3.279637] coresight-cti fc348000.cti: CTI initialized
[    3.279885] coresight-cti fc34d000.cti: CTI initialized
[    3.280122] coresight-cti fc350000.cti: CTI initialized
[    3.280372] coresight-cti fc354000.cti: CTI initialized
[    3.280622] coresight-cti fc358000.cti: CTI initialized
[    3.281489] coresight-csr fc302000.csr: CSR initialized
[    3.285317] coresight-tmc fc322000.tmc: Byte Counter feature enabled
[    3.285403] sps:BAM 0xfc37c000 is registered.
[    3.285821] coresight-tmc fc322000.tmc: TMC initialized
[    3.286555] coresight-tmc fc307000.tmc: TMC initialized
[    3.287754] coresight-tpiu fc318000.tpiu: seta gpios not specified
[    3.287792] coresight-tpiu fc318000.tpiu: setb gpios not specified
[    3.287953] coresight-tpiu fc318000.tpiu: TPIU initialized
[    3.288897] coresight-funnel fc31b000.funnel: FUNNEL initialized
[    3.289131] coresight-funnel fc319000.funnel: FUNNEL initialized
[    3.289402] coresight-funnel fc31a000.funnel: FUNNEL initialized
[    3.289637] coresight-funnel fc345000.funnel: FUNNEL initialized
[    3.289888] coresight-funnel fc364000.funnel: FUNNEL initialized
[    3.290788] coresight-replicator fc31c000.replicator: REPLICATOR initialized
[    3.291996] coresight-stm fc321000.stm: STM initialized
[    3.292977] coresight-hwevent fd828018.hwevent: Hardware Event driver initialized
[    3.295661] coresight-etm fc33c000.etm: ETM initialized
[    3.296128] coresight-etm fc33d000.etm: ETM initialized
[    3.296604] coresight-etm fc33e000.etm: ETM initialized
[    3.297088] coresight-etm fc33f000.etm: ETM initialized
[    3.297994] coresight-audio-etm audio_etm0.24: Audio ETM initialized
[    3.298903] coresight-modem-etm modem_etm0.25: Modem ETM initialized
[    3.299821] coresight-wcn-etm wcn_etm0.26: Wireless ETM initialized
[    3.300722] coresight-rpm-etm rpm_etm0.27: RPM ETM initialized
[    3.301870] usbcore: registered new interface driver snd-usb-audio
[    3.320276] msm-compr-dsp msm-compr-dsp: msm_compr_probe: dev name msm-compr-dsp
[    3.321409] msm-pcm-lpa msm-pcm-lpa: msm_pcm_probe: dev name msm-pcm-lpa
[    3.323043] platform qcom,msm-voip-dsp.49: Driver msm-voip-dsp requests probe deferral
[    3.323855] platform qcom,msm-pcm-voice.50: Driver msm-pcm-voice requests probe deferral
[    3.330404] platform sound.42: Driver msm8226-asoc-tapan requests probe deferral
[    3.331082] GACT probability NOT on
[    3.331119] Mirror/redirect action on
[    3.331147] u32 classifier
[    3.331166]     Actions configured
[    3.331524] TCP: cubic registered
[    3.332780] NET: Registered protocol family 10
[    3.336725] Mobile IPv6
[    3.336755] IPv6 over IPv4 tunneling driver
[    3.338389] NET: Registered protocol family 17
[    3.338548] Bridge firewalling registered
[    3.338592] Ebtables v2.0 registered
[    3.338901] Bluetooth: RFCOMM TTY layer initialized
[    3.338952] Bluetooth: RFCOMM socket layer initialized
[    3.338981] Bluetooth: RFCOMM ver 1.11
[    3.339007] Bluetooth: BNEP (Ethernet Emulation) ver 1.3
[    3.339036] Bluetooth: BNEP filters: protocol multicast
[    3.339068] Bluetooth: HIDP (Human Interface Emulation) ver 1.2
[    3.339198] Registering the dns_resolver key type
[    3.339978] VFP support v0.3: implementor 41 architecture 2 part 30 variant 7 rev 3
[    3.340061] Registering SWP/SWPB emulation handler
[    3.350151] mmc0: BKOPS_EN bit = 0
[    3.352638] registered taskstats version 1
[    3.359104] modprobe used greatest stack depth: 5288 bytes left
[    3.366175] mmc0: new HS200 MMC card at address 0001
[    3.367462] mmcblk0: mmc0:0001 M8G1GC 7.28 GiB 
[    3.368277] mmcblk0rpmb: mmc0:0001 M8G1GC partition 3 512 KiB
[    3.370403] Alternate GPT is invalid, using primary GPT.
[    3.370566]  mmcblk0: p1 p2 p3 p4 p5 p6 p7 p8 p9 p10 p11 p12 p13 p14 p15 p16 p17 p18 p19 p20 p21 p22 p23 p24 p25 p26 p27 p28 p29
[    3.378557] AppArmor: AppArmor sha1 policy hashing enabled
[    3.380683] platform sound.42: Driver msm8226-asoc-tapan requests probe deferral
[    3.382044] qcom,leds-qpnp leds-qpnp-f1e12000: Regulator get failed(-517)
[    3.382085] qcom,leds-qpnp leds-qpnp-f1e12000: Unable to read flash config data
[    3.382140] spmi leds-qpnp-f1e12000: Driver qcom,leds-qpnp requests probe deferral
[    3.382428] bq2022: w1_bq2022_battery_id: pseduo_info:0x10139463
[    3.382635] chg:qpnp_chg_vbatdet_set: voltage=4320 setting 36
[    3.383223] batfet: 
[    3.383615] 8226_smbbp_boost: 5000 mV 
[    3.383819] gpio_set_debounce: gpio-108 status -22
[    3.384063] 8226_smbbp_otg: 
[    3.384119] 8226_smbbp_otg: supplied by 8226_smbbp_boost
[    3.384129] gpio_set_debounce: gpio-107 status -22
[    3.384326] gpio_set_debounce: gpio-106 status -22
[    3.384870] input: gpio-keys as /devices/gpio_keys.75/input/input2
[    3.385702] qcom,qpnp-rtc qpnp-rtc-f1df1000: setting system clock to 2015-11-29 22:34:16 UTC (1448836456)
[    3.386800] msm_thermal: Interrupt mode init
[    3.388200] clock_late_init: Removing enables held for handed-off clocks
[    3.393852] ALSA device list:
[    3.393878]   No soundcards found.
[    3.394445] Freeing init memory: 224K
[    3.399276] chg:qpnp_chg_vddmax_and_trim_set: voltage=4350+0 setting vddmax: 6f, trim: 00
[    3.400489] chg:qpnp_chg_usb_chg_gone_irq_handler: chg_gone triggered, usb 1 3
[    3.400572] chg:qpnp_chg_usb_usbin_valid_irq_handler: usbin-valid triggered: 1 host_mode: 0
[    3.400686] chg:qpnp_chg_vddmax_and_trim_set: voltage=4350+0 setting vddmax: 6f, trim: 00
[    3.400745] chg:qpnp_chg_dc_dcin_valid_irq_handler: dcin-valid triggered: 0
[    3.400840] chg:qpnp_charger_probe: success chg_dis = 0, bpd = 1, usb = 1, dc = 0 b_health = 1 batt_present = 1
[    3.401415] bq2022: w1_bq2022_battery_id: pseduo_info:0x10139463
[    3.401634] BMS: read_shutdown_soc: stored soc = 0xba, shutdown_soc = 92
[    3.403926] cpr_irq_handler: IRQ_STATUS = 0x05
[    3.403977] cpr_scale: last_volt[corner:8, fuse_corner:3] = 1290000 uV
[    3.404029] cpr_scale: Down: cpr status = 0x00003bdd (error_steps=7)
[    3.404073] cpr_scale: 7 is over down-limit(1): Clamp
[    3.404154] cpr_scale: DOWN: -> new_volt[corner:8, fuse_corner:3] = 1280000 uV
[    3.414217] cpr_irq_handler: IRQ_STATUS = 0x05
[    3.414261] cpr_scale: last_volt[corner:8, fuse_corner:3] = 1280000 uV
[    3.414297] cpr_scale: Down: cpr status = 0x00003765 (error_steps=9)
[    3.414331] cpr_scale: 9 is over down-limit(1): Clamp
[    3.414389] cpr_scale: DOWN: -> new_volt[corner:8, fuse_corner:3] = 1270000 uV
[    3.424465] cpr_irq_handler: IRQ_STATUS = 0x05
[    3.424515] cpr_scale: last_volt[corner:8, fuse_corner:3] = 1270000 uV
[    3.424559] cpr_scale: Down: cpr status = 0x000034ad (error_steps=11)
[    3.424602] cpr_scale: 11 is over down-limit(1): Clamp
[    3.424666] cpr_scale: DOWN: -> new_volt[corner:8, fuse_corner:3] = 1260000 uV
[    3.436426] cpr_irq_handler: IRQ_STATUS = 0x05
[    3.436487] cpr_scale: last_volt[corner:8, fuse_corner:3] = 1260000 uV
[    3.436533] cpr_scale: Down: cpr status = 0x00003069 (error_steps=10)
[    3.436575] cpr_scale: 10 is over down-limit(1): Clamp
[    3.436634] cpr_scale: DOWN: -> new_volt[corner:8, fuse_corner:3] = 1250000 uV
[    3.451844] BMS: read_soc_params_raw: PON_OCV_UV = 4211930, cc = 6db3
[    3.451893] BMS: read_soc_params_raw: OCV is stale or bad, estimating new OCV.
[    3.451939] BMS: read_saved_instant_ocv: read instant ocv 4204 reg c9
[    3.456597] BMS: estimate_ocv: estimated pon ocv = 4245369 i940738 v4111266 r167 d23000
[    3.456639] BMS: read_soc_params_raw: instant ocv 4204 estimated 4245
[    3.456823] BMS: read_soc_params_raw: New PON_OCV_UV = 4204000, cc = 6db3
[    3.488566] BMS: load_shutdown_data: raw_soc = 92 shutdown_soc = 92 shutdown_iavg = 300 shutdown_soc_invalid = 0, battery_removed = 0
[    3.488779] BMS: setup_vbat_monitoring: set low thr to 3420000 and high to 4330000
[    3.504327] BMS: refresh_die_temp_monitor: low = 49957, high = 59957
[    3.567336] BMS: adjust_soc: s 92 i 880352 v 4118340 ocv 4204000 rbatt 138 uuc 61620 cc 20 r 1889680 t 398
[    3.612413] BMS: adjust_soc: s 92 i 889036 v 4118043 ocv 4204000 rbatt 138 uuc 61620 cc 27 r 1889680 t 398
[    3.679202] chg:get_prop_capacity: resuming charging at 92% soc
[    3.679250] chg:qpnp_chg_vbatdet_set: voltage=4380 setting 39
[    3.688319] mmc1: new high speed SDHC card at address b368
[    3.689323] mmcblk1: mmc1:b368 NCard 7.48 GiB 
[    3.691165]  mmcblk1: p1 p2
[    3.720321] BMS: qpnp_bms_probe: probe success: soc =92 vbatt = 4096055 ocv = 4204000 r_sense_uohm = 10000 warm_reset = 1
[    3.721802] platform sound.42: Driver msm8226-asoc-tapan requests probe deferral
[    3.721959] msm_otg f9a55000.usb: phy_reset: success
[    3.722718] Registered led device: led:flash_0
[    3.723290] Registered led device: led:flash_1
[    3.723508] Registered led device: led:flash_torch
[    3.724452] platform sound.42: Driver msm8226-asoc-tapan requests probe deferral
[    3.965655] msm_hsusb msm_hsusb: CI13XXX_CONTROLLER_RESET_EVENT received
[    4.940362] initrd: checking filesystem integrity for the userdata partition
[    4.948415] EXT3-fs (mmcblk0p29): error: couldn't mount because of unsupported optional features (40)
[    5.012766] EXT2-fs (mmcblk0p29): error: couldn't mount because of unsupported optional features (44)
[    5.329015] EXT4-fs (mmcblk0p29): warning: maximal mount count reached, running e2fsck is recommended
[    5.408483] EXT4-fs (mmcblk0p29): recovery complete
[    5.426284] EXT4-fs (mmcblk0p29): mounted filesystem with ordered data mode. Opts: errors=remount-ro
[    5.428017] exe used greatest stack depth: 5248 bytes left
[    5.592713] cpr_irq_handler: IRQ_STATUS = 0x05
[    5.592799] cpr_scale: last_volt[corner:4, fuse_corner:2] = 1150000 uV
[    5.592877] cpr_scale: Down: cpr status = 0x0000556d (error_steps=11)
[    5.592951] cpr_scale: 11 is over down-limit(1): Clamp
[    5.593051] cpr_scale: DOWN: -> new_volt[corner:4, fuse_corner:2] = 1140000 uV
[    5.603139] cpr_irq_handler: IRQ_STATUS = 0x05
[    5.603221] cpr_scale: last_volt[corner:4, fuse_corner:2] = 1140000 uV
[    5.603297] cpr_scale: Down: cpr status = 0x00005175 (error_steps=13)
[    5.603370] cpr_scale: 13 is over down-limit(1): Clamp
[    5.603471] cpr_scale: DOWN: -> new_volt[corner:4, fuse_corner:2] = 1130000 uV
[    5.613543] cpr_irq_handler: IRQ_STATUS = 0x05
[    5.613612] cpr_scale: last_volt[corner:4, fuse_corner:2] = 1130000 uV
[    5.613688] cpr_scale: Down: cpr status = 0x00004bf5 (error_steps=13)
[    5.613761] cpr_scale: 13 is over down-limit(1): Clamp
[    5.613854] cpr_scale: DOWN: -> new_volt[corner:4, fuse_corner:2] = 1120000 uV
[    7.822070] cpr_irq_handler: IRQ_STATUS = 0x05
[    7.822124] cpr_scale: last_volt[corner:5, fuse_corner:3] = 1290000 uV
[    7.822170] cpr_scale: Down: cpr status = 0x00006b39 (error_steps=14)
[    7.822215] cpr_scale: 14 is over down-limit(1): Clamp
[    7.822278] cpr_scale: DOWN: -> new_volt[corner:5, fuse_corner:3] = 1280000 uV
[    7.832342] cpr_irq_handler: IRQ_STATUS = 0x05
[    7.832388] cpr_scale: last_volt[corner:5, fuse_corner:3] = 1280000 uV
[    7.832434] cpr_scale: Down: cpr status = 0x000066bd (error_steps=15)
[    7.832478] cpr_scale: 15 is over down-limit(1): Clamp
[    7.832538] cpr_scale: DOWN: -> new_volt[corner:5, fuse_corner:3] = 1270000 uV
[    7.842608] cpr_irq_handler: IRQ_STATUS = 0x05
[    7.842652] cpr_scale: last_volt[corner:5, fuse_corner:3] = 1270000 uV
[    7.842698] cpr_scale: Down: cpr status = 0x000063fd (error_steps=15)
[    7.842742] cpr_scale: 15 is over down-limit(1): Clamp
[    7.842803] cpr_scale: DOWN: -> new_volt[corner:5, fuse_corner:3] = 1260000 uV
[    7.852867] cpr_irq_handler: IRQ_STATUS = 0x05
[    7.852913] cpr_scale: last_volt[corner:5, fuse_corner:3] = 1260000 uV
[    7.852959] cpr_scale: Down: cpr status = 0x00005f3d (error_steps=15)
[    7.853004] cpr_scale: 15 is over down-limit(1): Clamp
[    7.853066] cpr_scale: DOWN: -> new_volt[corner:5, fuse_corner:3] = 1250000 uV
[    7.863129] cpr_irq_handler: IRQ_STATUS = 0x05
[    7.863174] cpr_scale: last_volt[corner:5, fuse_corner:3] = 1250000 uV
[    7.863220] cpr_scale: Down: cpr status = 0x00005b7d (error_steps=15)
[    7.863264] cpr_scale: 15 is over down-limit(1): Clamp
[    7.863325] cpr_scale: DOWN: -> new_volt[corner:5, fuse_corner:3] = 1240000 uV
[    7.873385] cpr_irq_handler: IRQ_STATUS = 0x05
[    7.873430] cpr_scale: last_volt[corner:5, fuse_corner:3] = 1240000 uV
[    7.873476] cpr_scale: Down: cpr status = 0x000057bd (error_steps=15)
[    7.873520] cpr_scale: 15 is over down-limit(1): Clamp
[    7.873580] cpr_scale: DOWN: -> new_volt[corner:5, fuse_corner:3] = 1230000 uV
[    7.883642] cpr_irq_handler: IRQ_STATUS = 0x05
[    7.883687] cpr_scale: last_volt[corner:5, fuse_corner:3] = 1230000 uV
[    7.883733] cpr_scale: Down: cpr status = 0x000053fd (error_steps=15)
[    7.883777] cpr_scale: 15 is over down-limit(1): Clamp
[    7.883838] cpr_scale: DOWN: -> new_volt[corner:5, fuse_corner:3] = 1220000 uV
[    7.893904] cpr_irq_handler: IRQ_STATUS = 0x05
[    7.893950] cpr_scale: last_volt[corner:5, fuse_corner:3] = 1220000 uV
[    7.893996] cpr_scale: Down: cpr status = 0x0000503d (error_steps=15)
[    7.894039] cpr_scale: 15 is over down-limit(1): Clamp
[    7.894100] cpr_scale: DOWN: -> new_volt[corner:5, fuse_corner:3] = 1210000 uV
[    7.904169] cpr_irq_handler: IRQ_STATUS = 0x05
[    7.904217] cpr_scale: last_volt[corner:5, fuse_corner:3] = 1210000 uV
[    7.904263] cpr_scale: Down: cpr status = 0x00004bbd (error_steps=15)
[    7.904307] cpr_scale: 15 is over down-limit(1): Clamp
[    7.904369] cpr_scale: DOWN: -> new_volt[corner:5, fuse_corner:3] = 1200000 uV
[    7.914438] cpr_irq_handler: IRQ_STATUS = 0x05
[    7.914485] cpr_scale: last_volt[corner:5, fuse_corner:3] = 1200000 uV
[    7.914532] cpr_scale: Down: cpr status = 0x000047fd (error_steps=15)
[    7.914576] cpr_scale: 15 is over down-limit(1): Clamp
[    7.914638] cpr_scale: DOWN: -> new_volt[corner:5, fuse_corner:3] = 1190000 uV
[    7.924712] cpr_irq_handler: IRQ_STATUS = 0x05
[    7.924763] cpr_scale: last_volt[corner:5, fuse_corner:3] = 1190000 uV
[    7.924809] cpr_scale: Down: cpr status = 0x0000433d (error_steps=15)
[    7.924854] cpr_scale: 15 is over down-limit(1): Clamp
[    7.924918] cpr_scale: DOWN: -> new_volt[corner:5, fuse_corner:3] = 1180000 uV
[    7.934987] cpr_irq_handler: IRQ_STATUS = 0x05
[    7.935035] cpr_scale: last_volt[corner:5, fuse_corner:3] = 1180000 uV
[    7.935081] cpr_scale: Down: cpr status = 0x00003fb9 (error_steps=14)
[    7.935126] cpr_scale: 14 is over down-limit(1): Clamp
[    7.935188] cpr_scale: DOWN: -> new_volt[corner:5, fuse_corner:3] = 1170000 uV
[    7.945261] cpr_irq_handler: IRQ_STATUS = 0x05
[    7.945308] cpr_scale: last_volt[corner:5, fuse_corner:3] = 1170000 uV
[    7.945354] cpr_scale: Down: cpr status = 0x00003b75 (error_steps=13)
[    7.945398] cpr_scale: 13 is over down-limit(1): Clamp
[    7.945460] cpr_scale: DOWN: -> new_volt[corner:5, fuse_corner:3] = 1160000 uV
[    7.955531] cpr_irq_handler: IRQ_STATUS = 0x05
[    7.955578] cpr_scale: last_volt[corner:5, fuse_corner:3] = 1160000 uV
[    7.955624] cpr_scale: Down: cpr status = 0x000036f1 (error_steps=12)
[    7.955668] cpr_scale: 12 is over down-limit(1): Clamp
[    7.955731] cpr_scale: DOWN: -> new_volt[corner:5, fuse_corner:3] = 1150000 uV
[    7.965803] cpr_irq_handler: IRQ_STATUS = 0x05
[    7.965850] cpr_scale: last_volt[corner:5, fuse_corner:3] = 1150000 uV
[    7.965896] cpr_scale: Down: cpr status = 0x00003369 (error_steps=10)
[    7.965940] cpr_scale: 10 is over down-limit(1): Clamp
[    7.966002] cpr_scale: DOWN: -> new_volt[corner:5, fuse_corner:3] = 1140000 uV
[    7.983496] cpr_irq_handler: IRQ_STATUS = 0x05
[    7.983556] cpr_scale: last_volt[corner:4, fuse_corner:2] = 1120000 uV
[    7.983614] cpr_scale: Down: cpr status = 0x00004665 (error_steps=9)
[    7.983669] cpr_scale: 9 is over down-limit(1): Clamp
[    7.983744] cpr_scale: DOWN: -> new_volt[corner:4, fuse_corner:2] = 1110000 uV
[    7.993820] cpr_irq_handler: IRQ_STATUS = 0x05
[    7.993877] cpr_scale: last_volt[corner:4, fuse_corner:2] = 1110000 uV
[    7.993935] cpr_scale: Down: cpr status = 0x00004229 (error_steps=10)
[    7.993991] cpr_scale: 10 is over down-limit(1): Clamp
[    7.994066] cpr_scale: DOWN: -> new_volt[corner:4, fuse_corner:2] = 1100000 uV
[    8.004137] cpr_irq_handler: IRQ_STATUS = 0x05
[    8.004194] cpr_scale: last_volt[corner:4, fuse_corner:2] = 1100000 uV
[    8.004251] cpr_scale: Down: cpr status = 0x00003d6d (error_steps=11)
[    8.004307] cpr_scale: 11 is over down-limit(1): Clamp
[    8.004380] cpr_scale: DOWN: -> new_volt[corner:4, fuse_corner:2] = 1090000 uV
[    8.014485] cpr_irq_handler: IRQ_STATUS = 0x05
[    8.014541] cpr_scale: last_volt[corner:4, fuse_corner:2] = 1090000 uV
[    8.014599] cpr_scale: Down: cpr status = 0x000038ed (error_steps=11)
[    8.014654] cpr_scale: 11 is over down-limit(1): Clamp
[    8.014729] cpr_scale: DOWN: -> new_volt[corner:4, fuse_corner:2] = 1080000 uV
[    8.024807] cpr_irq_handler: IRQ_STATUS = 0x05
[    8.024865] cpr_scale: last_volt[corner:4, fuse_corner:2] = 1080000 uV
[    8.024923] cpr_scale: Down: cpr status = 0x00003469 (error_steps=10)
[    8.024979] cpr_scale: 10 is over down-limit(1): Clamp
[    8.025055] cpr_scale: DOWN: -> new_volt[corner:4, fuse_corner:2] = 1070000 uV
[    8.035132] cpr_irq_handler: IRQ_STATUS = 0x05
[    8.035193] cpr_scale: last_volt[corner:4, fuse_corner:2] = 1070000 uV
[    8.035252] cpr_scale: Down: cpr status = 0x00003025 (error_steps=9)
[    8.035307] cpr_scale: 9 is over down-limit(1): Clamp
[    8.035384] cpr_scale: DOWN: -> new_volt[corner:4, fuse_corner:2] = 1060000 uV
[    8.045461] cpr_irq_handler: IRQ_STATUS = 0x05
[    8.045518] cpr_scale: last_volt[corner:4, fuse_corner:2] = 1060000 uV
[    8.045576] cpr_scale: Down: cpr status = 0x00002ba1 (error_steps=8)
[    8.045632] cpr_scale: 8 is over down-limit(1): Clamp
[    8.045706] cpr_scale: DOWN: -> new_volt[corner:4, fuse_corner:2] = 1050000 uV
[    8.055900] cpr_irq_handler: IRQ_STATUS = 0x05
[    8.055956] cpr_scale: last_volt[corner:4, fuse_corner:2] = 1050000 uV
[    8.056014] cpr_scale: Down: cpr status = 0x0000271d (error_steps=7)
[    8.056072] cpr_scale: [corn:4, fuse_corner:2] @ floor: 1050000 <= 1050000: NACK
[    8.056140] cpr_scale: gcnt = 0x000133a9 (quot = 937)
[    8.401930] chg:qpnp_invalid_charger_work: qpnp_invalid_charger_work usb 1 batt 1 status 2 usb online 0
[    8.402105] chg:qpnp_chg_iusbmax_set: mA 500
[    8.402190] ft5x06_i2c 5-0038: Power state changed, set noise filter to 0x1
[    8.402259] chg:qpnp_chg_chgr_chg_fastchg_irq_handler: FAST_CHG IRQ triggered
[    8.402338] chg:qpnp_chg_vbatdet_set: voltage=4320 setting 36
[    8.417296] systemd-udevd used greatest stack depth: 5064 bytes left
[    8.419164] systemd-udevd used greatest stack depth: 4972 bytes left
[    8.497719] BMS: adjust_soc: s 92 i 287051 v 4182576 ocv 4204000 rbatt 138 uuc 61620 cc 1057 r 1889680 t 397
[    8.542078] cpr_irq_handler: IRQ_STATUS = 0x05
[    8.542129] cpr_scale: last_volt[corner:5, fuse_corner:3] = 1140000 uV
[    8.542176] cpr_scale: Down: cpr status = 0x00002e59 (error_steps=6)
[    8.542220] cpr_scale: 6 is over down-limit(1): Clamp
[    8.542282] cpr_scale: DOWN: -> new_volt[corner:5, fuse_corner:3] = 1130000 uV
[    8.552346] cpr_irq_handler: IRQ_STATUS = 0x05
[    8.552393] cpr_scale: last_volt[corner:5, fuse_corner:3] = 1130000 uV
[    8.552440] cpr_scale: Down: cpr status = 0x00002a99 (error_steps=6)
[    8.552483] cpr_scale: 6 is over down-limit(1): Clamp
[    8.552546] cpr_scale: DOWN: -> new_volt[corner:5, fuse_corner:3] = 1120000 uV
[    8.562607] cpr_irq_handler: IRQ_STATUS = 0x05
[    8.562655] cpr_scale: last_volt[corner:5, fuse_corner:3] = 1120000 uV
[    8.562701] cpr_scale: Down: cpr status = 0x00002619 (error_steps=6)
[    8.562744] cpr_scale: 6 is over down-limit(1): Clamp
[    8.562807] cpr_scale: DOWN: -> new_volt[corner:5, fuse_corner:3] = 1110000 uV
[    8.572870] cpr_irq_handler: IRQ_STATUS = 0x05
[    8.572918] cpr_scale: last_volt[corner:5, fuse_corner:3] = 1110000 uV
[    8.572965] cpr_scale: Down: cpr status = 0x00002219 (error_steps=6)
[    8.573010] cpr_scale: 6 is over down-limit(1): Clamp
[    8.573072] cpr_scale: DOWN: -> new_volt[corner:5, fuse_corner:3] = 1100000 uV
[    9.558172] e2fsck used greatest stack depth: 4920 bytes left
[    9.561220] initrd: checking filesystem for userdata took (including e2fsck) 4 seconds
[    9.580114] initrd: mounting /dev/mmcblk0p29
[    9.586265] EXT3-fs (mmcblk0p29): error: unrecognized mount option "discard" or missing value
[    9.612593] EXT4-fs: Warning: mounting with data=journal disables delayed allocation and O_DIRECT support!
[    9.616724] EXT4-fs (mmcblk0p29): mounted filesystem with journalled data mode. Opts: discard,data=journal
[    9.621369] initrd: boot mode: ubuntu
[    9.653192] EXT2-fs (loop0): warning: mounting unchecked fs, running e2fsck is recommended
[    9.653978] initrd: mounting system.img (user mode)
[    9.684192] initrd: mounting device image as ro
[    9.698580] EXT3-fs (loop1): error: couldn't mount because of unsupported optional features (40)
[    9.712450] EXT2-fs (loop1): error: couldn't mount because of unsupported optional features (40)
[    9.744609] EXT4-fs (loop1): mounted filesystem with ordered data mode. Opts: (null)
[    9.754181] initrd: device is armani
[    9.977002] initrd: checking fstab /root/var/lib/lxc/android/rootfs/fstab* for additional mount points
[   10.061625] initrd: checking mount label cache
[   10.063349] initrd: mounting /dev/disk/by-partlabel/cache as /root/android//cache
[   10.080624] EXT4-fs (mmcblk0p28): recovery complete
[   10.082598] EXT4-fs (mmcblk0p28): mounted filesystem with ordered data mode. Opts: barrier=1
[   10.110962] initrd: checking mount label persist
[   10.112570] initrd: mounting /dev/disk/by-partlabel/persist as /root/android//persist
[   10.125219] EXT4-fs (mmcblk0p26): warning: maximal mount count reached, running e2fsck is recommended
[   10.125784] EXT4-fs (mmcblk0p26): recovery complete
[   10.127742] EXT4-fs (mmcblk0p26): mounted filesystem with ordered data mode. Opts: barrier=1
[   10.143797] initrd: checking mount label modem
[   10.145323] initrd: mounting /dev/disk/by-partlabel/modem as /root/android//firmware
[   10.182457] initrd: checking mount label boot
[   10.183973] initrd: mounting /dev/disk/by-partlabel/boot as /root/android//boot
[   10.208255] initrd: checking mount label recovery
[   10.209736] initrd: mounting /dev/disk/by-partlabel/recovery as /root/android//recovery
[   10.244421] initrd: checking mount label mmc_host
[   10.260363] initrd: checking mount label usb1
[   10.261242] initrd: mounting /root/var/lib/lxc/android/system.img as /root/android/system
[   10.378846] Adding 102396k swap on /root/userdata/SWAP.img.  Priority:-1 extents:8 across:210812k SS
[   10.955830] init: ureadahead main process (495) terminated with status 5
[   10.975149] status used greatest stack depth: 4664 bytes left
[   11.283081] list-records used greatest stack depth: 4432 bytes left
[   12.283160] enable_store: android_usb: already disabled
[   12.334353] adbd (712): undefined instruction: pc=b6d683c8
[   12.334370] Code: 00000000 00000000 f26ee1fe e12fff1e (ee190f1d) 
[   12.335755] adb_open
[   12.335836] msm_hsusb msm_hsusb: CI13XXX_CONTROLLER_CONNECT_EVENT received
[   12.508807] click (691): undefined instruction: pc=b6a5b3c8
[   12.508824] Code: 00000000 00000000 f26ee1fe e12fff1e (ee190f1d) 
[   12.661981] init: plymouth-upstart-bridge main process (729) terminated with status 1
[   12.677186] msm_otg f9a55000.usb: Avail curr from USB = 100
[   12.677292] chg:qpnp_chg_iusbmax_set: mA 100
[   12.677365] gpio_request: gpio-109 (QPNP_CHARGER) status -16
[   12.677579] android_work: android_work: did not send uevent (0 0   (null))
[   12.702880] chg:get_prop_capacity: resuming charging at 92% soc
[   12.702897] chg:qpnp_chg_vbatdet_set: voltage=4380 setting 39
[   12.740680] BMS: adjust_soc: s 92 i 1142721 v 4085925 ocv 4204000 rbatt 136 uuc 41060 cc 1469 r 1888760 t 400
[   12.747679] android_work: android_work: sent uevent USB_STATE=CONNECTED
[   12.751539] android_work: android_work: sent uevent USB_STATE=DISCONNECTED
[   12.839640] android_work: android_work: sent uevent USB_STATE=CONNECTED
[   12.841439] android_usb gadget: high-speed config #1: fe8050c8.android_usb
[   12.841496] msm_otg f9a55000.usb: Avail curr from USB = 500
[   12.841693] chg:qpnp_chg_iusbmax_set: mA 500
[   12.841835] gpio_request: gpio-109 (QPNP_CHARGER) status -16
[   12.841871] chg:qpnp_chg_chgr_chg_fastchg_irq_handler: FAST_CHG IRQ triggered
[   12.841890] chg:qpnp_chg_vbatdet_set: voltage=4320 setting 36
[   12.855469] init: bluetooth-touch main process (731) terminated with status 1
[   12.903648] android_work: android_work: sent uevent USB_STATE=CONFIGURED
[   12.926772] BMS: adjust_soc: s 92 i 614441 v 4145448 ocv 4204000 rbatt 138 uuc 61620 cc 1510 r 1889680 t 397
[   13.493523] aa-clickhook (771): undefined instruction: pc=b699f3c8
[   13.493541] Code: 00000000 00000000 f26ee1fe e12fff1e (ee190f1d) 
[   13.886080] init: could not import file '/init.carrier.rc' from '/init.rc'
[   13.886218] init: could not import file '/init.cm.rc' from '/init.rc'
[   13.887079] init (844): /proc/844/oom_adj is deprecated, please use /proc/844/oom_score_adj instead.
[   13.889096] init: do_chown: Could not access /selinux/booleans
[   13.893395] init: do_chown: Could not access /sys/fs/selinux/booleans
[   13.992781] pil-q6v5-mss fc880000.qcom,mss: mba: loading from 0x0c300000 to 0x0c339000
[   14.026921] pil-q6v5-mss fc880000.qcom,mss: mba: Brought out of reset
[   14.029347] pil-q6v5-mss fc880000.qcom,mss: modem: loading from 0x08400000 to 0x0c300000
[   14.421076] init: cannot open '/initlogo.rle'
[   14.432392] pil-q6v5-lpass fe200000.qcom,lpass: adsp: loading from 0x0dc00000 to 0x0f000000
[   14.647122] pil-q6v5-mss fc880000.qcom,mss: modem: Brought out of reset
[   14.687296] Notify: smsm init
[   14.725861] pil-q6v5-mss fc880000.qcom,mss: mba: Power/Clock ready interrupt received
[   14.725936] pil-q6v5-mss fc880000.qcom,mss: Subsystem error monitoring/handling services are up
[   14.727606] platform sound.42: Driver msm8226-asoc-tapan requests probe deferral
[   14.727909] ubuntu-location: unhandled page fault (11) at 0xfffffffc, code 0x80000007
[   14.727926] pgd = e9290000
[   14.727965] [fffffffc] *pgd=323e0821, *pte=00000000, *ppte=00000000
[   14.728022] 
[   14.728031] Pid: 886, comm:      ubuntu-location
[   14.728048] CPU: 2    Tainted: G        W     (3.4.0-g3106909-dirty #3)
[   14.728068] PC is at 0xfffffffc
[   14.728077] LR is at 0xb5eeaf37
[   14.728093] pc : [<fffffffc>]    lr : [<b5eeaf37>]    psr: 400f0030
[   14.728099] sp : b4afed80  ip : b5ef3f98  fp : b600a9b9
[   14.728112] r10: b600a811  r9 : b5d00808  r8 : b6cc365c
[   14.728123] r7 : b4afede8  r6 : 00000000  r5 : b4aff460  r4 : b5ef3eec
[   14.728135] r3 : b5ee9719  r2 : 00000000  r1 : b4afedac  r0 : 00000001
[   14.728150] Flags: nZcv  IRQs on  FIQs on  Mode USER_32  ISA Thumb  Segment user
[   14.728164] Control: 10c5387d  Table: 2929006a  DAC: 00000015
[   14.728179] Backtrace: 
[   14.728214] [<c010a95c>] (dump_backtrace+0x0/0x114) from [<c0b6d2ac>] (dump_stack+0x20/0x24)
[   14.728229]  r6:0000000b r5:fffffffc r4:ee76ffb0 r3:271ae91c
[   14.728265] [<c0b6d28c>] (dump_stack+0x0/0x24) from [<c0107de4>] (show_regs+0x4c/0x58)
[   14.728286] [<c0107d98>] (show_regs+0x0/0x58) from [<c0113930>] (__do_user_fault+0xdc/0x158)
[   14.728298]  r4:f1ec24c0 r3:271ae91c
[   14.728322] [<c0113854>] (__do_user_fault+0x0/0x158) from [<c0b7fe8c>] (do_page_fault+0x388/0x408)
[   14.728334]  r8:80000007 r7:f1ec24c0 r6:fffffffc r5:00030001 r4:ee76ffb0
[   14.728371] [<c0b7fb04>] (do_page_fault+0x0/0x408) from [<c0100328>] (do_PrefetchAbort+0x44/0xa8)
[   14.728393] [<c01002e4>] (do_PrefetchAbort+0x0/0xa8) from [<c0b7e458>] (ret_from_exception+0x0/0x10)
[   14.728407] Exception stack(0xee76ffb0 to 0xee76fff8)
[   14.728419] ffa0:                                     00000001 b4afedac 00000000 b5ee9719
[   14.728435] ffc0: b5ef3eec b4aff460 00000000 b4afede8 b6cc365c b5d00808 b600a811 b600a9b9
[   14.728450] ffe0: b5ef3f98 b4afed80 b5eeaf37 fffffffc 400f0030 ffffffff
[   14.728460]  r7:b4afede8 r6:ffffffff r5:400f0030 r4:fffffffc
[   14.902679] pil-q6v5-lpass fe200000.qcom,lpass: adsp: Brought out of reset
[   14.959267] pil-q6v5-lpass fe200000.qcom,lpass: adsp: Power/Clock ready interrupt received
[   14.973755] init: ubuntu-location-service main process (728) killed by SEGV signal
[   14.973895] init: ubuntu-location-service main process ended, respawning
[   14.981576] pil-q6v5-lpass fe200000.qcom,lpass: Subsystem error monitoring/handling services are up
[   14.981641] adsp-loader qcom,msm-adsp-loader.41: adsp_loader_do: Q6/ADSP image is loaded
[   14.983050] platform sound.42: Driver msm8226-asoc-tapan requests probe deferral
[   14.983243] apr_tal:Q6 Is Up
[   14.984185] platform sound.42: Driver msm8226-asoc-tapan requests probe deferral
[   14.984402] diag: In diag_send_msg_mask_update, invalid status 0
[   14.984438] diag: In diag_send_log_mask_update, invalid status 0
[   15.013702] init: Detected MSM SOC ID=221 SOC VER=0 BOARD TYPE=QRD
[   15.014233] init: failed to open '/sys/class/graphics/fb2/msm_fb_type'
[   15.042647] healthd: wakealarm_init: timerfd_create failed
[   15.046846] init: cannot find '/system/bin/surfaceflinger.disabled', disabling 'surfaceflinger'
[   15.096642] Slimbus QMI NGD CB received event:2
[   15.099728] platform sound.42: Driver msm8226-asoc-tapan requests probe deferral
[   15.107654] SLIM SAT: Received master capability
[   15.107738] sps:BAM 0xfe104000 (va:0xc8980000) enabled: ver:0x15, number of pipes:19
[   15.107753] sps:BAM 0xfe104000 is registered.
[   15.124684] SLIM SAT: capability exchange successful
[   15.125014] tapan-slim tapan-slim-pgd: Platform data from device tree
[   15.125151] tapan-slim tapan-slim-pgd: cdc-vdd-h: vol=[1800000 1800000]uV, curr=[25000]uA, ond 0
[   15.125230] tapan-slim tapan-slim-pgd: cdc-vdd-px: vol=[1800000 1800000]uV, curr=[25000]uA, ond 0
[   15.125259] tapan-slim tapan-slim-pgd: cdc-vdd-cx: vol=[1200000 1200000]uV, curr=[2000]uA, ond 0
[   15.125287] tapan-slim tapan-slim-pgd: cdc-vdd-buck: vol=[1800000 2150000]uV, curr=[650000]uA, ond 1
[   15.125490] tapan-slim tapan-slim-pgd: cdc-vdd-buckhelper: vol=[1775000 2125000]uV, curr=[10000]uA, ond 1
[   15.125526] tapan-slim tapan-slim-pgd: Looking up qcom,cdc-micbias4-cfilt-sel property in node /soc/slim@fe12f000/tapan_codec failed
[   15.125640] tapan-slim tapan-slim-pgd: Looking up qcom,cdc-dmic-sample-rate property in node /soc/slim@fe12f000/tapan_codec failed
[   15.137250] warning: `ptt_socket_app' uses 32-bit capabilities (legacy support in use)
[   15.139855] systemd-udevd[934]: starting version 204
[   15.182692] slimbus:1 laddr:0xcb, EAPC:0x1:0xe0
[   15.182802] tapan-slim tapan-slim-pgd: wcd9xxx_slim_device_up: slim device up
[   15.183053] slimbus:1 laddr:0xca, EAPC:0x0:0xe0
[   15.190416] tapan-slim tapan-slim-pgd: wcd9xxx_check_codec_type: detected tapan_codec, major 0x103, minor 0x1, ver 0x1
[   15.190441] wcd9xxx_core_res_init: num_irqs = 31, num_irq_regs = 4
[   15.212014] tapan_codec tapan_codec: tapan_check_wcd9306: wcd9306 detected
[   15.254537] tapan_codec tapan_codec: tapan_codec_probe()
[   15.274997] 'opened /dev/adsprpc-smd c 243 0'
[   15.306657] asoc: snd-soc-dummy-dai <-> MultiMedia1 mapping ok
[   15.307647] asoc: snd-soc-dummy-dai <-> MultiMedia2 mapping ok
[   15.314250] asoc: snd-soc-dummy-dai <-> CS-VOICE mapping ok
[   15.315780] asoc: snd-soc-dummy-dai <-> VoIP mapping ok
[   15.316984] asoc: snd-soc-dummy-dai <-> MultiMedia3 mapping ok
[   15.317942] asoc: snd-soc-dummy-dai <-> SLIMBUS0_HOSTLESS mapping ok
[   15.319336] asoc: snd-soc-dummy-dai <-> INT_FM_HOSTLESS mapping ok
[   15.320334] asoc: msm-stub-rx <-> msm-dai-q6-dev.241 mapping ok
[   15.320675] init: using deprecated syntax for specifying property 'ro.serialno', use ${name} instead
[   15.320945] init: using deprecated syntax for specifying property 'ro.product.manufacturer', use ${name} instead
[   15.321190] init: using deprecated syntax for specifying property 'ro.product.model', use ${name} instead
[   15.330230] asoc: msm-stub-tx <-> msm-dai-q6-dev.240 mapping ok
[   15.340674] compress asoc: snd-soc-dummy-dai <-> MultiMedia4 mapping ok
[   15.341439] asoc: snd-soc-dummy-dai <-> AUXPCM_HOSTLESS mapping ok
[   15.341489] adb_release
[   15.352371] asoc: snd-soc-dummy-dai <-> SLIMBUS1_HOSTLESS mapping ok
[   15.353910] asoc: snd-soc-dummy-dai <-> SLIMBUS3_HOSTLESS mapping ok
[   15.354889] asoc: snd-soc-dummy-dai <-> SLIMBUS4_HOSTLESS mapping ok
[   15.356326] asoc: snd-soc-dummy-dai <-> Voice2 mapping ok
[   15.357820] asoc: snd-soc-dummy-dai <-> MultiMedia5 mapping ok
[   15.362354] asoc: snd-soc-dummy-dai <-> MultiMedia9 mapping ok
[   15.364708] asoc: snd-soc-dummy-dai <-> VoLTE mapping ok
[   15.365832] apr_tal:Modem Is Up
[   15.367459] diag: In diag_send_msg_mask_update, invalid status 0
[   15.367502] diag: In diag_send_log_mask_update, invalid status 0
[   15.368107] asoc: snd-soc-dummy-dai <-> QCHAT mapping ok
[   15.369744] asoc: snd-soc-dummy-dai <-> LSM1 mapping ok
[   15.372533] asoc: snd-soc-dummy-dai <-> MultiMedia8 mapping ok
[   15.373947] asoc: snd-soc-dummy-dai <-> LSM2 mapping ok
[   15.375635] asoc: snd-soc-dummy-dai <-> LSM3 mapping ok
[   15.377881] asoc: snd-soc-dummy-dai <-> LSM4 mapping ok
[   15.379378] asoc: snd-soc-dummy-dai <-> LSM5 mapping ok
[   15.380899] asoc: snd-soc-dummy-dai <-> LSM6 mapping ok
[   15.387543] asoc: snd-soc-dummy-dai <-> LSM7 mapping ok
[   15.388224] asoc: snd-soc-dummy-dai <-> LSM8 mapping ok
[   15.388922] asoc: snd-soc-dummy-dai <-> INT_HFP_BT_HOSTLESS mapping ok
[   15.406674] asoc: snd-soc-dummy-dai <-> MultiMedia6 mapping ok
[   15.408385] asoc: snd-soc-dummy-dai <-> VoWLAN mapping ok
[   15.414176] asoc: msm-stub-rx <-> msm-dai-q6-dev.12288 mapping ok
[   15.416673] asoc: msm-stub-tx <-> msm-dai-q6-dev.12289 mapping ok
[   15.417160] asoc: msm-stub-rx <-> msm-dai-q6-dev.12292 mapping ok
[   15.417671] asoc: msm-stub-tx <-> msm-dai-q6-dev.12293 mapping ok
[   15.418115] asoc: msm-stub-rx <-> msm-dai-q6-dev.224 mapping ok
[   15.418538] asoc: msm-stub-tx <-> msm-dai-q6-dev.225 mapping ok
[   15.419056] asoc: snd-soc-dummy-dai <-> HDMI_HOSTLESS mapping ok
[   15.419636] asoc: msm-stub-rx <-> msm-dai-q6-auxpcm.1 mapping ok
[   15.420124] asoc: msm-stub-tx <-> msm-dai-q6-auxpcm.1 mapping ok
[   15.421960] asoc: msm-stub-tx <-> msm-dai-q6-dev.32772 mapping ok
[   15.422487] asoc: msm-stub-tx <-> msm-dai-q6-dev.32771 mapping ok
[   15.422973] asoc: msm-stub-rx <-> msm-dai-q6-dev.32773 mapping ok
[   15.423408] asoc: msm-stub-rx <-> msm-dai-q6-dev.32770 mapping ok
[   15.447254] ubuntu-location: unhandled page fault (11) at 0xfffffffc, code 0x80000007
[   15.447272] pgd = e84e8000
[   15.447309] [fffffffc] *pgd=323e0821, *pte=00000000, *ppte=00000000
[   15.447362] 
[   15.447370] Pid: 1006, comm:      ubuntu-location
[   15.447385] CPU: 0    Tainted: G        W     (3.4.0-g3106909-dirty #3)
[   15.447400] PC is at 0xfffffffc
[   15.447409] LR is at 0xb5f0af37
[   15.447423] pc : [<fffffffc>]    lr : [<b5f0af37>]    psr: 400f0030
[   15.447429] sp : b4afed80  ip : b5f13f98  fp : b602a9b9
[   15.447440] r10: b602a811  r9 : b5d00808  r8 : b6ce365c
[   15.447453] r7 : b4afede8  r6 : 00000000  r5 : b4aff460  r4 : b5f13eec
[   15.447465] r3 : b5f09719  r2 : 00000000  r1 : b4afedac  r0 : 00000001
[   15.447478] Flags: nZcv  IRQs on  FIQs on  Mode USER_32  ISA Thumb  Segment user
[   15.447493] Control: 10c5387d  Table: 284e806a  DAC: 00000015
[   15.447504] Backtrace: 
[   15.447529] [<c010a95c>] (dump_backtrace+0x0/0x114) from [<c0b6d2ac>] (dump_stack+0x20/0x24)
[   15.447541]  r6:0000000b r5:fffffffc r4:e66fbfb0 r3:271ae91c
[   15.447576] [<c0b6d28c>] (dump_stack+0x0/0x24) from [<c0107de4>] (show_regs+0x4c/0x58)
[   15.447595] [<c0107d98>] (show_regs+0x0/0x58) from [<c0113930>] (__do_user_fault+0xdc/0x158)
[   15.447607]  r4:f0f49f80 r3:271ae91c
[   15.447667] [<c0113854>] (__do_user_fault+0x0/0x158) from [<c0b7fe8c>] (do_page_fault+0x388/0x408)
[   15.447684]  r8:80000007 r7:f0f49f80 r6:fffffffc r5:00030001 r4:e66fbfb0
[   15.447722] [<c0b7fb04>] (do_page_fault+0x0/0x408) from [<c0100328>] (do_PrefetchAbort+0x44/0xa8)
[   15.447742] [<c01002e4>] (do_PrefetchAbort+0x0/0xa8) from [<c0b7e458>] (ret_from_exception+0x0/0x10)
[   15.447755] Exception stack(0xe66fbfb0 to 0xe66fbff8)
[   15.447767] bfa0:                                     00000001 b4afedac 00000000 b5f09719
[   15.447783] bfc0: b5f13eec b4aff460 00000000 b4afede8 b6ce365c b5d00808 b602a811 b602a9b9
[   15.447798] bfe0: b5f13f98 b4afed80 b5f0af37 fffffffc 400f0030 ffffffff
[   15.447808]  r7:b4afede8 r6:ffffffff r5:400f0030 r4:fffffffc
[   15.462762] mtp_bind_config
[   15.463150] msm_hsusb msm_hsusb: CI13XXX_CONTROLLER_CONNECT_EVENT received
[   15.463299] init: cannot find '/sbin/adbd', disabling 'adbd'
[   15.466218] msm_otg f9a55000.usb: Avail curr from USB = 2
[   15.466237] msm_hsusb msm_hsusb: CI13XXX_CONTROLLER_SUSPEND_EVENT received
[   15.466935] android_work: android_work: did not send uevent (1 1   (null))
[   15.466994] chg:qpnp_chg_iusbmax_set: mA 100
[   15.467085] gpio_request: gpio-109 (QPNP_CHARGER) status -16
[   15.467147] ft5x06_i2c 5-0038: Power state changed, set noise filter to 0x0
[   15.497563] chg:get_prop_capacity: resuming charging at 92% soc
[   15.497583] chg:qpnp_chg_vbatdet_set: voltage=4380 setting 39
[   15.526505] failed: no power_down_setting
[   15.526547] msm_camera_fill_vreg_params:68 i 0 j 1 cam_vio
[   15.526583] msm_camera_fill_vreg_params:79 i 1 j 2 cam_vana
[   15.526611] msm_camera_fill_vreg_params:57 i 2 j 0 cam_vdig
[   15.526637] msm_camera_fill_vreg_params:90 i 3 j 3 cam_vaf
[   15.526663] msm_camera_fill_vreg_params:90 i 6 j 3 cam_vaf
[   15.526689] msm_camera_fill_vreg_params:57 i 7 j 0 cam_vdig
[   15.526716] msm_camera_fill_vreg_params:79 i 8 j 2 cam_vana
[   15.526742] msm_camera_fill_vreg_params:68 i 9 j 1 cam_vio
[   15.559931] BMS: adjust_soc: s 92 i 1365258 v 4058226 ocv 4204000 rbatt 136 uuc 61590 cc 1671 r 1888760 t 401
[   15.581421] s5k3h2yx_owt8a01a probe succeeded
[   15.621157] msm_hsusb msm_hsusb: CI13XXX_CONTROLLER_RESUME_EVENT received
[   15.621203] msm_otg f9a55000.usb: Avail curr from USB = 100
[   15.621334] android_work: android_work: sent uevent USB_STATE=DISCONNECTED
[   15.621397] chg:qpnp_chg_iusbmax_set: mA 100
[   15.621429] ft5x06_i2c 5-0038: Power state changed, set noise filter to 0x1
[   15.634213] init: ubuntu-location-service main process (897) killed by SEGV signal
[   15.634354] init: ubuntu-location-service main process ended, respawning
[   15.637278] sps:BAM 0xfc834000 is registered.
[   15.638901] sps:BAM 0xfc834000 (va:0xc98e8000) enabled: ver:0x22, number of pipes:6
[   15.668837] failed: no power_down_setting
[   15.668879] msm_camera_fill_vreg_params:79 i 0 j 2 cam_vana
[   15.668917] msm_camera_fill_vreg_params:68 i 1 j 1 cam_vio
[   15.668943] msm_camera_fill_vreg_params:57 i 2 j 0 cam_vdig
[   15.668970] msm_camera_fill_vreg_params:57 i 6 j 0 cam_vdig
[   15.668996] msm_camera_fill_vreg_params:68 i 7 j 1 cam_vio
[   15.669023] msm_camera_fill_vreg_params:79 i 8 j 2 cam_vana
[   15.679662] asoc: tapan_rx1 <-> msm-dai-q6-dev.16384 mapping ok
[   15.681096] asoc: tapan_tx1 <-> msm-dai-q6-dev.16385 mapping ok
[   15.681565] asoc: tapan_rx1 <-> msm-dai-q6-dev.16386 mapping ok
[   15.682110] asoc: tapan_tx1 <-> msm-dai-q6-dev.16387 mapping ok
[   15.682895] asoc: tapan_rx1 <-> msm-dai-q6-dev.16390 mapping ok
[   15.683426] asoc: tapan_tx1 <-> msm-dai-q6-dev.16391 mapping ok
[   15.683968] asoc: tapan_rx1 <-> msm-dai-q6-dev.16392 mapping ok
[   15.684677] asoc: tapan_tx1 <-> msm-dai-q6-dev.16393 mapping ok
[   15.685575] asoc: tapan_tx1 <-> msm-dai-q6-dev.16395 mapping ok
[   15.693509] android_work: android_work: sent uevent USB_STATE=CONNECTED
[   15.697201] android_work: android_work: sent uevent USB_STATE=DISCONNECTED
[   15.719639] ov9760_q1v05a probe succeeded
[   15.726854] input: msm8226-tapan-snd-card Button Jack as /devices/sound.42/sound/card0/input3
[   15.727673] input: msm8226-tapan-snd-card Headset Jack as /devices/sound.42/sound/card0/input4
[   15.783015] ubuntu-location: unhandled page fault (11) at 0xfffffffc, code 0x80000007
[   15.783031] pgd = e59e0000
[   15.783059] [fffffffc] *pgd=323e0821, *pte=00000000, *ppte=00000000
[   15.783104] 
[   15.783111] Pid: 1079, comm:      ubuntu-location
[   15.783123] CPU: 3    Tainted: G        W     (3.4.0-g3106909-dirty #3)
[   15.783137] PC is at 0xfffffffc
[   15.783146] LR is at 0xb5f2ff37
[   15.783157] pc : [<fffffffc>]    lr : [<b5f2ff37>]    psr: 400f0030
[   15.783162] sp : b54fed80  ip : b5f38f98  fp : b604f9b9
[   15.783172] r10: b604f811  r9 : b5d00808  r8 : b6d0865c
[   15.783183] r7 : b54fede8  r6 : 00000000  r5 : b54ff460  r4 : b5f38eec
[   15.783194] r3 : b5f2e719  r2 : 00000000  r1 : b54fedac  r0 : 00000001
[   15.783206] Flags: nZcv  IRQs on  FIQs on  Mode USER_32  ISA Thumb  Segment user
[   15.783219] Control: 10c5387d  Table: 259e006a  DAC: 00000015
[   15.783229] Backtrace: 
[   15.783252] [<c010a95c>] (dump_backtrace+0x0/0x114) from [<c0b6d2ac>] (dump_stack+0x20/0x24)
[   15.783264]  r6:0000000b r5:fffffffc r4:e5ac3fb0 r3:271ae91c
[   15.783297] [<c0b6d28c>] (dump_stack+0x0/0x24) from [<c0107de4>] (show_regs+0x4c/0x58)
[   15.783316] [<c0107d98>] (show_regs+0x0/0x58) from [<c0113930>] (__do_user_fault+0xdc/0x158)
[   15.783330]  r4:f1345400 r3:271ae91c
[   15.783353] [<c0113854>] (__do_user_fault+0x0/0x158) from [<c0b7fe8c>] (do_page_fault+0x388/0x408)
[   15.783365]  r8:80000007 r7:f1345400 r6:fffffffc r5:00030001 r4:e5ac3fb0
[   15.783402] [<c0b7fb04>] (do_page_fault+0x0/0x408) from [<c0100328>] (do_PrefetchAbort+0x44/0xa8)
[   15.783421] [<c01002e4>] (do_PrefetchAbort+0x0/0xa8) from [<c0b7e458>] (ret_from_exception+0x0/0x10)
[   15.783434] Exception stack(0xe5ac3fb0 to 0xe5ac3ff8)
[   15.783446] 3fa0:                                     00000001 b54fedac 00000000 b5f2e719
[   15.783462] 3fc0: b5f38eec b54ff460 00000000 b54fede8 b6d0865c b5d00808 b604f811 b604f9b9
[   15.783477] 3fe0: b5f38f98 b54fed80 b5f2ff37 fffffffc 400f0030 ffffffff
[   15.783487]  r7:b54fede8 r6:ffffffff r5:400f0030 r4:fffffffc
[   15.783667] android_work: android_work: sent uevent USB_STATE=CONNECTED
[   15.785569] android_usb gadget: high-speed config #1: fe8050c8.android_usb
[   15.785659] msm_otg f9a55000.usb: Avail curr from USB = 500
[   15.790326] chg:qpnp_chg_iusbmax_set: mA 500
[   15.790410] gpio_request: gpio-109 (QPNP_CHARGER) status -16
[   15.790444] chg:qpnp_chg_chgr_chg_fastchg_irq_handler: FAST_CHG IRQ triggered
[   15.790461] chg:qpnp_chg_vbatdet_set: voltage=4320 setting 36
[   15.841801] android_work: android_work: sent uevent USB_STATE=CONFIGURED
[   15.921003] msm_thermal: enabled = 0
[   15.957671] QSEECOM: qseecom_load_app: App (keymaste) does'nt exist, loading apps for first time
[   15.958858] QSEECOM: qseecom_load_app: App with id 2 (keymaste) now loaded
[   15.989064] MSM-CPP cpp_load_fw:870 MC Bootloader Version: 0x312e3176
[   15.996551] MSM-CPP cpp_load_fw:883 CPP FW Version: 0x1002000a
[   16.022478] init: ubuntu-location-service main process (1055) killed by SEGV signal
[   16.022644] init: ubuntu-location-service main process ended, respawning
[   16.165999] BMS: adjust_soc: s 92 i 917422 v 4113330 ocv 4204000 rbatt 138 uuc 61620 cc 1711 r 1889680 t 399
[   16.207776] ubuntu-location: unhandled page fault (11) at 0xfffffffc, code 0x80000007
[   16.207796] pgd = e42fc000
[   16.207830] [fffffffc] *pgd=323e0821, *pte=00000000, *ppte=00000000
[   16.207880] 
[   16.207888] Pid: 1147, comm:      ubuntu-location
[   16.207903] CPU: 0    Tainted: G        W     (3.4.0-g3106909-dirty #3)
[   16.207919] PC is at 0xfffffffc
[   16.207928] LR is at 0xb5f0bf37
[   16.207939] pc : [<fffffffc>]    lr : [<b5f0bf37>]    psr: 400f0030
[   16.207944] sp : b54fed80  ip : b5f14f98  fp : b602b9b9
[   16.207959] r10: b602b811  r9 : b5d00808  r8 : b6ce465c
[   16.207970] r7 : b54fede8  r6 : 00000000  r5 : b54ff460  r4 : b5f14eec
[   16.207984] r3 : b5f0a719  r2 : 00000000  r1 : b54fedac  r0 : 00000001
[   16.207999] Flags: nZcv  IRQs on  FIQs on  Mode USER_32  ISA Thumb  Segment user
[   16.208012] Control: 10c5387d  Table: 242fc06a  DAC: 00000015
[   16.208024] Backtrace: 
[   16.208052] [<c010a95c>] (dump_backtrace+0x0/0x114) from [<c0b6d2ac>] (dump_stack+0x20/0x24)
[   16.208069]  r6:0000000b r5:fffffffc r4:e3d97fb0 r3:271ae91c
[   16.208109] [<c0b6d28c>] (dump_stack+0x0/0x24) from [<c0107de4>] (show_regs+0x4c/0x58)
[   16.208133] [<c0107d98>] (show_regs+0x0/0x58) from [<c0113930>] (__do_user_fault+0xdc/0x158)
[   16.208148]  r4:e48e2a00 r3:271ae91c
[   16.208180] [<c0113854>] (__do_user_fault+0x0/0x158) from [<c0b7fe8c>] (do_page_fault+0x388/0x408)
[   16.208197]  r8:80000007 r7:e48e2a00 r6:fffffffc r5:00030001 r4:e3d97fb0
[   16.208237] [<c0b7fb04>] (do_page_fault+0x0/0x408) from [<c0100328>] (do_PrefetchAbort+0x44/0xa8)
[   16.208256] [<c01002e4>] (do_PrefetchAbort+0x0/0xa8) from [<c0b7e458>] (ret_from_exception+0x0/0x10)
[   16.208269] Exception stack(0xe3d97fb0 to 0xe3d97ff8)
[   16.208281] 7fa0:                                     00000001 b54fedac 00000000 b5f0a719
[   16.208323] 7fc0: b5f14eec b54ff460 00000000 b54fede8 b6ce465c b5d00808 b602b811 b602b9b9
[   16.208338] 7fe0: b5f14f98 b54fed80 b5f0bf37 fffffffc 400f0030 ffffffff
[   16.208348]  r7:b54fede8 r6:ffffffff r5:400f0030 r4:fffffffc
[   16.381618] init: ubuntu-location-service main process (1125) killed by SEGV signal
[   16.381992] init: ubuntu-location-service main process ended, respawning
[   16.578047] ubuntu-location: unhandled page fault (11) at 0xfffffffc, code 0x80000007
[   16.578063] pgd = e3208000
[   16.578095] [fffffffc] *pgd=323e0821, *pte=00000000, *ppte=00000000
[   16.578143] 
[   16.578150] Pid: 1163, comm:      ubuntu-location
[   16.578165] CPU: 1    Tainted: G        W     (3.4.0-g3106909-dirty #3)
[   16.578179] PC is at 0xfffffffc
[   16.578190] LR is at 0xb5eccf37
[   16.578206] pc : [<fffffffc>]    lr : [<b5eccf37>]    psr: 400f0030
[   16.578211] sp : b54fed80  ip : b5ed5f98  fp : b5fec9b9
[   16.578222] r10: b5fec811  r9 : b5d00808  r8 : b6ca565c
[   16.578233] r7 : b54fede8  r6 : 00000000  r5 : b54ff460  r4 : b5ed5eec
[   16.578245] r3 : b5ecb719  r2 : 00000000  r1 : b54fedac  r0 : 00000001
[   16.578259] Flags: nZcv  IRQs on  FIQs on  Mode USER_32  ISA Thumb  Segment user
[   16.578273] Control: 10c5387d  Table: 2320806a  DAC: 00000015
[   16.578284] Backtrace: 
[   16.578310] [<c010a95c>] (dump_backtrace+0x0/0x114) from [<c0b6d2ac>] (dump_stack+0x20/0x24)
[   16.578326]  r6:0000000b r5:fffffffc r4:e325dfb0 r3:271ae91c
[   16.578369] [<c0b6d28c>] (dump_stack+0x0/0x24) from [<c0107de4>] (show_regs+0x4c/0x58)
[   16.578392] [<c0107d98>] (show_regs+0x0/0x58) from [<c0113930>] (__do_user_fault+0xdc/0x158)
[   16.578404]  r4:f1342a00 r3:271ae91c
[   16.578434] [<c0113854>] (__do_user_fault+0x0/0x158) from [<c0b7fe8c>] (do_page_fault+0x388/0x408)
[   16.578446]  r8:80000007 r7:f1342a00 r6:fffffffc r5:00030001 r4:e325dfb0
[   16.578488] [<c0b7fb04>] (do_page_fault+0x0/0x408) from [<c0100328>] (do_PrefetchAbort+0x44/0xa8)
[   16.578508] [<c01002e4>] (do_PrefetchAbort+0x0/0xa8) from [<c0b7e458>] (ret_from_exception+0x0/0x10)
[   16.578526] Exception stack(0xe325dfb0 to 0xe325dff8)
[   16.578541] dfa0:                                     00000001 b54fedac 00000000 b5ecb719
[   16.578560] dfc0: b5ed5eec b54ff460 00000000 b54fede8 b6ca565c b5d00808 b5fec811 b5fec9b9
[   16.578576] dfe0: b5ed5f98 b54fed80 b5eccf37 fffffffc 400f0030 ffffffff
[   16.578589]  r7:b54fede8 r6:ffffffff r5:400f0030 r4:fffffffc
[   16.668583] wcnss_wlan triggered by userspace
[   16.705222] init: ubuntu-location-service main process (1156) killed by SEGV signal
[   16.705356] init: ubuntu-location-service main process ended, respawning
[   16.722474] pil_pronto fb21b000.qcom,pronto: wcnss: loading from 0x0d200000 to 0x0d81f000
[   16.979358] BMS: btm_notify_die_temp: die temp = 64976, raw = 0x7bc7
[   16.984083] BMS: refresh_die_temp_monitor: low = 59927, high = 69927
[   17.033624] BMS: adjust_soc: s 92 i 696823 v 4133958 ocv 4204000 rbatt 138 uuc 61620 cc 1910 r 1889680 t 399
[   17.051613] pil_pronto fb21b000.qcom,pronto: wcnss: Brought out of reset
[   17.605802] systemd-udevd[992]: could not open moddep file '/lib/modules/3.4.0-g3106909-dirty/modules.dep.bin'
[   17.605913] systemd-udevd[997]: could not open moddep file '/lib/modules/3.4.0-g3106909-dirty/modules.dep.bin'
[   17.984832] pil_pronto fb21b000.qcom,pronto: wcnss: Power/Clock ready interrupt received
[   18.010962] pil_pronto fb21b000.qcom,pronto: Subsystem error monitoring/handling services are up
[   18.012356] diag: In diag_send_msg_mask_update, invalid status 0
[   18.012394] diag: In diag_send_log_mask_update, invalid status 0
[   18.015491] ubuntu-location: unhandled page fault (11) at 0xfffffffc, code 0x80000007
[   18.015522] pgd = e33e0000
[   18.015541] [fffffffc] *pgd=323e0821, *pte=00000000, *ppte=00000000
[   18.015587] 
[   18.015595] Pid: 1232, comm:      ubuntu-location
[   18.015607] CPU: 3    Tainted: G        W     (3.4.0-g3106909-dirty #3)
[   18.015620] PC is at 0xfffffffc
[   18.015630] LR is at 0xb5f00f37
[   18.015643] pc : [<fffffffc>]    lr : [<b5f00f37>]    psr: 400f0030
[   18.015649] sp : b54fed80  ip : b5f09f98  fp : b60209b9
[   18.015662] r10: b6020811  r9 : b5d00808  r8 : b6cd965c
[   18.015673] r7 : b54fede8  r6 : 00000000  r5 : b54ff460  r4 : b5f09eec
[   18.015684] r3 : b5eff719  r2 : 00000000  r1 : b54fedac  r0 : 00000001
[   18.015698] Flags: nZcv  IRQs on  FIQs on  Mode USER_32  ISA Thumb  Segment user
[   18.015713] Control: 10c5387d  Table: 233e006a  DAC: 00000015
[   18.015725] Backtrace: 
[   18.015748] [<c010a95c>] (dump_backtrace+0x0/0x114) from [<c0b6d2ac>] (dump_stack+0x20/0x24)
[   18.015760]  r6:0000000b r5:fffffffc r4:e3541fb0 r3:271ae91c
[   18.015796] [<c0b6d28c>] (dump_stack+0x0/0x24) from [<c0107de4>] (show_regs+0x4c/0x58)
[   18.015815] [<c0107d98>] (show_regs+0x0/0x58) from [<c0113930>] (__do_user_fault+0xdc/0x158)
[   18.015827]  r4:e48e63c0 r3:271ae91c
[   18.015849] [<c0113854>] (__do_user_fault+0x0/0x158) from [<c0b7fe8c>] (do_page_fault+0x388/0x408)
[   18.015862]  r8:80000007 r7:e48e63c0 r6:fffffffc r5:00030001 r4:e3541fb0
[   18.015899] [<c0b7fb04>] (do_page_fault+0x0/0x408) from [<c0100328>] (do_PrefetchAbort+0x44/0xa8)
[   18.015917] [<c01002e4>] (do_PrefetchAbort+0x0/0xa8) from [<c0b7e458>] (ret_from_exception+0x0/0x10)
[   18.015930] Exception stack(0xe3541fb0 to 0xe3541ff8)
[   18.015942] 1fa0:                                     00000001 b54fedac 00000000 b5eff719
[   18.015959] 1fc0: b5f09eec b54ff460 00000000 b54fede8 b6cd965c b5d00808 b6020811 b60209b9
[   18.015974] 1fe0: b5f09f98 b54fed80 b5f00f37 fffffffc 400f0030 ffffffff
[   18.015984]  r7:b54fede8 r6:ffffffff r5:400f0030 r4:fffffffc
[   18.131222] wcnss: version 01050102
[   18.131256] wcnss: schedule dnld work for pronto
[   18.131512] wcnss_wlan_ctrl_probe: SMD ctrl channel up
[   18.131591] wcnss: build version CNSS-PR-1-4-1-c4-00077
[   18.184815] init: ubuntu-location-service main process (1168) killed by SEGV signal
[   18.184945] init: ubuntu-location-service main process ended, respawning
[   18.323314] ubuntu-location: unhandled page fault (11) at 0xfffffffc, code 0x80000007
[   18.323331] pgd = e3c28000
[   18.323361] [fffffffc] *pgd=323e0821, *pte=00000000, *ppte=00000000
[   18.323406] 
[   18.323414] Pid: 1260, comm:      ubuntu-location
[   18.323425] CPU: 3    Tainted: G        W     (3.4.0-g3106909-dirty #3)
[   18.323439] PC is at 0xfffffffc
[   18.323447] LR is at 0xb5e98f37
[   18.323458] pc : [<fffffffc>]    lr : [<b5e98f37>]    psr: 400f0030
[   18.323463] sp : b53fed80  ip : b5ea1f98  fp : b5fb89b9
[   18.323474] r10: b5fb8811  r9 : b5c00808  r8 : b6c7165c
[   18.323484] r7 : b53fede8  r6 : 00000000  r5 : b53ff460  r4 : b5ea1eec
[   18.323496] r3 : b5e97719  r2 : 00000000  r1 : b53fedac  r0 : 00000001
[   18.323508] Flags: nZcv  IRQs on  FIQs on  Mode USER_32  ISA Thumb  Segment user
[   18.323520] Control: 10c5387d  Table: 23c2806a  DAC: 00000015
[   18.323531] Backtrace: 
[   18.323555] [<c010a95c>] (dump_backtrace+0x0/0x114) from [<c0b6d2ac>] (dump_stack+0x20/0x24)
[   18.323568]  r6:0000000b r5:fffffffc r4:e31c9fb0 r3:271ae91c
[   18.323602] [<c0b6d28c>] (dump_stack+0x0/0x24) from [<c0107de4>] (show_regs+0x4c/0x58)
[   18.323621] [<c0107d98>] (show_regs+0x0/0x58) from [<c0113930>] (__do_user_fault+0xdc/0x158)
[   18.323633]  r4:e43e5400 r3:271ae91c
[   18.323656] [<c0113854>] (__do_user_fault+0x0/0x158) from [<c0b7fe8c>] (do_page_fault+0x388/0x408)
[   18.323668]  r8:80000007 r7:e43e5400 r6:fffffffc r5:00030001 r4:e31c9fb0
[   18.323705] [<c0b7fb04>] (do_page_fault+0x0/0x408) from [<c0100328>] (do_PrefetchAbort+0x44/0xa8)
[   18.323724] [<c01002e4>] (do_PrefetchAbort+0x0/0xa8) from [<c0b7e458>] (ret_from_exception+0x0/0x10)
[   18.323737] Exception stack(0xe31c9fb0 to 0xe31c9ff8)
[   18.323749] 9fa0:                                     00000001 b53fedac 00000000 b5e97719
[   18.323764] 9fc0: b5ea1eec b53ff460 00000000 b53fede8 b6c7165c b5c00808 b5fb8811 b5fb89b9
[   18.323779] 9fe0: b5ea1f98 b53fed80 b5e98f37 fffffffc 400f0030 ffffffff
[   18.323789]  r7:b53fede8 r6:ffffffff r5:400f0030 r4:fffffffc
[   18.453761] init: ubuntu-location-service main process (1255) killed by SEGV signal
[   18.453892] init: ubuntu-location-service main process ended, respawning
[   18.564023] ubuntu-location: unhandled page fault (11) at 0xfffffffc, code 0x80000007
[   18.564040] pgd = e3c28000
[   18.564073] [fffffffc] *pgd=323e0821, *pte=00000000, *ppte=00000000
[   18.564120] 
[   18.564128] Pid: 1270, comm:      ubuntu-location
[   18.564140] CPU: 3    Tainted: G        W     (3.4.0-g3106909-dirty #3)
[   18.564153] PC is at 0xfffffffc
[   18.564164] LR is at 0xb5e86f37
[   18.564176] pc : [<fffffffc>]    lr : [<b5e86f37>]    psr: 400f0030
[   18.564181] sp : b53fed80  ip : b5e8ff98  fp : b5fa69b9
[   18.564196] r10: b5fa6811  r9 : b5c00808  r8 : b6c5f65c
[   18.564207] r7 : b53fede8  r6 : 00000000  r5 : b53ff460  r4 : b5e8feec
[   18.564218] r3 : b5e85719  r2 : 00000000  r1 : b53fedac  r0 : 00000001
[   18.564230] Flags: nZcv  IRQs on  FIQs on  Mode USER_32  ISA Thumb  Segment user
[   18.564246] Control: 10c5387d  Table: 23c2806a  DAC: 00000015
[   18.564261] Backtrace: 
[   18.564286] [<c010a95c>] (dump_backtrace+0x0/0x114) from [<c0b6d2ac>] (dump_stack+0x20/0x24)
[   18.564299]  r6:0000000b r5:fffffffc r4:e31e3fb0 r3:271ae91c
[   18.564337] [<c0b6d28c>] (dump_stack+0x0/0x24) from [<c0107de4>] (show_regs+0x4c/0x58)
[   18.564358] [<c0107d98>] (show_regs+0x0/0x58) from [<c0113930>] (__do_user_fault+0xdc/0x158)
[   18.564369]  r4:e1d9af40 r3:271ae91c
[   18.564394] [<c0113854>] (__do_user_fault+0x0/0x158) from [<c0b7fe8c>] (do_page_fault+0x388/0x408)
[   18.564410]  r8:80000007 r7:e1d9af40 r6:fffffffc r5:00030001 r4:e31e3fb0
[   18.564452] [<c0b7fb04>] (do_page_fault+0x0/0x408) from [<c0100328>] (do_PrefetchAbort+0x44/0xa8)
[   18.564476] [<c01002e4>] (do_PrefetchAbort+0x0/0xa8) from [<c0b7e458>] (ret_from_exception+0x0/0x10)
[   18.564491] Exception stack(0xe31e3fb0 to 0xe31e3ff8)
[   18.564506] 3fa0:                                     00000001 b53fedac 00000000 b5e85719
[   18.564523] 3fc0: b5e8feec b53ff460 00000000 b53fede8 b6c5f65c b5c00808 b5fa6811 b5fa69b9
[   18.564541] 3fe0: b5e8ff98 b53fed80 b5e86f37 fffffffc 400f0030 ffffffff
[   18.564555]  r7:b53fede8 r6:ffffffff r5:400f0030 r4:fffffffc
[   18.610423] init: udev-fallback-graphics main process (1268) terminated with status 1
[   18.755056] init: ubuntu-location-service main process (1263) killed by SEGV signal
[   18.755196] init: ubuntu-location-service main process ended, respawning
[   18.931173] ubuntu-location: unhandled page fault (11) at 0xfffffffc, code 0x80000007
[   18.931196] pgd = e5694000
[   18.931227] [fffffffc] *pgd=323e0821, *pte=00000000, *ppte=00000000
[   18.931290] 
[   18.931303] Pid: 1305, comm:      ubuntu-location
[   18.931317] CPU: 0    Tainted: G        W     (3.4.0-g3106909-dirty #3)
[   18.931331] PC is at 0xfffffffc
[   18.931341] LR is at 0xb5e85f37
[   18.931353] pc : [<fffffffc>]    lr : [<b5e85f37>]    psr: 400f0030
[   18.931359] sp : b53fed80  ip : b5e8ef98  fp : b5fa59b9
[   18.931378] r10: b5fa5811  r9 : b5c00808  r8 : b6c5e65c
[   18.931389] r7 : b53fede8  r6 : 00000000  r5 : b53ff460  r4 : b5e8eeec
[   18.931400] r3 : b5e84719  r2 : 00000000  r1 : b53fedac  r0 : 00000001
[   18.931413] Flags: nZcv  IRQs on  FIQs on  Mode USER_32  ISA Thumb  Segment user
[   18.931425] Control: 10c5387d  Table: 2569406a  DAC: 00000015
[   18.931476] Backtrace: 
[   18.931506] [<c010a95c>] (dump_backtrace+0x0/0x114) from [<c0b6d2ac>] (dump_stack+0x20/0x24)
[   18.931518]  r6:0000000b r5:fffffffc r4:e1f53fb0 r3:271ae91c
[   18.931553] [<c0b6d28c>] (dump_stack+0x0/0x24) from [<c0107de4>] (show_regs+0x4c/0x58)
[   18.931571] [<c0107d98>] (show_regs+0x0/0x58) from [<c0113930>] (__do_user_fault+0xdc/0x158)
[   18.931583]  r4:e48e5e80 r3:271ae91c
[   18.931606] [<c0113854>] (__do_user_fault+0x0/0x158) from [<c0b7fe8c>] (do_page_fault+0x388/0x408)
[   18.931618]  r8:80000007 r7:e48e5e80 r6:fffffffc r5:00030001 r4:e1f53fb0
[   18.931655] [<c0b7fb04>] (do_page_fault+0x0/0x408) from [<c0100328>] (do_PrefetchAbort+0x44/0xa8)
[   18.931678] [<c01002e4>] (do_PrefetchAbort+0x0/0xa8) from [<c0b7e458>] (ret_from_exception+0x0/0x10)
[   18.931695] Exception stack(0xe1f53fb0 to 0xe1f53ff8)
[   18.931752] 3fa0:                                     00000001 b53fedac 00000000 b5e84719
[   18.931769] 3fc0: b5e8eeec b53ff460 00000000 b53fede8 b6c5e65c b5c00808 b5fa5811 b5fa59b9
[   18.931784] 3fe0: b5e8ef98 b53fed80 b5e85f37 fffffffc 400f0030 ffffffff
[   18.931795]  r7:b53fede8 r6:ffffffff r5:400f0030 r4:fffffffc
[   19.049335] init: ubuntu-location-service main process (1288) killed by SEGV signal
