Nov 30 15:33:22 ubuntu-phablet kernel: imklog 5.8.11, log source = /proc/kmsg started.
Nov 30 15:33:22 ubuntu-phablet rsyslogd: [origin software="rsyslogd" swVersion="5.8.11" x-pid="904" x-info="http://www.rsyslog.com"] start
Nov 30 15:33:22 ubuntu-phablet rsyslogd: rsyslogd's groupid changed to 103
Nov 30 15:33:22 ubuntu-phablet rsyslogd: rsyslogd's userid changed to 101
Nov 30 15:33:22 ubuntu-phablet rsyslogd-2039: Could not open output pipe '/dev/xconsole' [try http://www.rsyslog.com/e/2039 ]
Nov 30 15:33:22 ubuntu-phablet kernel: [    0.000000] Booting Linux on physical CPU 0
Nov 30 15:33:22 ubuntu-phablet kernel: [    0.000000] Initializing cgroup subsys cpu
Nov 30 15:33:22 ubuntu-phablet kernel: [    0.000000] Linux version 3.4.0-gff5ac3e (alexforsale@elasrofxela) (gcc version 4.7 (GCC) ) #5 SMP PREEMPT Mon Nov 30 18:47:22 WIB 2015
Nov 30 15:33:22 ubuntu-phablet kernel: [    0.000000] CPU: ARMv7 Processor [410fc073] revision 3 (ARMv7), cr=10c5387d
Nov 30 15:33:22 ubuntu-phablet kernel: [    0.000000] CPU: PIPT / VIPT nonaliasing data cache, VIPT aliasing instruction cache
Nov 30 15:33:22 ubuntu-phablet kernel: [    0.000000] Machine: Qualcomm MSM 8226 (Flattened Device Tree), model: Qualcomm MSM 8226v2 H1A
Nov 30 15:33:22 ubuntu-phablet kernel: [    0.000000] Powerup reason=0x40180
Nov 30 15:33:22 ubuntu-phablet kernel: [    0.000000] Hw version=0x40
Nov 30 15:33:22 ubuntu-phablet kernel: [    0.000000] qcom,ion-heap@28 reserved EBI1 size 314000
Nov 30 15:33:22 ubuntu-phablet kernel: [    0.000000] qcom,mdss_fb_primary reserved EBI1 size 800000
Nov 30 15:33:22 ubuntu-phablet kernel: [    0.000000] Node qcom,mdss_fb_primary memblock_reserve memory 3200000-41a0000
Nov 30 15:33:22 ubuntu-phablet kernel: [    0.000000] Node qcom,msm-mem-hole removed memory 8400000-c400000
Nov 30 15:33:22 ubuntu-phablet kernel: [    0.000000] Node qcom,msm-mem-hole removed memory d200000-f500000
Nov 30 15:33:22 ubuntu-phablet kernel: [    0.000000] Node qcom,msm-mem-hole removed memory fa00000-ff00000
Nov 30 15:33:22 ubuntu-phablet kernel: [    0.000000] qcom,msm-rtb reserved EBI1 size 100000
Nov 30 15:33:22 ubuntu-phablet kernel: [    0.000000] memory pool 3 (start 0x3f300000 size d00000) initialized
Nov 30 15:33:22 ubuntu-phablet kernel: [    0.000000] Initialized persistent memory from 3f100000-3f2fffff
Nov 30 15:33:22 ubuntu-phablet kernel: [    0.000000] cma: CMA: reserved 16 MiB at 35000000
Nov 30 15:33:22 ubuntu-phablet kernel: [    0.000000] cma: Found secure_region, memory base 0, size 109 MiB
Nov 30 15:33:22 ubuntu-phablet kernel: [    0.000000] cma: CMA: reserved 112 MiB at 38000000
Nov 30 15:33:22 ubuntu-phablet kernel: [    0.000000] cma: Found adsp_region, memory base 0, size 42 MiB
Nov 30 15:33:22 ubuntu-phablet kernel: [    0.000000] cma: CMA: reserved 44 MiB at 32400000
Nov 30 15:33:22 ubuntu-phablet kernel: [    0.000000] cma: Found qsecom_region, memory base 0, size 13 MiB
Nov 30 15:33:22 ubuntu-phablet kernel: [    0.000000] cma: CMA: reserved 16 MiB at 37000000
Nov 30 15:33:22 ubuntu-phablet kernel: [    0.000000] Memory policy: ECC disabled, Data cache writealloc
Nov 30 15:33:22 ubuntu-phablet kernel: [    0.000000] IMEM DT static mapping successful
Nov 30 15:33:22 ubuntu-phablet kernel: [    0.000000] On node 0 totalpages: 232192
Nov 30 15:33:22 ubuntu-phablet kernel: [    0.000000] free_area_init_node: node 0, pgdat c0fe70c0, node_mem_map c243f000
Nov 30 15:33:22 ubuntu-phablet kernel: [    0.000000]   Normal zone: 1944 pages used for memmap
Nov 30 15:33:22 ubuntu-phablet kernel: [    0.000000]   Normal zone: 0 pages reserved
Nov 30 15:33:22 ubuntu-phablet kernel: [    0.000000]   Normal zone: 192616 pages, LIFO batch:31
Nov 30 15:33:22 ubuntu-phablet kernel: [    0.000000]   HighMem zone: 360 pages used for memmap
Nov 30 15:33:22 ubuntu-phablet kernel: [    0.000000]   HighMem zone: 37272 pages, LIFO batch:7
Nov 30 15:33:22 ubuntu-phablet kernel: [    0.000000] PERCPU: Embedded 10 pages/cpu @c2d82000 s16448 r8192 d16320 u40960
Nov 30 15:33:22 ubuntu-phablet kernel: [    0.000000] pcpu-alloc: s16448 r8192 d16320 u40960 alloc=10*4096
Nov 30 15:33:22 ubuntu-phablet kernel: [    0.000000] pcpu-alloc: [0] 0 [0] 1 [0] 2 [0] 3 
Nov 30 15:33:22 ubuntu-phablet kernel: [    0.000000] Built 1 zonelists in Zone order, mobility grouping on.  Total pages: 229888
Nov 30 15:33:22 ubuntu-phablet kernel: [    0.000000] Kernel command line: androidboot.hardware=armani user_debug=31 msm_rtb.filter=0x37 console=tty0 androidboot.emmc=true androidboot.modem=HM1AW androidboot.hwversion=40 androidboot.serialno=9924b89b androidboot.baseband=msm mdss_mdp.panel=1:dsi:0:qcom,mdss_dsi_auo_720p_video
Nov 30 15:33:22 ubuntu-phablet kernel: [    0.000000] androidboot.modem= HM1AW
Nov 30 15:33:22 ubuntu-phablet kernel: [    0.000000] PID hash table entries: 4096 (order: 2, 16384 bytes)
Nov 30 15:33:22 ubuntu-phablet kernel: [    0.000000] Dentry cache hash table entries: 131072 (order: 7, 524288 bytes)
Nov 30 15:33:22 ubuntu-phablet kernel: [    0.000000] Inode-cache hash table entries: 65536 (order: 6, 262144 bytes)
Nov 30 15:33:22 ubuntu-phablet kernel: [    0.000000] Memory: 132MB 14MB 5MB 756MB = 907MB total
Nov 30 15:33:22 ubuntu-phablet kernel: [    0.000000] Memory: 681232k/681232k available, 260848k reserved, 17408K highmem
Nov 30 15:33:22 ubuntu-phablet kernel: [    0.000000] Virtual kernel memory layout:
Nov 30 15:33:22 ubuntu-phablet kernel: [    0.000000]     vector  : 0xffff0000 - 0xffff1000   (   4 kB)
Nov 30 15:33:22 ubuntu-phablet kernel: [    0.000000]     fixmap  : 0xfff00000 - 0xfffe0000   ( 896 kB)
Nov 30 15:33:22 ubuntu-phablet kernel: [    0.000000] 	   vmalloc : 0xf6800000 - 0xff000000   ( 136 MB)
Nov 30 15:33:22 ubuntu-phablet kernel: [    0.000000] 	    lowmem : 0xe0000000 - 0xf6000000   ( 352 MB)
Nov 30 15:33:22 ubuntu-phablet kernel: [    0.000000] 	    lowmem : 0xcff00000 - 0xe0000000   ( 257 MB)
Nov 30 15:33:22 ubuntu-phablet kernel: [    0.000000] 	   vmalloc : 0xcfa00000 - 0xcff00000   (   5 MB)
Nov 30 15:33:22 ubuntu-phablet kernel: [    0.000000] 	    lowmem : 0xcf500000 - 0xcfa00000   (   5 MB)
Nov 30 15:33:22 ubuntu-phablet kernel: [    0.000000] 	   vmalloc : 0xcd200000 - 0xcf500000   (  35 MB)
Nov 30 15:33:22 ubuntu-phablet kernel: [    0.000000] 	    lowmem : 0xcc400000 - 0xcd200000   (  14 MB)
Nov 30 15:33:22 ubuntu-phablet kernel: [    0.000000] 	   vmalloc : 0xc8400000 - 0xcc400000   (  64 MB)
Nov 30 15:33:22 ubuntu-phablet kernel: [    0.000000] 	    lowmem : 0xc0000000 - 0xc8400000   ( 132 MB)
Nov 30 15:33:22 ubuntu-phablet kernel: [    0.000000]     pkmap   : 0xbfe00000 - 0xc0000000   (   2 MB)
Nov 30 15:33:22 ubuntu-phablet kernel: [    0.000000]     modules : 0xbf000000 - 0xbfe00000   (  14 MB)
Nov 30 15:33:22 ubuntu-phablet kernel: [    0.000000]       .text : 0xc0008000 - 0xc0dd3000   (14124 kB)
Nov 30 15:33:22 ubuntu-phablet kernel: [    0.000000]       .init : 0xc0e00000 - 0xc0f32040   (1225 kB)
Nov 30 15:33:22 ubuntu-phablet kernel: [    0.000000]       .data : 0xc0f34000 - 0xc101a048   ( 921 kB)
Nov 30 15:33:22 ubuntu-phablet kernel: [    0.000000]        .bss : 0xc101a06c - 0xc172bce0   (7240 kB)
Nov 30 15:33:22 ubuntu-phablet kernel: [    0.000000] SLUB: Genslabs=11, HWalign=64, Order=0-3, MinObjects=0, CPUs=4, Nodes=1
Nov 30 15:33:22 ubuntu-phablet kernel: [    0.000000] Preemptible hierarchical RCU implementation.
Nov 30 15:33:22 ubuntu-phablet kernel: [    0.000000] 	RCU dyntick-idle grace-period acceleration is enabled.
Nov 30 15:33:22 ubuntu-phablet kernel: [    0.000000] NR_IRQS:16 nr_irqs:16 16
Nov 30 15:33:22 ubuntu-phablet kernel: [    0.000000] kmemleak: Kernel memory leak detector disabled
Nov 30 15:33:22 ubuntu-phablet kernel: [    0.000000] sched_clock: 32 bits at 19MHz, resolution 52ns, wraps every 223696ms
Nov 30 15:33:22 ubuntu-phablet kernel: [    0.000000] Switching to timer-based delay loop
Nov 30 15:33:22 ubuntu-phablet kernel: [    0.000000] Console: colour dummy device 80x30
Nov 30 15:33:22 ubuntu-phablet kernel: [    0.000000] console [tty0] enabled
Nov 30 15:33:22 ubuntu-phablet kernel: [    0.002078] Calibrating delay loop (skipped), value calculated using timer frequency.. 38.40 BogoMIPS (lpj=192000)
Nov 30 15:33:22 ubuntu-phablet kernel: [    0.002165] pid_max: default: 32768 minimum: 301
Nov 30 15:33:22 ubuntu-phablet kernel: [    0.002506] Security Framework initialized
Nov 30 15:33:22 ubuntu-phablet kernel: [    0.002745] AppArmor: AppArmor initialized
Nov 30 15:33:22 ubuntu-phablet kernel: [    0.002784] Yama: becoming mindful.
Nov 30 15:33:22 ubuntu-phablet kernel: [    0.002986] Mount-cache hash table entries: 512
Nov 30 15:33:22 ubuntu-phablet kernel: [    0.004545] Initializing cgroup subsys debug
Nov 30 15:33:22 ubuntu-phablet kernel: [    0.004593] Initializing cgroup subsys cpuacct
Nov 30 15:33:22 ubuntu-phablet kernel: [    0.004633] Initializing cgroup subsys freezer
Nov 30 15:33:22 ubuntu-phablet kernel: [    0.004803] CPU: Testing write buffer coherency: ok
Nov 30 15:33:22 ubuntu-phablet kernel: [    0.004897] ftrace: allocating 30893 entries in 91 pages
Nov 30 15:33:22 ubuntu-phablet kernel: [    0.047676] ------------[ cut here ]------------
Nov 30 15:33:22 ubuntu-phablet kernel: [    0.047742] WARNING: at /home/alexforsale/phablet/kernel/xiaomi/armani/kernel/trace/ftrace.c:1590 ftrace_bug+0xec/0x174()
Nov 30 15:33:22 ubuntu-phablet kernel: [    0.047819] Modules linked in:
Nov 30 15:33:22 ubuntu-phablet kernel: [    0.047855] Backtrace: 
Nov 30 15:33:22 ubuntu-phablet kernel: [    0.047901] [<c010a95c>] (dump_backtrace+0x0/0x114) from [<c09d7e0c>] (dump_stack+0x20/0x24)
Nov 30 15:33:22 ubuntu-phablet kernel: [    0.047966]  r6:c0215cbc r5:00000009 r4:00000000 r3:271ae91c
Nov 30 15:33:22 ubuntu-phablet kernel: [    0.048052] [<c09d7dec>] (dump_stack+0x0/0x24) from [<c019c6b8>] (warn_slowpath_common+0x5c/0x74)
Nov 30 15:33:22 ubuntu-phablet kernel: [    0.048132] [<c019c65c>] (warn_slowpath_common+0x0/0x74) from [<c019c6fc>] (warn_slowpath_null+0x2c/0x34)
Nov 30 15:33:22 ubuntu-phablet kernel: [    0.048202]  r8:60000153 r7:00000000 r6:00000000 r5:c01003a0 r4:c0fe8a09
Nov 30 15:33:22 ubuntu-phablet kernel: [    0.048279] r3:00000009
Nov 30 15:33:22 ubuntu-phablet kernel: [    0.048330] [<c019c6d0>] (warn_slowpath_null+0x0/0x34) from [<c0215cbc>] (ftrace_bug+0xec/0x174)
Nov 30 15:33:22 ubuntu-phablet kernel: [    0.048408] [<c0215bd0>] (ftrace_bug+0x0/0x174) from [<c02160f4>] (ftrace_process_locs+0x3b0/0x500)
Nov 30 15:33:22 ubuntu-phablet kernel: [    0.048475]  r5:f1c21e40 r4:00000000
Nov 30 15:33:22 ubuntu-phablet kernel: [    0.048535] [<c0215d44>] (ftrace_process_locs+0x0/0x500) from [<c0e122f8>] (ftrace_init+0x98/0x18c)
Nov 30 15:33:22 ubuntu-phablet kernel: [    0.048614] [<c0e12260>] (ftrace_init+0x0/0x18c) from [<c0e00ab4>] (start_kernel+0x308/0x368)
Nov 30 15:33:22 ubuntu-phablet kernel: [    0.048678]  r7:c2d7f240 r6:00000000 r5:00000000 r4:c0f3dfe8
Nov 30 15:33:22 ubuntu-phablet kernel: [    0.048762] [<c0e007ac>] (start_kernel+0x0/0x368) from [<0000803c>] (0x803c)
Nov 30 15:33:22 ubuntu-phablet kernel: [    0.048815]  r7:c0f42ac4 r6:c0f00f00 r5:c0f3c4dc r4:10c5387d
Nov 30 15:33:22 ubuntu-phablet kernel: [    0.048920] ---[ end trace da227214a82491b7 ]---
Nov 30 15:33:22 ubuntu-phablet kernel: [    0.048961] ftrace faulted on writing [<c01003a0>] asm_do_IRQ+0x10/0x1c
Nov 30 15:33:22 ubuntu-phablet kernel: [    0.049508] CPU0: thread -1, cpu 0, socket 0, mpidr 80000000
Nov 30 15:33:22 ubuntu-phablet kernel: [    0.049639] hw perfevents: enabled with ARMv7 Cortex-A7 PMU driver, 5 counters available
Nov 30 15:33:22 ubuntu-phablet kernel: [    0.054464] Setting up static identity map for 0x9edbb0 - 0x9edc14
Nov 30 15:33:22 ubuntu-phablet kernel: [    0.054557] Configuring XPU violations to be fatal errors
Nov 30 15:33:22 ubuntu-phablet kernel: [    0.054609] MSM Memory Dump table set up
Nov 30 15:33:22 ubuntu-phablet kernel: [    0.061192] CPU1: thread -1, cpu 1, socket 0, mpidr 80000001
Nov 30 15:33:22 ubuntu-phablet kernel: [    0.066249] CPU2: thread -1, cpu 2, socket 0, mpidr 80000002
Nov 30 15:33:22 ubuntu-phablet kernel: [    0.071474] CPU3: thread -1, cpu 3, socket 0, mpidr 80000003
Nov 30 15:33:22 ubuntu-phablet kernel: [    0.071793] Brought up 4 CPUs
Nov 30 15:33:22 ubuntu-phablet kernel: [    0.071929] SMP: Total of 4 processors activated (153.60 BogoMIPS).
Nov 30 15:33:22 ubuntu-phablet kernel: [    0.073756] devtmpfs: initialized
Nov 30 15:33:22 ubuntu-phablet kernel: [    0.096558] EVM: security.selinux
Nov 30 15:33:22 ubuntu-phablet kernel: [    0.096598] EVM: security.SMACK64
Nov 30 15:33:22 ubuntu-phablet kernel: [    0.096632] EVM: security.capability
Nov 30 15:33:22 ubuntu-phablet kernel: [    0.098700] dummy: 
Nov 30 15:33:22 ubuntu-phablet kernel: [    0.294248] NET: Registered protocol family 16
Nov 30 15:33:22 ubuntu-phablet kernel: [    0.310006] DMA: preallocated 256 KiB pool for atomic coherent allocations
Nov 30 15:33:22 ubuntu-phablet kernel: [    0.313249] KPI: Bootloader start count = 30104
Nov 30 15:33:22 ubuntu-phablet kernel: [    0.313300] KPI: Bootloader end count = 51477
Nov 30 15:33:22 ubuntu-phablet kernel: [    0.313340] KPI: Bootloader display count = 42222
Nov 30 15:33:22 ubuntu-phablet kernel: [    0.313382] KPI: Bootloader load kernel count = 2123
Nov 30 15:33:22 ubuntu-phablet kernel: [    0.313427] KPI: Kernel MPM timestamp = 94350
Nov 30 15:33:22 ubuntu-phablet kernel: [    0.313466] KPI: Kernel MPM Clock frequency = 32768
Nov 30 15:33:22 ubuntu-phablet kernel: [    0.313521] socinfo_print: v8, id=221, ver=2.0, raw_id=2325, raw_ver=1, hw_plat=11, hw_plat_ver=0
Nov 30 15:33:22 ubuntu-phablet kernel: [    0.313534]  accessory_chip=0, hw_plat_subtype=0, pmic_model=65540, pmic_die_revision=131073
Nov 30 15:33:22 ubuntu-phablet kernel: [    0.346321] gpiochip_add: registered GPIOs 0 to 116 on device: msmgpio
Nov 30 15:33:22 ubuntu-phablet kernel: [    0.358385] msm_watchdog f9017000.qcom,wdt: MSM Watchdog Initialized
Nov 30 15:33:22 ubuntu-phablet kernel: [    0.416324] 8226_s1: 500 <--> 1275 mV at 0 mV normal idle 
Nov 30 15:33:22 ubuntu-phablet kernel: [    0.417382] 8226_s1_corner: 0 <--> 0 mV at 0 mV normal idle 
Nov 30 15:33:22 ubuntu-phablet kernel: [    0.418473] 8226_s1_corner_ao: 0 <--> 0 mV at 0 mV normal idle 
Nov 30 15:33:22 ubuntu-phablet kernel: [    0.419525] 8226_s1_floor_corner: 0 <--> 0 mV at 0 mV normal idle 
Nov 30 15:33:22 ubuntu-phablet kernel: [    0.420615] 8226_s3: 1200 <--> 1300 mV at 1200 mV normal idle 
Nov 30 15:33:22 ubuntu-phablet kernel: [    0.421785] 8226_s4: 1800 <--> 2200 mV at 1800 mV normal idle 
Nov 30 15:33:22 ubuntu-phablet kernel: [    0.422957] 8226_s5: 1150 mV normal idle 
Nov 30 15:33:22 ubuntu-phablet kernel: [    0.424024] 8226_l1: 1225 mV normal idle 
Nov 30 15:33:22 ubuntu-phablet kernel: [    0.425149] 8226_l2: 1200 mV normal idle 
Nov 30 15:33:22 ubuntu-phablet kernel: [    0.426256] 8226_l3: 750 <--> 1337 mV at 0 mV normal idle 
Nov 30 15:33:22 ubuntu-phablet kernel: [    0.427274] 8226_l3_ao: 750 <--> 1337 mV at 0 mV normal idle 
Nov 30 15:33:22 ubuntu-phablet kernel: [    0.428324] 8226_l3_so: 750 <--> 1337 mV at 750 mV normal idle 
Nov 30 15:33:22 ubuntu-phablet kernel: [    0.429510] 8226_l4: 1200 mV normal idle 
Nov 30 15:33:22 ubuntu-phablet kernel: [    0.430591] 8226_l5: 1200 mV normal idle 
Nov 30 15:33:22 ubuntu-phablet kernel: [    0.431791] 8226_l6: 1800 mV normal idle 
Nov 30 15:33:22 ubuntu-phablet kernel: [    0.432939] 8226_l7: 1850 mV normal idle 
Nov 30 15:33:22 ubuntu-phablet kernel: [    0.434351] 8226_l8: 1800 mV normal idle 
Nov 30 15:33:22 ubuntu-phablet kernel: [    0.435419] 8226_l8_ao: 1800 mV normal idle 
Nov 30 15:33:22 ubuntu-phablet kernel: [    0.436503] 8226_l8_so: 1800 mV normal idle 
Nov 30 15:33:22 ubuntu-phablet kernel: [    0.437629] 8226_l9: 2050 mV normal idle 
Nov 30 15:33:22 ubuntu-phablet kernel: [    0.438778] 8226_l10: 1800 mV normal idle 
Nov 30 15:33:22 ubuntu-phablet kernel: [    0.439990] 8226_l12: 1800 mV normal idle 
Nov 30 15:33:22 ubuntu-phablet kernel: [    0.441167] 8226_l14: 2750 mV normal idle 
Nov 30 15:33:22 ubuntu-phablet kernel: [    0.442245] 8226_l15: 2800 mV normal idle 
Nov 30 15:33:22 ubuntu-phablet kernel: [    0.443369] 8226_l16: 3000 <--> 3350 mV at 3300 mV normal idle 
Nov 30 15:33:22 ubuntu-phablet kernel: [    0.444486] 8226_l17: 2950 mV normal idle 
Nov 30 15:33:22 ubuntu-phablet kernel: [    0.445565] 8226_l18: 2950 mV normal idle 
Nov 30 15:33:22 ubuntu-phablet kernel: [    0.446689] 8226_l19: 2850 mV normal idle 
Nov 30 15:33:22 ubuntu-phablet kernel: [    0.447848] 8226_l20: 3075 mV normal idle 
Nov 30 15:33:22 ubuntu-phablet kernel: [    0.448942] 8226_l21: 1800 <--> 2950 mV at 2950 mV normal idle 
Nov 30 15:33:22 ubuntu-phablet kernel: [    0.450079] 8226_l22: 1800 <--> 2950 mV at 2950 mV normal idle 
Nov 30 15:33:22 ubuntu-phablet kernel: [    0.451237] 8226_l23: 1800 <--> 2950 mV at 2950 mV normal idle 
Nov 30 15:33:22 ubuntu-phablet kernel: [    0.452353] 8226_l24: 1300 <--> 1350 mV at 1300 mV normal idle 
Nov 30 15:33:22 ubuntu-phablet kernel: [    0.453470] 8226_l25: 1775 <--> 2125 mV at 1775 mV normal idle 
Nov 30 15:33:22 ubuntu-phablet kernel: [    0.454613] 8226_l26: 1225 mV normal idle 
Nov 30 15:33:22 ubuntu-phablet kernel: [    0.455700] 8226_l27: 2050 mV normal idle 
Nov 30 15:33:22 ubuntu-phablet kernel: [    0.456833] 8226_l28: 1800 <--> 2950 mV at 2950 mV normal idle 
Nov 30 15:33:22 ubuntu-phablet kernel: [    0.457961] 8226_lvs1: 
Nov 30 15:33:22 ubuntu-phablet kernel: [    0.459154] 8226_s2: 900 <--> 1350 mV at 1150 mV 
Nov 30 15:33:22 ubuntu-phablet kernel: [    0.459542] spm_regulator_probe: name=8226_s2, range=MV, voltage=1150000 uV, mode=AUTO, step rate=9600 uV/us
Nov 30 15:33:22 ubuntu-phablet kernel: [    0.507210] AXI: msm_bus_fabric_init_driver(): msm_bus_fabric_init_driver
Nov 30 15:33:22 ubuntu-phablet kernel: [    0.509653] AXI: msm_bus_fabric_probe(): Coresight support absent for bus: 2048
Nov 30 15:33:22 ubuntu-phablet kernel: [    0.511672] AXI: msm_bus_fabric_probe(): Coresight support absent for bus: 1024
Nov 30 15:33:22 ubuntu-phablet kernel: [    0.513667] AXI: msm_bus_fabric_probe(): Coresight support absent for bus: 4096
Nov 30 15:33:22 ubuntu-phablet kernel: [    0.516712] AXI: msm_bus_fabric_probe(): Coresight support absent for bus: 5120
Nov 30 15:33:22 ubuntu-phablet kernel: [    0.517667] AXI: msm_bus_fabric_probe(): Coresight support absent for bus: 0
Nov 30 15:33:22 ubuntu-phablet kernel: [    0.518271] AXI: msm_bus_fabric_probe(): Coresight support absent for bus: 6144
Nov 30 15:33:22 ubuntu-phablet kernel: [    0.520957] qup_i2c f9927000.i2c: Missing 'qcom,master-id' DT entry
Nov 30 15:33:22 ubuntu-phablet kernel: [    0.522502] kworker/u:0 used greatest stack depth: 5920 bytes left
Nov 30 15:33:22 ubuntu-phablet kernel: [    0.522683] kworker/u:0 used greatest stack depth: 5684 bytes left
Nov 30 15:33:22 ubuntu-phablet kernel: [    0.524407] qup_i2c f9928000.i2c: Missing 'qcom,master-id' DT entry
Nov 30 15:33:22 ubuntu-phablet kernel: [    0.526165] cpr_efuse_init: efuse_addr = 0xfc4b8000 (len=0x1000)
Nov 30 15:33:22 ubuntu-phablet kernel: [    0.526359] cpr_fuse_is_setting_expected: [row:54] = 0x1c0000000000 @42:6 == 7 ?: yes
Nov 30 15:33:22 ubuntu-phablet kernel: [    0.526438] cpr_parse_speed_bin_fuse: [row: 22]: 0x202b0b1a000001a9, speed_bits = 1
Nov 30 15:33:22 ubuntu-phablet kernel: [    0.526520] cpr_fuse_is_setting_expected: [row:22] = 0x202b0b1a000001a9 @53:1 == 0 ?: no
Nov 30 15:33:22 ubuntu-phablet kernel: [    0.526597] cpr_fuse_is_setting_expected: [row:22] = 0x202b0b1a000001a9 @24:3 == 2 ?: no
Nov 30 15:33:22 ubuntu-phablet kernel: [    0.526679] cpr_pvs_init: pvs voltage: [1050000 1150000 1290000] uV
Nov 30 15:33:22 ubuntu-phablet kernel: [    0.526735] cpr_pvs_init: ceiling voltage: [1050000 1150000 1290000] uV
Nov 30 15:33:22 ubuntu-phablet kernel: [    0.526793] cpr_pvs_init: floor voltage: [1050000 1050000 1100000] uV
Nov 30 15:33:22 ubuntu-phablet kernel: [    0.527378] cpr_fuse_is_setting_expected: [row:138] = 0x8404a36a3a9595 @57:1 == 1 ?: no
Nov 30 15:33:22 ubuntu-phablet kernel: [    0.527466] cpr_init_cpr_efuse: [row:138] = 0x8404a36a3a9595
Nov 30 15:33:22 ubuntu-phablet kernel: [    0.527525] cpr_init_cpr_efuse: disable = 0, local = 1
Nov 30 15:33:22 ubuntu-phablet kernel: [    0.527572] cpr_init_cpr_efuse: Corner[1]: ro_sel = 2, target quot = 874
Nov 30 15:33:22 ubuntu-phablet kernel: [    0.527627] cpr_init_cpr_efuse: Corner[2]: ro_sel = 2, target quot = 937
Nov 30 15:33:22 ubuntu-phablet kernel: [    0.527682] cpr_init_cpr_efuse: Corner[3]: ro_sel = 2, target quot = 1429
Nov 30 15:33:22 ubuntu-phablet kernel: [    0.527791] cpr_parse_pvs_version_fuse: [row: 22]: 0x202b0b1a000001a9, pvs_version = 2
Nov 30 15:33:22 ubuntu-phablet kernel: [    0.527886] cpr_get_corner_quot_adjustment: quotient adjustment scaling factor: 0.610
Nov 30 15:33:22 ubuntu-phablet kernel: [    0.527951] cpr_get_corner_quot_adjustment: adjusted quotient[12] = 1429
Nov 30 15:33:22 ubuntu-phablet kernel: [    0.528005] cpr_get_corner_quot_adjustment: adjusted quotient[11] = 1371
Nov 30 15:33:22 ubuntu-phablet kernel: [    0.528060] cpr_get_corner_quot_adjustment: adjusted quotient[10] = 1312
Nov 30 15:33:22 ubuntu-phablet kernel: [    0.528114] cpr_get_corner_quot_adjustment: adjusted quotient[9] = 1278
Nov 30 15:33:22 ubuntu-phablet kernel: [    0.528168] cpr_get_corner_quot_adjustment: adjusted quotient[8] = 1254
Nov 30 15:33:22 ubuntu-phablet kernel: [    0.528222] cpr_get_corner_quot_adjustment: adjusted quotient[7] = 1184
Nov 30 15:33:22 ubuntu-phablet kernel: [    0.528276] cpr_get_corner_quot_adjustment: adjusted quotient[6] = 1125
Nov 30 15:33:22 ubuntu-phablet kernel: [    0.528330] cpr_get_corner_quot_adjustment: adjusted quotient[5] = 1067
Nov 30 15:33:22 ubuntu-phablet kernel: [    0.528459] cpr_init_cpr_parameters: CPR is enabled by default.
Nov 30 15:33:22 ubuntu-phablet kernel: [    0.528527] cpr_config: Timer count: 0x17700 (for 5000 us)
Nov 30 15:33:22 ubuntu-phablet kernel: [    0.529091] apc_corner: 0 <--> 0 mV 
Nov 30 15:33:22 ubuntu-phablet kernel: [    0.531784] msm-thermal qcom,msm-thermal.67: probe_freq_mitigation:Failed reading node=/soc/qcom,msm-thermal, key=qcom,freq-mitigation-temp. KTM continues
Nov 30 15:33:22 ubuntu-phablet kernel: [    0.531893] msm-thermal qcom,msm-thermal.67: probe_psm:Failed reading node=/soc/qcom,msm-thermal, key=qcom,pmic-sw-mode-temp. KTM continues
Nov 30 15:33:22 ubuntu-phablet kernel: [    0.532427] vdd_restriction_reg_init:Defer vdd rstr freq init
Nov 30 15:33:22 ubuntu-phablet kernel: [    0.532493] msm-thermal qcom,msm-thermal.67: probe_ocr:Failed reading node=/soc/qcom,msm-thermal, key=qti,pmic-opt-curr-temp. KTM continues
Nov 30 15:33:22 ubuntu-phablet kernel: [    0.533829] persistent_ram: found existing buffer, size 81333, start 81333
Nov 30 15:33:22 ubuntu-phablet kernel: [    0.535302] console [ram-1] enabled
Nov 30 15:33:22 ubuntu-phablet kernel: [    0.535364]  LCD_KCAL_DEBUG : add_lcd_kcal_devices 
Nov 30 15:33:22 ubuntu-phablet kernel: [    0.535653] hw-breakpoint: found 5 (+1 reserved) breakpoint and 4 watchpoint registers.
Nov 30 15:33:22 ubuntu-phablet kernel: [    0.535732] hw-breakpoint: maximum watchpoint size is 8 bytes.
Nov 30 15:33:22 ubuntu-phablet kernel: [    0.537031] msm-jtag-fuse fc4be024.jtagfuse: JTag Fuse initialized
Nov 30 15:33:22 ubuntu-phablet kernel: [    0.544078] sps:sps is ready.
Nov 30 15:33:22 ubuntu-phablet kernel: [    0.547375] gdsc_venus: 
Nov 30 15:33:22 ubuntu-phablet kernel: [    0.548068] gdsc_mdss: 
Nov 30 15:33:22 ubuntu-phablet kernel: [    0.548738] gdsc_jpeg: 
Nov 30 15:33:22 ubuntu-phablet kernel: [    0.549443] gdsc_vfe: 
Nov 30 15:33:22 ubuntu-phablet kernel: [    0.550166] gdsc_oxili_cx: 
Nov 30 15:33:22 ubuntu-phablet kernel: [    0.550767] gdsc_usb_hsic: 
Nov 30 15:33:22 ubuntu-phablet kernel: [    0.552890] msm_ocmem fdd00000.qcom,ocmem: OCMEM Virtual addr c8800000
Nov 30 15:33:22 ubuntu-phablet kernel: [    0.553132] Physical OCMEM zone layout:
Nov 30 15:33:22 ubuntu-phablet kernel: [    0.553179]  zone graphics	: 0xfec00000 - 0xfec1ffff ( 128 KB)
Nov 30 15:33:22 ubuntu-phablet kernel: [    0.609816] bio: create slab <bio-0> at 0
Nov 30 15:33:22 ubuntu-phablet kernel: [    0.612630] cma: Assigned CMA region at 0 to 8.qcom,ion-heap device
Nov 30 15:33:22 ubuntu-phablet kernel: [    0.612833] ION-heap mm: Cannot specify alignment for this type of heap
Nov 30 15:33:22 ubuntu-phablet kernel: [    0.613081] cma: Assigned CMA region at 0 to 16.qcom,ion-heap device
Nov 30 15:33:22 ubuntu-phablet kernel: [    0.613284] ION-heap adsp: Cannot specify alignment for this type of heap
Nov 30 15:33:22 ubuntu-phablet kernel: [    0.613534] cma: Assigned CMA region at 0 to 1b.qcom,ion-heap device
Nov 30 15:33:22 ubuntu-phablet kernel: [    0.614800] ION heap system created
Nov 30 15:33:22 ubuntu-phablet kernel: [    0.615091] ION heap kmalloc created
Nov 30 15:33:22 ubuntu-phablet kernel: [    0.615175] ION heap mm created at 0x38000000 with size 6d00000
Nov 30 15:33:22 ubuntu-phablet kernel: [    0.615318] ION heap adsp created at 0x32400000 with size 2a00000
Nov 30 15:33:22 ubuntu-phablet kernel: [    0.615405] ION heap qsecom created at 0x37000000 with size d00000
Nov 30 15:33:22 ubuntu-phablet kernel: [    0.615547] ION heap audio created at 0x3f300000 with size 314000
Nov 30 15:33:22 ubuntu-phablet kernel: [    0.615641] ION heap pil_1 created at 0x0dc00000 with size 1900000
Nov 30 15:33:22 ubuntu-phablet kernel: [    0.618730] SCSI subsystem initialized
Nov 30 15:33:22 ubuntu-phablet kernel: [    0.619103] usbcore: registered new interface driver usbfs
Nov 30 15:33:22 ubuntu-phablet kernel: [    0.619360] usbcore: registered new interface driver hub
Nov 30 15:33:22 ubuntu-phablet kernel: [    0.619638] usbcore: registered new device driver usb
Nov 30 15:33:22 ubuntu-phablet kernel: [    0.620486] Linux media interface: v0.10
Nov 30 15:33:22 ubuntu-phablet kernel: [    0.620643] Linux video capture interface: v2.00
Nov 30 15:33:22 ubuntu-phablet kernel: [    0.624118] msm_iommu_v1 fda64000.qcom,iommu: device jpeg_iommu mapped at c84e0000, with 3 ctx banks
Nov 30 15:33:22 ubuntu-phablet kernel: [    0.626282] msm_iommu_v1 fd928000.qcom,iommu: device mdp_iommu mapped at c8560000, with 3 ctx banks
Nov 30 15:33:22 ubuntu-phablet kernel: [    0.628423] msm_iommu_v1 fdc84000.qcom,iommu: device venus_iommu mapped at c8840000, with 3 ctx banks
Nov 30 15:33:22 ubuntu-phablet kernel: [    0.630443] msm_iommu_v1 fdb10000.qcom,iommu: device kgsl_iommu mapped at c8860000, with 3 ctx banks
Nov 30 15:33:22 ubuntu-phablet kernel: [    0.632448] msm_iommu_v1 fda44000.qcom,iommu: device vfe_iommu mapped at c8880000, with 3 ctx banks
Nov 30 15:33:22 ubuntu-phablet kernel: [    0.634913] msm_iommu_ctx_v1 fda6c000.qcom,iommu-ctx: context jpeg_enc0 using bank 0
Nov 30 15:33:22 ubuntu-phablet kernel: [    0.635323] msm_iommu_ctx_v1 fda6d000.qcom,iommu-ctx: context jpeg_enc1 using bank 1
Nov 30 15:33:22 ubuntu-phablet kernel: [    0.635629] msm_iommu_ctx_v1 fda6e000.qcom,iommu-ctx: context jpeg_dec using bank 2
Nov 30 15:33:22 ubuntu-phablet kernel: [    0.635959] msm_iommu_ctx_v1 fd930000.qcom,iommu-ctx: context mdp_0 using bank 0
Nov 30 15:33:22 ubuntu-phablet kernel: [    0.636283] msm_iommu_ctx_v1 fd931000.qcom,iommu-ctx: context mdp_1 using bank 1
Nov 30 15:33:22 ubuntu-phablet kernel: [    0.636600] msm_iommu_ctx_v1 fd932000.qcom,iommu-ctx: context mdp_2 using bank 2
Nov 30 15:33:22 ubuntu-phablet kernel: [    0.636922] msm_iommu_ctx_v1 fdc8c000.qcom,iommu-ctx: context venus_ns using bank 0
Nov 30 15:33:22 ubuntu-phablet kernel: [    0.637246] msm_iommu_ctx_v1 fdc8d000.qcom,iommu-ctx: context venus_cp using bank 1
Nov 30 15:33:22 ubuntu-phablet kernel: [    0.637547] msm_iommu_ctx_v1 fdc8e000.qcom,iommu-ctx: context venus_fw using bank 2
Nov 30 15:33:22 ubuntu-phablet kernel: [    0.637909] msm_iommu_ctx_v1 fdb18000.qcom,iommu-ctx: context gfx3d_user using bank 0
Nov 30 15:33:22 ubuntu-phablet kernel: [    0.638210] msm_iommu_ctx_v1 fdb19000.qcom,iommu-ctx: context gfx3d_priv using bank 1
Nov 30 15:33:22 ubuntu-phablet kernel: [    0.638512] msm_iommu_ctx_v1 fdb1a000.qcom,iommu-ctx: context gfx3d_spare using bank 2
Nov 30 15:33:22 ubuntu-phablet kernel: [    0.638897] msm_iommu_ctx_v1 fda4c000.qcom,iommu-ctx: context vfe0 using bank 0
Nov 30 15:33:22 ubuntu-phablet kernel: [    0.639197] msm_iommu_ctx_v1 fda4d000.qcom,iommu-ctx: context vfe1 using bank 1
Nov 30 15:33:22 ubuntu-phablet kernel: [    0.639510] msm_iommu_ctx_v1 fda4e000.qcom,iommu-ctx: context cpp using bank 2
Nov 30 15:33:22 ubuntu-phablet kernel: [    0.640969] Advanced Linux Sound Architecture Driver Version 1.0.25.
Nov 30 15:33:22 ubuntu-phablet kernel: [    0.642290] Bluetooth: Core ver 2.16
Nov 30 15:33:22 ubuntu-phablet kernel: [    0.642411] NET: Registered protocol family 31
Nov 30 15:33:22 ubuntu-phablet kernel: [    0.642458] Bluetooth: HCI device and connection manager initialized
Nov 30 15:33:22 ubuntu-phablet kernel: [    0.642521] Bluetooth: HCI socket layer initialized
Nov 30 15:33:22 ubuntu-phablet kernel: [    0.642570] Bluetooth: L2CAP socket layer initialized
Nov 30 15:33:22 ubuntu-phablet kernel: [    0.642971] Bluetooth: SCO socket layer initialized
Nov 30 15:33:22 ubuntu-phablet kernel: [    0.643728] cfg80211: Calling CRDA to update world regulatory domain
Nov 30 15:33:22 ubuntu-phablet kernel: [    0.643838] cfg80211: World regulatory domain updated:
Nov 30 15:33:22 ubuntu-phablet kernel: [    0.643887] cfg80211:   (start_freq - end_freq @ bandwidth), (max_antenna_gain, max_eirp)
Nov 30 15:33:22 ubuntu-phablet kernel: [    0.643957] cfg80211:   (2402000 KHz - 2472000 KHz @ 40000 KHz), (300 mBi, 2000 mBm)
Nov 30 15:33:22 ubuntu-phablet kernel: [    0.644025] cfg80211:   (2457000 KHz - 2482000 KHz @ 40000 KHz), (300 mBi, 2000 mBm)
Nov 30 15:33:22 ubuntu-phablet kernel: [    0.644092] cfg80211:   (2474000 KHz - 2494000 KHz @ 20000 KHz), (300 mBi, 2000 mBm)
Nov 30 15:33:22 ubuntu-phablet kernel: [    0.644159] cfg80211:   (5170000 KHz - 5250000 KHz @ 80000 KHz), (300 mBi, 2000 mBm)
Nov 30 15:33:22 ubuntu-phablet kernel: [    0.644226] cfg80211:   (5735000 KHz - 5835000 KHz @ 80000 KHz), (300 mBi, 2000 mBm)
Nov 30 15:33:22 ubuntu-phablet kernel: [    0.644292] cfg80211:   (57240000 KHz - 63720000 KHz @ 2160000 KHz), (N/A, 0 mBm)
Nov 30 15:33:22 ubuntu-phablet kernel: [    0.644538] NetLabel: Initializing
Nov 30 15:33:22 ubuntu-phablet kernel: [    0.644580] NetLabel:  domain hash size = 128
Nov 30 15:33:22 ubuntu-phablet kernel: [    0.644621] NetLabel:  protocols = UNLABELED CIPSOv4
Nov 30 15:33:22 ubuntu-phablet kernel: [    0.644793] NetLabel:  unlabeled traffic allowed by default
Nov 30 15:33:22 ubuntu-phablet kernel: [    0.645790] Switching to clocksource arch_sys_counter
Nov 30 15:33:22 ubuntu-phablet kernel: [    0.723662] AppArmor: AppArmor Filesystem Enabled
Nov 30 15:33:22 ubuntu-phablet kernel: [    0.746893] NET: Registered protocol family 2
Nov 30 15:33:22 ubuntu-phablet kernel: [    0.747825] IP route cache hash table entries: 32768 (order: 5, 131072 bytes)
Nov 30 15:33:22 ubuntu-phablet kernel: [    0.752413] TCP established hash table entries: 131072 (order: 8, 1048576 bytes)
Nov 30 15:33:22 ubuntu-phablet kernel: [    0.762257] TCP bind hash table entries: 65536 (order: 8, 1310720 bytes)
Nov 30 15:33:22 ubuntu-phablet kernel: [    0.764640] TCP: Hash tables configured (established 131072 bind 65536)
Nov 30 15:33:22 ubuntu-phablet kernel: [    0.764697] TCP: reno registered
Nov 30 15:33:22 ubuntu-phablet kernel: [    0.764913] UDP hash table entries: 512 (order: 2, 24576 bytes)
Nov 30 15:33:22 ubuntu-phablet kernel: [    0.765135] UDP-Lite hash table entries: 512 (order: 2, 24576 bytes)
Nov 30 15:33:22 ubuntu-phablet kernel: [    0.765870] NET: Registered protocol family 1
Nov 30 15:33:22 ubuntu-phablet kernel: [    0.766596] Trying to unpack rootfs image as initramfs...
Nov 30 15:33:22 ubuntu-phablet kernel: [    1.161242] Freeing initrd memory: 4344K
Nov 30 15:33:22 ubuntu-phablet kernel: [    1.167811] clock-a7 f9011050.qcom,clock-a7: Speed bin: 1
Nov 30 15:33:22 ubuntu-phablet kernel: [    1.167871] clock-a7 f9011050.qcom,clock-a7: PVS version: 2
Nov 30 15:33:22 ubuntu-phablet kernel: [    1.174964] gpiochip_find_base: found new base at 992
Nov 30 15:33:22 ubuntu-phablet kernel: [    1.175314] gpiochip_add: registered GPIOs 992 to 1023 on device: smp2p
Nov 30 15:33:22 ubuntu-phablet kernel: [    1.177102] gpiochip_find_base: found new base at 960
Nov 30 15:33:22 ubuntu-phablet kernel: [    1.177416] gpiochip_add: registered GPIOs 960 to 991 on device: smp2p
Nov 30 15:33:22 ubuntu-phablet kernel: [    1.177589] gpiochip_find_base: found new base at 928
Nov 30 15:33:22 ubuntu-phablet kernel: [    1.177900] gpiochip_add: registered GPIOs 928 to 959 on device: smp2p
Nov 30 15:33:22 ubuntu-phablet kernel: [    1.179639] gpiochip_find_base: found new base at 896
Nov 30 15:33:22 ubuntu-phablet kernel: [    1.179975] gpiochip_add: registered GPIOs 896 to 927 on device: smp2p
Nov 30 15:33:22 ubuntu-phablet kernel: [    1.180140] gpiochip_find_base: found new base at 864
Nov 30 15:33:22 ubuntu-phablet kernel: [    1.180449] gpiochip_add: registered GPIOs 864 to 895 on device: slave-kernel
Nov 30 15:33:22 ubuntu-phablet kernel: [    1.182235] gpiochip_find_base: found new base at 832
Nov 30 15:33:22 ubuntu-phablet kernel: [    1.182572] gpiochip_add: registered GPIOs 832 to 863 on device: master-kernel
Nov 30 15:33:22 ubuntu-phablet kernel: [    1.182796] gpiochip_find_base: found new base at 800
Nov 30 15:33:22 ubuntu-phablet kernel: [    1.183163] gpiochip_add: registered GPIOs 800 to 831 on device: smp2p
Nov 30 15:33:22 ubuntu-phablet kernel: [    1.184983] gpiochip_find_base: found new base at 768
Nov 30 15:33:22 ubuntu-phablet kernel: [    1.185323] gpiochip_add: registered GPIOs 768 to 799 on device: smp2p
Nov 30 15:33:22 ubuntu-phablet kernel: [    1.185490] gpiochip_find_base: found new base at 736
Nov 30 15:33:22 ubuntu-phablet kernel: [    1.185809] gpiochip_add: registered GPIOs 736 to 767 on device: slave-kernel
Nov 30 15:33:22 ubuntu-phablet kernel: [    1.187759] gpiochip_find_base: found new base at 704
Nov 30 15:33:22 ubuntu-phablet kernel: [    1.188098] gpiochip_add: registered GPIOs 704 to 735 on device: master-kernel
Nov 30 15:33:22 ubuntu-phablet kernel: [    1.188315] gpiochip_find_base: found new base at 672
Nov 30 15:33:22 ubuntu-phablet kernel: [    1.188629] gpiochip_add: registered GPIOs 672 to 703 on device: smp2p
Nov 30 15:33:22 ubuntu-phablet kernel: [    1.190538] gpiochip_find_base: found new base at 640
Nov 30 15:33:22 ubuntu-phablet kernel: [    1.190853] gpiochip_add: registered GPIOs 640 to 671 on device: smp2p
Nov 30 15:33:22 ubuntu-phablet kernel: [    1.191059] gpiochip_find_base: found new base at 608
Nov 30 15:33:22 ubuntu-phablet kernel: [    1.191375] gpiochip_add: registered GPIOs 608 to 639 on device: slave-kernel
Nov 30 15:33:22 ubuntu-phablet kernel: [    1.193332] gpiochip_find_base: found new base at 576
Nov 30 15:33:22 ubuntu-phablet kernel: [    1.193650] gpiochip_add: registered GPIOs 576 to 607 on device: master-kernel
Nov 30 15:33:22 ubuntu-phablet kernel: [    1.194096] gpiochip_find_base: found new base at 544
Nov 30 15:33:22 ubuntu-phablet kernel: [    1.194437] gpiochip_add: registered GPIOs 544 to 575 on device: rdbg
Nov 30 15:33:22 ubuntu-phablet kernel: [    1.196537] gpiochip_find_base: found new base at 512
Nov 30 15:33:22 ubuntu-phablet kernel: [    1.196857] gpiochip_add: registered GPIOs 512 to 543 on device: rdbg
Nov 30 15:33:22 ubuntu-phablet kernel: [    1.197033] gpiochip_find_base: found new base at 480
Nov 30 15:33:22 ubuntu-phablet kernel: [    1.197374] gpiochip_add: registered GPIOs 480 to 511 on device: rdbg
Nov 30 15:33:22 ubuntu-phablet kernel: [    1.199419] gpiochip_find_base: found new base at 448
Nov 30 15:33:22 ubuntu-phablet kernel: [    1.199737] gpiochip_add: registered GPIOs 448 to 479 on device: rdbg
Nov 30 15:33:22 ubuntu-phablet kernel: [    1.203075] pil-q6v5-lpass fe200000.qcom,lpass: using secure boot
Nov 30 15:33:22 ubuntu-phablet kernel: [    1.213281] pil_pronto fb21b000.qcom,pronto: using secure boot
Nov 30 15:33:22 ubuntu-phablet kernel: [    1.218271] pil_venus fdce0000.qcom,venus: using secure boot
Nov 30 15:33:22 ubuntu-phablet kernel: [    1.239848] NET: Registered protocol family 27
Nov 30 15:33:22 ubuntu-phablet kernel: [    1.266573] msm_rpm_log_probe: OK
Nov 30 15:33:22 ubuntu-phablet kernel: [    1.296939] ocmem: Client sensors (id: 6) not allowed to use OCMEM
Nov 30 15:33:22 ubuntu-phablet kernel: [    1.297029] OCMEM notifier registration failed
Nov 30 15:33:22 ubuntu-phablet kernel: [    1.297087] sns_ocmem_main: sns_ocmem_init failed -14
Nov 30 15:33:22 ubuntu-phablet kernel: [    1.308925] audit: initializing netlink socket (disabled)
Nov 30 15:33:22 ubuntu-phablet kernel: [    1.309071] type=2000 audit(1.290:1): initialized
Nov 30 15:33:22 ubuntu-phablet kernel: [    1.394882] highmem bounce pool size: 64 pages
Nov 30 15:33:22 ubuntu-phablet kernel: [    1.407963] NTFS driver 2.1.30 [Flags: R/O].
Nov 30 15:33:22 ubuntu-phablet kernel: [    1.408379] fuse init (API version 7.18)
Nov 30 15:33:22 ubuntu-phablet kernel: [    1.409436] msgmni has been set to 1425
Nov 30 15:33:22 ubuntu-phablet kernel: [    1.411482] Block layer SCSI generic (bsg) driver version 0.4 loaded (major 247)
Nov 30 15:33:22 ubuntu-phablet kernel: [    1.411522] io scheduler noop registered
Nov 30 15:33:22 ubuntu-phablet kernel: [    1.411544] io scheduler deadline registered (default)
Nov 30 15:33:22 ubuntu-phablet kernel: [    1.411582] io scheduler row registered
Nov 30 15:33:22 ubuntu-phablet kernel: [    1.411795] io scheduler cfq registered
Nov 30 15:33:22 ubuntu-phablet kernel: [    1.412161] gpiochip_find_base: found new base at 440
Nov 30 15:33:22 ubuntu-phablet kernel: [    1.412291] gpiochip_add: registered GPIOs 440 to 447 on device: pm8226-gpio
Nov 30 15:33:22 ubuntu-phablet kernel: [    1.412612] qcom,qpnp-pin qpnp-pin-f1de2400: qpnp_pin_probe: gpio_chip registered between 440-447
Nov 30 15:33:22 ubuntu-phablet kernel: [    1.412792] gpiochip_find_base: found new base at 432
Nov 30 15:33:22 ubuntu-phablet kernel: [    1.412910] gpiochip_add: registered GPIOs 432 to 439 on device: pm8226-mpp
Nov 30 15:33:22 ubuntu-phablet kernel: [    1.413431] qcom,qpnp-pin qpnp-pin-f1de2600: qpnp_pin_probe: gpio_chip registered between 432-439
Nov 30 15:33:22 ubuntu-phablet kernel: [    1.413748] mdss_mdp_probe: MDP HW Base phy_Address=0xfd900000 virt=0xc88c0000
Nov 30 15:33:22 ubuntu-phablet kernel: [    1.413799] mdss_mdp_probe: MDSS VBIF HW Base phy_Address=0xfd924000 virt=0xc8556000
Nov 30 15:33:22 ubuntu-phablet kernel: [    1.414074] mdss_mdp_parse_dt_handler: Error from prop qcom,mdss-ib-factor-overlap : u32 array read
Nov 30 15:33:22 ubuntu-phablet kernel: [    1.414117] mdss_mdp_parse_dt_fudge_factors: err reading qcom,mdss-ib-factor-overlap
Nov 30 15:33:22 ubuntu-phablet kernel: [    1.414157] mdss_mdp_parse_dt_prop_len: Error from prop qcom,mdss-ad-off : spec error in device tree
Nov 30 15:33:22 ubuntu-phablet kernel: [    1.414208] mdss_mdp_parse_bootarg: mdss_mdp_parse_bootarg:1482: pan_name=[1:dsi:0:qcom,mdss_dsi_auo_720p_video] end=[]
Nov 30 15:33:22 ubuntu-phablet kernel: [    1.414985] mdss_mdp_pp_argc: >>>>> mdss_mdp_pp_argc 
Nov 30 15:33:22 ubuntu-phablet kernel: [    1.415019] update_preset_lcdc_lut: update_preset_lcdc_lut red=[255], green=[255], blue=[255]
Nov 30 15:33:22 ubuntu-phablet kernel: [    1.415057] mdss_mdp_pp_argc_kcal: >>>>> mdss_mdp_pp_argc_kcal 
Nov 30 15:33:22 ubuntu-phablet kernel: [    1.416779] mdss_dsi_ctrl_probe: DSI Ctrl name = MDSS DSI CTRL->0
Nov 30 15:33:22 ubuntu-phablet kernel: [    1.416908] mdss_dsi_panel_init: Panel Name = auo 720p video mode dsi panel
Nov 30 15:33:22 ubuntu-phablet kernel: [    1.417179] mdss_dsi_panel_init:1057 Continuous splash flag enabled.
Nov 30 15:33:22 ubuntu-phablet kernel: [    1.417210] mdss_dsi_panel_init:1069 Partial update disabled.
Nov 30 15:33:22 ubuntu-phablet kernel: [    1.417571] dsi_panel_device_register:1279, Disp_en gpio not specified
Nov 30 15:33:22 ubuntu-phablet kernel: [    1.417665] mdss_dsi_retrieve_ctrl_resources: dsi base=c8574800 size=600
Nov 30 15:33:22 ubuntu-phablet kernel: [    1.446229] mdss_register_panel: adding framebuffer device fd922800.qcom,mdss_dsi
Nov 30 15:33:22 ubuntu-phablet kernel: [    1.446666] mdss_hw_init: MDP Rev=10010001
Nov 30 15:33:22 ubuntu-phablet kernel: [    1.448602] mdss_register_panel: adding framebuffer device qcom,mdss_wb_panel.23
Nov 30 15:33:22 ubuntu-phablet kernel: [    1.449841] mdss_fb_parse_dt: split framebuffer left=0 right=0
Nov 30 15:33:22 ubuntu-phablet kernel: [    1.449872] mdss_fb_alloc_fbmem_iommu: mdss_fb_alloc_fbmem_iommu frame buffer reserve_size=0x800000
Nov 30 15:33:22 ubuntu-phablet kernel: [    1.450216] mdss_fb_alloc_fbmem_iommu: allocating 8388608 bytes at c9000000 (3f800000 phys) for fb 0
Nov 30 15:33:22 ubuntu-phablet kernel: [    1.450623] mdss_fb_register: FrameBuffer[0] 720x1280 size=8388608 registered successfully!
Nov 30 15:33:22 ubuntu-phablet kernel: [    1.450710] mdss_mdp_overlay_init: mdss_mdp_overlay_init: unable to add event timer
Nov 30 15:33:22 ubuntu-phablet kernel: [    1.450927] Registered led device: lcd-backlight
Nov 30 15:33:22 ubuntu-phablet kernel: [    1.451001] mdss_fb_parse_dt: split framebuffer left=0 right=0
Nov 30 15:33:22 ubuntu-phablet kernel: [    1.451246] mdss_fb_register: FrameBuffer[1] 1280x720 size=0 registered successfully!
Nov 30 15:33:22 ubuntu-phablet kernel: [    1.451318] mdss_mdp_overlay_init: mdss_mdp_overlay_init: unable to add event timer
Nov 30 15:33:22 ubuntu-phablet kernel: [    1.528359] msm_serial_hsl_probe: detected port #0 (ttyHSL0)
Nov 30 15:33:22 ubuntu-phablet kernel: [    1.528613] f991f000.serial: ttyHSL0 at MMIO 0xf991f000 (irq = 141) is a MSM
Nov 30 15:33:22 ubuntu-phablet kernel: [    1.531814] msm_serial_hsl_init: driver initialized
Nov 30 15:33:22 ubuntu-phablet kernel: [    1.537255] diagchar initialized nowkgsl bus ib [0] = 1600000000
Nov 30 15:33:22 ubuntu-phablet kernel: [    1.539759] kgsl bus ib [1] = 3200000000
Nov 30 15:33:22 ubuntu-phablet kernel: [    1.539780] kgsl bus ib [2] = 4256000000
Nov 30 15:33:22 ubuntu-phablet kernel: [    1.539801] kgsl bus index is 2 for pwrlevel 0
Nov 30 15:33:22 ubuntu-phablet kernel: [    1.539823] kgsl bus index is 1 for pwrlevel 1
Nov 30 15:33:22 ubuntu-phablet kernel: [    1.539844] kgsl bus index is 0 for pwrlevel 2
Nov 30 15:33:22 ubuntu-phablet kernel: [    1.540370] kgsl kgsl-3d0: |kgsl_iommu_init| MMU type set for device is IOMMU
Nov 30 15:33:22 ubuntu-phablet kernel: [    1.553519] brd: module loaded
Nov 30 15:33:22 ubuntu-phablet kernel: [    1.558191] loop: module loaded
Nov 30 15:33:22 ubuntu-phablet kernel: [    1.558896] QSEECOM: qseecom_probe: support_bus_scaling=0x1
Nov 30 15:33:22 ubuntu-phablet kernel: [    1.558923] QSEECOM: qseecom_probe: bam_pipe_pair=0x2
Nov 30 15:33:22 ubuntu-phablet kernel: [    1.558951] QSEECOM: qseecom_probe: qsee-ce-hw-instance=0x0
Nov 30 15:33:22 ubuntu-phablet kernel: [    1.558979] QSEECOM: qseecom_probe: hlos-ce-hw-instance=0x0
Nov 30 15:33:22 ubuntu-phablet kernel: [    1.559049] QSEECOM: qseecom_probe: secure app region addr=0xd980000 size=0x256000
Nov 30 15:33:22 ubuntu-phablet kernel: [    1.560267] 8226_l28: Failed to create debugfs directory
Nov 30 15:33:22 ubuntu-phablet kernel: [    1.560600] isa1000_setup: isa1000 set up
Nov 30 15:33:22 ubuntu-phablet kernel: [    1.560909] i2c-core: driver [tabla-i2c-core] using legacy suspend method
Nov 30 15:33:22 ubuntu-phablet kernel: [    1.560941] i2c-core: driver [tabla-i2c-core] using legacy resume method
Nov 30 15:33:22 ubuntu-phablet kernel: [    1.561125] i2c-core: driver [wcd9xxx-i2c-core] using legacy suspend method
Nov 30 15:33:22 ubuntu-phablet kernel: [    1.561156] i2c-core: driver [wcd9xxx-i2c-core] using legacy resume method
Nov 30 15:33:22 ubuntu-phablet kernel: [    1.561884] SCSI Media Changer driver v0.25 
Nov 30 15:33:22 ubuntu-phablet kernel: [    1.562667] sps: BAM device 0xf9904000 is not registered yet.
Nov 30 15:33:22 ubuntu-phablet kernel: [    1.562723] sps:BAM 0xf9904000 is registered.
Nov 30 15:33:22 ubuntu-phablet kernel: [    1.563074] sps:BAM 0xf9904000 (va:0xc8830000) enabled: ver:0x15, number of pipes:24
Nov 30 15:33:22 ubuntu-phablet kernel: [    1.563544] spi_qsd f9923000.spi: master is unqueued, this is deprecated
Nov 30 15:33:22 ubuntu-phablet kernel: [    1.568825] gpio_request: gpio-0 (spi_mosi) status -16
Nov 30 15:33:22 ubuntu-phablet kernel: [    1.568839] spi_qsd f9923000.spi: msm_spi_request_gpios: gpio_request for pin 0 failed with error -16
Nov 30 15:33:22 ubuntu-phablet kernel: [    1.568898] spi_qsd f9923000.spi: can't setup spi0.3, status -16
Nov 30 15:33:22 ubuntu-phablet kernel: [    1.568926] spi_master spi0: spi_device register error /soc/spi@f9923000/ethernet-switch@3
Nov 30 15:33:22 ubuntu-phablet kernel: [    1.570361] tun: Universal TUN/TAP device driver, 1.6
Nov 30 15:33:22 ubuntu-phablet kernel: [    1.570390] tun: (C) 1999-2004 Max Krasnyansky <maxk@qualcomm.com>
Nov 30 15:33:22 ubuntu-phablet kernel: [    1.570627] rmnet_init: BAM devices[9]
Nov 30 15:33:22 ubuntu-phablet kernel: [    1.579935] PPP generic driver version 2.4.2
Nov 30 15:33:22 ubuntu-phablet kernel: [    1.580238] PPP BSD Compression module registered
Nov 30 15:33:22 ubuntu-phablet kernel: [    1.580264] PPP Deflate Compression module registered
Nov 30 15:33:22 ubuntu-phablet kernel: [    1.588900] PPP MPPE Compression module registered
Nov 30 15:33:22 ubuntu-phablet kernel: [    1.588935] NET: Registered protocol family 24
Nov 30 15:33:22 ubuntu-phablet kernel: [    1.588996] SLIP: version 0.8.4-NET3.019-NEWTTY (dynamic channels, max=256) (6 bit encapsulation enabled).
Nov 30 15:33:22 ubuntu-phablet kernel: [    1.589035] CSLIP: code copyright 1989 Regents of the University of California.
Nov 30 15:33:22 ubuntu-phablet kernel: [    1.589499] wcnss_wlan probed in built-in mode
Nov 30 15:33:22 ubuntu-phablet kernel: [    1.591368] usbcore: registered new interface driver asix
Nov 30 15:33:22 ubuntu-phablet kernel: [    1.591468] usbcore: registered new interface driver cdc_ether
Nov 30 15:33:22 ubuntu-phablet kernel: [    1.591543] usbcore: registered new interface driver net1080
Nov 30 15:33:22 ubuntu-phablet kernel: [    1.591617] usbcore: registered new interface driver cdc_subset
Nov 30 15:33:22 ubuntu-phablet kernel: [    1.591691] usbcore: registered new interface driver zaurus
Nov 30 15:33:22 ubuntu-phablet kernel: [    1.591939] usbcore: registered new interface driver cdc_ncm
Nov 30 15:33:22 ubuntu-phablet kernel: [    1.593653] msm_otg f9a55000.usb: msm_otg probe
Nov 30 15:33:22 ubuntu-phablet kernel: [    1.595741] msm_otg f9a55000.usb: OTG regs = c87f8000
Nov 30 15:33:22 ubuntu-phablet kernel: [    1.598276] ehci_hcd: USB 2.0 'Enhanced' Host Controller (EHCI) Driver
Nov 30 15:33:22 ubuntu-phablet kernel: [    1.598656] Unable to get vbus_otg
Nov 30 15:33:22 ubuntu-phablet kernel: [    1.598680] msm_hsusb_host msm_hsusb_host: unable to register with transceiver
Nov 30 15:33:22 ubuntu-phablet kernel: [    1.598736] platform msm_hsusb_host: Driver msm_hsusb_host requests probe deferral
Nov 30 15:33:22 ubuntu-phablet kernel: [    1.600002] usbcore: registered new interface driver cdc_acm
Nov 30 15:33:22 ubuntu-phablet kernel: [    1.600030] cdc_acm: USB Abstract Control Model driver for USB modems and ISDN adapters
Nov 30 15:33:22 ubuntu-phablet kernel: [    1.600063] Initializing USB Mass Storage driver...
Nov 30 15:33:22 ubuntu-phablet kernel: [    1.600159] usbcore: registered new interface driver usb-storage
Nov 30 15:33:22 ubuntu-phablet kernel: [    1.600187] USB Mass Storage support registered.
Nov 30 15:33:22 ubuntu-phablet kernel: [    1.600251] usbcore: registered new interface driver ums-alauda
Nov 30 15:33:22 ubuntu-phablet kernel: [    1.600318] usbcore: registered new interface driver ums-cypress
Nov 30 15:33:22 ubuntu-phablet kernel: [    1.600385] usbcore: registered new interface driver ums-datafab
Nov 30 15:33:22 ubuntu-phablet kernel: [    1.600465] usbcore: registered new interface driver ums-freecom
Nov 30 15:33:22 ubuntu-phablet kernel: [    1.600534] usbcore: registered new interface driver ums-isd200
Nov 30 15:33:22 ubuntu-phablet kernel: [    1.600601] usbcore: registered new interface driver ums-jumpshot
Nov 30 15:33:22 ubuntu-phablet kernel: [    1.600667] usbcore: registered new interface driver ums-karma
Nov 30 15:33:22 ubuntu-phablet kernel: [    1.600734] usbcore: registered new interface driver ums-onetouch
Nov 30 15:33:22 ubuntu-phablet kernel: [    1.600802] usbcore: registered new interface driver ums-sddr09
Nov 30 15:33:22 ubuntu-phablet kernel: [    1.600869] usbcore: registered new interface driver ums-sddr55
Nov 30 15:33:22 ubuntu-phablet kernel: [    1.600936] usbcore: registered new interface driver ums-usbat
Nov 30 15:33:22 ubuntu-phablet kernel: [    1.601122] usbcore: registered new interface driver usbserial
Nov 30 15:33:22 ubuntu-phablet kernel: [    1.601149] usbserial: USB Serial Driver core
Nov 30 15:33:22 ubuntu-phablet kernel: [    1.601225] usbcore: registered new interface driver qc_csvt
Nov 30 15:33:22 ubuntu-phablet kernel: [    1.601296] USB Serial support registered for qc_csvt
Nov 30 15:33:22 ubuntu-phablet kernel: [    1.601373] usbcore: registered new interface driver usb_ehset_test
Nov 30 15:33:22 ubuntu-phablet kernel: [    1.602609] msm_hsusb msm_hsusb: [ci13xxx_start] hw_ep_max = 32
Nov 30 15:33:22 ubuntu-phablet kernel: [    1.603441] mbim_init: initialize 1 instances
Nov 30 15:33:22 ubuntu-phablet kernel: [    1.603618] mbim_init: Initialized 1 ports
Nov 30 15:33:22 ubuntu-phablet kernel: [    1.606256] rndis_qc_init: initialize rndis QC instance
Nov 30 15:33:22 ubuntu-phablet kernel: [    1.607064] android_usb gadget: Mass Storage Function, version: 2009/09/11
Nov 30 15:33:22 ubuntu-phablet kernel: [    1.607099] android_usb gadget: Number of LUNs=2
Nov 30 15:33:22 ubuntu-phablet kernel: [    1.607125]  lun0: LUN: removable read only CD-ROM file: (no medium)
Nov 30 15:33:22 ubuntu-phablet kernel: [    1.607154]  lun1: LUN: removable file: (no medium)
Nov 30 15:33:22 ubuntu-phablet kernel: [    1.607650] android_usb gadget: android_usb ready
Nov 30 15:33:22 ubuntu-phablet kernel: [    1.608932] mousedev: PS/2 mouse device common for all mice
Nov 30 15:33:22 ubuntu-phablet kernel: [    1.609351] usbcore: registered new interface driver xpad
Nov 30 15:33:22 ubuntu-phablet kernel: [    1.609379] ft5x06_i2c_init
Nov 30 15:33:22 ubuntu-phablet kernel: [    1.609493] num_fw = 4
Nov 30 15:33:22 ubuntu-phablet kernel: [    1.609598] i2c-pull-up = 1
Nov 30 15:33:22 ubuntu-phablet kernel: [    1.609615] reset gpio = 16
Nov 30 15:33:22 ubuntu-phablet kernel: [    1.609632] irq gpio = 17
Nov 30 15:33:22 ubuntu-phablet kernel: [    1.609648] x_max = 720
Nov 30 15:33:22 ubuntu-phablet kernel: [    1.609663] y_max = 1280
Nov 30 15:33:22 ubuntu-phablet kernel: [    1.609679] z_max = 255
Nov 30 15:33:22 ubuntu-phablet kernel: [    1.609694] w_max = 200
Nov 30 15:33:22 ubuntu-phablet kernel: [    1.609710] landing_jiffies = 1000
Nov 30 15:33:22 ubuntu-phablet kernel: [    1.609728] landing_threshold = 16
Nov 30 15:33:22 ubuntu-phablet kernel: [    1.609747] staying_threshold = 8
Nov 30 15:33:22 ubuntu-phablet kernel: [    1.609765] raw min = 7000
Nov 30 15:33:22 ubuntu-phablet kernel: [    1.609781] raw max = 10000
Nov 30 15:33:22 ubuntu-phablet kernel: [    1.609797] key_num = 3
Nov 30 15:33:22 ubuntu-phablet kernel: [    1.609813] keymap[0] = 139
Nov 30 15:33:22 ubuntu-phablet kernel: [    1.609830] keypos[0] = 2
Nov 30 15:33:22 ubuntu-phablet kernel: [    1.609848] key[0]: 155 1317 10 50
Nov 30 15:33:22 ubuntu-phablet kernel: [    1.609866] keymap[1] = 102
Nov 30 15:33:22 ubuntu-phablet kernel: [    1.609883] keypos[1] = 6
Nov 30 15:33:22 ubuntu-phablet kernel: [    1.609900] key[1]: 355 1317 10 50
Nov 30 15:33:22 ubuntu-phablet kernel: [    1.609919] keymap[2] = 158
Nov 30 15:33:22 ubuntu-phablet kernel: [    1.609936] keypos[2] = 10
Nov 30 15:33:22 ubuntu-phablet kernel: [    1.609953] key[2]: 565 1317 10 50
Nov 30 15:33:22 ubuntu-phablet kernel: [    1.609971] key_num = 3
Nov 30 15:33:22 ubuntu-phablet kernel: [    1.609987] keymap[0] = 139
Nov 30 15:33:22 ubuntu-phablet kernel: [    1.610004] keypos[0] = 2
Nov 30 15:33:22 ubuntu-phablet kernel: [    1.610021] key[0]: 155 1319 10 50
Nov 30 15:33:22 ubuntu-phablet kernel: [    1.610040] keymap[1] = 102
Nov 30 15:33:22 ubuntu-phablet kernel: [    1.610056] keypos[1] = 6
Nov 30 15:33:22 ubuntu-phablet kernel: [    1.610074] key[1]: 355 1319 10 50
Nov 30 15:33:22 ubuntu-phablet kernel: [    1.610092] keymap[2] = 158
Nov 30 15:33:22 ubuntu-phablet kernel: [    1.610109] keypos[2] = 10
Nov 30 15:33:22 ubuntu-phablet kernel: [    1.610126] key[2]: 565 1319 10 50
Nov 30 15:33:22 ubuntu-phablet kernel: [    1.610145] key_num = 3
Nov 30 15:33:22 ubuntu-phablet kernel: [    1.610160] keymap[0] = 139
Nov 30 15:33:22 ubuntu-phablet kernel: [    1.610177] keypos[0] = 2
Nov 30 15:33:22 ubuntu-phablet kernel: [    1.610194] key[0]: 155 1319 10 50
Nov 30 15:33:22 ubuntu-phablet kernel: [    1.610213] keymap[1] = 102
Nov 30 15:33:22 ubuntu-phablet kernel: [    1.610230] keypos[1] = 6
Nov 30 15:33:22 ubuntu-phablet kernel: [    1.610247] key[1]: 355 1319 10 50
Nov 30 15:33:22 ubuntu-phablet kernel: [    1.610265] keymap[2] = 158
Nov 30 15:33:22 ubuntu-phablet kernel: [    1.610282] keypos[2] = 10
Nov 30 15:33:22 ubuntu-phablet kernel: [    1.610300] key[2]: 565 1319 10 50
Nov 30 15:33:22 ubuntu-phablet kernel: [    1.610318] key_num = 3
Nov 30 15:33:22 ubuntu-phablet kernel: [    1.610334] keymap[0] = 139
Nov 30 15:33:22 ubuntu-phablet kernel: [    1.610350] keypos[0] = 2
Nov 30 15:33:22 ubuntu-phablet kernel: [    1.610368] key[0]: 155 1319 10 50
Nov 30 15:33:22 ubuntu-phablet kernel: [    1.610386] keymap[1] = 102
Nov 30 15:33:22 ubuntu-phablet kernel: [    1.610403] keypos[1] = 6
Nov 30 15:33:22 ubuntu-phablet kernel: [    1.610420] key[1]: 355 1319 10 50
Nov 30 15:33:22 ubuntu-phablet kernel: [    1.610438] keymap[2] = 158
Nov 30 15:33:22 ubuntu-phablet kernel: [    1.610455] keypos[2] = 10
Nov 30 15:33:22 ubuntu-phablet kernel: [    1.610473] key[2]: 565 1319 10 50
Nov 30 15:33:22 ubuntu-phablet kernel: [    1.610492] firmare 0 chip = 0xa, vendor = 0x51 name = ft5316_firmware.fw
Nov 30 15:33:22 ubuntu-phablet kernel: [    1.826917] ft5x06_i2c 5-0038: firmware vendor is 51
Nov 30 15:33:22 ubuntu-phablet kernel: [    1.827060] ft5x06_i2c 5-0038: chip id = 0x14, found it!
Nov 30 15:33:22 ubuntu-phablet kernel: [    1.827192] ft5x06_i2c 5-0038: firmware name = ft5336_firmware_ofilm.fw
Nov 30 15:33:22 ubuntu-phablet kernel: [    1.827938] ft5x06_i2c 5-0038: firmware version is 0e
Nov 30 15:33:22 ubuntu-phablet kernel: [    1.829207] input: ft5x06 as /devices/f9927000.i2c/i2c-5/5-0038/input/input0
Nov 30 15:33:22 ubuntu-phablet kernel: [    1.831876] #### init for imagis #####
Nov 30 15:33:22 ubuntu-phablet kernel: [    1.836100] [ Imagis ] ist30xx_probe(), the i2c addr=0x50
Nov 30 15:33:22 ubuntu-phablet kernel: [    1.836469] ### reset gpio = 16 ####
Nov 30 15:33:22 ubuntu-phablet kernel: [    1.836593] ### irq gpio = 17 ####
Nov 30 15:33:22 ubuntu-phablet kernel: [    1.836690] ### max x = 720 ####
Nov 30 15:33:22 ubuntu-phablet kernel: [    1.836782] ### max y = 1280 ####
Nov 30 15:33:22 ubuntu-phablet kernel: [    1.836876] ### max w = 200 ####
Nov 30 15:33:22 ubuntu-phablet kernel: [    1.836968] ### key num = 3 ####
Nov 30 15:33:22 ubuntu-phablet kernel: [    1.837062] #### key [0] = 139 ####
Nov 30 15:33:22 ubuntu-phablet kernel: [    1.837160] #### key [1] = 102 ####
Nov 30 15:33:22 ubuntu-phablet kernel: [    1.837258] #### key [2] = 158 ####
Nov 30 15:33:22 ubuntu-phablet kernel: [    1.837388] gpio_request: gpio-17 (imagis_irq_gpio) status -16
Nov 30 15:33:22 ubuntu-phablet kernel: [    1.837436] [ Imagis ] irq gpio request failed!
Nov 30 15:33:22 ubuntu-phablet kernel: [    1.837561] [ Imagis ] Error, ist30xx mem free
Nov 30 15:33:22 ubuntu-phablet kernel: [    1.838957] IST30XX: probe of 5-0050 failed with error -16
Nov 30 15:33:22 ubuntu-phablet kernel: [    1.845409] using rtc device, qpnp_rtc, for alarms
Nov 30 15:33:22 ubuntu-phablet kernel: [    1.845618] qcom,qpnp-rtc qpnp-rtc-f1de3000: rtc core: registered qpnp_rtc as rtc0
Nov 30 15:33:22 ubuntu-phablet kernel: [    1.847238] i2c /dev entries driver
Nov 30 15:33:22 ubuntu-phablet kernel: [    1.855325] msm_vidc: 1: Failed to read qcom,load-freq-tbl from device tree
Nov 30 15:33:22 ubuntu-phablet kernel: [    1.855371] msm_vidc: 1: no elements in frequency table
Nov 30 15:33:22 ubuntu-phablet kernel: [    1.855414] msm_vidc: 1: Failed to read qcom,reg-presets from device tree
Nov 30 15:33:22 ubuntu-phablet kernel: [    1.855634] msm_vidc: 1: Failed to read qcom,buffer-type-tz-usage-table from device tree
Nov 30 15:33:22 ubuntu-phablet kernel: [    1.855713] msm_vidc: 1: Q6 hfi device probe called
Nov 30 15:33:22 ubuntu-phablet kernel: [    1.857673] msm_vidc: 1: debugfs_create_file: fail
Nov 30 15:33:22 ubuntu-phablet kernel: [    1.882810] Registered led device: flashlight
Nov 30 15:33:22 ubuntu-phablet kernel: [    1.884994] msm_eeprom_platform_probe MM data miss:1059
Nov 30 15:33:22 ubuntu-phablet kernel: [    1.885735] msm_eeprom_parse_memory_map: pageen not needed
Nov 30 15:33:22 ubuntu-phablet kernel: [    1.885842] msm_eeprom_parse_memory_map: pageen not needed
Nov 30 15:33:22 ubuntu-phablet kernel: [    1.886058] msm_eeprom_parse_memory_map: pageen not needed
Nov 30 15:33:22 ubuntu-phablet kernel: [    1.886522] msm_eeprom_parse_memory_map: pageen not needed
Nov 30 15:33:22 ubuntu-phablet kernel: [    1.886606] msm_eeprom_parse_memory_map: pageen not needed
Nov 30 15:33:22 ubuntu-phablet kernel: [    1.886686] msm_eeprom_parse_memory_map: pageen not needed
Nov 30 15:33:22 ubuntu-phablet kernel: [    1.886767] msm_eeprom_parse_memory_map: pageen not needed
Nov 30 15:33:22 ubuntu-phablet kernel: [    1.886849] msm_eeprom_parse_memory_map: pageen not needed
Nov 30 15:33:22 ubuntu-phablet kernel: [    1.886932] msm_eeprom_parse_memory_map: pageen not needed
Nov 30 15:33:22 ubuntu-phablet kernel: [    1.887015] msm_eeprom_parse_memory_map: pageen not needed
Nov 30 15:33:22 ubuntu-phablet kernel: [    1.887100] msm_eeprom_parse_memory_map: pageen not needed
Nov 30 15:33:22 ubuntu-phablet kernel: [    1.887186] msm_eeprom_parse_memory_map: pageen not needed
Nov 30 15:33:22 ubuntu-phablet kernel: [    1.887272] msm_eeprom_parse_memory_map: pageen not needed
Nov 30 15:33:22 ubuntu-phablet kernel: [    1.887360] msm_eeprom_parse_memory_map: pageen not needed
Nov 30 15:33:22 ubuntu-phablet kernel: [    1.887448] msm_eeprom_parse_memory_map: pageen not needed
Nov 30 15:33:22 ubuntu-phablet kernel: [    1.887537] msm_eeprom_parse_memory_map: pageen not needed
Nov 30 15:33:22 ubuntu-phablet kernel: [    1.887627] msm_eeprom_parse_memory_map: pageen not needed
Nov 30 15:33:22 ubuntu-phablet kernel: [    1.887718] msm_eeprom_parse_memory_map: pageen not needed
Nov 30 15:33:22 ubuntu-phablet kernel: [    1.887811] msm_eeprom_parse_memory_map: pageen not needed
Nov 30 15:33:22 ubuntu-phablet kernel: [    2.376110] h3lte_set_sensor_name: sensor_name = , is set = 0
Nov 30 15:33:22 ubuntu-phablet kernel: [    2.452002] msm_eeprom_platform_probe MM data miss:1059
Nov 30 15:33:22 ubuntu-phablet kernel: [    2.453215] msm_eeprom_parse_memory_map: pageen not needed
Nov 30 15:33:22 ubuntu-phablet kernel: [    2.907194] h3lte_set_sensor_name: sensor_name = ov5693_olq5f08, is set = 1
Nov 30 15:33:22 ubuntu-phablet kernel: [    2.953199] msm_sensor_driver_get_dt_data:809 Invalid sensor position
Nov 30 15:33:22 ubuntu-phablet kernel: [    2.953366] msm_sensor_driver_get_dt_data:818 Invalid sensor mode supported
Nov 30 15:33:22 ubuntu-phablet kernel: [    2.953544] g_sctrl[0] f103f200
Nov 30 15:33:22 ubuntu-phablet kernel: [    2.954452] msm_sensor_driver_get_dt_data:809 Invalid sensor position
Nov 30 15:33:22 ubuntu-phablet kernel: [    2.954631] msm_sensor_driver_get_dt_data:818 Invalid sensor mode supported
Nov 30 15:33:22 ubuntu-phablet kernel: [    2.954805] g_sctrl[1] f103f400
Nov 30 15:33:22 ubuntu-phablet kernel: [    2.967008] __msm_jpeg_init:951] Jpeg Device id 0
Nov 30 15:33:22 ubuntu-phablet kernel: [    2.997736] lirc_dev: IR Remote Control driver registered, major 236 
Nov 30 15:33:22 ubuntu-phablet kernel: [    2.997884] IR NEC protocol handler initialized
Nov 30 15:33:22 ubuntu-phablet kernel: [    2.997978] IR RC5(x) protocol handler initialized
Nov 30 15:33:22 ubuntu-phablet kernel: [    2.998073] IR RC6 protocol handler initialized
Nov 30 15:33:22 ubuntu-phablet kernel: [    2.998166] IR JVC protocol handler initialized
Nov 30 15:33:22 ubuntu-phablet kernel: [    2.998258] IR Sony protocol handler initialized
Nov 30 15:33:22 ubuntu-phablet kernel: [    2.998351] IR RC5 (streamzap) protocol handler initialized
Nov 30 15:33:22 ubuntu-phablet kernel: [    2.998455] IR SANYO protocol handler initialized
Nov 30 15:33:22 ubuntu-phablet kernel: [    2.998549] IR MCE Keyboard/mouse protocol handler initialized
Nov 30 15:33:22 ubuntu-phablet kernel: [    2.998656] IR LIRC bridge handler initialized
Nov 30 15:33:22 ubuntu-phablet kernel: [    2.999120] usbcore: registered new interface driver uvcvideo
Nov 30 15:33:22 ubuntu-phablet kernel: [    2.999232] USB Video Class driver (1.1.1)
Nov 30 15:33:22 ubuntu-phablet kernel: [    3.002666] Driver for 1-wire Dallas network protocol.
Nov 30 15:33:22 ubuntu-phablet kernel: [    3.004803] w1-gpio: w1_gpio_probe:gpio 439
Nov 30 15:33:22 ubuntu-phablet kernel: [    3.187048] BMS: qpnp_bms_init: QPNP BMS INIT
Nov 30 15:33:22 ubuntu-phablet kernel: [    3.187172] BMS: qpnp_bms_init: QPNP BMS INIT
Nov 30 15:33:22 ubuntu-phablet kernel: [    3.187302] spmi qpnp-bms-armani-f1ddfc00: Driver qcom,qpnp-bms-armani requests probe deferral
Nov 30 15:33:22 ubuntu-phablet kernel: [    3.187575] spmi qpnp-charger-armani-f1ddfa00: Driver qcom,qpnp-charger-armani requests probe deferral
Nov 30 15:33:22 ubuntu-phablet kernel: [    3.221761] qpnp_vadc_conv_seq_request: not a valid VADC channel
Nov 30 15:33:22 ubuntu-phablet kernel: [    3.221797] thermal_sys: failed to read out thermal zone 7
Nov 30 15:33:22 ubuntu-phablet kernel: [    3.222055] qpnp_vadc_conv_seq_request: not a valid VADC channel
Nov 30 15:33:22 ubuntu-phablet kernel: [    3.222085] thermal_sys: failed to read out thermal zone 8
Nov 30 15:33:22 ubuntu-phablet kernel: [    3.222812] device-mapper: uevent: version 1.0.3
Nov 30 15:33:22 ubuntu-phablet kernel: [    3.223264] device-mapper: ioctl: 4.22.0-ioctl (2011-10-19) initialised: dm-devel@redhat.com
Nov 30 15:33:22 ubuntu-phablet kernel: [    3.224063] cpuidle: using governor ladder
Nov 30 15:33:22 ubuntu-phablet kernel: [    3.224089] cpuidle: using governor menu
Nov 30 15:33:22 ubuntu-phablet kernel: [    3.224154] sdhci: Secure Digital Host Controller Interface driver
Nov 30 15:33:22 ubuntu-phablet kernel: [    3.224180] sdhci: Copyright(c) Pierre Ossman
Nov 30 15:33:22 ubuntu-phablet kernel: [    3.224892] sdhci-pltfm: SDHCI platform and OF driver helper
Nov 30 15:33:22 ubuntu-phablet kernel: [    3.229620] mmc0: no vmmc regulator found
Nov 30 15:33:22 ubuntu-phablet kernel: [    3.230779] Registered led device: mmc0::
Nov 30 15:33:22 ubuntu-phablet kernel: [    3.233181] mmc0: SDHCI controller on msm_sdcc.1 [msm_sdcc.1] using ADMA
Nov 30 15:33:22 ubuntu-phablet kernel: [    3.238052] mmc1: no vmmc regulator found
Nov 30 15:33:22 ubuntu-phablet kernel: [    3.239222] Registered led device: mmc1::
Nov 30 15:33:22 ubuntu-phablet kernel: [    3.240497] mmc1: SDHCI controller on msm_sdcc.2 [msm_sdcc.2] using ADMA
Nov 30 15:33:22 ubuntu-phablet kernel: [    3.241169] Registered led device: red
Nov 30 15:33:22 ubuntu-phablet kernel: [    3.241452] Registered led device: green
Nov 30 15:33:22 ubuntu-phablet kernel: [    3.241711] Registered led device: blue
Nov 30 15:33:22 ubuntu-phablet kernel: [    3.242505] Registered led device: wled:backlight
Nov 30 15:33:22 ubuntu-phablet kernel: [    3.242520] qcom,leds-qpnp leds-qpnp-f1de3200: bl: change to higher light 4095
Nov 30 15:33:22 ubuntu-phablet kernel: [    3.242578] qcom,leds-qpnp leds-qpnp-f1de3200: bl: change to analog 4095
Nov 30 15:33:22 ubuntu-phablet kernel: [    3.243776] qcom,leds-qpnp leds-qpnp-f1e02000: Regulator get failed(-517)
Nov 30 15:33:22 ubuntu-phablet kernel: [    3.243807] qcom,leds-qpnp leds-qpnp-f1e02000: Unable to read flash config data
Nov 30 15:33:22 ubuntu-phablet kernel: [    3.243854] spmi leds-qpnp-f1e02000: Driver qcom,leds-qpnp requests probe deferral
Nov 30 15:33:22 ubuntu-phablet kernel: [    3.247271] usbcore: registered new interface driver usbhid
Nov 30 15:33:22 ubuntu-phablet kernel: [    3.247300] usbhid: USB HID core driver
Nov 30 15:33:22 ubuntu-phablet kernel: [    3.248002] zram: Created 1 device(s) ...
Nov 30 15:33:22 ubuntu-phablet kernel: [    3.248801] ashmem: initialized
Nov 30 15:33:22 ubuntu-phablet kernel: [    3.248968] logger: created 1024K log 'log_main'
Nov 30 15:33:22 ubuntu-phablet kernel: [    3.249138] logger: created 1024K log 'log_events'
Nov 30 15:33:22 ubuntu-phablet kernel: [    3.249319] logger: created 1024K log 'log_radio'
Nov 30 15:33:22 ubuntu-phablet kernel: [    3.249490] logger: created 1024K log 'log_system'
Nov 30 15:33:22 ubuntu-phablet kernel: [    3.250266] sps:BAM 0xf9a44000 is registered.
Nov 30 15:33:22 ubuntu-phablet kernel: [    3.250294] usb_bam_ipa_create_resources: Failed to create USB_PROD resource
Nov 30 15:33:22 ubuntu-phablet kernel: [    3.250790] PMIC@SID0 Power-on reason: Triggered from KPD (power key press) and 'warm' boot
Nov 30 15:33:22 ubuntu-phablet kernel: [    3.251155] input: qpnp_pon as /devices/virtual/input/input1
Nov 30 15:33:22 ubuntu-phablet kernel: [    3.252444] PMIC@SID0: PM8226 v2.1 options: 0, 0, 2, 2
Nov 30 15:33:22 ubuntu-phablet kernel: [    3.252900] coresight-fuse fc4be024.fuse: Fuse initialized
Nov 30 15:33:22 ubuntu-phablet kernel: [    3.253657] coresight-cti fc308000.cti: CTI initialized
Nov 30 15:33:22 ubuntu-phablet kernel: [    3.253859] coresight-cti fc309000.cti: CTI initialized
Nov 30 15:33:22 ubuntu-phablet kernel: [    3.254069] coresight-cti fc30a000.cti: CTI initialized
Nov 30 15:33:22 ubuntu-phablet kernel: [    3.254270] coresight-cti fc30b000.cti: CTI initialized
Nov 30 15:33:22 ubuntu-phablet kernel: [    3.254502] coresight-cti fc30c000.cti: CTI initialized
Nov 30 15:33:22 ubuntu-phablet kernel: [    3.254705] coresight-cti fc30d000.cti: CTI initialized
Nov 30 15:33:22 ubuntu-phablet kernel: [    3.254918] coresight-cti fc30e000.cti: CTI initialized
Nov 30 15:33:22 ubuntu-phablet kernel: [    3.255119] coresight-cti fc30f000.cti: CTI initialized
Nov 30 15:33:22 ubuntu-phablet kernel: [    3.255331] coresight-cti fc310000.cti: CTI initialized
Nov 30 15:33:22 ubuntu-phablet kernel: [    3.255541] coresight-cti fc340000.cti: CTI initialized
Nov 30 15:33:22 ubuntu-phablet kernel: [    3.255754] coresight-cti fc341000.cti: CTI initialized
Nov 30 15:33:22 ubuntu-phablet kernel: [    3.256016] coresight-cti fc342000.cti: CTI initialized
Nov 30 15:33:22 ubuntu-phablet kernel: [    3.256233] coresight-cti fc343000.cti: CTI initialized
Nov 30 15:33:22 ubuntu-phablet kernel: [    3.256472] coresight-cti fc344000.cti: CTI initialized
Nov 30 15:33:22 ubuntu-phablet kernel: [    3.256688] coresight-cti fc348000.cti: CTI initialized
Nov 30 15:33:22 ubuntu-phablet kernel: [    3.256883] coresight-cti fc34d000.cti: CTI initialized
Nov 30 15:33:22 ubuntu-phablet kernel: [    3.257087] coresight-cti fc350000.cti: CTI initialized
Nov 30 15:33:22 ubuntu-phablet kernel: [    3.257282] coresight-cti fc354000.cti: CTI initialized
Nov 30 15:33:22 ubuntu-phablet kernel: [    3.257489] coresight-cti fc358000.cti: CTI initialized
Nov 30 15:33:22 ubuntu-phablet kernel: [    3.258248] coresight-csr fc302000.csr: CSR initialized
Nov 30 15:33:22 ubuntu-phablet kernel: [    3.261408] coresight-tmc fc322000.tmc: Byte Counter feature enabled
Nov 30 15:33:22 ubuntu-phablet kernel: [    3.261503] sps:BAM 0xfc37c000 is registered.
Nov 30 15:33:22 ubuntu-phablet kernel: [    3.261892] coresight-tmc fc322000.tmc: TMC initialized
Nov 30 15:33:22 ubuntu-phablet kernel: [    3.262488] coresight-tmc fc307000.tmc: TMC initialized
Nov 30 15:33:22 ubuntu-phablet kernel: [    3.263563] coresight-tpiu fc318000.tpiu: seta gpios not specified
Nov 30 15:33:22 ubuntu-phablet kernel: [    3.263595] coresight-tpiu fc318000.tpiu: setb gpios not specified
Nov 30 15:33:22 ubuntu-phablet kernel: [    3.263733] coresight-tpiu fc318000.tpiu: TPIU initialized
Nov 30 15:33:22 ubuntu-phablet kernel: [    3.264503] coresight-funnel fc31b000.funnel: FUNNEL initialized
Nov 30 15:33:22 ubuntu-phablet kernel: [    3.264694] coresight-funnel fc319000.funnel: FUNNEL initialized
Nov 30 15:33:22 ubuntu-phablet kernel: [    3.264894] coresight-funnel fc31a000.funnel: FUNNEL initialized
Nov 30 15:33:22 ubuntu-phablet kernel: [    3.265085] coresight-funnel fc345000.funnel: FUNNEL initialized
Nov 30 15:33:22 ubuntu-phablet kernel: [    3.265285] coresight-funnel fc364000.funnel: FUNNEL initialized
Nov 30 15:33:22 ubuntu-phablet kernel: [    3.266079] coresight-replicator fc31c000.replicator: REPLICATOR initialized
Nov 30 15:33:22 ubuntu-phablet kernel: [    3.267021] coresight-stm fc321000.stm: STM initialized
Nov 30 15:33:22 ubuntu-phablet kernel: [    3.267798] coresight-hwevent fd828018.hwevent: Hardware Event driver initialized
Nov 30 15:33:22 ubuntu-phablet kernel: [    3.268756] coresight-etm fc33c000.etm: ETM initialized
Nov 30 15:33:22 ubuntu-phablet kernel: [    3.269139] coresight-etm fc33d000.etm: ETM initialized
Nov 30 15:33:22 ubuntu-phablet kernel: [    3.269558] coresight-etm fc33e000.etm: ETM initialized
Nov 30 15:33:22 ubuntu-phablet kernel: [    3.269945] coresight-etm fc33f000.etm: ETM initialized
Nov 30 15:33:22 ubuntu-phablet kernel: [    3.270724] coresight-audio-etm audio_etm0.24: Audio ETM initialized
Nov 30 15:33:22 ubuntu-phablet kernel: [    3.271461] coresight-modem-etm modem_etm0.25: Modem ETM initialized
Nov 30 15:33:22 ubuntu-phablet kernel: [    3.272199] coresight-wcn-etm wcn_etm0.26: Wireless ETM initialized
Nov 30 15:33:22 ubuntu-phablet kernel: [    3.272928] coresight-rpm-etm rpm_etm0.27: RPM ETM initialized
Nov 30 15:33:22 ubuntu-phablet kernel: [    3.273847] usbcore: registered new interface driver snd-usb-audio
Nov 30 15:33:22 ubuntu-phablet kernel: [    3.289079] msm-compr-dsp msm-compr-dsp: msm_compr_probe: dev name msm-compr-dsp
Nov 30 15:33:22 ubuntu-phablet kernel: [    3.290014] msm-pcm-lpa msm-pcm-lpa: msm_pcm_probe: dev name msm-pcm-lpa
Nov 30 15:33:22 ubuntu-phablet kernel: [    3.291301] platform qcom,msm-voip-dsp.49: Driver msm-voip-dsp requests probe deferral
Nov 30 15:33:22 ubuntu-phablet kernel: [    3.291959] platform qcom,msm-pcm-voice.50: Driver msm-pcm-voice requests probe deferral
Nov 30 15:33:22 ubuntu-phablet kernel: [    3.297463] platform sound.42: Driver msm8226-asoc-tapan requests probe deferral
Nov 30 15:33:22 ubuntu-phablet kernel: [    3.298040] GACT probability NOT on
Nov 30 15:33:22 ubuntu-phablet kernel: [    3.298073] Mirror/redirect action on
Nov 30 15:33:22 ubuntu-phablet kernel: [    3.298097] u32 classifier
Nov 30 15:33:22 ubuntu-phablet kernel: [    3.298113]     Actions configured
Nov 30 15:33:22 ubuntu-phablet kernel: [    3.298375] TCP: cubic registered
Nov 30 15:33:22 ubuntu-phablet kernel: [    3.299364] NET: Registered protocol family 10
Nov 30 15:33:22 ubuntu-phablet kernel: [    3.302698] Mobile IPv6
Nov 30 15:33:22 ubuntu-phablet kernel: [    3.302724] IPv6 over IPv4 tunneling driver
Nov 30 15:33:22 ubuntu-phablet kernel: [    3.304042] NET: Registered protocol family 17
Nov 30 15:33:22 ubuntu-phablet kernel: [    3.304165] Bridge firewalling registered
Nov 30 15:33:22 ubuntu-phablet kernel: [    3.304200] Ebtables v2.0 registered
Nov 30 15:33:22 ubuntu-phablet kernel: [    3.304465] Bluetooth: RFCOMM TTY layer initialized
Nov 30 15:33:22 ubuntu-phablet kernel: [    3.304508] Bluetooth: RFCOMM socket layer initialized
Nov 30 15:33:22 ubuntu-phablet kernel: [    3.304533] Bluetooth: RFCOMM ver 1.11
Nov 30 15:33:22 ubuntu-phablet kernel: [    3.304555] Bluetooth: BNEP (Ethernet Emulation) ver 1.3
Nov 30 15:33:22 ubuntu-phablet kernel: [    3.304579] Bluetooth: BNEP filters: protocol multicast
Nov 30 15:33:22 ubuntu-phablet kernel: [    3.304605] Bluetooth: HIDP (Human Interface Emulation) ver 1.2
Nov 30 15:33:22 ubuntu-phablet kernel: [    3.304715] Registering the dns_resolver key type
Nov 30 15:33:22 ubuntu-phablet kernel: [    3.305251] VFP support v0.3: implementor 41 architecture 2 part 30 variant 7 rev 3
Nov 30 15:33:22 ubuntu-phablet kernel: [    3.305320] Registering SWP/SWPB emulation handler
Nov 30 15:33:22 ubuntu-phablet kernel: [    3.315727] registered taskstats version 1
Nov 30 15:33:22 ubuntu-phablet kernel: [    3.327494] mmc0: BKOPS_EN bit = 0
Nov 30 15:33:22 ubuntu-phablet kernel: [    3.335060] mmc0: new HS200 MMC card at address 0001
Nov 30 15:33:22 ubuntu-phablet kernel: [    3.335535] AppArmor: AppArmor sha1 policy hashing enabled
Nov 30 15:33:22 ubuntu-phablet kernel: [    3.336296] mmcblk0: mmc0:0001 M8G1GC 7.28 GiB 
Nov 30 15:33:22 ubuntu-phablet kernel: [    3.336973] platform sound.42: Driver msm8226-asoc-tapan requests probe deferral
Nov 30 15:33:22 ubuntu-phablet kernel: [    3.337135] mmcblk0rpmb: mmc0:0001 M8G1GC partition 3 512 KiB
Nov 30 15:33:22 ubuntu-phablet kernel: [    3.338234] qcom,leds-qpnp leds-qpnp-f1e02000: Regulator get failed(-517)
Nov 30 15:33:22 ubuntu-phablet kernel: [    3.338271] qcom,leds-qpnp leds-qpnp-f1e02000: Unable to read flash config data
Nov 30 15:33:22 ubuntu-phablet kernel: [    3.338321] spmi leds-qpnp-f1e02000: Driver qcom,leds-qpnp requests probe deferral
Nov 30 15:33:22 ubuntu-phablet kernel: [    3.338615] bq2022: w1_bq2022_battery_id: pseduo_info:0x10139463
Nov 30 15:33:22 ubuntu-phablet kernel: [    3.338672] gpio_set_debounce: gpio-108 status -22
Nov 30 15:33:22 ubuntu-phablet kernel: [    3.338754] chg:qpnp_chg_vbatdet_set: voltage=4320 setting 36
Nov 30 15:33:22 ubuntu-phablet kernel: [    3.339066] gpio_set_debounce: gpio-107 status -22
Nov 30 15:33:22 ubuntu-phablet kernel: [    3.339202] Alternate GPT is invalid, using primary GPT.
Nov 30 15:33:22 ubuntu-phablet kernel: [    3.339261] gpio_set_debounce: gpio-106 status -22
Nov 30 15:33:22 ubuntu-phablet kernel: [    3.339323] batfet: 
Nov 30 15:33:22 ubuntu-phablet kernel: [    3.339335]  mmcblk0: p1 p2 p3 p4 p5 p6 p7 p8 p9 p10 p11 p12 p13 p14 p15 p16 p17 p18 p19 p20 p21 p22 p23 p24 p25 p26 p27 p28 p29
Nov 30 15:33:22 ubuntu-phablet kernel: [    3.339716] 8226_smbbp_boost: 5000 mV 
Nov 30 15:33:22 ubuntu-phablet kernel: [    3.339785] input: gpio-keys as /devices/gpio_keys.75/input/input2
Nov 30 15:33:22 ubuntu-phablet kernel: [    3.340168] 8226_smbbp_otg: 
Nov 30 15:33:22 ubuntu-phablet kernel: [    3.340221] 8226_smbbp_otg: supplied by 8226_smbbp_boost
Nov 30 15:33:22 ubuntu-phablet kernel: [    3.340550] qcom,qpnp-rtc qpnp-rtc-f1de3000: setting system clock to 2015-11-30 15:33:14 UTC (1448897594)
Nov 30 15:33:22 ubuntu-phablet kernel: [    3.341556] msm_thermal: Interrupt mode init
Nov 30 15:33:22 ubuntu-phablet kernel: [    3.342555] clock_late_init: Removing enables held for handed-off clocks
Nov 30 15:33:22 ubuntu-phablet kernel: [    3.347096] ALSA device list:
Nov 30 15:33:22 ubuntu-phablet kernel: [    3.347120]   No soundcards found.
Nov 30 15:33:22 ubuntu-phablet kernel: [    3.347481] Freeing init memory: 200K
Nov 30 15:33:22 ubuntu-phablet kernel: [    3.358173] chg:qpnp_chg_vddmax_and_trim_set: voltage=4350+0 setting vddmax: 6f, trim: 00
Nov 30 15:33:22 ubuntu-phablet kernel: [    3.359289] chg:qpnp_chg_usb_chg_gone_irq_handler: chg_gone triggered, usb 1 3
Nov 30 15:33:22 ubuntu-phablet kernel: [    3.359357] chg:qpnp_chg_usb_usbin_valid_irq_handler: usbin-valid triggered: 1 host_mode: 0
Nov 30 15:33:22 ubuntu-phablet kernel: [    3.359446] chg:qpnp_chg_vddmax_and_trim_set: voltage=4350+0 setting vddmax: 6f, trim: 00
Nov 30 15:33:22 ubuntu-phablet kernel: [    3.359503] chg:qpnp_chg_dc_dcin_valid_irq_handler: dcin-valid triggered: 0
Nov 30 15:33:22 ubuntu-phablet kernel: [    3.359591] chg:qpnp_charger_probe: success chg_dis = 0, bpd = 1, usb = 1, dc = 0 b_health = 1 batt_present = 1
Nov 30 15:33:22 ubuntu-phablet kernel: [    3.360133] bq2022: w1_bq2022_battery_id: pseduo_info:0x10139463
Nov 30 15:33:22 ubuntu-phablet kernel: [    3.360328] BMS: read_shutdown_soc: stored soc = 0x42, shutdown_soc = 32
Nov 30 15:33:22 ubuntu-phablet kernel: [    3.369062] exe used greatest stack depth: 5676 bytes left
Nov 30 15:33:22 ubuntu-phablet kernel: [    3.378327] exe used greatest stack depth: 5348 bytes left
Nov 30 15:33:22 ubuntu-phablet kernel: [    3.410533] BMS: read_soc_params_raw: PON_OCV_UV = 3823976, cc = 84ac
Nov 30 15:33:22 ubuntu-phablet kernel: [    3.410586] BMS: read_soc_params_raw: OCV is stale or bad, estimating new OCV.
Nov 30 15:33:22 ubuntu-phablet kernel: [    3.410633] BMS: read_saved_instant_ocv: read instant ocv 3776 reg 5e
Nov 30 15:33:22 ubuntu-phablet kernel: [    3.415285] BMS: estimate_ocv: estimated pon ocv = 3769913 i934642 v3636828 r167 d23000
Nov 30 15:33:22 ubuntu-phablet kernel: [    3.415325] BMS: read_soc_params_raw: instant ocv 3776 estimated 3769
Nov 30 15:33:22 ubuntu-phablet kernel: [    3.415508] BMS: read_soc_params_raw: New PON_OCV_UV = 3776000, cc = 84ac
Nov 30 15:33:22 ubuntu-phablet kernel: [    3.447240] BMS: load_shutdown_data: raw_soc = 31 shutdown_soc = 32 shutdown_iavg = 250 shutdown_soc_invalid = 0, battery_removed = 0
Nov 30 15:33:22 ubuntu-phablet kernel: [    3.447448] BMS: setup_vbat_monitoring: set low thr to 3420000 and high to 4330000
Nov 30 15:33:22 ubuntu-phablet kernel: [    3.462951] BMS: refresh_die_temp_monitor: low = 48339, high = 58339
Nov 30 15:33:22 ubuntu-phablet kernel: [    3.530171] BMS: adjust_soc: s 32 i 957577 v 3637416 ocv 3776000 rbatt 153 uuc 61620 cc 23 r 698360 t 392
Nov 30 15:33:22 ubuntu-phablet kernel: [    3.589033] BMS: adjust_soc: s 32 i 969914 v 3636237 ocv 3776000 rbatt 153 uuc 61620 cc 31 r 698360 t 392
Nov 30 15:33:22 ubuntu-phablet kernel: [    3.663177] chg:get_prop_capacity: resuming charging at 32% soc
Nov 30 15:33:22 ubuntu-phablet kernel: [    3.663230] chg:qpnp_chg_vbatdet_set: voltage=4380 setting 39
Nov 30 15:33:22 ubuntu-phablet kernel: [    3.677285] mmc1: new high speed SDHC card at address b368
Nov 30 15:33:22 ubuntu-phablet kernel: [    3.678184] mmcblk1: mmc1:b368 NCard 7.48 GiB 
Nov 30 15:33:22 ubuntu-phablet kernel: [    3.680186]  mmcblk1: p1 p2
Nov 30 15:33:22 ubuntu-phablet kernel: [    3.694723] BMS: qpnp_bms_probe: probe success: soc =32 vbatt = 3648566 ocv = 3776000 r_sense_uohm = 10000 warm_reset = 1
Nov 30 15:33:22 ubuntu-phablet kernel: [    3.696215] platform sound.42: Driver msm8226-asoc-tapan requests probe deferral
Nov 30 15:33:22 ubuntu-phablet kernel: [    3.697006] Registered led device: led:flash_0
Nov 30 15:33:22 ubuntu-phablet kernel: [    3.697491] msm_otg f9a55000.usb: phy_reset: success
Nov 30 15:33:22 ubuntu-phablet kernel: [    3.697587] Registered led device: led:flash_1
Nov 30 15:33:22 ubuntu-phablet kernel: [    3.697830] Registered led device: led:flash_torch
Nov 30 15:33:22 ubuntu-phablet kernel: [    3.698736] platform sound.42: Driver msm8226-asoc-tapan requests probe deferral
Nov 30 15:33:22 ubuntu-phablet kernel: [    3.939474] msm_hsusb msm_hsusb: CI13XXX_CONTROLLER_RESET_EVENT received
Nov 30 15:33:22 ubuntu-phablet kernel: [    3.953918] udev used greatest stack depth: 4708 bytes left
Nov 30 15:33:22 ubuntu-phablet kernel: [    4.319944] cpr_irq_handler: IRQ_STATUS = 0x05
Nov 30 15:33:22 ubuntu-phablet kernel: [    4.319992] cpr_scale: last_volt[corner:6, fuse_corner:3] = 1290000 uV
Nov 30 15:33:22 ubuntu-phablet kernel: [    4.320035] cpr_scale: Down: cpr status = 0x00005d31 (error_steps=12)
Nov 30 15:33:22 ubuntu-phablet kernel: [    4.320076] cpr_scale: 12 is over down-limit(1): Clamp
Nov 30 15:33:22 ubuntu-phablet kernel: [    4.320135] cpr_scale: DOWN: -> new_volt[corner:6, fuse_corner:3] = 1280000 uV
Nov 30 15:33:22 ubuntu-phablet kernel: [    4.330199] cpr_irq_handler: IRQ_STATUS = 0x05
Nov 30 15:33:22 ubuntu-phablet kernel: [    4.330239] cpr_scale: last_volt[corner:6, fuse_corner:3] = 1280000 uV
Nov 30 15:33:22 ubuntu-phablet kernel: [    4.330281] cpr_scale: Down: cpr status = 0x000059fd (error_steps=15)
Nov 30 15:33:22 ubuntu-phablet kernel: [    4.330321] cpr_scale: 15 is over down-limit(1): Clamp
Nov 30 15:33:22 ubuntu-phablet kernel: [    4.330376] cpr_scale: DOWN: -> new_volt[corner:6, fuse_corner:3] = 1270000 uV
Nov 30 15:33:22 ubuntu-phablet kernel: [    4.342776] cpr_irq_handler: IRQ_STATUS = 0x05
Nov 30 15:33:22 ubuntu-phablet kernel: [    4.342858] cpr_scale: last_volt[corner:4, fuse_corner:2] = 1150000 uV
Nov 30 15:33:22 ubuntu-phablet kernel: [    4.342936] cpr_scale: Down: cpr status = 0x000053ad (error_steps=11)
Nov 30 15:33:22 ubuntu-phablet kernel: [    4.343009] cpr_scale: 11 is over down-limit(1): Clamp
Nov 30 15:33:22 ubuntu-phablet kernel: [    4.343113] cpr_scale: DOWN: -> new_volt[corner:4, fuse_corner:2] = 1140000 uV
Nov 30 15:33:22 ubuntu-phablet kernel: [    4.774311] initrd: checking filesystem integrity for the userdata partition
Nov 30 15:33:22 ubuntu-phablet kernel: [    4.782302] EXT3-fs (mmcblk0p29): error: couldn't mount because of unsupported optional features (40)
Nov 30 15:33:22 ubuntu-phablet kernel: [    4.787047] EXT2-fs (mmcblk0p29): error: couldn't mount because of unsupported optional features (40)
Nov 30 15:33:22 ubuntu-phablet kernel: [    4.801271] EXT4-fs (mmcblk0p29): mounted filesystem with ordered data mode. Opts: errors=remount-ro
Nov 30 15:33:22 ubuntu-phablet kernel: [    4.839275] initrd: checking filesystem for userdata took (including e2fsck) 0 seconds
Nov 30 15:33:22 ubuntu-phablet kernel: [    4.859827] initrd: mounting /dev/mmcblk0p29
Nov 30 15:33:22 ubuntu-phablet kernel: [    4.866501] EXT3-fs (mmcblk0p29): error: unrecognized mount option "discard" or missing value
Nov 30 15:33:22 ubuntu-phablet kernel: [    4.886827] EXT4-fs: Warning: mounting with data=journal disables delayed allocation and O_DIRECT support!
Nov 30 15:33:22 ubuntu-phablet kernel: [    4.891137] EXT4-fs (mmcblk0p29): mounted filesystem with journalled data mode. Opts: discard,data=journal
Nov 30 15:33:22 ubuntu-phablet kernel: [    4.895710] initrd: boot mode: ubuntu
Nov 30 15:33:22 ubuntu-phablet kernel: [    4.918831] initrd: mounting system.img (user mode)
Nov 30 15:33:22 ubuntu-phablet kernel: [    4.944634] initrd: mounting device image as ro
Nov 30 15:33:22 ubuntu-phablet kernel: [    4.954637] EXT3-fs (loop1): error: couldn't mount because of unsupported optional features (40)
Nov 30 15:33:22 ubuntu-phablet kernel: [    4.956619] EXT2-fs (loop1): error: couldn't mount because of unsupported optional features (40)
Nov 30 15:33:22 ubuntu-phablet kernel: [    4.977679] EXT4-fs (loop1): mounted filesystem with ordered data mode. Opts: (null)
Nov 30 15:33:22 ubuntu-phablet kernel: [    4.989471] initrd: device is armani
Nov 30 15:33:22 ubuntu-phablet kernel: [    5.196308] cpr_irq_handler: IRQ_STATUS = 0x05
Nov 30 15:33:22 ubuntu-phablet kernel: [    5.196361] cpr_scale: last_volt[corner:5, fuse_corner:3] = 1290000 uV
Nov 30 15:33:22 ubuntu-phablet kernel: [    5.196409] cpr_scale: Down: cpr status = 0x000069f9 (error_steps=14)
Nov 30 15:33:22 ubuntu-phablet kernel: [    5.196453] cpr_scale: 14 is over down-limit(1): Clamp
Nov 30 15:33:22 ubuntu-phablet kernel: [    5.196519] cpr_scale: DOWN: -> new_volt[corner:5, fuse_corner:3] = 1280000 uV
Nov 30 15:33:22 ubuntu-phablet kernel: [    5.206592] cpr_irq_handler: IRQ_STATUS = 0x05
Nov 30 15:33:22 ubuntu-phablet kernel: [    5.206640] cpr_scale: last_volt[corner:5, fuse_corner:3] = 1280000 uV
Nov 30 15:33:22 ubuntu-phablet kernel: [    5.206687] cpr_scale: Down: cpr status = 0x0000677d (error_steps=15)
Nov 30 15:33:22 ubuntu-phablet kernel: [    5.206732] cpr_scale: 15 is over down-limit(1): Clamp
Nov 30 15:33:22 ubuntu-phablet kernel: [    5.206794] cpr_scale: DOWN: -> new_volt[corner:5, fuse_corner:3] = 1270000 uV
Nov 30 15:33:22 ubuntu-phablet kernel: [    5.216917] cpr_irq_handler: IRQ_STATUS = 0x05
Nov 30 15:33:22 ubuntu-phablet kernel: [    5.216965] cpr_scale: last_volt[corner:5, fuse_corner:3] = 1270000 uV
Nov 30 15:33:22 ubuntu-phablet kernel: [    5.217012] cpr_scale: Down: cpr status = 0x000063bd (error_steps=15)
Nov 30 15:33:22 ubuntu-phablet kernel: [    5.217056] cpr_scale: 15 is over down-limit(1): Clamp
Nov 30 15:33:22 ubuntu-phablet kernel: [    5.217119] cpr_scale: DOWN: -> new_volt[corner:5, fuse_corner:3] = 1260000 uV
Nov 30 15:33:22 ubuntu-phablet kernel: [    5.356279] cpr_irq_handler: IRQ_STATUS = 0x05
Nov 30 15:33:22 ubuntu-phablet kernel: [    5.356332] cpr_scale: last_volt[corner:5, fuse_corner:3] = 1260000 uV
Nov 30 15:33:22 ubuntu-phablet kernel: [    5.356379] cpr_scale: Down: cpr status = 0x00006031 (error_steps=12)
Nov 30 15:33:22 ubuntu-phablet kernel: [    5.356424] cpr_scale: 12 is over down-limit(1): Clamp
Nov 30 15:33:22 ubuntu-phablet kernel: [    5.356488] cpr_scale: DOWN: -> new_volt[corner:5, fuse_corner:3] = 1250000 uV
Nov 30 15:33:22 ubuntu-phablet kernel: [    5.376257] cpr_irq_handler: IRQ_STATUS = 0x05
Nov 30 15:33:22 ubuntu-phablet kernel: [    5.376305] cpr_scale: last_volt[corner:6, fuse_corner:3] = 1270000 uV
Nov 30 15:33:22 ubuntu-phablet kernel: [    5.376348] cpr_scale: Down: cpr status = 0x0000552d (error_steps=11)
Nov 30 15:33:22 ubuntu-phablet kernel: [    5.376389] cpr_scale: 11 is over down-limit(1): Clamp
Nov 30 15:33:22 ubuntu-phablet kernel: [    5.376448] cpr_scale: DOWN: -> new_volt[corner:6, fuse_corner:3] = 1260000 uV
Nov 30 15:33:22 ubuntu-phablet kernel: [    5.386535] cpr_irq_handler: IRQ_STATUS = 0x05
Nov 30 15:33:22 ubuntu-phablet kernel: [    5.386580] cpr_scale: last_volt[corner:6, fuse_corner:3] = 1260000 uV
Nov 30 15:33:22 ubuntu-phablet kernel: [    5.386623] cpr_scale: Down: cpr status = 0x000051f5 (error_steps=13)
Nov 30 15:33:22 ubuntu-phablet kernel: [    5.386663] cpr_scale: 13 is over down-limit(1): Clamp
Nov 30 15:33:22 ubuntu-phablet kernel: [    5.386722] cpr_scale: DOWN: -> new_volt[corner:6, fuse_corner:3] = 1250000 uV
Nov 30 15:33:22 ubuntu-phablet kernel: [    5.396825] cpr_irq_handler: IRQ_STATUS = 0x05
Nov 30 15:33:22 ubuntu-phablet kernel: [    5.396881] cpr_scale: last_volt[corner:6, fuse_corner:3] = 1250000 uV
Nov 30 15:33:22 ubuntu-phablet kernel: [    5.396925] cpr_scale: Down: cpr status = 0x00004cfd (error_steps=15)
Nov 30 15:33:22 ubuntu-phablet kernel: [    5.396965] cpr_scale: 15 is over down-limit(1): Clamp
Nov 30 15:33:22 ubuntu-phablet kernel: [    5.397029] cpr_scale: DOWN: -> new_volt[corner:6, fuse_corner:3] = 1240000 uV
Nov 30 15:33:22 ubuntu-phablet kernel: [    5.407114] cpr_irq_handler: IRQ_STATUS = 0x05
Nov 30 15:33:22 ubuntu-phablet kernel: [    5.407166] cpr_scale: last_volt[corner:6, fuse_corner:3] = 1240000 uV
Nov 30 15:33:22 ubuntu-phablet kernel: [    5.407209] cpr_scale: Down: cpr status = 0x000048fd (error_steps=15)
Nov 30 15:33:22 ubuntu-phablet kernel: [    5.407250] cpr_scale: 15 is over down-limit(1): Clamp
Nov 30 15:33:22 ubuntu-phablet kernel: [    5.407314] cpr_scale: DOWN: -> new_volt[corner:6, fuse_corner:3] = 1230000 uV
Nov 30 15:33:22 ubuntu-phablet kernel: [    5.417400] cpr_irq_handler: IRQ_STATUS = 0x05
Nov 30 15:33:22 ubuntu-phablet kernel: [    5.417452] cpr_scale: last_volt[corner:6, fuse_corner:3] = 1230000 uV
Nov 30 15:33:22 ubuntu-phablet kernel: [    5.417496] cpr_scale: Down: cpr status = 0x000044fd (error_steps=15)
Nov 30 15:33:22 ubuntu-phablet kernel: [    5.417543] cpr_scale: 15 is over down-limit(1): Clamp
Nov 30 15:33:22 ubuntu-phablet kernel: [    5.417606] cpr_scale: DOWN: -> new_volt[corner:6, fuse_corner:3] = 1220000 uV
Nov 30 15:33:22 ubuntu-phablet kernel: [    7.365429] init used greatest stack depth: 4592 bytes left
Nov 30 15:33:22 ubuntu-phablet kernel: [    7.688653] initrd: checking fstab /root/var/lib/lxc/android/rootfs/fstab* for additional mount points
Nov 30 15:33:22 ubuntu-phablet kernel: [    7.764960] initrd: checking mount label cache
Nov 30 15:33:22 ubuntu-phablet kernel: [    7.766718] initrd: mounting /dev/disk/by-partlabel/cache as /root/android//cache
Nov 30 15:33:22 ubuntu-phablet kernel: [    7.845921] EXT4-fs (mmcblk0p28): mounted filesystem with ordered data mode. Opts: barrier=1
Nov 30 15:33:22 ubuntu-phablet kernel: [    7.955418] initrd: checking mount label persist
Nov 30 15:33:22 ubuntu-phablet kernel: [    7.961900] initrd: mounting /dev/disk/by-partlabel/persist as /root/android//persist
Nov 30 15:33:22 ubuntu-phablet kernel: [    8.125871] EXT4-fs (mmcblk0p26): warning: maximal mount count reached, running e2fsck is recommended
Nov 30 15:33:22 ubuntu-phablet kernel: [    8.164495] EXT4-fs (mmcblk0p26): recovery complete
Nov 30 15:33:22 ubuntu-phablet kernel: [    8.321248] EXT4-fs (mmcblk0p26): mounted filesystem with ordered data mode. Opts: barrier=1
Nov 30 15:33:22 ubuntu-phablet kernel: [    8.366245] chg:qpnp_invalid_charger_work: qpnp_invalid_charger_work usb 1 batt 1 status 2 usb online 0
Nov 30 15:33:22 ubuntu-phablet kernel: [    8.366621] chg:qpnp_chg_iusbmax_set: mA 500
Nov 30 15:33:22 ubuntu-phablet kernel: [    8.366819] ft5x06_i2c 5-0038: Power state changed, set noise filter to 0x1
Nov 30 15:33:22 ubuntu-phablet kernel: [    8.366917] chg:qpnp_chg_chgr_chg_fastchg_irq_handler: FAST_CHG IRQ triggered
Nov 30 15:33:22 ubuntu-phablet kernel: [    8.367011] chg:qpnp_chg_vbatdet_set: voltage=4320 setting 36
Nov 30 15:33:22 ubuntu-phablet kernel: [    8.405353] initrd: checking mount label modem
Nov 30 15:33:22 ubuntu-phablet kernel: [    8.413389] initrd: mounting /dev/disk/by-partlabel/modem as /root/android//firmware
Nov 30 15:33:22 ubuntu-phablet kernel: [    8.458663] BMS: adjust_soc: s 32 i -26865 v 3750294 ocv 3776000 rbatt 153 uuc 61620 cc 1048 r 698360 t 391
Nov 30 15:33:22 ubuntu-phablet kernel: [    8.531842] initrd: checking mount label boot
Nov 30 15:33:22 ubuntu-phablet kernel: [    8.538548] initrd: mounting /dev/disk/by-partlabel/boot as /root/android//boot
Nov 30 15:33:22 ubuntu-phablet kernel: [    8.637299] initrd: checking mount label recovery
Nov 30 15:33:22 ubuntu-phablet kernel: [    8.643428] initrd: mounting /dev/disk/by-partlabel/recovery as /root/android//recovery
Nov 30 15:33:22 ubuntu-phablet kernel: [    8.676981] cpr_irq_handler: IRQ_STATUS = 0x05
Nov 30 15:33:22 ubuntu-phablet kernel: [    8.677140] cpr_scale: last_volt[corner:4, fuse_corner:2] = 1140000 uV
Nov 30 15:33:22 ubuntu-phablet kernel: [    8.677231] cpr_scale: Down: cpr status = 0x00005129 (error_steps=10)
Nov 30 15:33:22 ubuntu-phablet kernel: [    8.677329] cpr_scale: 10 is over down-limit(1): Clamp
Nov 30 15:33:22 ubuntu-phablet kernel: [    8.677454] cpr_scale: DOWN: -> new_volt[corner:4, fuse_corner:2] = 1130000 uV
Nov 30 15:33:22 ubuntu-phablet kernel: [    8.687548] cpr_irq_handler: IRQ_STATUS = 0x05
Nov 30 15:33:22 ubuntu-phablet kernel: [    8.687644] cpr_scale: last_volt[corner:4, fuse_corner:2] = 1130000 uV
Nov 30 15:33:22 ubuntu-phablet kernel: [    8.687744] cpr_scale: Down: cpr status = 0x00004d31 (error_steps=12)
Nov 30 15:33:22 ubuntu-phablet kernel: [    8.687834] cpr_scale: 12 is over down-limit(1): Clamp
Nov 30 15:33:22 ubuntu-phablet kernel: [    8.687948] cpr_scale: DOWN: -> new_volt[corner:4, fuse_corner:2] = 1120000 uV
Nov 30 15:33:22 ubuntu-phablet kernel: [    8.714176] initrd: checking mount label mmc_host
Nov 30 15:33:22 ubuntu-phablet kernel: [    8.730149] initrd: checking mount label usb1
Nov 30 15:33:22 ubuntu-phablet kernel: [    8.755477] initrd: checking mount label zram0
Nov 30 15:33:22 ubuntu-phablet kernel: [    8.757260] initrd: mounting /dev/zram0 as /root/android/none
Nov 30 15:33:22 ubuntu-phablet kernel: [    8.766530] initrd: mounting /root/var/lib/lxc/android/system.img as /root/android/system
Nov 30 15:33:22 ubuntu-phablet kernel: [    8.916927] Adding 102396k swap on /root/userdata/SWAP.img.  Priority:-1 extents:8 across:389116k SS
Nov 30 15:33:22 ubuntu-phablet kernel: [    9.611977] list-records used greatest stack depth: 4568 bytes left
Nov 30 15:33:22 ubuntu-phablet kernel: [   10.870306] cpr_irq_handler: IRQ_STATUS = 0x05
Nov 30 15:33:22 ubuntu-phablet kernel: [   10.870339] cpr_scale: last_volt[corner:4, fuse_corner:2] = 1120000 uV
Nov 30 15:33:22 ubuntu-phablet kernel: [   10.870363] cpr_scale: Down: cpr status = 0x000046a5 (error_steps=9)
Nov 30 15:33:22 ubuntu-phablet kernel: [   10.870384] cpr_scale: 9 is over down-limit(1): Clamp
Nov 30 15:33:22 ubuntu-phablet kernel: [   10.870439] cpr_scale: DOWN: -> new_volt[corner:4, fuse_corner:2] = 1110000 uV
Nov 30 15:33:22 ubuntu-phablet kernel: [   11.051167] enable_store: android_usb: already disabled
Nov 30 15:33:22 ubuntu-phablet kernel: [   11.066979] ssh-keygen (853): undefined instruction: pc=b6e433c8
Nov 30 15:33:22 ubuntu-phablet kernel: [   11.066996] Code: 00000000 00000000 f26ee1fe e12fff1e (ee190f1d) 
Nov 30 15:33:22 ubuntu-phablet kernel: [   11.155681] adbd (865): undefined instruction: pc=b6db03c8
Nov 30 15:33:22 ubuntu-phablet kernel: [   11.155698] Code: 00000000 00000000 f26ee1fe e12fff1e (ee190f1d) 
Nov 30 15:33:22 ubuntu-phablet kernel: [   11.163530] adb_open
Nov 30 15:33:22 ubuntu-phablet kernel: [   11.163605] msm_hsusb msm_hsusb: CI13XXX_CONTROLLER_CONNECT_EVENT received
Nov 30 15:33:22 ubuntu-phablet kernel: [   11.325543] click (837): undefined instruction: pc=b6a1d3c8
Nov 30 15:33:22 ubuntu-phablet kernel: [   11.325560] Code: 00000000 00000000 f26ee1fe e12fff1e (ee190f1d) 
Nov 30 15:33:22 ubuntu-phablet kernel: [   11.327454] msm_otg f9a55000.usb: Avail curr from USB = 100
Nov 30 15:33:22 ubuntu-phablet kernel: [   11.327570] chg:qpnp_chg_iusbmax_set: mA 100
Nov 30 15:33:22 ubuntu-phablet kernel: [   11.327654] gpio_request: gpio-109 (QPNP_CHARGER) status -16
Nov 30 15:33:22 ubuntu-phablet kernel: [   11.327875] android_work: android_work: did not send uevent (0 0   (null))
Nov 30 15:33:22 ubuntu-phablet kernel: [   11.350839] chg:get_prop_capacity: resuming charging at 32% soc
Nov 30 15:33:22 ubuntu-phablet kernel: [   11.350854] chg:qpnp_chg_vbatdet_set: voltage=4380 setting 39
Nov 30 15:33:22 ubuntu-phablet kernel: [   11.365308] init: plymouth-upstart-bridge main process (880) terminated with status 1
Nov 30 15:33:22 ubuntu-phablet kernel: [   11.397850] android_work: android_work: sent uevent USB_STATE=CONNECTED
Nov 30 15:33:22 ubuntu-phablet kernel: [   11.399076] BMS: adjust_soc: s 32 i 1358883 v 3585840 ocv 3776000 rbatt 153 uuc 61620 cc 1319 r 698360 t 395
Nov 30 15:33:22 ubuntu-phablet kernel: [   11.401583] android_work: android_work: sent uevent USB_STATE=DISCONNECTED
Nov 30 15:33:22 ubuntu-phablet kernel: [   11.461922] aa-clickhook (864): undefined instruction: pc=b692d3c8
Nov 30 15:33:22 ubuntu-phablet kernel: [   11.461940] Code: 00000000 00000000 f26ee1fe e12fff1e (ee190f1d) 
Nov 30 15:33:22 ubuntu-phablet kernel: [   11.481634] init: Failed to spawn bluetooth-touch-armani main process: unable to execute: Permission denied
Nov 30 15:33:22 ubuntu-phablet kernel: [   11.489871] android_work: android_work: sent uevent USB_STATE=CONNECTED
Nov 30 15:33:22 ubuntu-phablet kernel: [   11.491637] android_usb gadget: high-speed config #1: fe8050c8.android_usb
Nov 30 15:33:22 ubuntu-phablet kernel: [   11.491678] msm_otg f9a55000.usb: Avail curr from USB = 500
Nov 30 15:33:22 ubuntu-phablet kernel: [   11.491839] chg:qpnp_chg_iusbmax_set: mA 500
Nov 30 15:33:22 ubuntu-phablet kernel: [   11.491912] gpio_request: gpio-109 (QPNP_CHARGER) status -16
Nov 30 15:33:22 ubuntu-phablet kernel: [   11.491942] chg:qpnp_chg_chgr_chg_fastchg_irq_handler: FAST_CHG IRQ triggered
Nov 30 15:33:22 ubuntu-phablet kernel: [   11.491956] chg:qpnp_chg_vbatdet_set: voltage=4320 setting 36
Nov 30 15:33:22 ubuntu-phablet kernel: [   11.540677] init: bluetooth-touch main process (881) terminated with status 1
Nov 30 15:33:22 ubuntu-phablet kernel: [   11.546012] android_work: android_work: sent uevent USB_STATE=CONFIGURED
Nov 30 15:33:22 ubuntu-phablet kernel: [   11.572431] BMS: adjust_soc: s 32 i 864369 v 3647436 ocv 3776000 rbatt 153 uuc 61620 cc 1365 r 698360 t 392
Nov 30 15:33:22 ubuntu-phablet kernel: [   11.668377] bluetoothd used greatest stack depth: 4416 bytes left
Nov 30 15:33:23 ubuntu-phablet kernel: [   12.313430] aa-clickhook (917): undefined instruction: pc=b6a5e3c8
Nov 30 15:33:23 ubuntu-phablet kernel: [   12.313448] Code: 00000000 00000000 f26ee1fe e12fff1e (ee190f1d) 
Nov 30 15:33:23 ubuntu-phablet kernel: [   12.553014] BMS: btm_notify_die_temp: die temp = 59528, raw = 0x7b57
Nov 30 15:33:23 ubuntu-phablet kernel: [   12.557418] BMS: refresh_die_temp_monitor: low = 54528, high = 64528
Nov 30 15:33:23 ubuntu-phablet kernel: [   12.604276] BMS: adjust_soc: s 32 i 513726 v 3683391 ocv 3776000 rbatt 153 uuc 61620 cc 1564 r 698360 t 392
Nov 30 15:33:24 ubuntu-phablet kernel: [   13.394702] init: could not import file '/init.carrier.rc' from '/init.rc'
Nov 30 15:33:24 ubuntu-phablet kernel: [   13.394777] init: could not import file '/init.cm.rc' from '/init.rc'
Nov 30 15:33:24 ubuntu-phablet kernel: [   13.395045] init (989): /proc/989/oom_adj is deprecated, please use /proc/989/oom_score_adj instead.
Nov 30 15:33:24 ubuntu-phablet kernel: [   13.396240] init: do_chown: Could not access /selinux/booleans
Nov 30 15:33:24 ubuntu-phablet kernel: [   13.396379] init: do_chown: Could not access /sys/fs/selinux/booleans
Nov 30 15:33:24 ubuntu-phablet kernel: [   13.574428] ssh-keygen (997): undefined instruction: pc=b6e9b3c8
Nov 30 15:33:24 ubuntu-phablet kernel: [   13.574446] Code: 00000000 00000000 f26ee1fe e12fff1e (ee190f1d) 
Nov 30 15:33:25 ubuntu-phablet kernel: [   13.919965] init: cannot open '/initlogo.rle'
Nov 30 15:33:25 ubuntu-phablet kernel: [   13.927452] zram: Initialization done!
Nov 30 15:33:25 ubuntu-phablet kernel: [   14.037016] Adding 262140k swap on /dev/block/zram0.  Priority:-2 extents:1 across:262140k SS
Nov 30 15:33:25 ubuntu-phablet kernel: [   14.055701] init: Detected MSM SOC ID=221 SOC VER=0 BOARD TYPE=QRD
Nov 30 15:33:25 ubuntu-phablet kernel: [   14.056278] init: failed to open '/sys/class/graphics/fb2/msm_fb_type'
Nov 30 15:33:25 ubuntu-phablet kernel: [   14.069662] pil-q6v5-lpass fe200000.qcom,lpass: adsp: loading from 0x0dc00000 to 0x0f000000
Nov 30 15:33:25 ubuntu-phablet kernel: [   14.468281] pil-q6v5-lpass fe200000.qcom,lpass: adsp: Brought out of reset
Nov 30 15:33:25 ubuntu-phablet kernel: [   14.523795] pil-q6v5-lpass fe200000.qcom,lpass: adsp: Power/Clock ready interrupt received
Nov 30 15:33:25 ubuntu-phablet kernel: [   14.545794] pil-q6v5-lpass fe200000.qcom,lpass: Subsystem error monitoring/handling services are up
Nov 30 15:33:25 ubuntu-phablet kernel: [   14.545861] adsp-loader qcom,msm-adsp-loader.41: adsp_loader_do: Q6/ADSP image is loaded
Nov 30 15:33:25 ubuntu-phablet kernel: [   14.547320] apr_tal:Q6 Is Up
Nov 30 15:33:25 ubuntu-phablet kernel: [   14.548824] diag: In diag_send_msg_mask_update, invalid status 0
Nov 30 15:33:25 ubuntu-phablet kernel: [   14.548914] diag: In diag_send_log_mask_update, invalid status 0
