Nov 30 12:01:51 ubuntu-phablet kernel: imklog 5.8.11, log source = /proc/kmsg started.
Nov 30 12:01:51 ubuntu-phablet rsyslogd: [origin software="rsyslogd" swVersion="5.8.11" x-pid="891" x-info="http://www.rsyslog.com"] start
Nov 30 12:01:51 ubuntu-phablet rsyslogd: rsyslogd's groupid changed to 103
Nov 30 12:01:51 ubuntu-phablet rsyslogd: rsyslogd's userid changed to 101
Nov 30 12:01:51 ubuntu-phablet rsyslogd-2039: Could not open output pipe '/dev/xconsole' [try http://www.rsyslog.com/e/2039 ]
Nov 30 12:01:51 ubuntu-phablet kernel: [    0.000000] Booting Linux on physical CPU 0
Nov 30 12:01:51 ubuntu-phablet kernel: [    0.000000] Initializing cgroup subsys cpu
Nov 30 12:01:51 ubuntu-phablet kernel: [    0.000000] Linux version 3.4.0-gff5ac3e (alexforsale@elasrofxela) (gcc version 4.7 (GCC) ) #5 SMP PREEMPT Mon Nov 30 18:47:22 WIB 2015
Nov 30 12:01:51 ubuntu-phablet kernel: [    0.000000] CPU: ARMv7 Processor [410fc073] revision 3 (ARMv7), cr=10c5387d
Nov 30 12:01:51 ubuntu-phablet kernel: [    0.000000] CPU: PIPT / VIPT nonaliasing data cache, VIPT aliasing instruction cache
Nov 30 12:01:51 ubuntu-phablet kernel: [    0.000000] Machine: Qualcomm MSM 8226 (Flattened Device Tree), model: Qualcomm MSM 8226v2 H1A
Nov 30 12:01:51 ubuntu-phablet kernel: [    0.000000] Powerup reason=0x40180
Nov 30 12:01:51 ubuntu-phablet kernel: [    0.000000] Hw version=0x40
Nov 30 12:01:51 ubuntu-phablet kernel: [    0.000000] qcom,ion-heap@28 reserved EBI1 size 314000
Nov 30 12:01:51 ubuntu-phablet kernel: [    0.000000] qcom,mdss_fb_primary reserved EBI1 size 800000
Nov 30 12:01:51 ubuntu-phablet kernel: [    0.000000] Node qcom,mdss_fb_primary memblock_reserve memory 3200000-41a0000
Nov 30 12:01:51 ubuntu-phablet kernel: [    0.000000] Node qcom,msm-mem-hole removed memory 8400000-c400000
Nov 30 12:01:51 ubuntu-phablet kernel: [    0.000000] Node qcom,msm-mem-hole removed memory d200000-f500000
Nov 30 12:01:51 ubuntu-phablet kernel: [    0.000000] Node qcom,msm-mem-hole removed memory fa00000-ff00000
Nov 30 12:01:51 ubuntu-phablet kernel: [    0.000000] qcom,msm-rtb reserved EBI1 size 100000
Nov 30 12:01:51 ubuntu-phablet kernel: [    0.000000] memory pool 3 (start 0x3f300000 size d00000) initialized
Nov 30 12:01:51 ubuntu-phablet kernel: [    0.000000] Initialized persistent memory from 3f100000-3f2fffff
Nov 30 12:01:51 ubuntu-phablet kernel: [    0.000000] cma: CMA: reserved 16 MiB at 35000000
Nov 30 12:01:51 ubuntu-phablet kernel: [    0.000000] cma: Found secure_region, memory base 0, size 109 MiB
Nov 30 12:01:51 ubuntu-phablet kernel: [    0.000000] cma: CMA: reserved 112 MiB at 38000000
Nov 30 12:01:51 ubuntu-phablet kernel: [    0.000000] cma: Found adsp_region, memory base 0, size 42 MiB
Nov 30 12:01:51 ubuntu-phablet kernel: [    0.000000] cma: CMA: reserved 44 MiB at 32400000
Nov 30 12:01:51 ubuntu-phablet kernel: [    0.000000] cma: Found qsecom_region, memory base 0, size 13 MiB
Nov 30 12:01:51 ubuntu-phablet kernel: [    0.000000] cma: CMA: reserved 16 MiB at 37000000
Nov 30 12:01:51 ubuntu-phablet kernel: [    0.000000] Memory policy: ECC disabled, Data cache writealloc
Nov 30 12:01:51 ubuntu-phablet kernel: [    0.000000] IMEM DT static mapping successful
Nov 30 12:01:51 ubuntu-phablet kernel: [    0.000000] On node 0 totalpages: 232192
Nov 30 12:01:51 ubuntu-phablet kernel: [    0.000000] free_area_init_node: node 0, pgdat c0fe70c0, node_mem_map c243f000
Nov 30 12:01:51 ubuntu-phablet kernel: [    0.000000]   Normal zone: 1944 pages used for memmap
Nov 30 12:01:51 ubuntu-phablet kernel: [    0.000000]   Normal zone: 0 pages reserved
Nov 30 12:01:51 ubuntu-phablet kernel: [    0.000000]   Normal zone: 192616 pages, LIFO batch:31
Nov 30 12:01:51 ubuntu-phablet kernel: [    0.000000]   HighMem zone: 360 pages used for memmap
Nov 30 12:01:51 ubuntu-phablet kernel: [    0.000000]   HighMem zone: 37272 pages, LIFO batch:7
Nov 30 12:01:51 ubuntu-phablet kernel: [    0.000000] PERCPU: Embedded 10 pages/cpu @c2d82000 s16448 r8192 d16320 u40960
Nov 30 12:01:51 ubuntu-phablet kernel: [    0.000000] pcpu-alloc: s16448 r8192 d16320 u40960 alloc=10*4096
Nov 30 12:01:51 ubuntu-phablet kernel: [    0.000000] pcpu-alloc: [0] 0 [0] 1 [0] 2 [0] 3 
Nov 30 12:01:51 ubuntu-phablet kernel: [    0.000000] Built 1 zonelists in Zone order, mobility grouping on.  Total pages: 229888
Nov 30 12:01:51 ubuntu-phablet kernel: [    0.000000] Kernel command line: console=ttyHSL0,115200,n8 androidboot.console=ttyHSL0 androidboot.hardware=armani user_debug=31 msm_rtb.filter=0x37 console=tty0 androidboot.emmc=true androidboot.modem=HM1AW androidboot.hwversion=40 androidboot.serialno=9924b89b androidboot.baseband=msm mdss_mdp.panel=1:dsi:0:qcom,mdss_dsi_auo_720p_video
Nov 30 12:01:51 ubuntu-phablet kernel: [    0.000000] androidboot.modem= HM1AW
Nov 30 12:01:51 ubuntu-phablet kernel: [    0.000000] PID hash table entries: 4096 (order: 2, 16384 bytes)
Nov 30 12:01:51 ubuntu-phablet kernel: [    0.000000] Dentry cache hash table entries: 131072 (order: 7, 524288 bytes)
Nov 30 12:01:51 ubuntu-phablet kernel: [    0.000000] Inode-cache hash table entries: 65536 (order: 6, 262144 bytes)
Nov 30 12:01:51 ubuntu-phablet kernel: [    0.000000] Memory: 132MB 14MB 5MB 756MB = 907MB total
Nov 30 12:01:51 ubuntu-phablet kernel: [    0.000000] Memory: 681232k/681232k available, 260848k reserved, 17408K highmem
Nov 30 12:01:51 ubuntu-phablet kernel: [    0.000000] Virtual kernel memory layout:
Nov 30 12:01:51 ubuntu-phablet kernel: [    0.000000]     vector  : 0xffff0000 - 0xffff1000   (   4 kB)
Nov 30 12:01:51 ubuntu-phablet kernel: [    0.000000]     fixmap  : 0xfff00000 - 0xfffe0000   ( 896 kB)
Nov 30 12:01:51 ubuntu-phablet kernel: [    0.000000] 	   vmalloc : 0xf6800000 - 0xff000000   ( 136 MB)
Nov 30 12:01:51 ubuntu-phablet kernel: [    0.000000] 	    lowmem : 0xe0000000 - 0xf6000000   ( 352 MB)
Nov 30 12:01:51 ubuntu-phablet kernel: [    0.000000] 	    lowmem : 0xcff00000 - 0xe0000000   ( 257 MB)
Nov 30 12:01:51 ubuntu-phablet kernel: [    0.000000] 	   vmalloc : 0xcfa00000 - 0xcff00000   (   5 MB)
Nov 30 12:01:51 ubuntu-phablet kernel: [    0.000000] 	    lowmem : 0xcf500000 - 0xcfa00000   (   5 MB)
Nov 30 12:01:51 ubuntu-phablet kernel: [    0.000000] 	   vmalloc : 0xcd200000 - 0xcf500000   (  35 MB)
Nov 30 12:01:51 ubuntu-phablet kernel: [    0.000000] 	    lowmem : 0xcc400000 - 0xcd200000   (  14 MB)
Nov 30 12:01:51 ubuntu-phablet kernel: [    0.000000] 	   vmalloc : 0xc8400000 - 0xcc400000   (  64 MB)
Nov 30 12:01:51 ubuntu-phablet kernel: [    0.000000] 	    lowmem : 0xc0000000 - 0xc8400000   ( 132 MB)
Nov 30 12:01:51 ubuntu-phablet kernel: [    0.000000]     pkmap   : 0xbfe00000 - 0xc0000000   (   2 MB)
Nov 30 12:01:51 ubuntu-phablet kernel: [    0.000000]     modules : 0xbf000000 - 0xbfe00000   (  14 MB)
Nov 30 12:01:51 ubuntu-phablet kernel: [    0.000000]       .text : 0xc0008000 - 0xc0dd3000   (14124 kB)
Nov 30 12:01:51 ubuntu-phablet kernel: [    0.000000]       .init : 0xc0e00000 - 0xc0f32040   (1225 kB)
Nov 30 12:01:51 ubuntu-phablet kernel: [    0.000000]       .data : 0xc0f34000 - 0xc101a048   ( 921 kB)
Nov 30 12:01:51 ubuntu-phablet kernel: [    0.000000]        .bss : 0xc101a06c - 0xc172bce0   (7240 kB)
Nov 30 12:01:51 ubuntu-phablet kernel: [    0.000000] SLUB: Genslabs=11, HWalign=64, Order=0-3, MinObjects=0, CPUs=4, Nodes=1
Nov 30 12:01:51 ubuntu-phablet kernel: [    0.000000] Preemptible hierarchical RCU implementation.
Nov 30 12:01:51 ubuntu-phablet kernel: [    0.000000] 	RCU dyntick-idle grace-period acceleration is enabled.
Nov 30 12:01:51 ubuntu-phablet kernel: [    0.000000] NR_IRQS:16 nr_irqs:16 16
Nov 30 12:01:51 ubuntu-phablet kernel: [    0.000000] kmemleak: Kernel memory leak detector disabled
Nov 30 12:01:51 ubuntu-phablet kernel: [    0.000000] sched_clock: 32 bits at 19MHz, resolution 52ns, wraps every 223696ms
Nov 30 12:01:51 ubuntu-phablet kernel: [    0.000000] Switching to timer-based delay loop
Nov 30 12:01:51 ubuntu-phablet kernel: [    0.000000] Console: colour dummy device 80x30
Nov 30 12:01:51 ubuntu-phablet kernel: [    0.000000] console [tty0] enabled
Nov 30 12:01:51 ubuntu-phablet kernel: [    0.002097] Calibrating delay loop (skipped), value calculated using timer frequency.. 38.40 BogoMIPS (lpj=192000)
Nov 30 12:01:51 ubuntu-phablet kernel: [    0.002184] pid_max: default: 32768 minimum: 301
Nov 30 12:01:51 ubuntu-phablet kernel: [    0.002526] Security Framework initialized
Nov 30 12:01:51 ubuntu-phablet kernel: [    0.002767] AppArmor: AppArmor initialized
Nov 30 12:01:51 ubuntu-phablet kernel: [    0.002807] Yama: becoming mindful.
Nov 30 12:01:51 ubuntu-phablet kernel: [    0.003010] Mount-cache hash table entries: 512
Nov 30 12:01:51 ubuntu-phablet kernel: [    0.004574] Initializing cgroup subsys debug
Nov 30 12:01:51 ubuntu-phablet kernel: [    0.004622] Initializing cgroup subsys cpuacct
Nov 30 12:01:51 ubuntu-phablet kernel: [    0.004663] Initializing cgroup subsys freezer
Nov 30 12:01:51 ubuntu-phablet kernel: [    0.004833] CPU: Testing write buffer coherency: ok
Nov 30 12:01:51 ubuntu-phablet kernel: [    0.004926] ftrace: allocating 30893 entries in 91 pages
Nov 30 12:01:51 ubuntu-phablet kernel: [    0.047683] ------------[ cut here ]------------
Nov 30 12:01:51 ubuntu-phablet kernel: [    0.047751] WARNING: at /home/alexforsale/phablet/kernel/xiaomi/armani/kernel/trace/ftrace.c:1590 ftrace_bug+0xec/0x174()
Nov 30 12:01:51 ubuntu-phablet kernel: [    0.047829] Modules linked in:
Nov 30 12:01:51 ubuntu-phablet kernel: [    0.047865] Backtrace: 
Nov 30 12:01:51 ubuntu-phablet kernel: [    0.047911] [<c010a95c>] (dump_backtrace+0x0/0x114) from [<c09d7e0c>] (dump_stack+0x20/0x24)
Nov 30 12:01:51 ubuntu-phablet kernel: [    0.047976]  r6:c0215cbc r5:00000009 r4:00000000 r3:271ae91c
Nov 30 12:01:51 ubuntu-phablet kernel: [    0.048063] [<c09d7dec>] (dump_stack+0x0/0x24) from [<c019c6b8>] (warn_slowpath_common+0x5c/0x74)
Nov 30 12:01:51 ubuntu-phablet kernel: [    0.048142] [<c019c65c>] (warn_slowpath_common+0x0/0x74) from [<c019c6fc>] (warn_slowpath_null+0x2c/0x34)
Nov 30 12:01:51 ubuntu-phablet kernel: [    0.048212]  r8:60000153 r7:00000000 r6:00000000 r5:c01003a0 r4:c0fe8a09
Nov 30 12:01:51 ubuntu-phablet kernel: [    0.048289] r3:00000009
Nov 30 12:01:51 ubuntu-phablet kernel: [    0.048340] [<c019c6d0>] (warn_slowpath_null+0x0/0x34) from [<c0215cbc>] (ftrace_bug+0xec/0x174)
Nov 30 12:01:51 ubuntu-phablet kernel: [    0.048418] [<c0215bd0>] (ftrace_bug+0x0/0x174) from [<c02160f4>] (ftrace_process_locs+0x3b0/0x500)
Nov 30 12:01:51 ubuntu-phablet kernel: [    0.048485]  r5:f1c21e40 r4:00000000
Nov 30 12:01:51 ubuntu-phablet kernel: [    0.048545] [<c0215d44>] (ftrace_process_locs+0x0/0x500) from [<c0e122f8>] (ftrace_init+0x98/0x18c)
Nov 30 12:01:51 ubuntu-phablet kernel: [    0.048624] [<c0e12260>] (ftrace_init+0x0/0x18c) from [<c0e00ab4>] (start_kernel+0x308/0x368)
Nov 30 12:01:51 ubuntu-phablet kernel: [    0.048689]  r7:c2d7f280 r6:00000000 r5:00000000 r4:c0f3dfe8
Nov 30 12:01:51 ubuntu-phablet kernel: [    0.048773] [<c0e007ac>] (start_kernel+0x0/0x368) from [<0000803c>] (0x803c)
Nov 30 12:01:51 ubuntu-phablet kernel: [    0.048825]  r7:c0f42ac4 r6:c0f00f00 r5:c0f3c4dc r4:10c5387d
Nov 30 12:01:51 ubuntu-phablet kernel: [    0.048930] ---[ end trace da227214a82491b7 ]---
Nov 30 12:01:51 ubuntu-phablet kernel: [    0.048970] ftrace faulted on writing [<c01003a0>] asm_do_IRQ+0x10/0x1c
Nov 30 12:01:51 ubuntu-phablet kernel: [    0.049518] CPU0: thread -1, cpu 0, socket 0, mpidr 80000000
Nov 30 12:01:51 ubuntu-phablet kernel: [    0.049650] hw perfevents: enabled with ARMv7 Cortex-A7 PMU driver, 5 counters available
Nov 30 12:01:51 ubuntu-phablet kernel: [    0.054467] Setting up static identity map for 0x9edbb0 - 0x9edc14
Nov 30 12:01:51 ubuntu-phablet kernel: [    0.054557] Configuring XPU violations to be fatal errors
Nov 30 12:01:51 ubuntu-phablet kernel: [    0.054608] MSM Memory Dump table set up
Nov 30 12:01:51 ubuntu-phablet kernel: [    0.061181] CPU1: thread -1, cpu 1, socket 0, mpidr 80000001
Nov 30 12:01:51 ubuntu-phablet kernel: [    0.066232] CPU2: thread -1, cpu 2, socket 0, mpidr 80000002
Nov 30 12:01:51 ubuntu-phablet kernel: [    0.071436] CPU3: thread -1, cpu 3, socket 0, mpidr 80000003
Nov 30 12:01:51 ubuntu-phablet kernel: [    0.071754] Brought up 4 CPUs
Nov 30 12:01:51 ubuntu-phablet kernel: [    0.071890] SMP: Total of 4 processors activated (153.60 BogoMIPS).
Nov 30 12:01:51 ubuntu-phablet kernel: [    0.073716] devtmpfs: initialized
Nov 30 12:01:51 ubuntu-phablet kernel: [    0.096695] EVM: security.selinux
Nov 30 12:01:51 ubuntu-phablet kernel: [    0.096735] EVM: security.SMACK64
Nov 30 12:01:51 ubuntu-phablet kernel: [    0.096770] EVM: security.capability
Nov 30 12:01:51 ubuntu-phablet kernel: [    0.099005] dummy: 
Nov 30 12:01:51 ubuntu-phablet kernel: [    0.294210] NET: Registered protocol family 16
Nov 30 12:01:51 ubuntu-phablet kernel: [    0.310140] DMA: preallocated 256 KiB pool for atomic coherent allocations
Nov 30 12:01:51 ubuntu-phablet kernel: [    0.313547] KPI: Bootloader start count = 30084
Nov 30 12:01:51 ubuntu-phablet kernel: [    0.313596] KPI: Bootloader end count = 51454
Nov 30 12:01:51 ubuntu-phablet kernel: [    0.313636] KPI: Bootloader display count = 42235
Nov 30 12:01:51 ubuntu-phablet kernel: [    0.313678] KPI: Bootloader load kernel count = 2122
Nov 30 12:01:51 ubuntu-phablet kernel: [    0.313722] KPI: Kernel MPM timestamp = 94346
Nov 30 12:01:51 ubuntu-phablet kernel: [    0.313762] KPI: Kernel MPM Clock frequency = 32768
Nov 30 12:01:51 ubuntu-phablet kernel: [    0.313816] socinfo_print: v8, id=221, ver=2.0, raw_id=2325, raw_ver=1, hw_plat=11, hw_plat_ver=0
Nov 30 12:01:51 ubuntu-phablet kernel: [    0.313829]  accessory_chip=0, hw_plat_subtype=0, pmic_model=65540, pmic_die_revision=131073
Nov 30 12:01:51 ubuntu-phablet kernel: [    0.346554] gpiochip_add: registered GPIOs 0 to 116 on device: msmgpio
Nov 30 12:01:51 ubuntu-phablet kernel: [    0.358607] msm_watchdog f9017000.qcom,wdt: MSM Watchdog Initialized
Nov 30 12:01:51 ubuntu-phablet kernel: [    0.416541] 8226_s1: 500 <--> 1275 mV at 0 mV normal idle 
Nov 30 12:01:51 ubuntu-phablet kernel: [    0.417597] 8226_s1_corner: 0 <--> 0 mV at 0 mV normal idle 
Nov 30 12:01:51 ubuntu-phablet kernel: [    0.418690] 8226_s1_corner_ao: 0 <--> 0 mV at 0 mV normal idle 
Nov 30 12:01:51 ubuntu-phablet kernel: [    0.419736] 8226_s1_floor_corner: 0 <--> 0 mV at 0 mV normal idle 
Nov 30 12:01:51 ubuntu-phablet kernel: [    0.420876] 8226_s3: 1200 <--> 1300 mV at 1200 mV normal idle 
Nov 30 12:01:51 ubuntu-phablet kernel: [    0.422006] 8226_s4: 1800 <--> 2200 mV at 1800 mV normal idle 
Nov 30 12:01:51 ubuntu-phablet kernel: [    0.423176] 8226_s5: 1150 mV normal idle 
Nov 30 12:01:51 ubuntu-phablet kernel: [    0.424251] 8226_l1: 1225 mV normal idle 
Nov 30 12:01:51 ubuntu-phablet kernel: [    0.425374] 8226_l2: 1200 mV normal idle 
Nov 30 12:01:51 ubuntu-phablet kernel: [    0.426484] 8226_l3: 750 <--> 1337 mV at 0 mV normal idle 
Nov 30 12:01:51 ubuntu-phablet kernel: [    0.427514] 8226_l3_ao: 750 <--> 1337 mV at 0 mV normal idle 
Nov 30 12:01:51 ubuntu-phablet kernel: [    0.428556] 8226_l3_so: 750 <--> 1337 mV at 750 mV normal idle 
Nov 30 12:01:51 ubuntu-phablet kernel: [    0.429738] 8226_l4: 1200 mV normal idle 
Nov 30 12:01:51 ubuntu-phablet kernel: [    0.430861] 8226_l5: 1200 mV normal idle 
Nov 30 12:01:51 ubuntu-phablet kernel: [    0.432012] 8226_l6: 1800 mV normal idle 
Nov 30 12:01:51 ubuntu-phablet kernel: [    0.433152] 8226_l7: 1850 mV normal idle 
Nov 30 12:01:51 ubuntu-phablet kernel: [    0.434556] 8226_l8: 1800 mV normal idle 
Nov 30 12:01:51 ubuntu-phablet kernel: [    0.435629] 8226_l8_ao: 1800 mV normal idle 
Nov 30 12:01:51 ubuntu-phablet kernel: [    0.436715] 8226_l8_so: 1800 mV normal idle 
Nov 30 12:01:51 ubuntu-phablet kernel: [    0.437836] 8226_l9: 2050 mV normal idle 
Nov 30 12:01:51 ubuntu-phablet kernel: [    0.438993] 8226_l10: 1800 mV normal idle 
Nov 30 12:01:51 ubuntu-phablet kernel: [    0.440224] 8226_l12: 1800 mV normal idle 
Nov 30 12:01:51 ubuntu-phablet kernel: [    0.441398] 8226_l14: 2750 mV normal idle 
Nov 30 12:01:51 ubuntu-phablet kernel: [    0.442479] 8226_l15: 2800 mV normal idle 
Nov 30 12:01:51 ubuntu-phablet kernel: [    0.443603] 8226_l16: 3000 <--> 3350 mV at 3300 mV normal idle 
Nov 30 12:01:51 ubuntu-phablet kernel: [    0.444705] 8226_l17: 2950 mV normal idle 
Nov 30 12:01:51 ubuntu-phablet kernel: [    0.445784] 8226_l18: 2950 mV normal idle 
Nov 30 12:01:51 ubuntu-phablet kernel: [    0.446912] 8226_l19: 2850 mV normal idle 
Nov 30 12:01:51 ubuntu-phablet kernel: [    0.448057] 8226_l20: 3075 mV normal idle 
Nov 30 12:01:51 ubuntu-phablet kernel: [    0.449148] 8226_l21: 1800 <--> 2950 mV at 2950 mV normal idle 
Nov 30 12:01:51 ubuntu-phablet kernel: [    0.450275] 8226_l22: 1800 <--> 2950 mV at 2950 mV normal idle 
Nov 30 12:01:51 ubuntu-phablet kernel: [    0.451434] 8226_l23: 1800 <--> 2950 mV at 2950 mV normal idle 
Nov 30 12:01:51 ubuntu-phablet kernel: [    0.452549] 8226_l24: 1300 <--> 1350 mV at 1300 mV normal idle 
Nov 30 12:01:51 ubuntu-phablet kernel: [    0.453675] 8226_l25: 1775 <--> 2125 mV at 1775 mV normal idle 
Nov 30 12:01:51 ubuntu-phablet kernel: [    0.454811] 8226_l26: 1225 mV normal idle 
Nov 30 12:01:51 ubuntu-phablet kernel: [    0.455912] 8226_l27: 2050 mV normal idle 
Nov 30 12:01:51 ubuntu-phablet kernel: [    0.457040] 8226_l28: 1800 <--> 2950 mV at 2950 mV normal idle 
Nov 30 12:01:51 ubuntu-phablet kernel: [    0.458168] 8226_lvs1: 
Nov 30 12:01:51 ubuntu-phablet kernel: [    0.459352] 8226_s2: 900 <--> 1350 mV at 1150 mV 
Nov 30 12:01:51 ubuntu-phablet kernel: [    0.459735] spm_regulator_probe: name=8226_s2, range=MV, voltage=1150000 uV, mode=AUTO, step rate=9600 uV/us
Nov 30 12:01:51 ubuntu-phablet kernel: [    0.507394] AXI: msm_bus_fabric_init_driver(): msm_bus_fabric_init_driver
Nov 30 12:01:51 ubuntu-phablet kernel: [    0.509819] AXI: msm_bus_fabric_probe(): Coresight support absent for bus: 2048
Nov 30 12:01:51 ubuntu-phablet kernel: [    0.511792] AXI: msm_bus_fabric_probe(): Coresight support absent for bus: 1024
Nov 30 12:01:51 ubuntu-phablet kernel: [    0.513749] AXI: msm_bus_fabric_probe(): Coresight support absent for bus: 4096
Nov 30 12:01:51 ubuntu-phablet kernel: [    0.516792] AXI: msm_bus_fabric_probe(): Coresight support absent for bus: 5120
Nov 30 12:01:51 ubuntu-phablet kernel: [    0.517750] AXI: msm_bus_fabric_probe(): Coresight support absent for bus: 0
Nov 30 12:01:51 ubuntu-phablet kernel: [    0.518353] AXI: msm_bus_fabric_probe(): Coresight support absent for bus: 6144
Nov 30 12:01:51 ubuntu-phablet kernel: [    0.521035] qup_i2c f9927000.i2c: Missing 'qcom,master-id' DT entry
Nov 30 12:01:51 ubuntu-phablet kernel: [    0.522556] kworker/u:0 used greatest stack depth: 5920 bytes left
Nov 30 12:01:51 ubuntu-phablet kernel: [    0.524468] qup_i2c f9928000.i2c: Missing 'qcom,master-id' DT entry
Nov 30 12:01:51 ubuntu-phablet kernel: [    0.526234] cpr_efuse_init: efuse_addr = 0xfc4b8000 (len=0x1000)
Nov 30 12:01:51 ubuntu-phablet kernel: [    0.526429] cpr_fuse_is_setting_expected: [row:54] = 0x1c0000000000 @42:6 == 7 ?: yes
Nov 30 12:01:51 ubuntu-phablet kernel: [    0.526507] cpr_parse_speed_bin_fuse: [row: 22]: 0x202b0b1a000001a9, speed_bits = 1
Nov 30 12:01:51 ubuntu-phablet kernel: [    0.526590] cpr_fuse_is_setting_expected: [row:22] = 0x202b0b1a000001a9 @53:1 == 0 ?: no
Nov 30 12:01:51 ubuntu-phablet kernel: [    0.526666] cpr_fuse_is_setting_expected: [row:22] = 0x202b0b1a000001a9 @24:3 == 2 ?: no
Nov 30 12:01:51 ubuntu-phablet kernel: [    0.526747] cpr_pvs_init: pvs voltage: [1050000 1150000 1290000] uV
Nov 30 12:01:51 ubuntu-phablet kernel: [    0.526804] cpr_pvs_init: ceiling voltage: [1050000 1150000 1290000] uV
Nov 30 12:01:51 ubuntu-phablet kernel: [    0.526862] cpr_pvs_init: floor voltage: [1050000 1050000 1100000] uV
Nov 30 12:01:51 ubuntu-phablet kernel: [    0.527434] cpr_fuse_is_setting_expected: [row:138] = 0x8404a36a3a9595 @57:1 == 1 ?: no
Nov 30 12:01:51 ubuntu-phablet kernel: [    0.527522] cpr_init_cpr_efuse: [row:138] = 0x8404a36a3a9595
Nov 30 12:01:51 ubuntu-phablet kernel: [    0.527581] cpr_init_cpr_efuse: disable = 0, local = 1
Nov 30 12:01:51 ubuntu-phablet kernel: [    0.527628] cpr_init_cpr_efuse: Corner[1]: ro_sel = 2, target quot = 874
Nov 30 12:01:51 ubuntu-phablet kernel: [    0.527683] cpr_init_cpr_efuse: Corner[2]: ro_sel = 2, target quot = 937
Nov 30 12:01:51 ubuntu-phablet kernel: [    0.527738] cpr_init_cpr_efuse: Corner[3]: ro_sel = 2, target quot = 1429
Nov 30 12:01:51 ubuntu-phablet kernel: [    0.527847] cpr_parse_pvs_version_fuse: [row: 22]: 0x202b0b1a000001a9, pvs_version = 2
Nov 30 12:01:51 ubuntu-phablet kernel: [    0.527942] cpr_get_corner_quot_adjustment: quotient adjustment scaling factor: 0.610
Nov 30 12:01:51 ubuntu-phablet kernel: [    0.528007] cpr_get_corner_quot_adjustment: adjusted quotient[12] = 1429
Nov 30 12:01:51 ubuntu-phablet kernel: [    0.528062] cpr_get_corner_quot_adjustment: adjusted quotient[11] = 1371
Nov 30 12:01:51 ubuntu-phablet kernel: [    0.528116] cpr_get_corner_quot_adjustment: adjusted quotient[10] = 1312
Nov 30 12:01:51 ubuntu-phablet kernel: [    0.528171] cpr_get_corner_quot_adjustment: adjusted quotient[9] = 1278
Nov 30 12:01:51 ubuntu-phablet kernel: [    0.528225] cpr_get_corner_quot_adjustment: adjusted quotient[8] = 1254
Nov 30 12:01:51 ubuntu-phablet kernel: [    0.528278] cpr_get_corner_quot_adjustment: adjusted quotient[7] = 1184
Nov 30 12:01:51 ubuntu-phablet kernel: [    0.528332] cpr_get_corner_quot_adjustment: adjusted quotient[6] = 1125
Nov 30 12:01:51 ubuntu-phablet kernel: [    0.528386] cpr_get_corner_quot_adjustment: adjusted quotient[5] = 1067
Nov 30 12:01:51 ubuntu-phablet kernel: [    0.528516] cpr_init_cpr_parameters: CPR is enabled by default.
Nov 30 12:01:51 ubuntu-phablet kernel: [    0.528583] cpr_config: Timer count: 0x17700 (for 5000 us)
Nov 30 12:01:51 ubuntu-phablet kernel: [    0.529147] apc_corner: 0 <--> 0 mV 
Nov 30 12:01:51 ubuntu-phablet kernel: [    0.531847] msm-thermal qcom,msm-thermal.67: probe_freq_mitigation:Failed reading node=/soc/qcom,msm-thermal, key=qcom,freq-mitigation-temp. KTM continues
Nov 30 12:01:51 ubuntu-phablet kernel: [    0.531956] msm-thermal qcom,msm-thermal.67: probe_psm:Failed reading node=/soc/qcom,msm-thermal, key=qcom,pmic-sw-mode-temp. KTM continues
Nov 30 12:01:51 ubuntu-phablet kernel: [    0.532487] vdd_restriction_reg_init:Defer vdd rstr freq init
Nov 30 12:01:51 ubuntu-phablet kernel: [    0.532552] msm-thermal qcom,msm-thermal.67: probe_ocr:Failed reading node=/soc/qcom,msm-thermal, key=qti,pmic-opt-curr-temp. KTM continues
Nov 30 12:01:51 ubuntu-phablet kernel: [    0.533872] persistent_ram: found existing buffer, size 82865, start 82865
Nov 30 12:01:51 ubuntu-phablet kernel: [    0.535355] console [ram-1] enabled
Nov 30 12:01:51 ubuntu-phablet kernel: [    0.535418]  LCD_KCAL_DEBUG : add_lcd_kcal_devices 
Nov 30 12:01:51 ubuntu-phablet kernel: [    0.535708] hw-breakpoint: found 5 (+1 reserved) breakpoint and 4 watchpoint registers.
Nov 30 12:01:51 ubuntu-phablet kernel: [    0.535784] hw-breakpoint: maximum watchpoint size is 8 bytes.
Nov 30 12:01:51 ubuntu-phablet kernel: [    0.537077] msm-jtag-fuse fc4be024.jtagfuse: JTag Fuse initialized
Nov 30 12:01:51 ubuntu-phablet kernel: [    0.544101] sps:sps is ready.
Nov 30 12:01:51 ubuntu-phablet kernel: [    0.547560] gdsc_venus: 
Nov 30 12:01:51 ubuntu-phablet kernel: [    0.548246] gdsc_mdss: 
Nov 30 12:01:51 ubuntu-phablet kernel: [    0.548913] gdsc_jpeg: 
Nov 30 12:01:51 ubuntu-phablet kernel: [    0.549620] gdsc_vfe: 
Nov 30 12:01:51 ubuntu-phablet kernel: [    0.550338] gdsc_oxili_cx: 
Nov 30 12:01:51 ubuntu-phablet kernel: [    0.550938] gdsc_usb_hsic: 
Nov 30 12:01:51 ubuntu-phablet kernel: [    0.553060] msm_ocmem fdd00000.qcom,ocmem: OCMEM Virtual addr c8800000
Nov 30 12:01:51 ubuntu-phablet kernel: [    0.553303] Physical OCMEM zone layout:
Nov 30 12:01:51 ubuntu-phablet kernel: [    0.553350]  zone graphics	: 0xfec00000 - 0xfec1ffff ( 128 KB)
Nov 30 12:01:51 ubuntu-phablet kernel: [    0.609811] bio: create slab <bio-0> at 0
Nov 30 12:01:51 ubuntu-phablet kernel: [    0.612621] cma: Assigned CMA region at 0 to 8.qcom,ion-heap device
Nov 30 12:01:51 ubuntu-phablet kernel: [    0.612831] ION-heap mm: Cannot specify alignment for this type of heap
Nov 30 12:01:51 ubuntu-phablet kernel: [    0.613080] cma: Assigned CMA region at 0 to 16.qcom,ion-heap device
Nov 30 12:01:51 ubuntu-phablet kernel: [    0.613276] ION-heap adsp: Cannot specify alignment for this type of heap
Nov 30 12:01:51 ubuntu-phablet kernel: [    0.613525] cma: Assigned CMA region at 0 to 1b.qcom,ion-heap device
Nov 30 12:01:51 ubuntu-phablet kernel: [    0.614797] ION heap system created
Nov 30 12:01:51 ubuntu-phablet kernel: [    0.615084] ION heap kmalloc created
Nov 30 12:01:51 ubuntu-phablet kernel: [    0.615169] ION heap mm created at 0x38000000 with size 6d00000
Nov 30 12:01:51 ubuntu-phablet kernel: [    0.615318] ION heap adsp created at 0x32400000 with size 2a00000
Nov 30 12:01:51 ubuntu-phablet kernel: [    0.615404] ION heap qsecom created at 0x37000000 with size d00000
Nov 30 12:01:51 ubuntu-phablet kernel: [    0.615543] ION heap audio created at 0x3f300000 with size 314000
Nov 30 12:01:51 ubuntu-phablet kernel: [    0.615636] ION heap pil_1 created at 0x0dc00000 with size 1900000
Nov 30 12:01:51 ubuntu-phablet kernel: [    0.618728] SCSI subsystem initialized
Nov 30 12:01:51 ubuntu-phablet kernel: [    0.619100] usbcore: registered new interface driver usbfs
Nov 30 12:01:51 ubuntu-phablet kernel: [    0.619356] usbcore: registered new interface driver hub
Nov 30 12:01:51 ubuntu-phablet kernel: [    0.619632] usbcore: registered new device driver usb
Nov 30 12:01:51 ubuntu-phablet kernel: [    0.620480] Linux media interface: v0.10
Nov 30 12:01:51 ubuntu-phablet kernel: [    0.620640] Linux video capture interface: v2.00
Nov 30 12:01:51 ubuntu-phablet kernel: [    0.624121] msm_iommu_v1 fda64000.qcom,iommu: device jpeg_iommu mapped at c84e0000, with 3 ctx banks
Nov 30 12:01:51 ubuntu-phablet kernel: [    0.626271] msm_iommu_v1 fd928000.qcom,iommu: device mdp_iommu mapped at c8560000, with 3 ctx banks
Nov 30 12:01:51 ubuntu-phablet kernel: [    0.628429] msm_iommu_v1 fdc84000.qcom,iommu: device venus_iommu mapped at c8840000, with 3 ctx banks
Nov 30 12:01:51 ubuntu-phablet kernel: [    0.630461] msm_iommu_v1 fdb10000.qcom,iommu: device kgsl_iommu mapped at c8860000, with 3 ctx banks
Nov 30 12:01:51 ubuntu-phablet kernel: [    0.632444] msm_iommu_v1 fda44000.qcom,iommu: device vfe_iommu mapped at c8880000, with 3 ctx banks
Nov 30 12:01:51 ubuntu-phablet kernel: [    0.634917] msm_iommu_ctx_v1 fda6c000.qcom,iommu-ctx: context jpeg_enc0 using bank 0
Nov 30 12:01:51 ubuntu-phablet kernel: [    0.635324] msm_iommu_ctx_v1 fda6d000.qcom,iommu-ctx: context jpeg_enc1 using bank 1
Nov 30 12:01:51 ubuntu-phablet kernel: [    0.635628] msm_iommu_ctx_v1 fda6e000.qcom,iommu-ctx: context jpeg_dec using bank 2
Nov 30 12:01:51 ubuntu-phablet kernel: [    0.635953] msm_iommu_ctx_v1 fd930000.qcom,iommu-ctx: context mdp_0 using bank 0
Nov 30 12:01:51 ubuntu-phablet kernel: [    0.636271] msm_iommu_ctx_v1 fd931000.qcom,iommu-ctx: context mdp_1 using bank 1
Nov 30 12:01:51 ubuntu-phablet kernel: [    0.636586] msm_iommu_ctx_v1 fd932000.qcom,iommu-ctx: context mdp_2 using bank 2
Nov 30 12:01:51 ubuntu-phablet kernel: [    0.636908] msm_iommu_ctx_v1 fdc8c000.qcom,iommu-ctx: context venus_ns using bank 0
Nov 30 12:01:51 ubuntu-phablet kernel: [    0.637240] msm_iommu_ctx_v1 fdc8d000.qcom,iommu-ctx: context venus_cp using bank 1
Nov 30 12:01:51 ubuntu-phablet kernel: [    0.637542] msm_iommu_ctx_v1 fdc8e000.qcom,iommu-ctx: context venus_fw using bank 2
Nov 30 12:01:51 ubuntu-phablet kernel: [    0.637899] msm_iommu_ctx_v1 fdb18000.qcom,iommu-ctx: context gfx3d_user using bank 0
Nov 30 12:01:51 ubuntu-phablet kernel: [    0.638201] msm_iommu_ctx_v1 fdb19000.qcom,iommu-ctx: context gfx3d_priv using bank 1
Nov 30 12:01:51 ubuntu-phablet kernel: [    0.638505] msm_iommu_ctx_v1 fdb1a000.qcom,iommu-ctx: context gfx3d_spare using bank 2
Nov 30 12:01:51 ubuntu-phablet kernel: [    0.638893] msm_iommu_ctx_v1 fda4c000.qcom,iommu-ctx: context vfe0 using bank 0
Nov 30 12:01:51 ubuntu-phablet kernel: [    0.639191] msm_iommu_ctx_v1 fda4d000.qcom,iommu-ctx: context vfe1 using bank 1
Nov 30 12:01:51 ubuntu-phablet kernel: [    0.639503] msm_iommu_ctx_v1 fda4e000.qcom,iommu-ctx: context cpp using bank 2
Nov 30 12:01:51 ubuntu-phablet kernel: [    0.640983] Advanced Linux Sound Architecture Driver Version 1.0.25.
Nov 30 12:01:51 ubuntu-phablet kernel: [    0.642301] Bluetooth: Core ver 2.16
Nov 30 12:01:51 ubuntu-phablet kernel: [    0.642423] NET: Registered protocol family 31
Nov 30 12:01:51 ubuntu-phablet kernel: [    0.642470] Bluetooth: HCI device and connection manager initialized
Nov 30 12:01:51 ubuntu-phablet kernel: [    0.642533] Bluetooth: HCI socket layer initialized
Nov 30 12:01:51 ubuntu-phablet kernel: [    0.642584] Bluetooth: L2CAP socket layer initialized
Nov 30 12:01:51 ubuntu-phablet kernel: [    0.642991] Bluetooth: SCO socket layer initialized
Nov 30 12:01:51 ubuntu-phablet kernel: [    0.643744] cfg80211: Calling CRDA to update world regulatory domain
Nov 30 12:01:51 ubuntu-phablet kernel: [    0.643855] cfg80211: World regulatory domain updated:
Nov 30 12:01:51 ubuntu-phablet kernel: [    0.643903] cfg80211:   (start_freq - end_freq @ bandwidth), (max_antenna_gain, max_eirp)
Nov 30 12:01:51 ubuntu-phablet kernel: [    0.643974] cfg80211:   (2402000 KHz - 2472000 KHz @ 40000 KHz), (300 mBi, 2000 mBm)
Nov 30 12:01:51 ubuntu-phablet kernel: [    0.644041] cfg80211:   (2457000 KHz - 2482000 KHz @ 40000 KHz), (300 mBi, 2000 mBm)
Nov 30 12:01:51 ubuntu-phablet kernel: [    0.644108] cfg80211:   (2474000 KHz - 2494000 KHz @ 20000 KHz), (300 mBi, 2000 mBm)
Nov 30 12:01:51 ubuntu-phablet kernel: [    0.644175] cfg80211:   (5170000 KHz - 5250000 KHz @ 80000 KHz), (300 mBi, 2000 mBm)
Nov 30 12:01:51 ubuntu-phablet kernel: [    0.644242] cfg80211:   (5735000 KHz - 5835000 KHz @ 80000 KHz), (300 mBi, 2000 mBm)
Nov 30 12:01:51 ubuntu-phablet kernel: [    0.644309] cfg80211:   (57240000 KHz - 63720000 KHz @ 2160000 KHz), (N/A, 0 mBm)
Nov 30 12:01:51 ubuntu-phablet kernel: [    0.644553] NetLabel: Initializing
Nov 30 12:01:51 ubuntu-phablet kernel: [    0.644594] NetLabel:  domain hash size = 128
Nov 30 12:01:51 ubuntu-phablet kernel: [    0.644635] NetLabel:  protocols = UNLABELED CIPSOv4
Nov 30 12:01:51 ubuntu-phablet kernel: [    0.644808] NetLabel:  unlabeled traffic allowed by default
Nov 30 12:01:51 ubuntu-phablet kernel: [    0.645978] Switching to clocksource arch_sys_counter
Nov 30 12:01:51 ubuntu-phablet kernel: [    0.723906] AppArmor: AppArmor Filesystem Enabled
Nov 30 12:01:51 ubuntu-phablet kernel: [    0.747088] NET: Registered protocol family 2
Nov 30 12:01:51 ubuntu-phablet kernel: [    0.748015] IP route cache hash table entries: 32768 (order: 5, 131072 bytes)
Nov 30 12:01:51 ubuntu-phablet kernel: [    0.752607] TCP established hash table entries: 131072 (order: 8, 1048576 bytes)
Nov 30 12:01:51 ubuntu-phablet kernel: [    0.762407] TCP bind hash table entries: 65536 (order: 8, 1310720 bytes)
Nov 30 12:01:51 ubuntu-phablet kernel: [    0.764813] TCP: Hash tables configured (established 131072 bind 65536)
Nov 30 12:01:51 ubuntu-phablet kernel: [    0.764870] TCP: reno registered
Nov 30 12:01:51 ubuntu-phablet kernel: [    0.765089] UDP hash table entries: 512 (order: 2, 24576 bytes)
Nov 30 12:01:51 ubuntu-phablet kernel: [    0.765313] UDP-Lite hash table entries: 512 (order: 2, 24576 bytes)
Nov 30 12:01:51 ubuntu-phablet kernel: [    0.766054] NET: Registered protocol family 1
Nov 30 12:01:51 ubuntu-phablet kernel: [    0.766777] Trying to unpack rootfs image as initramfs...
Nov 30 12:01:51 ubuntu-phablet kernel: [    1.161416] Freeing initrd memory: 4344K
Nov 30 12:01:51 ubuntu-phablet kernel: [    1.168142] clock-a7 f9011050.qcom,clock-a7: Speed bin: 1
Nov 30 12:01:51 ubuntu-phablet kernel: [    1.168202] clock-a7 f9011050.qcom,clock-a7: PVS version: 2
Nov 30 12:01:51 ubuntu-phablet kernel: [    1.175361] gpiochip_find_base: found new base at 992
Nov 30 12:01:51 ubuntu-phablet kernel: [    1.175713] gpiochip_add: registered GPIOs 992 to 1023 on device: smp2p
Nov 30 12:01:51 ubuntu-phablet kernel: [    1.177505] gpiochip_find_base: found new base at 960
Nov 30 12:01:51 ubuntu-phablet kernel: [    1.177820] gpiochip_add: registered GPIOs 960 to 991 on device: smp2p
Nov 30 12:01:51 ubuntu-phablet kernel: [    1.177990] gpiochip_find_base: found new base at 928
Nov 30 12:01:51 ubuntu-phablet kernel: [    1.178301] gpiochip_add: registered GPIOs 928 to 959 on device: smp2p
Nov 30 12:01:51 ubuntu-phablet kernel: [    1.180039] gpiochip_find_base: found new base at 896
Nov 30 12:01:51 ubuntu-phablet kernel: [    1.180378] gpiochip_add: registered GPIOs 896 to 927 on device: smp2p
Nov 30 12:01:51 ubuntu-phablet kernel: [    1.180548] gpiochip_find_base: found new base at 864
Nov 30 12:01:51 ubuntu-phablet kernel: [    1.180868] gpiochip_add: registered GPIOs 864 to 895 on device: slave-kernel
Nov 30 12:01:51 ubuntu-phablet kernel: [    1.182654] gpiochip_find_base: found new base at 832
Nov 30 12:01:51 ubuntu-phablet kernel: [    1.182993] gpiochip_add: registered GPIOs 832 to 863 on device: master-kernel
Nov 30 12:01:51 ubuntu-phablet kernel: [    1.183228] gpiochip_find_base: found new base at 800
Nov 30 12:01:51 ubuntu-phablet kernel: [    1.183596] gpiochip_add: registered GPIOs 800 to 831 on device: smp2p
Nov 30 12:01:51 ubuntu-phablet kernel: [    1.185414] gpiochip_find_base: found new base at 768
Nov 30 12:01:51 ubuntu-phablet kernel: [    1.185754] gpiochip_add: registered GPIOs 768 to 799 on device: smp2p
Nov 30 12:01:51 ubuntu-phablet kernel: [    1.185927] gpiochip_find_base: found new base at 736
Nov 30 12:01:51 ubuntu-phablet kernel: [    1.186306] gpiochip_add: registered GPIOs 736 to 767 on device: slave-kernel
Nov 30 12:01:51 ubuntu-phablet kernel: [    1.188170] gpiochip_find_base: found new base at 704
Nov 30 12:01:51 ubuntu-phablet kernel: [    1.188511] gpiochip_add: registered GPIOs 704 to 735 on device: master-kernel
Nov 30 12:01:51 ubuntu-phablet kernel: [    1.188731] gpiochip_find_base: found new base at 672
Nov 30 12:01:51 ubuntu-phablet kernel: [    1.189042] gpiochip_add: registered GPIOs 672 to 703 on device: smp2p
Nov 30 12:01:51 ubuntu-phablet kernel: [    1.190951] gpiochip_find_base: found new base at 640
Nov 30 12:01:51 ubuntu-phablet kernel: [    1.191267] gpiochip_add: registered GPIOs 640 to 671 on device: smp2p
Nov 30 12:01:51 ubuntu-phablet kernel: [    1.191474] gpiochip_find_base: found new base at 608
Nov 30 12:01:51 ubuntu-phablet kernel: [    1.191790] gpiochip_add: registered GPIOs 608 to 639 on device: slave-kernel
Nov 30 12:01:51 ubuntu-phablet kernel: [    1.193744] gpiochip_find_base: found new base at 576
Nov 30 12:01:51 ubuntu-phablet kernel: [    1.194059] gpiochip_add: registered GPIOs 576 to 607 on device: master-kernel
Nov 30 12:01:51 ubuntu-phablet kernel: [    1.194503] gpiochip_find_base: found new base at 544
Nov 30 12:01:51 ubuntu-phablet kernel: [    1.194843] gpiochip_add: registered GPIOs 544 to 575 on device: rdbg
Nov 30 12:01:51 ubuntu-phablet kernel: [    1.196935] gpiochip_find_base: found new base at 512
Nov 30 12:01:51 ubuntu-phablet kernel: [    1.197255] gpiochip_add: registered GPIOs 512 to 543 on device: rdbg
Nov 30 12:01:51 ubuntu-phablet kernel: [    1.197431] gpiochip_find_base: found new base at 480
Nov 30 12:01:51 ubuntu-phablet kernel: [    1.197773] gpiochip_add: registered GPIOs 480 to 511 on device: rdbg
Nov 30 12:01:51 ubuntu-phablet kernel: [    1.199819] gpiochip_find_base: found new base at 448
Nov 30 12:01:51 ubuntu-phablet kernel: [    1.200137] gpiochip_add: registered GPIOs 448 to 479 on device: rdbg
Nov 30 12:01:51 ubuntu-phablet kernel: [    1.203478] pil-q6v5-lpass fe200000.qcom,lpass: using secure boot
Nov 30 12:01:51 ubuntu-phablet kernel: [    1.213682] pil_pronto fb21b000.qcom,pronto: using secure boot
Nov 30 12:01:51 ubuntu-phablet kernel: [    1.218734] pil_venus fdce0000.qcom,venus: using secure boot
Nov 30 12:01:51 ubuntu-phablet kernel: [    1.240276] NET: Registered protocol family 27
Nov 30 12:01:51 ubuntu-phablet kernel: [    1.267015] msm_rpm_log_probe: OK
Nov 30 12:01:51 ubuntu-phablet kernel: [    1.297378] ocmem: Client sensors (id: 6) not allowed to use OCMEM
Nov 30 12:01:51 ubuntu-phablet kernel: [    1.297466] OCMEM notifier registration failed
Nov 30 12:01:51 ubuntu-phablet kernel: [    1.297524] sns_ocmem_main: sns_ocmem_init failed -14
Nov 30 12:01:51 ubuntu-phablet kernel: [    1.309349] audit: initializing netlink socket (disabled)
Nov 30 12:01:51 ubuntu-phablet kernel: [    1.309495] type=2000 audit(1.290:1): initialized
Nov 30 12:01:51 ubuntu-phablet kernel: [    1.395148] highmem bounce pool size: 64 pages
Nov 30 12:01:51 ubuntu-phablet kernel: [    1.408186] NTFS driver 2.1.30 [Flags: R/O].
Nov 30 12:01:51 ubuntu-phablet kernel: [    1.408595] fuse init (API version 7.18)
Nov 30 12:01:51 ubuntu-phablet kernel: [    1.409653] msgmni has been set to 1425
Nov 30 12:01:51 ubuntu-phablet kernel: [    1.411695] Block layer SCSI generic (bsg) driver version 0.4 loaded (major 247)
Nov 30 12:01:51 ubuntu-phablet kernel: [    1.411736] io scheduler noop registered
Nov 30 12:01:51 ubuntu-phablet kernel: [    1.411758] io scheduler deadline registered (default)
Nov 30 12:01:51 ubuntu-phablet kernel: [    1.411796] io scheduler row registered
Nov 30 12:01:51 ubuntu-phablet kernel: [    1.412007] io scheduler cfq registered
Nov 30 12:01:51 ubuntu-phablet kernel: [    1.412377] gpiochip_find_base: found new base at 440
Nov 30 12:01:51 ubuntu-phablet kernel: [    1.412507] gpiochip_add: registered GPIOs 440 to 447 on device: pm8226-gpio
Nov 30 12:01:51 ubuntu-phablet kernel: [    1.412833] qcom,qpnp-pin qpnp-pin-f1de2400: qpnp_pin_probe: gpio_chip registered between 440-447
Nov 30 12:01:51 ubuntu-phablet kernel: [    1.413014] gpiochip_find_base: found new base at 432
Nov 30 12:01:51 ubuntu-phablet kernel: [    1.413132] gpiochip_add: registered GPIOs 432 to 439 on device: pm8226-mpp
Nov 30 12:01:51 ubuntu-phablet kernel: [    1.413652] qcom,qpnp-pin qpnp-pin-f1de2600: qpnp_pin_probe: gpio_chip registered between 432-439
Nov 30 12:01:51 ubuntu-phablet kernel: [    1.413964] mdss_mdp_probe: MDP HW Base phy_Address=0xfd900000 virt=0xc88c0000
Nov 30 12:01:51 ubuntu-phablet kernel: [    1.414014] mdss_mdp_probe: MDSS VBIF HW Base phy_Address=0xfd924000 virt=0xc8556000
Nov 30 12:01:51 ubuntu-phablet kernel: [    1.414285] mdss_mdp_parse_dt_handler: Error from prop qcom,mdss-ib-factor-overlap : u32 array read
Nov 30 12:01:51 ubuntu-phablet kernel: [    1.414324] mdss_mdp_parse_dt_fudge_factors: err reading qcom,mdss-ib-factor-overlap
Nov 30 12:01:51 ubuntu-phablet kernel: [    1.414364] mdss_mdp_parse_dt_prop_len: Error from prop qcom,mdss-ad-off : spec error in device tree
Nov 30 12:01:51 ubuntu-phablet kernel: [    1.414416] mdss_mdp_parse_bootarg: mdss_mdp_parse_bootarg:1482: pan_name=[1:dsi:0:qcom,mdss_dsi_auo_720p_video] end=[]
Nov 30 12:01:51 ubuntu-phablet kernel: [    1.415197] mdss_mdp_pp_argc: >>>>> mdss_mdp_pp_argc 
Nov 30 12:01:51 ubuntu-phablet kernel: [    1.415230] update_preset_lcdc_lut: update_preset_lcdc_lut red=[255], green=[255], blue=[255]
Nov 30 12:01:51 ubuntu-phablet kernel: [    1.415267] mdss_mdp_pp_argc_kcal: >>>>> mdss_mdp_pp_argc_kcal 
Nov 30 12:01:51 ubuntu-phablet kernel: [    1.416989] mdss_dsi_ctrl_probe: DSI Ctrl name = MDSS DSI CTRL->0
Nov 30 12:01:51 ubuntu-phablet kernel: [    1.417118] mdss_dsi_panel_init: Panel Name = auo 720p video mode dsi panel
Nov 30 12:01:51 ubuntu-phablet kernel: [    1.417391] mdss_dsi_panel_init:1057 Continuous splash flag enabled.
Nov 30 12:01:51 ubuntu-phablet kernel: [    1.417422] mdss_dsi_panel_init:1069 Partial update disabled.
Nov 30 12:01:51 ubuntu-phablet kernel: [    1.417784] dsi_panel_device_register:1279, Disp_en gpio not specified
Nov 30 12:01:51 ubuntu-phablet kernel: [    1.417880] mdss_dsi_retrieve_ctrl_resources: dsi base=c8574800 size=600
Nov 30 12:01:51 ubuntu-phablet kernel: [    1.446419] mdss_register_panel: adding framebuffer device fd922800.qcom,mdss_dsi
Nov 30 12:01:51 ubuntu-phablet kernel: [    1.446860] mdss_hw_init: MDP Rev=10010001
Nov 30 12:01:51 ubuntu-phablet kernel: [    1.448785] mdss_register_panel: adding framebuffer device qcom,mdss_wb_panel.23
Nov 30 12:01:51 ubuntu-phablet kernel: [    1.450024] mdss_fb_parse_dt: split framebuffer left=0 right=0
Nov 30 12:01:51 ubuntu-phablet kernel: [    1.450055] mdss_fb_alloc_fbmem_iommu: mdss_fb_alloc_fbmem_iommu frame buffer reserve_size=0x800000
Nov 30 12:01:51 ubuntu-phablet kernel: [    1.450398] mdss_fb_alloc_fbmem_iommu: allocating 8388608 bytes at c9000000 (3f800000 phys) for fb 0
Nov 30 12:01:51 ubuntu-phablet kernel: [    1.450804] mdss_fb_register: FrameBuffer[0] 720x1280 size=8388608 registered successfully!
Nov 30 12:01:51 ubuntu-phablet kernel: [    1.450890] mdss_mdp_overlay_init: mdss_mdp_overlay_init: unable to add event timer
Nov 30 12:01:51 ubuntu-phablet kernel: [    1.451107] Registered led device: lcd-backlight
Nov 30 12:01:51 ubuntu-phablet kernel: [    1.451182] mdss_fb_parse_dt: split framebuffer left=0 right=0
Nov 30 12:01:51 ubuntu-phablet kernel: [    1.451427] mdss_fb_register: FrameBuffer[1] 1280x720 size=0 registered successfully!
Nov 30 12:01:51 ubuntu-phablet kernel: [    1.451499] mdss_mdp_overlay_init: mdss_mdp_overlay_init: unable to add event timer
Nov 30 12:01:51 ubuntu-phablet kernel: [    1.528512] msm_serial_hsl_probe: detected port #0 (ttyHSL0)
Nov 30 12:01:51 ubuntu-phablet kernel: [    1.528763] f991f000.serial: ttyHSL0 at MMIO 0xf991f000 (irq = 141) is a MSM
Nov 30 12:01:51 ubuntu-phablet kernel: [    1.531950] msm_serial_hsl_init: driver initialized
Nov 30 12:01:51 ubuntu-phablet kernel: [    1.537385] diagchar initialized nowkgsl bus ib [0] = 1600000000
Nov 30 12:01:51 ubuntu-phablet kernel: [    1.539831] kgsl bus ib [1] = 3200000000
Nov 30 12:01:51 ubuntu-phablet kernel: [    1.539853] kgsl bus ib [2] = 4256000000
Nov 30 12:01:51 ubuntu-phablet kernel: [    1.539873] kgsl bus index is 2 for pwrlevel 0
Nov 30 12:01:51 ubuntu-phablet kernel: [    1.539895] kgsl bus index is 1 for pwrlevel 1
Nov 30 12:01:51 ubuntu-phablet kernel: [    1.539917] kgsl bus index is 0 for pwrlevel 2
Nov 30 12:01:51 ubuntu-phablet kernel: [    1.540462] kgsl kgsl-3d0: |kgsl_iommu_init| MMU type set for device is IOMMU
Nov 30 12:01:51 ubuntu-phablet kernel: [    1.553336] brd: module loaded
Nov 30 12:01:51 ubuntu-phablet kernel: [    1.557884] loop: module loaded
Nov 30 12:01:51 ubuntu-phablet kernel: [    1.558594] QSEECOM: qseecom_probe: support_bus_scaling=0x1
Nov 30 12:01:51 ubuntu-phablet kernel: [    1.558621] QSEECOM: qseecom_probe: bam_pipe_pair=0x2
Nov 30 12:01:51 ubuntu-phablet kernel: [    1.558650] QSEECOM: qseecom_probe: qsee-ce-hw-instance=0x0
Nov 30 12:01:51 ubuntu-phablet kernel: [    1.558678] QSEECOM: qseecom_probe: hlos-ce-hw-instance=0x0
Nov 30 12:01:51 ubuntu-phablet kernel: [    1.558750] QSEECOM: qseecom_probe: secure app region addr=0xd980000 size=0x256000
Nov 30 12:01:51 ubuntu-phablet kernel: [    1.559956] 8226_l28: Failed to create debugfs directory
Nov 30 12:01:51 ubuntu-phablet kernel: [    1.560319] isa1000_setup: isa1000 set up
Nov 30 12:01:51 ubuntu-phablet kernel: [    1.560635] i2c-core: driver [tabla-i2c-core] using legacy suspend method
Nov 30 12:01:51 ubuntu-phablet kernel: [    1.560666] i2c-core: driver [tabla-i2c-core] using legacy resume method
Nov 30 12:01:51 ubuntu-phablet kernel: [    1.560849] i2c-core: driver [wcd9xxx-i2c-core] using legacy suspend method
Nov 30 12:01:51 ubuntu-phablet kernel: [    1.560880] i2c-core: driver [wcd9xxx-i2c-core] using legacy resume method
Nov 30 12:01:51 ubuntu-phablet kernel: [    1.561600] SCSI Media Changer driver v0.25 
Nov 30 12:01:51 ubuntu-phablet kernel: [    1.562452] sps: BAM device 0xf9904000 is not registered yet.
Nov 30 12:01:51 ubuntu-phablet kernel: [    1.562493] sps:BAM 0xf9904000 is registered.
Nov 30 12:01:51 ubuntu-phablet kernel: [    1.562834] sps:BAM 0xf9904000 (va:0xc8830000) enabled: ver:0x15, number of pipes:24
Nov 30 12:01:51 ubuntu-phablet kernel: [    1.563326] spi_qsd f9923000.spi: master is unqueued, this is deprecated
Nov 30 12:01:51 ubuntu-phablet kernel: [    1.568449] modprobe used greatest stack depth: 5728 bytes left
Nov 30 12:01:51 ubuntu-phablet kernel: [    1.568826] gpio_request: gpio-0 (spi_mosi) status -16
Nov 30 12:01:51 ubuntu-phablet kernel: [    1.568840] spi_qsd f9923000.spi: msm_spi_request_gpios: gpio_request for pin 0 failed with error -16
Nov 30 12:01:51 ubuntu-phablet kernel: [    1.568901] spi_qsd f9923000.spi: can't setup spi0.3, status -16
Nov 30 12:01:51 ubuntu-phablet kernel: [    1.568933] spi_master spi0: spi_device register error /soc/spi@f9923000/ethernet-switch@3
Nov 30 12:01:51 ubuntu-phablet kernel: [    1.570433] tun: Universal TUN/TAP device driver, 1.6
Nov 30 12:01:51 ubuntu-phablet kernel: [    1.570464] tun: (C) 1999-2004 Max Krasnyansky <maxk@qualcomm.com>
Nov 30 12:01:51 ubuntu-phablet kernel: [    1.570730] rmnet_init: BAM devices[9]
Nov 30 12:01:51 ubuntu-phablet kernel: [    1.580946] PPP generic driver version 2.4.2
Nov 30 12:01:51 ubuntu-phablet kernel: [    1.581268] PPP BSD Compression module registered
Nov 30 12:01:51 ubuntu-phablet kernel: [    1.581295] PPP Deflate Compression module registered
Nov 30 12:01:51 ubuntu-phablet kernel: [    1.589754] PPP MPPE Compression module registered
Nov 30 12:01:51 ubuntu-phablet kernel: [    1.589790] NET: Registered protocol family 24
Nov 30 12:01:51 ubuntu-phablet kernel: [    1.589859] SLIP: version 0.8.4-NET3.019-NEWTTY (dynamic channels, max=256) (6 bit encapsulation enabled).
Nov 30 12:01:51 ubuntu-phablet kernel: [    1.589899] CSLIP: code copyright 1989 Regents of the University of California.
Nov 30 12:01:51 ubuntu-phablet kernel: [    1.590364] wcnss_wlan probed in built-in mode
Nov 30 12:01:51 ubuntu-phablet kernel: [    1.592348] usbcore: registered new interface driver asix
Nov 30 12:01:51 ubuntu-phablet kernel: [    1.592448] usbcore: registered new interface driver cdc_ether
Nov 30 12:01:51 ubuntu-phablet kernel: [    1.592523] usbcore: registered new interface driver net1080
Nov 30 12:01:51 ubuntu-phablet kernel: [    1.592597] usbcore: registered new interface driver cdc_subset
Nov 30 12:01:51 ubuntu-phablet kernel: [    1.592684] usbcore: registered new interface driver zaurus
Nov 30 12:01:51 ubuntu-phablet kernel: [    1.592897] usbcore: registered new interface driver cdc_ncm
Nov 30 12:01:51 ubuntu-phablet kernel: [    1.594618] msm_otg f9a55000.usb: msm_otg probe
Nov 30 12:01:51 ubuntu-phablet kernel: [    1.596855] msm_otg f9a55000.usb: OTG regs = c87f8000
Nov 30 12:01:51 ubuntu-phablet kernel: [    1.599370] ehci_hcd: USB 2.0 'Enhanced' Host Controller (EHCI) Driver
Nov 30 12:01:51 ubuntu-phablet kernel: [    1.599744] Unable to get vbus_otg
Nov 30 12:01:51 ubuntu-phablet kernel: [    1.599768] msm_hsusb_host msm_hsusb_host: unable to register with transceiver
Nov 30 12:01:51 ubuntu-phablet kernel: [    1.599825] platform msm_hsusb_host: Driver msm_hsusb_host requests probe deferral
Nov 30 12:01:51 ubuntu-phablet kernel: [    1.601095] usbcore: registered new interface driver cdc_acm
Nov 30 12:01:51 ubuntu-phablet kernel: [    1.601123] cdc_acm: USB Abstract Control Model driver for USB modems and ISDN adapters
Nov 30 12:01:51 ubuntu-phablet kernel: [    1.601156] Initializing USB Mass Storage driver...
Nov 30 12:01:51 ubuntu-phablet kernel: [    1.601264] usbcore: registered new interface driver usb-storage
Nov 30 12:01:51 ubuntu-phablet kernel: [    1.601292] USB Mass Storage support registered.
Nov 30 12:01:51 ubuntu-phablet kernel: [    1.601356] usbcore: registered new interface driver ums-alauda
Nov 30 12:01:51 ubuntu-phablet kernel: [    1.601423] usbcore: registered new interface driver ums-cypress
Nov 30 12:01:51 ubuntu-phablet kernel: [    1.601489] usbcore: registered new interface driver ums-datafab
Nov 30 12:01:51 ubuntu-phablet kernel: [    1.601556] usbcore: registered new interface driver ums-freecom
Nov 30 12:01:51 ubuntu-phablet kernel: [    1.601623] usbcore: registered new interface driver ums-isd200
Nov 30 12:01:51 ubuntu-phablet kernel: [    1.601689] usbcore: registered new interface driver ums-jumpshot
Nov 30 12:01:51 ubuntu-phablet kernel: [    1.601756] usbcore: registered new interface driver ums-karma
Nov 30 12:01:51 ubuntu-phablet kernel: [    1.601824] usbcore: registered new interface driver ums-onetouch
Nov 30 12:01:51 ubuntu-phablet kernel: [    1.601892] usbcore: registered new interface driver ums-sddr09
Nov 30 12:01:51 ubuntu-phablet kernel: [    1.601968] usbcore: registered new interface driver ums-sddr55
Nov 30 12:01:51 ubuntu-phablet kernel: [    1.602036] usbcore: registered new interface driver ums-usbat
Nov 30 12:01:51 ubuntu-phablet kernel: [    1.602201] usbcore: registered new interface driver usbserial
Nov 30 12:01:51 ubuntu-phablet kernel: [    1.602229] usbserial: USB Serial Driver core
Nov 30 12:01:51 ubuntu-phablet kernel: [    1.602306] usbcore: registered new interface driver qc_csvt
Nov 30 12:01:51 ubuntu-phablet kernel: [    1.602373] USB Serial support registered for qc_csvt
Nov 30 12:01:51 ubuntu-phablet kernel: [    1.602450] usbcore: registered new interface driver usb_ehset_test
Nov 30 12:01:51 ubuntu-phablet kernel: [    1.603694] msm_hsusb msm_hsusb: [ci13xxx_start] hw_ep_max = 32
Nov 30 12:01:51 ubuntu-phablet kernel: [    1.604487] mbim_init: initialize 1 instances
Nov 30 12:01:51 ubuntu-phablet kernel: [    1.604692] mbim_init: Initialized 1 ports
Nov 30 12:01:51 ubuntu-phablet kernel: [    1.607337] rndis_qc_init: initialize rndis QC instance
Nov 30 12:01:51 ubuntu-phablet kernel: [    1.608144] android_usb gadget: Mass Storage Function, version: 2009/09/11
Nov 30 12:01:51 ubuntu-phablet kernel: [    1.608178] android_usb gadget: Number of LUNs=2
Nov 30 12:01:51 ubuntu-phablet kernel: [    1.608204]  lun0: LUN: removable read only CD-ROM file: (no medium)
Nov 30 12:01:51 ubuntu-phablet kernel: [    1.608232]  lun1: LUN: removable file: (no medium)
Nov 30 12:01:51 ubuntu-phablet kernel: [    1.608720] android_usb gadget: android_usb ready
Nov 30 12:01:51 ubuntu-phablet kernel: [    1.610015] mousedev: PS/2 mouse device common for all mice
Nov 30 12:01:51 ubuntu-phablet kernel: [    1.610416] usbcore: registered new interface driver xpad
Nov 30 12:01:51 ubuntu-phablet kernel: [    1.610444] ft5x06_i2c_init
Nov 30 12:01:51 ubuntu-phablet kernel: [    1.610558] num_fw = 4
Nov 30 12:01:51 ubuntu-phablet kernel: [    1.610653] i2c-pull-up = 1
Nov 30 12:01:51 ubuntu-phablet kernel: [    1.610670] reset gpio = 16
Nov 30 12:01:51 ubuntu-phablet kernel: [    1.610687] irq gpio = 17
Nov 30 12:01:51 ubuntu-phablet kernel: [    1.610703] x_max = 720
Nov 30 12:01:51 ubuntu-phablet kernel: [    1.610719] y_max = 1280
Nov 30 12:01:51 ubuntu-phablet kernel: [    1.610734] z_max = 255
Nov 30 12:01:51 ubuntu-phablet kernel: [    1.610750] w_max = 200
Nov 30 12:01:51 ubuntu-phablet kernel: [    1.610766] landing_jiffies = 1000
Nov 30 12:01:51 ubuntu-phablet kernel: [    1.610784] landing_threshold = 16
Nov 30 12:01:51 ubuntu-phablet kernel: [    1.610802] staying_threshold = 8
Nov 30 12:01:51 ubuntu-phablet kernel: [    1.610820] raw min = 7000
Nov 30 12:01:51 ubuntu-phablet kernel: [    1.610836] raw max = 10000
Nov 30 12:01:51 ubuntu-phablet kernel: [    1.610853] key_num = 3
Nov 30 12:01:51 ubuntu-phablet kernel: [    1.610869] keymap[0] = 139
Nov 30 12:01:51 ubuntu-phablet kernel: [    1.610886] keypos[0] = 2
Nov 30 12:01:51 ubuntu-phablet kernel: [    1.610903] key[0]: 155 1317 10 50
Nov 30 12:01:51 ubuntu-phablet kernel: [    1.610922] keymap[1] = 102
Nov 30 12:01:51 ubuntu-phablet kernel: [    1.610939] keypos[1] = 6
Nov 30 12:01:51 ubuntu-phablet kernel: [    1.610956] key[1]: 355 1317 10 50
Nov 30 12:01:51 ubuntu-phablet kernel: [    1.610974] keymap[2] = 158
Nov 30 12:01:51 ubuntu-phablet kernel: [    1.610991] keypos[2] = 10
Nov 30 12:01:51 ubuntu-phablet kernel: [    1.611009] key[2]: 565 1317 10 50
Nov 30 12:01:51 ubuntu-phablet kernel: [    1.611027] key_num = 3
Nov 30 12:01:51 ubuntu-phablet kernel: [    1.611043] keymap[0] = 139
Nov 30 12:01:51 ubuntu-phablet kernel: [    1.611059] keypos[0] = 2
Nov 30 12:01:51 ubuntu-phablet kernel: [    1.611077] key[0]: 155 1319 10 50
Nov 30 12:01:51 ubuntu-phablet kernel: [    1.611095] keymap[1] = 102
Nov 30 12:01:51 ubuntu-phablet kernel: [    1.611112] keypos[1] = 6
Nov 30 12:01:51 ubuntu-phablet kernel: [    1.611129] key[1]: 355 1319 10 50
Nov 30 12:01:51 ubuntu-phablet kernel: [    1.611148] keymap[2] = 158
Nov 30 12:01:51 ubuntu-phablet kernel: [    1.611165] keypos[2] = 10
Nov 30 12:01:51 ubuntu-phablet kernel: [    1.611182] key[2]: 565 1319 10 50
Nov 30 12:01:51 ubuntu-phablet kernel: [    1.611200] key_num = 3
Nov 30 12:01:51 ubuntu-phablet kernel: [    1.611216] keymap[0] = 139
Nov 30 12:01:51 ubuntu-phablet kernel: [    1.611233] keypos[0] = 2
Nov 30 12:01:51 ubuntu-phablet kernel: [    1.611250] key[0]: 155 1319 10 50
Nov 30 12:01:51 ubuntu-phablet kernel: [    1.611269] keymap[1] = 102
Nov 30 12:01:51 ubuntu-phablet kernel: [    1.611285] keypos[1] = 6
Nov 30 12:01:51 ubuntu-phablet kernel: [    1.611303] key[1]: 355 1319 10 50
Nov 30 12:01:51 ubuntu-phablet kernel: [    1.611321] keymap[2] = 158
Nov 30 12:01:51 ubuntu-phablet kernel: [    1.611338] keypos[2] = 10
Nov 30 12:01:51 ubuntu-phablet kernel: [    1.611356] key[2]: 565 1319 10 50
Nov 30 12:01:51 ubuntu-phablet kernel: [    1.611374] key_num = 3
Nov 30 12:01:51 ubuntu-phablet kernel: [    1.611390] keymap[0] = 139
Nov 30 12:01:51 ubuntu-phablet kernel: [    1.611406] keypos[0] = 2
Nov 30 12:01:51 ubuntu-phablet kernel: [    1.611424] key[0]: 155 1319 10 50
Nov 30 12:01:51 ubuntu-phablet kernel: [    1.611442] keymap[1] = 102
Nov 30 12:01:51 ubuntu-phablet kernel: [    1.611459] keypos[1] = 6
Nov 30 12:01:51 ubuntu-phablet kernel: [    1.611476] key[1]: 355 1319 10 50
Nov 30 12:01:51 ubuntu-phablet kernel: [    1.611495] keymap[2] = 158
Nov 30 12:01:51 ubuntu-phablet kernel: [    1.611512] keypos[2] = 10
Nov 30 12:01:51 ubuntu-phablet kernel: [    1.611529] key[2]: 565 1319 10 50
Nov 30 12:01:51 ubuntu-phablet kernel: [    1.611549] firmare 0 chip = 0xa, vendor = 0x51 name = ft5316_firmware.fw
Nov 30 12:01:51 ubuntu-phablet kernel: [    1.827115] ft5x06_i2c 5-0038: firmware vendor is 51
Nov 30 12:01:51 ubuntu-phablet kernel: [    1.827257] ft5x06_i2c 5-0038: chip id = 0x14, found it!
Nov 30 12:01:51 ubuntu-phablet kernel: [    1.827387] ft5x06_i2c 5-0038: firmware name = ft5336_firmware_ofilm.fw
Nov 30 12:01:51 ubuntu-phablet kernel: [    1.828135] ft5x06_i2c 5-0038: firmware version is 0e
Nov 30 12:01:51 ubuntu-phablet kernel: [    1.829403] input: ft5x06 as /devices/f9927000.i2c/i2c-5/5-0038/input/input0
Nov 30 12:01:51 ubuntu-phablet kernel: [    1.832058] #### init for imagis #####
Nov 30 12:01:51 ubuntu-phablet kernel: [    1.836273] [ Imagis ] ist30xx_probe(), the i2c addr=0x50
Nov 30 12:01:51 ubuntu-phablet kernel: [    1.836643] ### reset gpio = 16 ####
Nov 30 12:01:51 ubuntu-phablet kernel: [    1.836767] ### irq gpio = 17 ####
Nov 30 12:01:51 ubuntu-phablet kernel: [    1.836864] ### max x = 720 ####
Nov 30 12:01:51 ubuntu-phablet kernel: [    1.836956] ### max y = 1280 ####
Nov 30 12:01:51 ubuntu-phablet kernel: [    1.837049] ### max w = 200 ####
Nov 30 12:01:51 ubuntu-phablet kernel: [    1.837141] ### key num = 3 ####
Nov 30 12:01:51 ubuntu-phablet kernel: [    1.837235] #### key [0] = 139 ####
Nov 30 12:01:51 ubuntu-phablet kernel: [    1.837333] #### key [1] = 102 ####
Nov 30 12:01:51 ubuntu-phablet kernel: [    1.837430] #### key [2] = 158 ####
Nov 30 12:01:51 ubuntu-phablet kernel: [    1.837561] gpio_request: gpio-17 (imagis_irq_gpio) status -16
Nov 30 12:01:51 ubuntu-phablet kernel: [    1.837610] [ Imagis ] irq gpio request failed!
Nov 30 12:01:51 ubuntu-phablet kernel: [    1.837734] [ Imagis ] Error, ist30xx mem free
Nov 30 12:01:51 ubuntu-phablet kernel: [    1.839129] IST30XX: probe of 5-0050 failed with error -16
Nov 30 12:01:51 ubuntu-phablet kernel: [    1.845511] using rtc device, qpnp_rtc, for alarms
Nov 30 12:01:51 ubuntu-phablet kernel: [    1.845721] qcom,qpnp-rtc qpnp-rtc-f1de3000: rtc core: registered qpnp_rtc as rtc0
Nov 30 12:01:51 ubuntu-phablet kernel: [    1.847354] i2c /dev entries driver
Nov 30 12:01:51 ubuntu-phablet kernel: [    1.855607] msm_vidc: 1: Failed to read qcom,load-freq-tbl from device tree
Nov 30 12:01:51 ubuntu-phablet kernel: [    1.855654] msm_vidc: 1: no elements in frequency table
Nov 30 12:01:51 ubuntu-phablet kernel: [    1.855697] msm_vidc: 1: Failed to read qcom,reg-presets from device tree
Nov 30 12:01:51 ubuntu-phablet kernel: [    1.855918] msm_vidc: 1: Failed to read qcom,buffer-type-tz-usage-table from device tree
Nov 30 12:01:51 ubuntu-phablet kernel: [    1.855994] msm_vidc: 1: Q6 hfi device probe called
Nov 30 12:01:51 ubuntu-phablet kernel: [    1.858052] msm_vidc: 1: debugfs_create_file: fail
Nov 30 12:01:51 ubuntu-phablet kernel: [    1.883098] Registered led device: flashlight
Nov 30 12:01:51 ubuntu-phablet kernel: [    1.885281] msm_eeprom_platform_probe MM data miss:1059
Nov 30 12:01:51 ubuntu-phablet kernel: [    1.886023] msm_eeprom_parse_memory_map: pageen not needed
Nov 30 12:01:51 ubuntu-phablet kernel: [    1.886249] msm_eeprom_parse_memory_map: pageen not needed
Nov 30 12:01:51 ubuntu-phablet kernel: [    1.886713] msm_eeprom_parse_memory_map: pageen not needed
Nov 30 12:01:51 ubuntu-phablet kernel: [    1.886796] msm_eeprom_parse_memory_map: pageen not needed
Nov 30 12:01:51 ubuntu-phablet kernel: [    1.886876] msm_eeprom_parse_memory_map: pageen not needed
Nov 30 12:01:51 ubuntu-phablet kernel: [    1.886956] msm_eeprom_parse_memory_map: pageen not needed
Nov 30 12:01:51 ubuntu-phablet kernel: [    1.887037] msm_eeprom_parse_memory_map: pageen not needed
Nov 30 12:01:51 ubuntu-phablet kernel: [    1.887119] msm_eeprom_parse_memory_map: pageen not needed
Nov 30 12:01:51 ubuntu-phablet kernel: [    1.887202] msm_eeprom_parse_memory_map: pageen not needed
Nov 30 12:01:51 ubuntu-phablet kernel: [    1.887285] msm_eeprom_parse_memory_map: pageen not needed
Nov 30 12:01:51 ubuntu-phablet kernel: [    1.887370] msm_eeprom_parse_memory_map: pageen not needed
Nov 30 12:01:51 ubuntu-phablet kernel: [    1.887456] msm_eeprom_parse_memory_map: pageen not needed
Nov 30 12:01:51 ubuntu-phablet kernel: [    1.887542] msm_eeprom_parse_memory_map: pageen not needed
Nov 30 12:01:51 ubuntu-phablet kernel: [    1.887630] msm_eeprom_parse_memory_map: pageen not needed
Nov 30 12:01:51 ubuntu-phablet kernel: [    1.887718] msm_eeprom_parse_memory_map: pageen not needed
Nov 30 12:01:51 ubuntu-phablet kernel: [    1.887807] msm_eeprom_parse_memory_map: pageen not needed
Nov 30 12:01:51 ubuntu-phablet kernel: [    1.887897] msm_eeprom_parse_memory_map: pageen not needed
Nov 30 12:01:51 ubuntu-phablet kernel: [    1.887988] msm_eeprom_parse_memory_map: pageen not needed
Nov 30 12:01:51 ubuntu-phablet kernel: [    1.888081] msm_eeprom_parse_memory_map: pageen not needed
Nov 30 12:01:51 ubuntu-phablet kernel: [    2.376297] h3lte_set_sensor_name: sensor_name = , is set = 0
Nov 30 12:01:51 ubuntu-phablet kernel: [    2.452182] msm_eeprom_platform_probe MM data miss:1059
Nov 30 12:01:51 ubuntu-phablet kernel: [    2.453386] msm_eeprom_parse_memory_map: pageen not needed
Nov 30 12:01:51 ubuntu-phablet kernel: [    2.907380] h3lte_set_sensor_name: sensor_name = ov5693_olq5f08, is set = 1
Nov 30 12:01:51 ubuntu-phablet kernel: [    2.953335] msm_sensor_driver_get_dt_data:809 Invalid sensor position
Nov 30 12:01:51 ubuntu-phablet kernel: [    2.953501] msm_sensor_driver_get_dt_data:818 Invalid sensor mode supported
Nov 30 12:01:51 ubuntu-phablet kernel: [    2.953679] g_sctrl[0] f101de00
Nov 30 12:01:51 ubuntu-phablet kernel: [    2.954648] msm_sensor_driver_get_dt_data:809 Invalid sensor position
Nov 30 12:01:51 ubuntu-phablet kernel: [    2.954829] msm_sensor_driver_get_dt_data:818 Invalid sensor mode supported
Nov 30 12:01:51 ubuntu-phablet kernel: [    2.955004] g_sctrl[1] f103e000
Nov 30 12:01:51 ubuntu-phablet kernel: [    2.967163] __msm_jpeg_init:951] Jpeg Device id 0
Nov 30 12:01:51 ubuntu-phablet kernel: [    2.997805] lirc_dev: IR Remote Control driver registered, major 236 
Nov 30 12:01:51 ubuntu-phablet kernel: [    2.997956] IR NEC protocol handler initialized
Nov 30 12:01:51 ubuntu-phablet kernel: [    2.998050] IR RC5(x) protocol handler initialized
Nov 30 12:01:51 ubuntu-phablet kernel: [    2.998145] IR RC6 protocol handler initialized
Nov 30 12:01:51 ubuntu-phablet kernel: [    2.998238] IR JVC protocol handler initialized
Nov 30 12:01:51 ubuntu-phablet kernel: [    2.998330] IR Sony protocol handler initialized
Nov 30 12:01:51 ubuntu-phablet kernel: [    2.998423] IR RC5 (streamzap) protocol handler initialized
Nov 30 12:01:51 ubuntu-phablet kernel: [    2.998527] IR SANYO protocol handler initialized
Nov 30 12:01:51 ubuntu-phablet kernel: [    2.998622] IR MCE Keyboard/mouse protocol handler initialized
Nov 30 12:01:51 ubuntu-phablet kernel: [    2.998728] IR LIRC bridge handler initialized
Nov 30 12:01:51 ubuntu-phablet kernel: [    2.999193] usbcore: registered new interface driver uvcvideo
Nov 30 12:01:51 ubuntu-phablet kernel: [    2.999306] USB Video Class driver (1.1.1)
Nov 30 12:01:51 ubuntu-phablet kernel: [    3.002761] Driver for 1-wire Dallas network protocol.
Nov 30 12:01:51 ubuntu-phablet kernel: [    3.004894] w1-gpio: w1_gpio_probe:gpio 439
Nov 30 12:01:51 ubuntu-phablet kernel: [    3.187137] BMS: qpnp_bms_init: QPNP BMS INIT
Nov 30 12:01:51 ubuntu-phablet kernel: [    3.187260] BMS: qpnp_bms_init: QPNP BMS INIT
Nov 30 12:01:51 ubuntu-phablet kernel: [    3.187375] spmi qpnp-bms-armani-f1ddfc00: Driver qcom,qpnp-bms-armani requests probe deferral
Nov 30 12:01:51 ubuntu-phablet kernel: [    3.187663] spmi qpnp-charger-armani-f1ddfa00: Driver qcom,qpnp-charger-armani requests probe deferral
Nov 30 12:01:51 ubuntu-phablet kernel: [    3.221850] qpnp_vadc_conv_seq_request: not a valid VADC channel
Nov 30 12:01:51 ubuntu-phablet kernel: [    3.221884] thermal_sys: failed to read out thermal zone 7
Nov 30 12:01:51 ubuntu-phablet kernel: [    3.222149] qpnp_vadc_conv_seq_request: not a valid VADC channel
Nov 30 12:01:51 ubuntu-phablet kernel: [    3.222179] thermal_sys: failed to read out thermal zone 8
Nov 30 12:01:51 ubuntu-phablet kernel: [    3.222887] device-mapper: uevent: version 1.0.3
Nov 30 12:01:51 ubuntu-phablet kernel: [    3.223360] device-mapper: ioctl: 4.22.0-ioctl (2011-10-19) initialised: dm-devel@redhat.com
Nov 30 12:01:51 ubuntu-phablet kernel: [    3.224088] cpuidle: using governor ladder
Nov 30 12:01:51 ubuntu-phablet kernel: [    3.224114] cpuidle: using governor menu
Nov 30 12:01:51 ubuntu-phablet kernel: [    3.224189] sdhci: Secure Digital Host Controller Interface driver
Nov 30 12:01:51 ubuntu-phablet kernel: [    3.224217] sdhci: Copyright(c) Pierre Ossman
Nov 30 12:01:51 ubuntu-phablet kernel: [    3.224915] sdhci-pltfm: SDHCI platform and OF driver helper
Nov 30 12:01:51 ubuntu-phablet kernel: [    3.229632] mmc0: no vmmc regulator found
Nov 30 12:01:51 ubuntu-phablet kernel: [    3.230790] Registered led device: mmc0::
Nov 30 12:01:51 ubuntu-phablet kernel: [    3.232059] mmc0: SDHCI controller on msm_sdcc.1 [msm_sdcc.1] using ADMA
Nov 30 12:01:51 ubuntu-phablet kernel: [    3.236906] mmc1: no vmmc regulator found
Nov 30 12:01:51 ubuntu-phablet kernel: [    3.238060] Registered led device: mmc1::
Nov 30 12:01:51 ubuntu-phablet kernel: [    3.239338] mmc1: SDHCI controller on msm_sdcc.2 [msm_sdcc.2] using ADMA
Nov 30 12:01:51 ubuntu-phablet kernel: [    3.239998] Registered led device: red
Nov 30 12:01:51 ubuntu-phablet kernel: [    3.240271] Registered led device: green
Nov 30 12:01:51 ubuntu-phablet kernel: [    3.240542] Registered led device: blue
Nov 30 12:01:51 ubuntu-phablet kernel: [    3.241336] Registered led device: wled:backlight
Nov 30 12:01:51 ubuntu-phablet kernel: [    3.241350] qcom,leds-qpnp leds-qpnp-f1de3200: bl: change to higher light 4095
Nov 30 12:01:51 ubuntu-phablet kernel: [    3.241408] qcom,leds-qpnp leds-qpnp-f1de3200: bl: change to analog 4095
Nov 30 12:01:51 ubuntu-phablet kernel: [    3.242604] qcom,leds-qpnp leds-qpnp-f1e02000: Regulator get failed(-517)
Nov 30 12:01:51 ubuntu-phablet kernel: [    3.242635] qcom,leds-qpnp leds-qpnp-f1e02000: Unable to read flash config data
Nov 30 12:01:51 ubuntu-phablet kernel: [    3.242681] spmi leds-qpnp-f1e02000: Driver qcom,leds-qpnp requests probe deferral
Nov 30 12:01:51 ubuntu-phablet kernel: [    3.243915] usbcore: registered new interface driver usbhid
Nov 30 12:01:51 ubuntu-phablet kernel: [    3.243944] usbhid: USB HID core driver
Nov 30 12:01:51 ubuntu-phablet kernel: [    3.244646] zram: Created 1 device(s) ...
Nov 30 12:01:51 ubuntu-phablet kernel: [    3.247614] ashmem: initialized
Nov 30 12:01:51 ubuntu-phablet kernel: [    3.247795] logger: created 1024K log 'log_main'
Nov 30 12:01:51 ubuntu-phablet kernel: [    3.247965] logger: created 1024K log 'log_events'
Nov 30 12:01:51 ubuntu-phablet kernel: [    3.248136] logger: created 1024K log 'log_radio'
Nov 30 12:01:51 ubuntu-phablet kernel: [    3.248317] logger: created 1024K log 'log_system'
Nov 30 12:01:51 ubuntu-phablet kernel: [    3.249089] sps:BAM 0xf9a44000 is registered.
Nov 30 12:01:51 ubuntu-phablet kernel: [    3.249116] usb_bam_ipa_create_resources: Failed to create USB_PROD resource
Nov 30 12:01:51 ubuntu-phablet kernel: [    3.249620] PMIC@SID0 Power-on reason: Triggered from KPD (power key press) and 'warm' boot
Nov 30 12:01:51 ubuntu-phablet kernel: [    3.249984] input: qpnp_pon as /devices/virtual/input/input1
Nov 30 12:01:51 ubuntu-phablet kernel: [    3.251289] PMIC@SID0: PM8226 v2.1 options: 0, 0, 2, 2
Nov 30 12:01:51 ubuntu-phablet kernel: [    3.251782] coresight-fuse fc4be024.fuse: Fuse initialized
Nov 30 12:01:51 ubuntu-phablet kernel: [    3.252544] coresight-cti fc308000.cti: CTI initialized
Nov 30 12:01:51 ubuntu-phablet kernel: [    3.252746] coresight-cti fc309000.cti: CTI initialized
Nov 30 12:01:51 ubuntu-phablet kernel: [    3.252954] coresight-cti fc30a000.cti: CTI initialized
Nov 30 12:01:51 ubuntu-phablet kernel: [    3.253155] coresight-cti fc30b000.cti: CTI initialized
Nov 30 12:01:51 ubuntu-phablet kernel: [    3.253364] coresight-cti fc30c000.cti: CTI initialized
Nov 30 12:01:51 ubuntu-phablet kernel: [    3.253563] coresight-cti fc30d000.cti: CTI initialized
Nov 30 12:01:51 ubuntu-phablet kernel: [    3.253772] coresight-cti fc30e000.cti: CTI initialized
Nov 30 12:01:51 ubuntu-phablet kernel: [    3.253984] coresight-cti fc30f000.cti: CTI initialized
Nov 30 12:01:51 ubuntu-phablet kernel: [    3.254197] coresight-cti fc310000.cti: CTI initialized
Nov 30 12:01:51 ubuntu-phablet kernel: [    3.254400] coresight-cti fc340000.cti: CTI initialized
Nov 30 12:01:51 ubuntu-phablet kernel: [    3.254614] coresight-cti fc341000.cti: CTI initialized
Nov 30 12:01:51 ubuntu-phablet kernel: [    3.254816] coresight-cti fc342000.cti: CTI initialized
Nov 30 12:01:51 ubuntu-phablet kernel: [    3.255027] coresight-cti fc343000.cti: CTI initialized
Nov 30 12:01:51 ubuntu-phablet kernel: [    3.255270] coresight-cti fc344000.cti: CTI initialized
Nov 30 12:01:51 ubuntu-phablet kernel: [    3.255487] coresight-cti fc348000.cti: CTI initialized
Nov 30 12:01:51 ubuntu-phablet kernel: [    3.255705] coresight-cti fc34d000.cti: CTI initialized
Nov 30 12:01:51 ubuntu-phablet kernel: [    3.255912] coresight-cti fc350000.cti: CTI initialized
Nov 30 12:01:51 ubuntu-phablet kernel: [    3.256169] coresight-cti fc354000.cti: CTI initialized
Nov 30 12:01:51 ubuntu-phablet kernel: [    3.256377] coresight-cti fc358000.cti: CTI initialized
Nov 30 12:01:51 ubuntu-phablet kernel: [    3.257088] coresight-csr fc302000.csr: CSR initialized
Nov 30 12:01:51 ubuntu-phablet kernel: [    3.260268] coresight-tmc fc322000.tmc: Byte Counter feature enabled
Nov 30 12:01:51 ubuntu-phablet kernel: [    3.260361] sps:BAM 0xfc37c000 is registered.
Nov 30 12:01:51 ubuntu-phablet kernel: [    3.260743] coresight-tmc fc322000.tmc: TMC initialized
Nov 30 12:01:51 ubuntu-phablet kernel: [    3.261360] coresight-tmc fc307000.tmc: TMC initialized
Nov 30 12:01:51 ubuntu-phablet kernel: [    3.262390] coresight-tpiu fc318000.tpiu: seta gpios not specified
Nov 30 12:01:51 ubuntu-phablet kernel: [    3.262422] coresight-tpiu fc318000.tpiu: setb gpios not specified
Nov 30 12:01:51 ubuntu-phablet kernel: [    3.262552] coresight-tpiu fc318000.tpiu: TPIU initialized
Nov 30 12:01:51 ubuntu-phablet kernel: [    3.263314] coresight-funnel fc31b000.funnel: FUNNEL initialized
Nov 30 12:01:51 ubuntu-phablet kernel: [    3.263504] coresight-funnel fc319000.funnel: FUNNEL initialized
Nov 30 12:01:51 ubuntu-phablet kernel: [    3.263713] coresight-funnel fc31a000.funnel: FUNNEL initialized
Nov 30 12:01:51 ubuntu-phablet kernel: [    3.265955] coresight-funnel fc345000.funnel: FUNNEL initialized
Nov 30 12:01:51 ubuntu-phablet kernel: [    3.266189] coresight-funnel fc364000.funnel: FUNNEL initialized
Nov 30 12:01:51 ubuntu-phablet kernel: [    3.268985] coresight-replicator fc31c000.replicator: REPLICATOR initialized
Nov 30 12:01:51 ubuntu-phablet kernel: [    3.269962] coresight-stm fc321000.stm: STM initialized
Nov 30 12:01:51 ubuntu-phablet kernel: [    3.270755] coresight-hwevent fd828018.hwevent: Hardware Event driver initialized
Nov 30 12:01:51 ubuntu-phablet kernel: [    3.271712] coresight-etm fc33c000.etm: ETM initialized
Nov 30 12:01:51 ubuntu-phablet kernel: [    3.274136] coresight-etm fc33d000.etm: ETM initialized
Nov 30 12:01:51 ubuntu-phablet kernel: [    3.276587] coresight-etm fc33e000.etm: ETM initialized
Nov 30 12:01:51 ubuntu-phablet kernel: [    3.279000] coresight-etm fc33f000.etm: ETM initialized
Nov 30 12:01:51 ubuntu-phablet kernel: [    3.283822] coresight-audio-etm audio_etm0.24: Audio ETM initialized
Nov 30 12:01:51 ubuntu-phablet kernel: [    3.289064] coresight-modem-etm modem_etm0.25: Modem ETM initialized
Nov 30 12:01:51 ubuntu-phablet kernel: [    3.289920] coresight-wcn-etm wcn_etm0.26: Wireless ETM initialized
Nov 30 12:01:51 ubuntu-phablet kernel: [    3.290759] coresight-rpm-etm rpm_etm0.27: RPM ETM initialized
Nov 30 12:01:51 ubuntu-phablet kernel: [    3.291781] usbcore: registered new interface driver snd-usb-audio
Nov 30 12:01:51 ubuntu-phablet kernel: [    3.309085] msm-compr-dsp msm-compr-dsp: msm_compr_probe: dev name msm-compr-dsp
Nov 30 12:01:51 ubuntu-phablet kernel: [    3.310142] msm-pcm-lpa msm-pcm-lpa: msm_pcm_probe: dev name msm-pcm-lpa
Nov 30 12:01:51 ubuntu-phablet kernel: [    3.311608] platform qcom,msm-voip-dsp.49: Driver msm-voip-dsp requests probe deferral
Nov 30 12:01:51 ubuntu-phablet kernel: [    3.312354] platform qcom,msm-pcm-voice.50: Driver msm-pcm-voice requests probe deferral
Nov 30 12:01:51 ubuntu-phablet kernel: [    3.318533] platform sound.42: Driver msm8226-asoc-tapan requests probe deferral
Nov 30 12:01:51 ubuntu-phablet kernel: [    3.319215] GACT probability NOT on
Nov 30 12:01:51 ubuntu-phablet kernel: [    3.319251] Mirror/redirect action on
Nov 30 12:01:51 ubuntu-phablet kernel: [    3.319278] u32 classifier
Nov 30 12:01:51 ubuntu-phablet kernel: [    3.319296]     Actions configured
Nov 30 12:01:51 ubuntu-phablet kernel: [    3.319587] TCP: cubic registered
Nov 30 12:01:51 ubuntu-phablet kernel: [    3.320714] NET: Registered protocol family 10
Nov 30 12:01:51 ubuntu-phablet kernel: [    3.324384] Mobile IPv6
Nov 30 12:01:51 ubuntu-phablet kernel: [    3.324412] IPv6 over IPv4 tunneling driver
Nov 30 12:01:51 ubuntu-phablet kernel: [    3.325957] NET: Registered protocol family 17
Nov 30 12:01:51 ubuntu-phablet kernel: [    3.326141] Bridge firewalling registered
Nov 30 12:01:51 ubuntu-phablet kernel: [    3.326182] Ebtables v2.0 registered
Nov 30 12:01:51 ubuntu-phablet kernel: [    3.326529] Bluetooth: RFCOMM TTY layer initialized
Nov 30 12:01:51 ubuntu-phablet kernel: [    3.326578] Bluetooth: RFCOMM socket layer initialized
Nov 30 12:01:51 ubuntu-phablet kernel: [    3.326606] Bluetooth: RFCOMM ver 1.11
Nov 30 12:01:51 ubuntu-phablet kernel: [    3.326630] Bluetooth: BNEP (Ethernet Emulation) ver 1.3
Nov 30 12:01:51 ubuntu-phablet kernel: [    3.326657] Bluetooth: BNEP filters: protocol multicast
Nov 30 12:01:51 ubuntu-phablet kernel: [    3.326687] Bluetooth: HIDP (Human Interface Emulation) ver 1.2
Nov 30 12:01:51 ubuntu-phablet kernel: [    3.326812] Registering the dns_resolver key type
Nov 30 12:01:51 ubuntu-phablet kernel: [    3.327507] VFP support v0.3: implementor 41 architecture 2 part 30 variant 7 rev 3
Nov 30 12:01:51 ubuntu-phablet kernel: [    3.327596] Registering SWP/SWPB emulation handler
Nov 30 12:01:51 ubuntu-phablet kernel: [    3.328781] mmc0: BKOPS_EN bit = 0
Nov 30 12:01:51 ubuntu-phablet kernel: [    3.336499] mmc0: new HS200 MMC card at address 0001
Nov 30 12:01:51 ubuntu-phablet kernel: [    3.337554] mmcblk0: mmc0:0001 M8G1GC 7.28 GiB 
Nov 30 12:01:51 ubuntu-phablet kernel: [    3.338206] mmcblk0rpmb: mmc0:0001 M8G1GC partition 3 512 KiB
Nov 30 12:01:51 ubuntu-phablet kernel: [    3.339707] registered taskstats version 1
Nov 30 12:01:51 ubuntu-phablet kernel: [    3.340203] Alternate GPT is invalid, using primary GPT.
Nov 30 12:01:51 ubuntu-phablet kernel: [    3.340350]  mmcblk0: p1 p2 p3 p4 p5 p6 p7 p8 p9 p10 p11 p12 p13 p14 p15 p16 p17 p18 p19 p20 p21 p22 p23 p24 p25 p26 p27 p28 p29
Nov 30 12:01:51 ubuntu-phablet kernel: [    3.347000] modprobe used greatest stack depth: 5636 bytes left
Nov 30 12:01:51 ubuntu-phablet kernel: [    3.363552] AppArmor: AppArmor sha1 policy hashing enabled
Nov 30 12:01:51 ubuntu-phablet kernel: [    3.366623] platform sound.42: Driver msm8226-asoc-tapan requests probe deferral
Nov 30 12:01:51 ubuntu-phablet kernel: [    3.366863] gpio_set_debounce: gpio-108 status -22
Nov 30 12:01:51 ubuntu-phablet kernel: [    3.367147] gpio_set_debounce: gpio-107 status -22
Nov 30 12:01:51 ubuntu-phablet kernel: [    3.367349] gpio_set_debounce: gpio-106 status -22
Nov 30 12:01:51 ubuntu-phablet kernel: [    3.367813] input: gpio-keys as /devices/gpio_keys.75/input/input2
Nov 30 12:01:51 ubuntu-phablet kernel: [    3.368571] qcom,qpnp-rtc qpnp-rtc-f1de3000: setting system clock to 2015-11-30 12:01:43 UTC (1448884903)
Nov 30 12:01:51 ubuntu-phablet kernel: [    3.369950] msm_thermal: Interrupt mode init
Nov 30 12:01:51 ubuntu-phablet kernel: [    3.370764] qcom,leds-qpnp leds-qpnp-f1e02000: Regulator get failed(-517)
Nov 30 12:01:51 ubuntu-phablet kernel: [    3.370877] qcom,leds-qpnp leds-qpnp-f1e02000: Unable to read flash config data
Nov 30 12:01:51 ubuntu-phablet kernel: [    3.371012] spmi leds-qpnp-f1e02000: Driver qcom,leds-qpnp requests probe deferral
Nov 30 12:01:51 ubuntu-phablet kernel: [    3.371364] clock_late_init: Removing enables held for handed-off clocks
Nov 30 12:01:51 ubuntu-phablet kernel: [    3.371415] bq2022: w1_bq2022_battery_id: pseduo_info:0x10139463
Nov 30 12:01:51 ubuntu-phablet kernel: [    3.371564] chg:qpnp_chg_vbatdet_set: voltage=4320 setting 36
Nov 30 12:01:51 ubuntu-phablet kernel: [    3.372258] batfet: 
Nov 30 12:01:51 ubuntu-phablet kernel: [    3.372758] 8226_smbbp_boost: 5000 mV 
Nov 30 12:01:51 ubuntu-phablet kernel: [    3.373381] 8226_smbbp_otg: 
Nov 30 12:01:51 ubuntu-phablet kernel: [    3.373453] 8226_smbbp_otg: supplied by 8226_smbbp_boost
Nov 30 12:01:51 ubuntu-phablet kernel: [    3.377451] ALSA device list:
Nov 30 12:01:51 ubuntu-phablet kernel: [    3.377475]   No soundcards found.
Nov 30 12:01:51 ubuntu-phablet kernel: [    3.377923] Freeing init memory: 200K
Nov 30 12:01:51 ubuntu-phablet kernel: [    3.387520] cpr_irq_handler: IRQ_STATUS = 0x05
Nov 30 12:01:51 ubuntu-phablet kernel: [    3.387561] cpr_scale: last_volt[corner:10, fuse_corner:3] = 1290000 uV
Nov 30 12:01:51 ubuntu-phablet kernel: [    3.387595] cpr_scale: Down: cpr status = 0x00002bd5 (error_steps=5)
Nov 30 12:01:51 ubuntu-phablet kernel: [    3.387627] cpr_scale: 5 is over down-limit(1): Clamp
Nov 30 12:01:51 ubuntu-phablet kernel: [    3.387683] cpr_scale: DOWN: -> new_volt[corner:10, fuse_corner:3] = 1280000 uV
Nov 30 12:01:51 ubuntu-phablet kernel: [    3.389151] chg:qpnp_chg_vddmax_and_trim_set: voltage=4350+0 setting vddmax: 6f, trim: 00
Nov 30 12:01:51 ubuntu-phablet kernel: [    3.390411] chg:qpnp_chg_usb_chg_gone_irq_handler: chg_gone triggered, usb 1 3
Nov 30 12:01:51 ubuntu-phablet kernel: [    3.390494] chg:qpnp_chg_usb_usbin_valid_irq_handler: usbin-valid triggered: 1 host_mode: 0
Nov 30 12:01:51 ubuntu-phablet kernel: [    3.390602] chg:qpnp_chg_vddmax_and_trim_set: voltage=4350+0 setting vddmax: 6f, trim: 00
Nov 30 12:01:51 ubuntu-phablet kernel: [    3.390663] chg:qpnp_chg_dc_dcin_valid_irq_handler: dcin-valid triggered: 0
Nov 30 12:01:51 ubuntu-phablet kernel: [    3.390757] chg:qpnp_charger_probe: success chg_dis = 0, bpd = 1, usb = 1, dc = 0 b_health = 1 batt_present = 1
Nov 30 12:01:51 ubuntu-phablet kernel: [    3.391360] bq2022: w1_bq2022_battery_id: pseduo_info:0x10139463
Nov 30 12:01:51 ubuntu-phablet kernel: [    3.391570] BMS: read_shutdown_soc: stored soc = 0x5c, shutdown_soc = 45
Nov 30 12:01:51 ubuntu-phablet kernel: [    3.397762] cpr_irq_handler: IRQ_STATUS = 0x05
Nov 30 12:01:51 ubuntu-phablet kernel: [    3.397804] cpr_scale: last_volt[corner:10, fuse_corner:3] = 1280000 uV
Nov 30 12:01:51 ubuntu-phablet kernel: [    3.397838] cpr_scale: Down: cpr status = 0x0000289d (error_steps=7)
Nov 30 12:01:51 ubuntu-phablet kernel: [    3.397870] cpr_scale: 7 is over down-limit(1): Clamp
Nov 30 12:01:51 ubuntu-phablet kernel: [    3.397928] cpr_scale: DOWN: -> new_volt[corner:10, fuse_corner:3] = 1270000 uV
Nov 30 12:01:51 ubuntu-phablet kernel: [    3.408000] cpr_irq_handler: IRQ_STATUS = 0x05
Nov 30 12:01:51 ubuntu-phablet kernel: [    3.408045] cpr_scale: last_volt[corner:10, fuse_corner:3] = 1270000 uV
Nov 30 12:01:51 ubuntu-phablet kernel: [    3.408093] cpr_scale: Down: cpr status = 0x000023d9 (error_steps=6)
Nov 30 12:01:51 ubuntu-phablet kernel: [    3.408131] cpr_scale: 6 is over down-limit(1): Clamp
Nov 30 12:01:51 ubuntu-phablet kernel: [    3.408198] cpr_scale: DOWN: -> new_volt[corner:10, fuse_corner:3] = 1260000 uV
Nov 30 12:01:51 ubuntu-phablet kernel: [    3.420130] cpr_irq_handler: IRQ_STATUS = 0x05
Nov 30 12:01:51 ubuntu-phablet kernel: [    3.420173] cpr_scale: last_volt[corner:10, fuse_corner:3] = 1260000 uV
Nov 30 12:01:51 ubuntu-phablet kernel: [    3.420213] cpr_scale: Down: cpr status = 0x00002119 (error_steps=6)
Nov 30 12:01:51 ubuntu-phablet kernel: [    3.420244] cpr_scale: 6 is over down-limit(1): Clamp
Nov 30 12:01:51 ubuntu-phablet kernel: [    3.420301] cpr_scale: DOWN: -> new_volt[corner:10, fuse_corner:3] = 1250000 uV
Nov 30 12:01:51 ubuntu-phablet kernel: [    3.439750] all_generic_ide used greatest stack depth: 5560 bytes left
Nov 30 12:01:51 ubuntu-phablet kernel: [    3.441589] BMS: read_soc_params_raw: PON_OCV_UV = 3823689, cc = 8077
Nov 30 12:01:51 ubuntu-phablet kernel: [    3.441638] BMS: read_soc_params_raw: OCV is stale or bad, estimating new OCV.
Nov 30 12:01:51 ubuntu-phablet kernel: [    3.441684] BMS: read_saved_instant_ocv: read instant ocv 3816 reg 68
Nov 30 12:01:51 ubuntu-phablet kernel: [    3.446327] BMS: estimate_ocv: estimated pon ocv = 3847533 i957218 v3711678 r167 d24000
Nov 30 12:01:51 ubuntu-phablet kernel: [    3.446376] BMS: read_soc_params_raw: instant ocv 3816 estimated 3847
Nov 30 12:01:51 ubuntu-phablet kernel: [    3.446565] BMS: read_soc_params_raw: New PON_OCV_UV = 3816000, cc = 8077
Nov 30 12:01:51 ubuntu-phablet kernel: [    3.478403] BMS: load_shutdown_data: raw_soc = 42 shutdown_soc = 45 shutdown_iavg = 250 shutdown_soc_invalid = 0, battery_removed = 0
Nov 30 12:01:51 ubuntu-phablet kernel: [    3.478618] BMS: setup_vbat_monitoring: set low thr to 3420000 and high to 4330000
Nov 30 12:01:51 ubuntu-phablet kernel: [    3.494150] BMS: refresh_die_temp_monitor: low = 50109, high = 60109
Nov 30 12:01:51 ubuntu-phablet kernel: [    3.556654] BMS: calculate_state_of_charge: soc = 43 before forcing shutdown_soc = 45
Nov 30 12:01:51 ubuntu-phablet kernel: [    3.556706] BMS: calculate_state_of_charge: DONE for shutdown_soc = 45 soc is 45, adjusted ocv to 3823000uV
Nov 30 12:01:51 ubuntu-phablet kernel: [    3.561402] BMS: adjust_soc: s 45 i 967179 v 3712269 ocv 3823000 rbatt 141 uuc 82120 cc 23 r 969039 t 405
Nov 30 12:01:51 ubuntu-phablet kernel: [    3.602318] BMS: adjust_soc: s 45 i 986377 v 3710499 ocv 3823000 rbatt 140 uuc 61590 cc 31 r 964910 t 405
Nov 30 12:01:51 ubuntu-phablet kernel: [    3.661163] BMS: qpnp_bms_probe: probe success: soc =45 vbatt = 3664085 ocv = 3823000 r_sense_uohm = 10000 warm_reset = 1
Nov 30 12:01:51 ubuntu-phablet kernel: [    3.662625] platform sound.42: Driver msm8226-asoc-tapan requests probe deferral
Nov 30 12:01:51 ubuntu-phablet kernel: [    3.663439] Registered led device: led:flash_0
Nov 30 12:01:51 ubuntu-phablet kernel: [    3.663999] Registered led device: led:flash_1
Nov 30 12:01:51 ubuntu-phablet kernel: [    3.664218] Registered led device: led:flash_torch
Nov 30 12:01:51 ubuntu-phablet kernel: [    3.665098] platform sound.42: Driver msm8226-asoc-tapan requests probe deferral
Nov 30 12:01:51 ubuntu-phablet kernel: [    3.666647] msm_otg f9a55000.usb: phy_reset: success
Nov 30 12:01:51 ubuntu-phablet kernel: [    3.692733] mmc1: new high speed SDHC card at address b368
Nov 30 12:01:51 ubuntu-phablet kernel: [    3.693638] mmcblk1: mmc1:b368 NCard 7.48 GiB 
Nov 30 12:01:51 ubuntu-phablet kernel: [    3.695496]  mmcblk1: p1 p2
Nov 30 12:01:51 ubuntu-phablet kernel: [    3.697854] platform sound.42: Driver msm8226-asoc-tapan requests probe deferral
Nov 30 12:01:51 ubuntu-phablet kernel: [    3.719951] chg:get_prop_capacity: resuming charging at 45% soc
Nov 30 12:01:51 ubuntu-phablet kernel: [    3.719987] chg:qpnp_chg_vbatdet_set: voltage=4380 setting 39
Nov 30 12:01:51 ubuntu-phablet kernel: [    3.911579] msm_hsusb msm_hsusb: CI13XXX_CONTROLLER_RESET_EVENT received
Nov 30 12:01:51 ubuntu-phablet kernel: [    3.975448] udevadm used greatest stack depth: 5556 bytes left
Nov 30 12:01:51 ubuntu-phablet kernel: [    3.993269] exe used greatest stack depth: 5504 bytes left
Nov 30 12:01:51 ubuntu-phablet kernel: [    4.006271] exe used greatest stack depth: 5384 bytes left
Nov 30 12:01:51 ubuntu-phablet kernel: [    5.049706] initrd: checking filesystem integrity for the userdata partition
Nov 30 12:01:51 ubuntu-phablet kernel: [    5.057769] EXT3-fs (mmcblk0p29): error: couldn't mount because of unsupported optional features (40)
Nov 30 12:01:51 ubuntu-phablet kernel: [    5.169892] EXT2-fs (mmcblk0p29): error: couldn't mount because of unsupported optional features (40)
Nov 30 12:01:51 ubuntu-phablet kernel: [    5.192067] EXT4-fs (mmcblk0p29): mounted filesystem with ordered data mode. Opts: errors=remount-ro
Nov 30 12:01:51 ubuntu-phablet kernel: [    5.337131] cpr_irq_handler: IRQ_STATUS = 0x05
Nov 30 12:01:51 ubuntu-phablet kernel: [    5.337219] cpr_scale: last_volt[corner:4, fuse_corner:2] = 1150000 uV
Nov 30 12:01:51 ubuntu-phablet kernel: [    5.337298] cpr_scale: Down: cpr status = 0x0000542d (error_steps=11)
Nov 30 12:01:51 ubuntu-phablet kernel: [    5.337372] cpr_scale: 11 is over down-limit(1): Clamp
Nov 30 12:01:51 ubuntu-phablet kernel: [    5.337468] cpr_scale: DOWN: -> new_volt[corner:4, fuse_corner:2] = 1140000 uV
Nov 30 12:01:51 ubuntu-phablet kernel: [    5.347554] cpr_irq_handler: IRQ_STATUS = 0x05
Nov 30 12:01:51 ubuntu-phablet kernel: [    5.347633] cpr_scale: last_volt[corner:4, fuse_corner:2] = 1140000 uV
Nov 30 12:01:51 ubuntu-phablet kernel: [    5.347709] cpr_scale: Down: cpr status = 0x00005075 (error_steps=13)
Nov 30 12:01:51 ubuntu-phablet kernel: [    5.347782] cpr_scale: 13 is over down-limit(1): Clamp
Nov 30 12:01:51 ubuntu-phablet kernel: [    5.347881] cpr_scale: DOWN: -> new_volt[corner:4, fuse_corner:2] = 1130000 uV
Nov 30 12:01:51 ubuntu-phablet kernel: [    5.357973] cpr_irq_handler: IRQ_STATUS = 0x05
Nov 30 12:01:51 ubuntu-phablet kernel: [    5.358060] cpr_scale: last_volt[corner:4, fuse_corner:2] = 1130000 uV
Nov 30 12:01:51 ubuntu-phablet kernel: [    5.358138] cpr_scale: Down: cpr status = 0x00004bb9 (error_steps=14)
Nov 30 12:01:51 ubuntu-phablet kernel: [    5.358220] cpr_scale: 14 is over down-limit(1): Clamp
Nov 30 12:01:51 ubuntu-phablet kernel: [    5.358327] cpr_scale: DOWN: -> new_volt[corner:4, fuse_corner:2] = 1120000 uV
Nov 30 12:01:51 ubuntu-phablet kernel: [    5.359973] initrd: checking filesystem for userdata took (including e2fsck) 0 seconds
Nov 30 12:01:51 ubuntu-phablet kernel: [    5.388462] initrd: mounting /dev/mmcblk0p29
Nov 30 12:01:51 ubuntu-phablet kernel: [    5.394808] EXT3-fs (mmcblk0p29): error: unrecognized mount option "discard" or missing value
Nov 30 12:01:51 ubuntu-phablet kernel: [    5.499537] EXT4-fs: Warning: mounting with data=journal disables delayed allocation and O_DIRECT support!
Nov 30 12:01:51 ubuntu-phablet kernel: [    5.512508] EXT4-fs (mmcblk0p29): mounted filesystem with journalled data mode. Opts: discard,data=journal
Nov 30 12:01:51 ubuntu-phablet kernel: [    5.530116] initrd: boot mode: ubuntu
Nov 30 12:01:51 ubuntu-phablet kernel: [    5.560665] initrd: mounting system.img (user mode)
Nov 30 12:01:51 ubuntu-phablet kernel: [    5.591327] initrd: mounting device image as ro
Nov 30 12:01:51 ubuntu-phablet kernel: [    5.602386] EXT3-fs (loop1): error: couldn't mount because of unsupported optional features (40)
Nov 30 12:01:51 ubuntu-phablet kernel: [    5.616779] EXT2-fs (loop1): error: couldn't mount because of unsupported optional features (40)
Nov 30 12:01:51 ubuntu-phablet kernel: [    5.641475] EXT4-fs (loop1): mounted filesystem with ordered data mode. Opts: (null)
Nov 30 12:01:51 ubuntu-phablet kernel: [    5.656802] initrd: device is armani
Nov 30 12:01:51 ubuntu-phablet kernel: [    5.668406] cpr_irq_handler: IRQ_STATUS = 0x05
Nov 30 12:01:51 ubuntu-phablet kernel: [    5.668458] cpr_scale: last_volt[corner:5, fuse_corner:3] = 1290000 uV
Nov 30 12:01:51 ubuntu-phablet kernel: [    5.668504] cpr_scale: Down: cpr status = 0x00006b79 (error_steps=14)
Nov 30 12:01:51 ubuntu-phablet kernel: [    5.668549] cpr_scale: 14 is over down-limit(1): Clamp
Nov 30 12:01:51 ubuntu-phablet kernel: [    5.668615] cpr_scale: DOWN: -> new_volt[corner:5, fuse_corner:3] = 1280000 uV
Nov 30 12:01:51 ubuntu-phablet kernel: [    5.745871] init used greatest stack depth: 5168 bytes left
Nov 30 12:01:51 ubuntu-phablet kernel: [    5.856413] cpr_irq_handler: IRQ_STATUS = 0x05
Nov 30 12:01:51 ubuntu-phablet kernel: [    5.856463] cpr_scale: last_volt[corner:6, fuse_corner:3] = 1290000 uV
Nov 30 12:01:51 ubuntu-phablet kernel: [    5.856506] cpr_scale: Down: cpr status = 0x00005c31 (error_steps=12)
Nov 30 12:01:51 ubuntu-phablet kernel: [    5.856547] cpr_scale: 12 is over down-limit(1): Clamp
Nov 30 12:01:51 ubuntu-phablet kernel: [    5.856609] cpr_scale: DOWN: -> new_volt[corner:6, fuse_corner:3] = 1280000 uV
Nov 30 12:01:51 ubuntu-phablet kernel: [    5.866675] cpr_irq_handler: IRQ_STATUS = 0x05
Nov 30 12:01:51 ubuntu-phablet kernel: [    5.866721] cpr_scale: last_volt[corner:6, fuse_corner:3] = 1280000 uV
Nov 30 12:01:51 ubuntu-phablet kernel: [    5.866763] cpr_scale: Down: cpr status = 0x0000597d (error_steps=15)
Nov 30 12:01:51 ubuntu-phablet kernel: [    5.866803] cpr_scale: 15 is over down-limit(1): Clamp
Nov 30 12:01:51 ubuntu-phablet kernel: [    5.866864] cpr_scale: DOWN: -> new_volt[corner:6, fuse_corner:3] = 1270000 uV
Nov 30 12:01:51 ubuntu-phablet kernel: [    5.876945] cpr_irq_handler: IRQ_STATUS = 0x05
Nov 30 12:01:51 ubuntu-phablet kernel: [    5.876992] cpr_scale: last_volt[corner:6, fuse_corner:3] = 1270000 uV
Nov 30 12:01:51 ubuntu-phablet kernel: [    5.877035] cpr_scale: Down: cpr status = 0x000054fd (error_steps=15)
Nov 30 12:01:51 ubuntu-phablet kernel: [    5.877075] cpr_scale: 15 is over down-limit(1): Clamp
Nov 30 12:01:51 ubuntu-phablet kernel: [    5.877134] cpr_scale: DOWN: -> new_volt[corner:6, fuse_corner:3] = 1260000 uV
Nov 30 12:01:51 ubuntu-phablet kernel: [    5.887222] cpr_irq_handler: IRQ_STATUS = 0x05
Nov 30 12:01:51 ubuntu-phablet kernel: [    5.887273] cpr_scale: last_volt[corner:6, fuse_corner:3] = 1260000 uV
Nov 30 12:01:51 ubuntu-phablet kernel: [    5.887318] cpr_scale: Down: cpr status = 0x0000523d (error_steps=15)
Nov 30 12:01:51 ubuntu-phablet kernel: [    5.887364] cpr_scale: 15 is over down-limit(1): Clamp
Nov 30 12:01:51 ubuntu-phablet kernel: [    5.887436] cpr_scale: DOWN: -> new_volt[corner:6, fuse_corner:3] = 1250000 uV
Nov 30 12:01:51 ubuntu-phablet kernel: [    5.897509] cpr_irq_handler: IRQ_STATUS = 0x05
Nov 30 12:01:51 ubuntu-phablet kernel: [    5.897553] cpr_scale: last_volt[corner:6, fuse_corner:3] = 1250000 uV
Nov 30 12:01:51 ubuntu-phablet kernel: [    5.897595] cpr_scale: Down: cpr status = 0x00004db9 (error_steps=14)
Nov 30 12:01:51 ubuntu-phablet kernel: [    5.897636] cpr_scale: 14 is over down-limit(1): Clamp
Nov 30 12:01:51 ubuntu-phablet kernel: [    5.897696] cpr_scale: DOWN: -> new_volt[corner:6, fuse_corner:3] = 1240000 uV
Nov 30 12:01:51 ubuntu-phablet kernel: [    5.907777] cpr_irq_handler: IRQ_STATUS = 0x05
Nov 30 12:01:51 ubuntu-phablet kernel: [    5.907828] cpr_scale: last_volt[corner:6, fuse_corner:3] = 1240000 uV
Nov 30 12:01:51 ubuntu-phablet kernel: [    5.907870] cpr_scale: Down: cpr status = 0x000049bd (error_steps=15)
Nov 30 12:01:51 ubuntu-phablet kernel: [    5.907911] cpr_scale: 15 is over down-limit(1): Clamp
Nov 30 12:01:51 ubuntu-phablet kernel: [    5.907970] cpr_scale: DOWN: -> new_volt[corner:6, fuse_corner:3] = 1230000 uV
Nov 30 12:01:51 ubuntu-phablet kernel: [    6.046884] cpr_irq_handler: IRQ_STATUS = 0x05
Nov 30 12:01:51 ubuntu-phablet kernel: [    6.046953] cpr_scale: last_volt[corner:4, fuse_corner:2] = 1120000 uV
Nov 30 12:01:51 ubuntu-phablet kernel: [    6.047014] cpr_scale: Down: cpr status = 0x000045e5 (error_steps=9)
Nov 30 12:01:51 ubuntu-phablet kernel: [    6.047070] cpr_scale: 9 is over down-limit(1): Clamp
Nov 30 12:01:51 ubuntu-phablet kernel: [    6.047150] cpr_scale: DOWN: -> new_volt[corner:4, fuse_corner:2] = 1110000 uV
Nov 30 12:01:51 ubuntu-phablet kernel: [    6.846797] cpr_irq_handler: IRQ_STATUS = 0x05
Nov 30 12:01:51 ubuntu-phablet kernel: [    6.846885] cpr_scale: last_volt[corner:4, fuse_corner:2] = 1110000 uV
Nov 30 12:01:51 ubuntu-phablet kernel: [    6.846963] cpr_scale: Down: cpr status = 0x000042e1 (error_steps=8)
Nov 30 12:01:51 ubuntu-phablet kernel: [    6.847036] cpr_scale: 8 is over down-limit(1): Clamp
Nov 30 12:01:51 ubuntu-phablet kernel: [    6.847133] cpr_scale: DOWN: -> new_volt[corner:4, fuse_corner:2] = 1100000 uV
Nov 30 12:01:51 ubuntu-phablet kernel: [    6.857230] cpr_irq_handler: IRQ_STATUS = 0x05
Nov 30 12:01:51 ubuntu-phablet kernel: [    6.857299] cpr_scale: last_volt[corner:4, fuse_corner:2] = 1100000 uV
Nov 30 12:01:51 ubuntu-phablet kernel: [    6.857375] cpr_scale: Down: cpr status = 0x00003de5 (error_steps=9)
Nov 30 12:01:51 ubuntu-phablet kernel: [    6.857447] cpr_scale: 9 is over down-limit(1): Clamp
Nov 30 12:01:51 ubuntu-phablet kernel: [    6.857539] cpr_scale: DOWN: -> new_volt[corner:4, fuse_corner:2] = 1090000 uV
Nov 30 12:01:51 ubuntu-phablet kernel: [    6.867653] cpr_irq_handler: IRQ_STATUS = 0x05
Nov 30 12:01:51 ubuntu-phablet kernel: [    6.867721] cpr_scale: last_volt[corner:4, fuse_corner:2] = 1090000 uV
Nov 30 12:01:51 ubuntu-phablet kernel: [    6.867797] cpr_scale: Down: cpr status = 0x00003965 (error_steps=9)
Nov 30 12:01:51 ubuntu-phablet kernel: [    6.867870] cpr_scale: 9 is over down-limit(1): Clamp
Nov 30 12:01:51 ubuntu-phablet kernel: [    6.867961] cpr_scale: DOWN: -> new_volt[corner:4, fuse_corner:2] = 1080000 uV
Nov 30 12:01:51 ubuntu-phablet kernel: [    6.878059] cpr_irq_handler: IRQ_STATUS = 0x05
Nov 30 12:01:51 ubuntu-phablet kernel: [    6.878126] cpr_scale: last_volt[corner:4, fuse_corner:2] = 1080000 uV
Nov 30 12:01:51 ubuntu-phablet kernel: [    6.878202] cpr_scale: Down: cpr status = 0x00003569 (error_steps=10)
Nov 30 12:01:51 ubuntu-phablet kernel: [    6.878274] cpr_scale: 10 is over down-limit(1): Clamp
Nov 30 12:01:51 ubuntu-phablet kernel: [    6.878367] cpr_scale: DOWN: -> new_volt[corner:4, fuse_corner:2] = 1070000 uV
Nov 30 12:01:51 ubuntu-phablet kernel: [    6.888479] cpr_irq_handler: IRQ_STATUS = 0x05
Nov 30 12:01:51 ubuntu-phablet kernel: [    6.888547] cpr_scale: last_volt[corner:4, fuse_corner:2] = 1070000 uV
Nov 30 12:01:51 ubuntu-phablet kernel: [    6.888624] cpr_scale: Down: cpr status = 0x000030e5 (error_steps=9)
Nov 30 12:01:51 ubuntu-phablet kernel: [    6.888696] cpr_scale: 9 is over down-limit(1): Clamp
Nov 30 12:01:51 ubuntu-phablet kernel: [    6.888787] cpr_scale: DOWN: -> new_volt[corner:4, fuse_corner:2] = 1060000 uV
Nov 30 12:01:51 ubuntu-phablet kernel: [    6.898883] cpr_irq_handler: IRQ_STATUS = 0x05
Nov 30 12:01:51 ubuntu-phablet kernel: [    6.898951] cpr_scale: last_volt[corner:4, fuse_corner:2] = 1060000 uV
Nov 30 12:01:51 ubuntu-phablet kernel: [    6.899027] cpr_scale: Down: cpr status = 0x00002bdd (error_steps=7)
Nov 30 12:01:51 ubuntu-phablet kernel: [    6.899099] cpr_scale: 7 is over down-limit(1): Clamp
Nov 30 12:01:51 ubuntu-phablet kernel: [    6.899190] cpr_scale: DOWN: -> new_volt[corner:4, fuse_corner:2] = 1050000 uV
Nov 30 12:01:51 ubuntu-phablet kernel: [    6.909316] cpr_irq_handler: IRQ_STATUS = 0x05
Nov 30 12:01:51 ubuntu-phablet kernel: [    6.909386] cpr_scale: last_volt[corner:4, fuse_corner:2] = 1050000 uV
Nov 30 12:01:51 ubuntu-phablet kernel: [    6.909462] cpr_scale: Down: cpr status = 0x000026d9 (error_steps=6)
Nov 30 12:01:51 ubuntu-phablet kernel: [    6.909537] cpr_scale: [corn:4, fuse_corner:2] @ floor: 1050000 <= 1050000: NACK
Nov 30 12:01:51 ubuntu-phablet kernel: [    6.909626] cpr_scale: gcnt = 0x000133a9 (quot = 937)
Nov 30 12:01:51 ubuntu-phablet kernel: [    7.372012] init used greatest stack depth: 4688 bytes left
Nov 30 12:01:51 ubuntu-phablet kernel: [    7.704866] initrd: checking fstab /root/var/lib/lxc/android/rootfs/fstab* for additional mount points
Nov 30 12:01:51 ubuntu-phablet kernel: [    7.782262] initrd: checking mount label cache
Nov 30 12:01:51 ubuntu-phablet kernel: [    7.783937] initrd: mounting /dev/disk/by-partlabel/cache as /root/android//cache
Nov 30 12:01:51 ubuntu-phablet kernel: [    7.864187] EXT4-fs (mmcblk0p28): mounted filesystem with ordered data mode. Opts: barrier=1
Nov 30 12:01:51 ubuntu-phablet kernel: [    7.936335] initrd: checking mount label persist
Nov 30 12:01:51 ubuntu-phablet kernel: [    7.937937] initrd: mounting /dev/disk/by-partlabel/persist as /root/android//persist
Nov 30 12:01:51 ubuntu-phablet kernel: [    8.027096] EXT4-fs (mmcblk0p26): warning: maximal mount count reached, running e2fsck is recommended
Nov 30 12:01:51 ubuntu-phablet kernel: [    8.049710] EXT4-fs (mmcblk0p26): recovery complete
Nov 30 12:01:51 ubuntu-phablet kernel: [    8.121774] EXT4-fs (mmcblk0p26): mounted filesystem with ordered data mode. Opts: barrier=1
Nov 30 12:01:51 ubuntu-phablet kernel: [    8.159310] initrd: checking mount label modem
Nov 30 12:01:51 ubuntu-phablet kernel: [    8.160891] initrd: mounting /dev/disk/by-partlabel/modem as /root/android//firmware
Nov 30 12:01:51 ubuntu-phablet kernel: [    8.190606] initrd: checking mount label boot
Nov 30 12:01:51 ubuntu-phablet kernel: [    8.192210] initrd: mounting /dev/disk/by-partlabel/boot as /root/android//boot
Nov 30 12:01:51 ubuntu-phablet kernel: [    8.217098] initrd: checking mount label recovery
Nov 30 12:01:51 ubuntu-phablet kernel: [    8.218719] initrd: mounting /dev/disk/by-partlabel/recovery as /root/android//recovery
Nov 30 12:01:51 ubuntu-phablet kernel: [    8.253725] initrd: checking mount label mmc_host
Nov 30 12:01:51 ubuntu-phablet kernel: [    8.270461] initrd: checking mount label usb1
Nov 30 12:01:51 ubuntu-phablet kernel: [    8.297079] initrd: checking mount label zram0
Nov 30 12:01:51 ubuntu-phablet kernel: [    8.298853] initrd: mounting /dev/zram0 as /root/android/none
Nov 30 12:01:51 ubuntu-phablet kernel: [    8.308310] initrd: mounting /root/var/lib/lxc/android/system.img as /root/android/system
Nov 30 12:01:51 ubuntu-phablet kernel: [    8.396188] chg:qpnp_invalid_charger_work: qpnp_invalid_charger_work usb 1 batt 1 status 2 usb online 0
Nov 30 12:01:51 ubuntu-phablet kernel: [    8.396298] chg:qpnp_chg_iusbmax_set: mA 500
Nov 30 12:01:51 ubuntu-phablet kernel: [    8.396350] ft5x06_i2c 5-0038: Power state changed, set noise filter to 0x1
Nov 30 12:01:51 ubuntu-phablet kernel: [    8.396411] chg:qpnp_chg_chgr_chg_fastchg_irq_handler: FAST_CHG IRQ triggered
Nov 30 12:01:51 ubuntu-phablet kernel: [    8.396454] chg:qpnp_chg_vbatdet_set: voltage=4320 setting 36
Nov 30 12:01:51 ubuntu-phablet kernel: [    8.455767] Adding 102396k swap on /root/userdata/SWAP.img.  Priority:-1 extents:6 across:389116k SS
Nov 30 12:01:51 ubuntu-phablet kernel: [    8.573089] BMS: adjust_soc: s 45 i 143751 v 3798930 ocv 3823000 rbatt 140 uuc 61590 cc 1073 r 964910 t 404
Nov 30 12:01:51 ubuntu-phablet kernel: [    9.090718] status used greatest stack depth: 4664 bytes left
Nov 30 12:01:51 ubuntu-phablet kernel: [    9.448655] list-records used greatest stack depth: 4568 bytes left
Nov 30 12:01:51 ubuntu-phablet kernel: [   11.027958] enable_store: android_usb: already disabled
Nov 30 12:01:51 ubuntu-phablet kernel: [   11.037771] ssh-keygen (849): undefined instruction: pc=b6e293c8
Nov 30 12:01:51 ubuntu-phablet kernel: [   11.037789] Code: 00000000 00000000 f26ee1fe e12fff1e (ee190f1d) 
Nov 30 12:01:51 ubuntu-phablet kernel: [   11.119879] adbd (858): undefined instruction: pc=b6d713c8
Nov 30 12:01:51 ubuntu-phablet kernel: [   11.119896] Code: 00000000 00000000 f26ee1fe e12fff1e (ee190f1d) 
Nov 30 12:01:51 ubuntu-phablet kernel: [   11.123804] adb_open
Nov 30 12:01:51 ubuntu-phablet kernel: [   11.123860] msm_hsusb msm_hsusb: CI13XXX_CONTROLLER_CONNECT_EVENT received
Nov 30 12:01:51 ubuntu-phablet kernel: [   11.314073] click (833): undefined instruction: pc=b6ada3c8
Nov 30 12:01:51 ubuntu-phablet kernel: [   11.314090] Code: 00000000 00000000 f26ee1fe e12fff1e (ee190f1d) 
Nov 30 12:01:51 ubuntu-phablet kernel: [   11.324178] init: plymouth-upstart-bridge main process (876) terminated with status 1
Nov 30 12:01:51 ubuntu-phablet kernel: [   11.416778] init: Failed to spawn bluetooth-touch-armani main process: unable to execute: Permission denied
Nov 30 12:01:51 ubuntu-phablet kernel: [   11.445926] init: bluetooth-touch main process (878) terminated with status 1
Nov 30 12:01:51 ubuntu-phablet kernel: [   11.447557] msm_otg f9a55000.usb: Avail curr from USB = 100
Nov 30 12:01:51 ubuntu-phablet kernel: [   11.447679] chg:qpnp_chg_iusbmax_set: mA 100
Nov 30 12:01:51 ubuntu-phablet kernel: [   11.447753] gpio_request: gpio-109 (QPNP_CHARGER) status -16
Nov 30 12:01:51 ubuntu-phablet kernel: [   11.447977] android_work: android_work: did not send uevent (0 0   (null))
Nov 30 12:01:51 ubuntu-phablet kernel: [   11.472397] chg:get_prop_capacity: resuming charging at 45% soc
