Dec  4 10:19:52 ubuntu-phablet rsyslogd: [origin software="rsyslogd" swVersion="7.4.4" x-pid="965" x-info="http://www.rsyslog.com"] start
Dec  4 10:19:52 ubuntu-phablet rsyslogd-2307: warning: ~ action is deprecated, consider using the 'stop' statement instead [try http://www.rsyslog.com/e/2307 ]
Dec  4 10:19:52 ubuntu-phablet rsyslogd: rsyslogd's groupid changed to 104
Dec  4 10:19:52 ubuntu-phablet rsyslogd: rsyslogd's userid changed to 101
Dec  4 10:19:52 ubuntu-phablet rsyslogd-2039: Could no open output pipe '/dev/xconsole': No such file or directory [try http://www.rsyslog.com/e/2039 ]
Dec  4 10:19:52 ubuntu-phablet kernel: [    0.000000] Booting Linux on physical CPU 0
Dec  4 10:19:52 ubuntu-phablet kernel: [    0.000000] Initializing cgroup subsys cpu
Dec  4 10:19:52 ubuntu-phablet kernel: [    0.000000] Linux version 3.4.0-gff5ac3e (alexforsale@elasrofxela) (gcc version 4.7 (GCC) ) #8 SMP PREEMPT Fri Dec 4 17:06:33 WIB 2015
Dec  4 10:19:52 ubuntu-phablet kernel: [    0.000000] CPU: ARMv7 Processor [410fc073] revision 3 (ARMv7), cr=10c5387d
Dec  4 10:19:52 ubuntu-phablet kernel: [    0.000000] CPU: PIPT / VIPT nonaliasing data cache, VIPT aliasing instruction cache
Dec  4 10:19:52 ubuntu-phablet kernel: [    0.000000] Machine: Qualcomm MSM 8226 (Flattened Device Tree), model: Qualcomm MSM 8226v2 H1A
Dec  4 10:19:52 ubuntu-phablet kernel: [    0.000000] Powerup reason=0x40110
Dec  4 10:19:52 ubuntu-phablet kernel: [    0.000000] Hw version=0x40
Dec  4 10:19:52 ubuntu-phablet kernel: [    0.000000] qcom,ion-heap@28 reserved EBI1 size 314000
Dec  4 10:19:52 ubuntu-phablet kernel: [    0.000000] qcom,mdss_fb_primary reserved EBI1 size 800000
Dec  4 10:19:52 ubuntu-phablet kernel: [    0.000000] Node qcom,mdss_fb_primary memblock_reserve memory 3200000-41a0000
Dec  4 10:19:52 ubuntu-phablet kernel: [    0.000000] Node qcom,msm-mem-hole removed memory 8400000-c400000
Dec  4 10:19:52 ubuntu-phablet kernel: [    0.000000] Node qcom,msm-mem-hole removed memory d200000-f500000
Dec  4 10:19:52 ubuntu-phablet kernel: [    0.000000] Node qcom,msm-mem-hole removed memory fa00000-ff00000
Dec  4 10:19:52 ubuntu-phablet kernel: [    0.000000] qcom,msm-rtb reserved EBI1 size 100000
Dec  4 10:19:52 ubuntu-phablet kernel: [    0.000000] memory pool 3 (start 0x3f300000 size d00000) initialized
Dec  4 10:19:52 ubuntu-phablet kernel: [    0.000000] Initialized persistent memory from 3f100000-3f2fffff
Dec  4 10:19:52 ubuntu-phablet kernel: [    0.000000] cma: CMA: reserved 16 MiB at 35000000
Dec  4 10:19:52 ubuntu-phablet kernel: [    0.000000] cma: Found secure_region, memory base 0, size 109 MiB
Dec  4 10:19:52 ubuntu-phablet kernel: [    0.000000] cma: CMA: reserved 112 MiB at 38000000
Dec  4 10:19:52 ubuntu-phablet kernel: [    0.000000] cma: Found adsp_region, memory base 0, size 42 MiB
Dec  4 10:19:52 ubuntu-phablet kernel: [    0.000000] cma: CMA: reserved 44 MiB at 32400000
Dec  4 10:19:52 ubuntu-phablet kernel: [    0.000000] cma: Found qsecom_region, memory base 0, size 13 MiB
Dec  4 10:19:52 ubuntu-phablet kernel: [    0.000000] cma: CMA: reserved 16 MiB at 37000000
Dec  4 10:19:52 ubuntu-phablet kernel: [    0.000000] Memory policy: ECC disabled, Data cache writealloc
Dec  4 10:19:52 ubuntu-phablet kernel: [    0.000000] IMEM DT static mapping successful
Dec  4 10:19:52 ubuntu-phablet kernel: [    0.000000] On node 0 totalpages: 232192
Dec  4 10:19:52 ubuntu-phablet kernel: [    0.000000] free_area_init_node: node 0, pgdat c0fe70c0, node_mem_map c2439000
Dec  4 10:19:52 ubuntu-phablet kernel: [    0.000000]   Normal zone: 1944 pages used for memmap
Dec  4 10:19:52 ubuntu-phablet kernel: [    0.000000]   Normal zone: 0 pages reserved
Dec  4 10:19:52 ubuntu-phablet kernel: [    0.000000]   Normal zone: 192616 pages, LIFO batch:31
Dec  4 10:19:52 ubuntu-phablet kernel: [    0.000000]   HighMem zone: 360 pages used for memmap
Dec  4 10:19:52 ubuntu-phablet kernel: [    0.000000]   HighMem zone: 37272 pages, LIFO batch:7
Dec  4 10:19:52 ubuntu-phablet kernel: [    0.000000] PERCPU: Embedded 10 pages/cpu @c2d7c000 s16448 r8192 d16320 u40960
Dec  4 10:19:52 ubuntu-phablet kernel: [    0.000000] pcpu-alloc: s16448 r8192 d16320 u40960 alloc=10*4096
Dec  4 10:19:52 ubuntu-phablet kernel: [    0.000000] pcpu-alloc: [0] 0 [0] 1 [0] 2 [0] 3 
Dec  4 10:19:52 ubuntu-phablet kernel: [    0.000000] Built 1 zonelists in Zone order, mobility grouping on.  Total pages: 229888
Dec  4 10:19:52 ubuntu-phablet kernel: [    0.000000] Kernel command line: androidboot.hardware=armani user_debug=31 msm_rtb.filter=0x37 console=tty0 androidboot.emmc=true androidboot.modem=HM1AW androidboot.hwversion=40 androidboot.serialno=9924b89b androidboot.baseband=msm mdss_mdp.panel=1:dsi:0:qcom,mdss_dsi_auo_720p_video
Dec  4 10:19:52 ubuntu-phablet kernel: [    0.000000] androidboot.modem= HM1AW
Dec  4 10:19:52 ubuntu-phablet kernel: [    0.000000] PID hash table entries: 4096 (order: 2, 16384 bytes)
Dec  4 10:19:52 ubuntu-phablet kernel: [    0.000000] Dentry cache hash table entries: 131072 (order: 7, 524288 bytes)
Dec  4 10:19:52 ubuntu-phablet kernel: [    0.000000] Inode-cache hash table entries: 65536 (order: 6, 262144 bytes)
Dec  4 10:19:52 ubuntu-phablet kernel: [    0.000000] Memory: 132MB 14MB 5MB 756MB = 907MB total
Dec  4 10:19:52 ubuntu-phablet kernel: [    0.000000] Memory: 681256k/681256k available, 260824k reserved, 17408K highmem
Dec  4 10:19:52 ubuntu-phablet kernel: [    0.000000] Virtual kernel memory layout:
Dec  4 10:19:52 ubuntu-phablet kernel: [    0.000000]     vector  : 0xffff0000 - 0xffff1000   (   4 kB)
Dec  4 10:19:52 ubuntu-phablet kernel: [    0.000000]     fixmap  : 0xfff00000 - 0xfffe0000   ( 896 kB)
Dec  4 10:19:52 ubuntu-phablet kernel: [    0.000000] 	   vmalloc : 0xf6800000 - 0xff000000   ( 136 MB)
Dec  4 10:19:52 ubuntu-phablet kernel: [    0.000000] 	    lowmem : 0xe0000000 - 0xf6000000   ( 352 MB)
Dec  4 10:19:52 ubuntu-phablet kernel: [    0.000000] 	    lowmem : 0xcff00000 - 0xe0000000   ( 257 MB)
Dec  4 10:19:52 ubuntu-phablet kernel: [    0.000000] 	   vmalloc : 0xcfa00000 - 0xcff00000   (   5 MB)
Dec  4 10:19:52 ubuntu-phablet kernel: [    0.000000] 	    lowmem : 0xcf500000 - 0xcfa00000   (   5 MB)
Dec  4 10:19:52 ubuntu-phablet kernel: [    0.000000] 	   vmalloc : 0xcd200000 - 0xcf500000   (  35 MB)
Dec  4 10:19:52 ubuntu-phablet kernel: [    0.000000] 	    lowmem : 0xcc400000 - 0xcd200000   (  14 MB)
Dec  4 10:19:52 ubuntu-phablet kernel: [    0.000000] 	   vmalloc : 0xc8400000 - 0xcc400000   (  64 MB)
Dec  4 10:19:52 ubuntu-phablet kernel: [    0.000000] 	    lowmem : 0xc0000000 - 0xc8400000   ( 132 MB)
Dec  4 10:19:52 ubuntu-phablet kernel: [    0.000000]     pkmap   : 0xbfe00000 - 0xc0000000   (   2 MB)
Dec  4 10:19:52 ubuntu-phablet kernel: [    0.000000]     modules : 0xbf000000 - 0xbfe00000   (  14 MB)
Dec  4 10:19:52 ubuntu-phablet kernel: [    0.000000]       .text : 0xc0008000 - 0xc0dd3000   (14124 kB)
Dec  4 10:19:52 ubuntu-phablet kernel: [    0.000000]       .init : 0xc0e00000 - 0xc0f32040   (1225 kB)
Dec  4 10:19:52 ubuntu-phablet kernel: [    0.000000]       .data : 0xc0f34000 - 0xc101a048   ( 921 kB)
Dec  4 10:19:52 ubuntu-phablet kernel: [    0.000000]        .bss : 0xc101a06c - 0xc172bce0   (7240 kB)
Dec  4 10:19:52 ubuntu-phablet kernel: [    0.000000] SLUB: Genslabs=11, HWalign=64, Order=0-3, MinObjects=0, CPUs=4, Nodes=1
Dec  4 10:19:52 ubuntu-phablet kernel: [    0.000000] Preemptible hierarchical RCU implementation.
Dec  4 10:19:52 ubuntu-phablet kernel: [    0.000000] 	RCU dyntick-idle grace-period acceleration is enabled.
Dec  4 10:19:52 ubuntu-phablet kernel: [    0.000000] NR_IRQS:16 nr_irqs:16 16
Dec  4 10:19:52 ubuntu-phablet kernel: [    0.000000] kmemleak: Kernel memory leak detector disabled
Dec  4 10:19:52 ubuntu-phablet kernel: [    0.000000] sched_clock: 32 bits at 19MHz, resolution 52ns, wraps every 223696ms
Dec  4 10:19:52 ubuntu-phablet kernel: [    0.000000] Switching to timer-based delay loop
Dec  4 10:19:52 ubuntu-phablet kernel: [    0.000000] Console: colour dummy device 80x30
Dec  4 10:19:52 ubuntu-phablet kernel: [    0.000000] console [tty0] enabled
Dec  4 10:19:52 ubuntu-phablet kernel: [    0.002074] Calibrating delay loop (skipped), value calculated using timer frequency.. 38.40 BogoMIPS (lpj=192000)
Dec  4 10:19:52 ubuntu-phablet kernel: [    0.002161] pid_max: default: 32768 minimum: 301
Dec  4 10:19:52 ubuntu-phablet kernel: [    0.002502] Security Framework initialized
Dec  4 10:19:52 ubuntu-phablet kernel: [    0.002745] AppArmor: AppArmor initialized
Dec  4 10:19:52 ubuntu-phablet kernel: [    0.002786] Yama: becoming mindful.
Dec  4 10:19:52 ubuntu-phablet kernel: [    0.002986] Mount-cache hash table entries: 512
Dec  4 10:19:52 ubuntu-phablet kernel: [    0.004545] Initializing cgroup subsys debug
Dec  4 10:19:52 ubuntu-phablet kernel: [    0.004594] Initializing cgroup subsys cpuacct
Dec  4 10:19:52 ubuntu-phablet kernel: [    0.004634] Initializing cgroup subsys freezer
Dec  4 10:19:52 ubuntu-phablet kernel: [    0.004803] CPU: Testing write buffer coherency: ok
Dec  4 10:19:52 ubuntu-phablet kernel: [    0.004897] ftrace: allocating 30893 entries in 91 pages
Dec  4 10:19:52 ubuntu-phablet kernel: [    0.047653] ------------[ cut here ]------------
Dec  4 10:19:52 ubuntu-phablet kernel: [    0.047719] WARNING: at /home/alexforsale/phablet/kernel/xiaomi/armani/kernel/trace/ftrace.c:1590 ftrace_bug+0xec/0x174()
Dec  4 10:19:52 ubuntu-phablet kernel: [    0.047797] Modules linked in:
Dec  4 10:19:52 ubuntu-phablet kernel: [    0.047833] Backtrace: 
Dec  4 10:19:52 ubuntu-phablet kernel: [    0.047880] [<c010a95c>] (dump_backtrace+0x0/0x114) from [<c09d7e0c>] (dump_stack+0x20/0x24)
Dec  4 10:19:52 ubuntu-phablet kernel: [    0.047944]  r6:c0215cbc r5:00000009 r4:00000000 r3:271ae91c
Dec  4 10:19:52 ubuntu-phablet kernel: [    0.048031] [<c09d7dec>] (dump_stack+0x0/0x24) from [<c019c6b8>] (warn_slowpath_common+0x5c/0x74)
Dec  4 10:19:52 ubuntu-phablet kernel: [    0.048110] [<c019c65c>] (warn_slowpath_common+0x0/0x74) from [<c019c6fc>] (warn_slowpath_null+0x2c/0x34)
Dec  4 10:19:52 ubuntu-phablet kernel: [    0.048180]  r8:60000153 r7:00000000 r6:00000000 r5:c01003a0 r4:c0fe8a09
Dec  4 10:19:52 ubuntu-phablet kernel: [    0.048257] r3:00000009
Dec  4 10:19:52 ubuntu-phablet kernel: [    0.048307] [<c019c6d0>] (warn_slowpath_null+0x0/0x34) from [<c0215cbc>] (ftrace_bug+0xec/0x174)
Dec  4 10:19:52 ubuntu-phablet kernel: [    0.048386] [<c0215bd0>] (ftrace_bug+0x0/0x174) from [<c02160f4>] (ftrace_process_locs+0x3b0/0x500)
Dec  4 10:19:52 ubuntu-phablet kernel: [    0.048453]  r5:f1c21e40 r4:00000000
Dec  4 10:19:52 ubuntu-phablet kernel: [    0.048513] [<c0215d44>] (ftrace_process_locs+0x0/0x500) from [<c0e122f8>] (ftrace_init+0x98/0x18c)
Dec  4 10:19:52 ubuntu-phablet kernel: [    0.048592] [<c0e12260>] (ftrace_init+0x0/0x18c) from [<c0e00ab4>] (start_kernel+0x308/0x368)
Dec  4 10:19:52 ubuntu-phablet kernel: [    0.048657]  r7:c2d79240 r6:00000000 r5:00000000 r4:c0f3dfe8
Dec  4 10:19:52 ubuntu-phablet kernel: [    0.048741] [<c0e007ac>] (start_kernel+0x0/0x368) from [<0000803c>] (0x803c)
Dec  4 10:19:52 ubuntu-phablet kernel: [    0.048793]  r7:c0f42ac4 r6:c0f00f00 r5:c0f3c4dc r4:10c5387d
Dec  4 10:19:52 ubuntu-phablet kernel: [    0.048899] ---[ end trace da227214a82491b7 ]---
Dec  4 10:19:52 ubuntu-phablet kernel: [    0.048940] ftrace faulted on writing [<c01003a0>] asm_do_IRQ+0x10/0x1c
Dec  4 10:19:52 ubuntu-phablet kernel: [    0.049488] CPU0: thread -1, cpu 0, socket 0, mpidr 80000000
Dec  4 10:19:52 ubuntu-phablet kernel: [    0.049620] hw perfevents: enabled with ARMv7 Cortex-A7 PMU driver, 5 counters available
Dec  4 10:19:52 ubuntu-phablet kernel: [    0.054448] Setting up static identity map for 0x9edbb0 - 0x9edc14
Dec  4 10:19:52 ubuntu-phablet kernel: [    0.054538] Configuring XPU violations to be fatal errors
Dec  4 10:19:52 ubuntu-phablet kernel: [    0.054590] MSM Memory Dump table set up
Dec  4 10:19:52 ubuntu-phablet kernel: [    0.061194] CPU1: thread -1, cpu 1, socket 0, mpidr 80000001
Dec  4 10:19:52 ubuntu-phablet kernel: [    0.066252] CPU2: thread -1, cpu 2, socket 0, mpidr 80000002
Dec  4 10:19:52 ubuntu-phablet kernel: [    0.071478] CPU3: thread -1, cpu 3, socket 0, mpidr 80000003
Dec  4 10:19:52 ubuntu-phablet kernel: [    0.071797] Brought up 4 CPUs
Dec  4 10:19:52 ubuntu-phablet kernel: [    0.071934] SMP: Total of 4 processors activated (153.60 BogoMIPS).
Dec  4 10:19:52 ubuntu-phablet kernel: [    0.073755] devtmpfs: initialized
Dec  4 10:19:52 ubuntu-phablet kernel: [    0.096559] EVM: security.selinux
Dec  4 10:19:52 ubuntu-phablet kernel: [    0.096599] EVM: security.SMACK64
Dec  4 10:19:52 ubuntu-phablet kernel: [    0.096633] EVM: security.capability
Dec  4 10:19:52 ubuntu-phablet kernel: [    0.098702] dummy: 
Dec  4 10:19:52 ubuntu-phablet kernel: [    0.293655] NET: Registered protocol family 16
Dec  4 10:19:52 ubuntu-phablet kernel: [    0.309439] DMA: preallocated 256 KiB pool for atomic coherent allocations
Dec  4 10:19:52 ubuntu-phablet kernel: [    0.312686] KPI: Bootloader start count = 30106
Dec  4 10:19:52 ubuntu-phablet kernel: [    0.312737] KPI: Bootloader end count = 51617
Dec  4 10:19:52 ubuntu-phablet kernel: [    0.312777] KPI: Bootloader display count = 42361
Dec  4 10:19:52 ubuntu-phablet kernel: [    0.312819] KPI: Bootloader load kernel count = 2123
Dec  4 10:19:52 ubuntu-phablet kernel: [    0.312863] KPI: Kernel MPM timestamp = 94494
Dec  4 10:19:52 ubuntu-phablet kernel: [    0.312903] KPI: Kernel MPM Clock frequency = 32768
Dec  4 10:19:52 ubuntu-phablet kernel: [    0.312957] socinfo_print: v8, id=221, ver=2.0, raw_id=2325, raw_ver=1, hw_plat=11, hw_plat_ver=0
Dec  4 10:19:52 ubuntu-phablet kernel: [    0.312971]  accessory_chip=0, hw_plat_subtype=0, pmic_model=65540, pmic_die_revision=131073
Dec  4 10:19:52 ubuntu-phablet kernel: [    0.345707] gpiochip_add: registered GPIOs 0 to 116 on device: msmgpio
Dec  4 10:19:52 ubuntu-phablet kernel: [    0.357747] msm_watchdog f9017000.qcom,wdt: MSM Watchdog Initialized
Dec  4 10:19:52 ubuntu-phablet kernel: [    0.415646] 8226_s1: 500 <--> 1275 mV at 0 mV normal idle 
Dec  4 10:19:52 ubuntu-phablet kernel: [    0.416708] 8226_s1_corner: 0 <--> 0 mV at 0 mV normal idle 
Dec  4 10:19:52 ubuntu-phablet kernel: [    0.417800] 8226_s1_corner_ao: 0 <--> 0 mV at 0 mV normal idle 
Dec  4 10:19:52 ubuntu-phablet kernel: [    0.418849] 8226_s1_floor_corner: 0 <--> 0 mV at 0 mV normal idle 
Dec  4 10:19:52 ubuntu-phablet kernel: [    0.419943] 8226_s3: 1200 <--> 1300 mV at 1200 mV normal idle 
Dec  4 10:19:52 ubuntu-phablet kernel: [    0.421109] 8226_s4: 1800 <--> 2200 mV at 1800 mV normal idle 
Dec  4 10:19:52 ubuntu-phablet kernel: [    0.422277] 8226_s5: 1150 mV normal idle 
Dec  4 10:19:52 ubuntu-phablet kernel: [    0.423350] 8226_l1: 1225 mV normal idle 
Dec  4 10:19:52 ubuntu-phablet kernel: [    0.424481] 8226_l2: 1200 mV normal idle 
Dec  4 10:19:52 ubuntu-phablet kernel: [    0.425584] 8226_l3: 750 <--> 1337 mV at 0 mV normal idle 
Dec  4 10:19:52 ubuntu-phablet kernel: [    0.426607] 8226_l3_ao: 750 <--> 1337 mV at 0 mV normal idle 
Dec  4 10:19:52 ubuntu-phablet kernel: [    0.427649] 8226_l3_so: 750 <--> 1337 mV at 750 mV normal idle 
Dec  4 10:19:52 ubuntu-phablet kernel: [    0.428834] 8226_l4: 1200 mV normal idle 
Dec  4 10:19:52 ubuntu-phablet kernel: [    0.429921] 8226_l5: 1200 mV normal idle 
Dec  4 10:19:52 ubuntu-phablet kernel: [    0.431120] 8226_l6: 1800 mV normal idle 
Dec  4 10:19:52 ubuntu-phablet kernel: [    0.432261] 8226_l7: 1850 mV normal idle 
Dec  4 10:19:52 ubuntu-phablet kernel: [    0.433676] 8226_l8: 1800 mV normal idle 
Dec  4 10:19:52 ubuntu-phablet kernel: [    0.434743] 8226_l8_ao: 1800 mV normal idle 
Dec  4 10:19:52 ubuntu-phablet kernel: [    0.435827] 8226_l8_so: 1800 mV normal idle 
Dec  4 10:19:52 ubuntu-phablet kernel: [    0.436943] 8226_l9: 2050 mV normal idle 
Dec  4 10:19:52 ubuntu-phablet kernel: [    0.438096] 8226_l10: 1800 mV normal idle 
Dec  4 10:19:52 ubuntu-phablet kernel: [    0.439317] 8226_l12: 1800 mV normal idle 
Dec  4 10:19:52 ubuntu-phablet kernel: [    0.440442] 8226_l14: 2750 mV normal idle 
Dec  4 10:19:52 ubuntu-phablet kernel: [    0.441567] 8226_l15: 2800 mV normal idle 
Dec  4 10:19:52 ubuntu-phablet kernel: [    0.442692] 8226_l16: 3000 <--> 3350 mV at 3300 mV normal idle 
Dec  4 10:19:52 ubuntu-phablet kernel: [    0.443804] 8226_l17: 2950 mV normal idle 
Dec  4 10:19:52 ubuntu-phablet kernel: [    0.444884] 8226_l18: 2950 mV normal idle 
Dec  4 10:19:52 ubuntu-phablet kernel: [    0.445997] 8226_l19: 2850 mV normal idle 
Dec  4 10:19:52 ubuntu-phablet kernel: [    0.447146] 8226_l20: 3075 mV normal idle 
Dec  4 10:19:52 ubuntu-phablet kernel: [    0.448239] 8226_l21: 1800 <--> 2950 mV at 2950 mV normal idle 
Dec  4 10:19:52 ubuntu-phablet kernel: [    0.449367] 8226_l22: 1800 <--> 2950 mV at 2950 mV normal idle 
Dec  4 10:19:52 ubuntu-phablet kernel: [    0.450479] 8226_l23: 1800 <--> 2950 mV at 2950 mV normal idle 
Dec  4 10:19:52 ubuntu-phablet kernel: [    0.451644] 8226_l24: 1300 <--> 1350 mV at 1300 mV normal idle 
Dec  4 10:19:52 ubuntu-phablet kernel: [    0.452769] 8226_l25: 1775 <--> 2125 mV at 1775 mV normal idle 
Dec  4 10:19:52 ubuntu-phablet kernel: [    0.453914] 8226_l26: 1225 mV normal idle 
Dec  4 10:19:52 ubuntu-phablet kernel: [    0.455005] 8226_l27: 2050 mV normal idle 
Dec  4 10:19:52 ubuntu-phablet kernel: [    0.456133] 8226_l28: 1800 <--> 2950 mV at 2950 mV normal idle 
Dec  4 10:19:52 ubuntu-phablet kernel: [    0.457267] 8226_lvs1: 
Dec  4 10:19:52 ubuntu-phablet kernel: [    0.458455] 8226_s2: 900 <--> 1350 mV at 1150 mV 
Dec  4 10:19:52 ubuntu-phablet kernel: [    0.458843] spm_regulator_probe: name=8226_s2, range=MV, voltage=1150000 uV, mode=AUTO, step rate=9600 uV/us
Dec  4 10:19:52 ubuntu-phablet kernel: [    0.506525] AXI: msm_bus_fabric_init_driver(): msm_bus_fabric_init_driver
Dec  4 10:19:52 ubuntu-phablet kernel: [    0.509001] AXI: msm_bus_fabric_probe(): Coresight support absent for bus: 2048
Dec  4 10:19:52 ubuntu-phablet kernel: [    0.510999] AXI: msm_bus_fabric_probe(): Coresight support absent for bus: 1024
Dec  4 10:19:52 ubuntu-phablet kernel: [    0.512967] AXI: msm_bus_fabric_probe(): Coresight support absent for bus: 4096
Dec  4 10:19:52 ubuntu-phablet kernel: [    0.516024] AXI: msm_bus_fabric_probe(): Coresight support absent for bus: 5120
Dec  4 10:19:52 ubuntu-phablet kernel: [    0.516982] AXI: msm_bus_fabric_probe(): Coresight support absent for bus: 0
Dec  4 10:19:52 ubuntu-phablet kernel: [    0.517588] AXI: msm_bus_fabric_probe(): Coresight support absent for bus: 6144
Dec  4 10:19:52 ubuntu-phablet kernel: [    0.520217] qup_i2c f9927000.i2c: Missing 'qcom,master-id' DT entry
Dec  4 10:19:52 ubuntu-phablet kernel: [    0.521769] kworker/u:0 used greatest stack depth: 5920 bytes left
Dec  4 10:19:52 ubuntu-phablet kernel: [    0.523681] qup_i2c f9928000.i2c: Missing 'qcom,master-id' DT entry
Dec  4 10:19:52 ubuntu-phablet kernel: [    0.525456] cpr_efuse_init: efuse_addr = 0xfc4b8000 (len=0x1000)
Dec  4 10:19:52 ubuntu-phablet kernel: [    0.525650] cpr_fuse_is_setting_expected: [row:54] = 0x1c0000000000 @42:6 == 7 ?: yes
Dec  4 10:19:52 ubuntu-phablet kernel: [    0.525730] cpr_parse_speed_bin_fuse: [row: 22]: 0x202b0b1a000001a9, speed_bits = 1
Dec  4 10:19:52 ubuntu-phablet kernel: [    0.525812] cpr_fuse_is_setting_expected: [row:22] = 0x202b0b1a000001a9 @53:1 == 0 ?: no
Dec  4 10:19:52 ubuntu-phablet kernel: [    0.525888] cpr_fuse_is_setting_expected: [row:22] = 0x202b0b1a000001a9 @24:3 == 2 ?: no
Dec  4 10:19:52 ubuntu-phablet kernel: [    0.525970] cpr_pvs_init: pvs voltage: [1050000 1150000 1290000] uV
Dec  4 10:19:52 ubuntu-phablet kernel: [    0.526024] cpr_pvs_init: ceiling voltage: [1050000 1150000 1290000] uV
Dec  4 10:19:52 ubuntu-phablet kernel: [    0.526078] cpr_pvs_init: floor voltage: [1050000 1050000 1100000] uV
Dec  4 10:19:52 ubuntu-phablet kernel: [    0.526635] cpr_fuse_is_setting_expected: [row:138] = 0x8404a36a3a9595 @57:1 == 1 ?: no
Dec  4 10:19:52 ubuntu-phablet kernel: [    0.526724] cpr_init_cpr_efuse: [row:138] = 0x8404a36a3a9595
Dec  4 10:19:52 ubuntu-phablet kernel: [    0.526783] cpr_init_cpr_efuse: disable = 0, local = 1
Dec  4 10:19:52 ubuntu-phablet kernel: [    0.526830] cpr_init_cpr_efuse: Corner[1]: ro_sel = 2, target quot = 874
Dec  4 10:19:52 ubuntu-phablet kernel: [    0.526885] cpr_init_cpr_efuse: Corner[2]: ro_sel = 2, target quot = 937
Dec  4 10:19:52 ubuntu-phablet kernel: [    0.526940] cpr_init_cpr_efuse: Corner[3]: ro_sel = 2, target quot = 1429
Dec  4 10:19:52 ubuntu-phablet kernel: [    0.527048] cpr_parse_pvs_version_fuse: [row: 22]: 0x202b0b1a000001a9, pvs_version = 2
Dec  4 10:19:52 ubuntu-phablet kernel: [    0.527143] cpr_get_corner_quot_adjustment: quotient adjustment scaling factor: 0.610
Dec  4 10:19:52 ubuntu-phablet kernel: [    0.527209] cpr_get_corner_quot_adjustment: adjusted quotient[12] = 1429
Dec  4 10:19:52 ubuntu-phablet kernel: [    0.527264] cpr_get_corner_quot_adjustment: adjusted quotient[11] = 1371
Dec  4 10:19:52 ubuntu-phablet kernel: [    0.527318] cpr_get_corner_quot_adjustment: adjusted quotient[10] = 1312
Dec  4 10:19:52 ubuntu-phablet kernel: [    0.527373] cpr_get_corner_quot_adjustment: adjusted quotient[9] = 1278
Dec  4 10:19:52 ubuntu-phablet kernel: [    0.527427] cpr_get_corner_quot_adjustment: adjusted quotient[8] = 1254
Dec  4 10:19:52 ubuntu-phablet kernel: [    0.527480] cpr_get_corner_quot_adjustment: adjusted quotient[7] = 1184
Dec  4 10:19:52 ubuntu-phablet kernel: [    0.527534] cpr_get_corner_quot_adjustment: adjusted quotient[6] = 1125
Dec  4 10:19:52 ubuntu-phablet kernel: [    0.527588] cpr_get_corner_quot_adjustment: adjusted quotient[5] = 1067
Dec  4 10:19:52 ubuntu-phablet kernel: [    0.527716] cpr_init_cpr_parameters: CPR is enabled by default.
Dec  4 10:19:52 ubuntu-phablet kernel: [    0.527784] cpr_config: Timer count: 0x17700 (for 5000 us)
Dec  4 10:19:52 ubuntu-phablet kernel: [    0.528350] apc_corner: 0 <--> 0 mV 
Dec  4 10:19:52 ubuntu-phablet kernel: [    0.531029] msm-thermal qcom,msm-thermal.67: probe_freq_mitigation:Failed reading node=/soc/qcom,msm-thermal, key=qcom,freq-mitigation-temp. KTM continues
Dec  4 10:19:52 ubuntu-phablet kernel: [    0.531138] msm-thermal qcom,msm-thermal.67: probe_psm:Failed reading node=/soc/qcom,msm-thermal, key=qcom,pmic-sw-mode-temp. KTM continues
Dec  4 10:19:52 ubuntu-phablet kernel: [    0.531670] vdd_restriction_reg_init:Defer vdd rstr freq init
Dec  4 10:19:52 ubuntu-phablet kernel: [    0.531734] msm-thermal qcom,msm-thermal.67: probe_ocr:Failed reading node=/soc/qcom,msm-thermal, key=qti,pmic-opt-curr-temp. KTM continues
Dec  4 10:19:52 ubuntu-phablet kernel: [    0.533057] persistent_ram: found existing buffer, size 74070, start 74070
Dec  4 10:19:52 ubuntu-phablet kernel: [    0.534472] console [ram-1] enabled
Dec  4 10:19:52 ubuntu-phablet kernel: [    0.534533]  LCD_KCAL_DEBUG : add_lcd_kcal_devices 
Dec  4 10:19:52 ubuntu-phablet kernel: [    0.534822] hw-breakpoint: found 5 (+1 reserved) breakpoint and 4 watchpoint registers.
Dec  4 10:19:52 ubuntu-phablet kernel: [    0.534902] hw-breakpoint: maximum watchpoint size is 8 bytes.
Dec  4 10:19:52 ubuntu-phablet kernel: [    0.536201] msm-jtag-fuse fc4be024.jtagfuse: JTag Fuse initialized
Dec  4 10:19:52 ubuntu-phablet kernel: [    0.543230] sps:sps is ready.
Dec  4 10:19:52 ubuntu-phablet kernel: [    0.546500] gdsc_venus: 
Dec  4 10:19:52 ubuntu-phablet kernel: [    0.547191] gdsc_mdss: 
Dec  4 10:19:52 ubuntu-phablet kernel: [    0.547866] gdsc_jpeg: 
Dec  4 10:19:52 ubuntu-phablet kernel: [    0.548572] gdsc_vfe: 
Dec  4 10:19:52 ubuntu-phablet kernel: [    0.549294] gdsc_oxili_cx: 
Dec  4 10:19:52 ubuntu-phablet kernel: [    0.549897] gdsc_usb_hsic: 
Dec  4 10:19:52 ubuntu-phablet kernel: [    0.552009] msm_ocmem fdd00000.qcom,ocmem: OCMEM Virtual addr c8800000
Dec  4 10:19:52 ubuntu-phablet kernel: [    0.552255] Physical OCMEM zone layout:
Dec  4 10:19:52 ubuntu-phablet kernel: [    0.552303]  zone graphics	: 0xfec00000 - 0xfec1ffff ( 128 KB)
Dec  4 10:19:52 ubuntu-phablet kernel: [    0.608892] bio: create slab <bio-0> at 0
Dec  4 10:19:52 ubuntu-phablet kernel: [    0.611699] cma: Assigned CMA region at 0 to 8.qcom,ion-heap device
Dec  4 10:19:52 ubuntu-phablet kernel: [    0.611909] ION-heap mm: Cannot specify alignment for this type of heap
Dec  4 10:19:52 ubuntu-phablet kernel: [    0.612158] cma: Assigned CMA region at 0 to 16.qcom,ion-heap device
Dec  4 10:19:52 ubuntu-phablet kernel: [    0.612359] ION-heap adsp: Cannot specify alignment for this type of heap
Dec  4 10:19:52 ubuntu-phablet kernel: [    0.612607] cma: Assigned CMA region at 0 to 1b.qcom,ion-heap device
Dec  4 10:19:52 ubuntu-phablet kernel: [    0.613869] ION heap system created
Dec  4 10:19:52 ubuntu-phablet kernel: [    0.614157] ION heap kmalloc created
Dec  4 10:19:52 ubuntu-phablet kernel: [    0.614241] ION heap mm created at 0x38000000 with size 6d00000
Dec  4 10:19:52 ubuntu-phablet kernel: [    0.614384] ION heap adsp created at 0x32400000 with size 2a00000
Dec  4 10:19:52 ubuntu-phablet kernel: [    0.614470] ION heap qsecom created at 0x37000000 with size d00000
Dec  4 10:19:52 ubuntu-phablet kernel: [    0.614613] ION heap audio created at 0x3f300000 with size 314000
Dec  4 10:19:52 ubuntu-phablet kernel: [    0.614707] ION heap pil_1 created at 0x0dc00000 with size 1900000
Dec  4 10:19:52 ubuntu-phablet kernel: [    0.617793] SCSI subsystem initialized
Dec  4 10:19:52 ubuntu-phablet kernel: [    0.618165] usbcore: registered new interface driver usbfs
Dec  4 10:19:52 ubuntu-phablet kernel: [    0.618419] usbcore: registered new interface driver hub
Dec  4 10:19:52 ubuntu-phablet kernel: [    0.618701] usbcore: registered new device driver usb
Dec  4 10:19:52 ubuntu-phablet kernel: [    0.619553] Linux media interface: v0.10
Dec  4 10:19:52 ubuntu-phablet kernel: [    0.619711] Linux video capture interface: v2.00
Dec  4 10:19:52 ubuntu-phablet kernel: [    0.623185] msm_iommu_v1 fda64000.qcom,iommu: device jpeg_iommu mapped at c84e0000, with 3 ctx banks
Dec  4 10:19:52 ubuntu-phablet kernel: [    0.625349] msm_iommu_v1 fd928000.qcom,iommu: device mdp_iommu mapped at c8560000, with 3 ctx banks
Dec  4 10:19:52 ubuntu-phablet kernel: [    0.627485] msm_iommu_v1 fdc84000.qcom,iommu: device venus_iommu mapped at c8840000, with 3 ctx banks
Dec  4 10:19:52 ubuntu-phablet kernel: [    0.629506] msm_iommu_v1 fdb10000.qcom,iommu: device kgsl_iommu mapped at c8860000, with 3 ctx banks
Dec  4 10:19:52 ubuntu-phablet kernel: [    0.631491] msm_iommu_v1 fda44000.qcom,iommu: device vfe_iommu mapped at c8880000, with 3 ctx banks
Dec  4 10:19:52 ubuntu-phablet kernel: [    0.633955] msm_iommu_ctx_v1 fda6c000.qcom,iommu-ctx: context jpeg_enc0 using bank 0
Dec  4 10:19:52 ubuntu-phablet kernel: [    0.634360] msm_iommu_ctx_v1 fda6d000.qcom,iommu-ctx: context jpeg_enc1 using bank 1
Dec  4 10:19:52 ubuntu-phablet kernel: [    0.634669] msm_iommu_ctx_v1 fda6e000.qcom,iommu-ctx: context jpeg_dec using bank 2
Dec  4 10:19:52 ubuntu-phablet kernel: [    0.634994] msm_iommu_ctx_v1 fd930000.qcom,iommu-ctx: context mdp_0 using bank 0
Dec  4 10:19:52 ubuntu-phablet kernel: [    0.635318] msm_iommu_ctx_v1 fd931000.qcom,iommu-ctx: context mdp_1 using bank 1
Dec  4 10:19:52 ubuntu-phablet kernel: [    0.635636] msm_iommu_ctx_v1 fd932000.qcom,iommu-ctx: context mdp_2 using bank 2
Dec  4 10:19:52 ubuntu-phablet kernel: [    0.635958] msm_iommu_ctx_v1 fdc8c000.qcom,iommu-ctx: context venus_ns using bank 0
Dec  4 10:19:52 ubuntu-phablet kernel: [    0.636279] msm_iommu_ctx_v1 fdc8d000.qcom,iommu-ctx: context venus_cp using bank 1
Dec  4 10:19:52 ubuntu-phablet kernel: [    0.636580] msm_iommu_ctx_v1 fdc8e000.qcom,iommu-ctx: context venus_fw using bank 2
Dec  4 10:19:52 ubuntu-phablet kernel: [    0.636940] msm_iommu_ctx_v1 fdb18000.qcom,iommu-ctx: context gfx3d_user using bank 0
Dec  4 10:19:52 ubuntu-phablet kernel: [    0.637241] msm_iommu_ctx_v1 fdb19000.qcom,iommu-ctx: context gfx3d_priv using bank 1
Dec  4 10:19:52 ubuntu-phablet kernel: [    0.637543] msm_iommu_ctx_v1 fdb1a000.qcom,iommu-ctx: context gfx3d_spare using bank 2
Dec  4 10:19:52 ubuntu-phablet kernel: [    0.637930] msm_iommu_ctx_v1 fda4c000.qcom,iommu-ctx: context vfe0 using bank 0
Dec  4 10:19:52 ubuntu-phablet kernel: [    0.638229] msm_iommu_ctx_v1 fda4d000.qcom,iommu-ctx: context vfe1 using bank 1
Dec  4 10:19:52 ubuntu-phablet kernel: [    0.638547] msm_iommu_ctx_v1 fda4e000.qcom,iommu-ctx: context cpp using bank 2
Dec  4 10:19:52 ubuntu-phablet kernel: [    0.640024] Advanced Linux Sound Architecture Driver Version 1.0.25.
Dec  4 10:19:52 ubuntu-phablet kernel: [    0.641340] Bluetooth: Core ver 2.16
Dec  4 10:19:52 ubuntu-phablet kernel: [    0.641462] NET: Registered protocol family 31
Dec  4 10:19:52 ubuntu-phablet kernel: [    0.641509] Bluetooth: HCI device and connection manager initialized
Dec  4 10:19:52 ubuntu-phablet kernel: [    0.641572] Bluetooth: HCI socket layer initialized
Dec  4 10:19:52 ubuntu-phablet kernel: [    0.641620] Bluetooth: L2CAP socket layer initialized
Dec  4 10:19:52 ubuntu-phablet kernel: [    0.642023] Bluetooth: SCO socket layer initialized
Dec  4 10:19:52 ubuntu-phablet kernel: [    0.642778] cfg80211: Calling CRDA to update world regulatory domain
Dec  4 10:19:52 ubuntu-phablet kernel: [    0.642888] cfg80211: World regulatory domain updated:
Dec  4 10:19:52 ubuntu-phablet kernel: [    0.642937] cfg80211:   (start_freq - end_freq @ bandwidth), (max_antenna_gain, max_eirp)
Dec  4 10:19:52 ubuntu-phablet kernel: [    0.643007] cfg80211:   (2402000 KHz - 2472000 KHz @ 40000 KHz), (300 mBi, 2000 mBm)
Dec  4 10:19:52 ubuntu-phablet kernel: [    0.643074] cfg80211:   (2457000 KHz - 2482000 KHz @ 40000 KHz), (300 mBi, 2000 mBm)
Dec  4 10:19:52 ubuntu-phablet kernel: [    0.643141] cfg80211:   (2474000 KHz - 2494000 KHz @ 20000 KHz), (300 mBi, 2000 mBm)
Dec  4 10:19:52 ubuntu-phablet kernel: [    0.643208] cfg80211:   (5170000 KHz - 5250000 KHz @ 80000 KHz), (300 mBi, 2000 mBm)
Dec  4 10:19:52 ubuntu-phablet kernel: [    0.643275] cfg80211:   (5735000 KHz - 5835000 KHz @ 80000 KHz), (300 mBi, 2000 mBm)
Dec  4 10:19:52 ubuntu-phablet kernel: [    0.643342] cfg80211:   (57240000 KHz - 63720000 KHz @ 2160000 KHz), (N/A, 0 mBm)
Dec  4 10:19:52 ubuntu-phablet kernel: [    0.643587] NetLabel: Initializing
Dec  4 10:19:52 ubuntu-phablet kernel: [    0.643629] NetLabel:  domain hash size = 128
Dec  4 10:19:52 ubuntu-phablet kernel: [    0.643670] NetLabel:  protocols = UNLABELED CIPSOv4
Dec  4 10:19:52 ubuntu-phablet kernel: [    0.643842] NetLabel:  unlabeled traffic allowed by default
Dec  4 10:19:52 ubuntu-phablet kernel: [    0.644840] Switching to clocksource arch_sys_counter
Dec  4 10:19:52 ubuntu-phablet kernel: [    0.722725] AppArmor: AppArmor Filesystem Enabled
Dec  4 10:19:52 ubuntu-phablet kernel: [    0.745944] NET: Registered protocol family 2
Dec  4 10:19:52 ubuntu-phablet kernel: [    0.746867] IP route cache hash table entries: 32768 (order: 5, 131072 bytes)
Dec  4 10:19:52 ubuntu-phablet kernel: [    0.751457] TCP established hash table entries: 131072 (order: 8, 1048576 bytes)
Dec  4 10:19:52 ubuntu-phablet kernel: [    0.761231] TCP bind hash table entries: 65536 (order: 8, 1310720 bytes)
Dec  4 10:19:52 ubuntu-phablet kernel: [    0.763626] TCP: Hash tables configured (established 131072 bind 65536)
Dec  4 10:19:52 ubuntu-phablet kernel: [    0.763683] TCP: reno registered
Dec  4 10:19:52 ubuntu-phablet kernel: [    0.763896] UDP hash table entries: 512 (order: 2, 24576 bytes)
Dec  4 10:19:52 ubuntu-phablet kernel: [    0.764119] UDP-Lite hash table entries: 512 (order: 2, 24576 bytes)
Dec  4 10:19:52 ubuntu-phablet kernel: [    0.764872] NET: Registered protocol family 1
Dec  4 10:19:52 ubuntu-phablet kernel: [    0.765597] Trying to unpack rootfs image as initramfs...
Dec  4 10:19:52 ubuntu-phablet kernel: [    1.157699] Freeing initrd memory: 4320K
Dec  4 10:19:52 ubuntu-phablet kernel: [    1.164167] clock-a7 f9011050.qcom,clock-a7: Speed bin: 1
Dec  4 10:19:52 ubuntu-phablet kernel: [    1.164226] clock-a7 f9011050.qcom,clock-a7: PVS version: 2
Dec  4 10:19:52 ubuntu-phablet kernel: [    1.171419] gpiochip_find_base: found new base at 992
Dec  4 10:19:52 ubuntu-phablet kernel: [    1.171774] gpiochip_add: registered GPIOs 992 to 1023 on device: smp2p
Dec  4 10:19:52 ubuntu-phablet kernel: [    1.173488] gpiochip_find_base: found new base at 960
Dec  4 10:19:52 ubuntu-phablet kernel: [    1.173800] gpiochip_add: registered GPIOs 960 to 991 on device: smp2p
Dec  4 10:19:52 ubuntu-phablet kernel: [    1.173972] gpiochip_find_base: found new base at 928
Dec  4 10:19:52 ubuntu-phablet kernel: [    1.174281] gpiochip_add: registered GPIOs 928 to 959 on device: smp2p
Dec  4 10:19:52 ubuntu-phablet kernel: [    1.176095] gpiochip_find_base: found new base at 896
Dec  4 10:19:52 ubuntu-phablet kernel: [    1.176436] gpiochip_add: registered GPIOs 896 to 927 on device: smp2p
Dec  4 10:19:52 ubuntu-phablet kernel: [    1.176607] gpiochip_find_base: found new base at 864
Dec  4 10:19:52 ubuntu-phablet kernel: [    1.176915] gpiochip_add: registered GPIOs 864 to 895 on device: slave-kernel
Dec  4 10:19:52 ubuntu-phablet kernel: [    1.178705] gpiochip_find_base: found new base at 832
Dec  4 10:19:52 ubuntu-phablet kernel: [    1.179043] gpiochip_add: registered GPIOs 832 to 863 on device: master-kernel
Dec  4 10:19:52 ubuntu-phablet kernel: [    1.179272] gpiochip_find_base: found new base at 800
Dec  4 10:19:52 ubuntu-phablet kernel: [    1.179639] gpiochip_add: registered GPIOs 800 to 831 on device: smp2p
Dec  4 10:19:52 ubuntu-phablet kernel: [    1.181453] gpiochip_find_base: found new base at 768
Dec  4 10:19:52 ubuntu-phablet kernel: [    1.181796] gpiochip_add: registered GPIOs 768 to 799 on device: smp2p
Dec  4 10:19:52 ubuntu-phablet kernel: [    1.181962] gpiochip_find_base: found new base at 736
Dec  4 10:19:52 ubuntu-phablet kernel: [    1.182283] gpiochip_add: registered GPIOs 736 to 767 on device: slave-kernel
Dec  4 10:19:52 ubuntu-phablet kernel: [    1.184147] gpiochip_find_base: found new base at 704
Dec  4 10:19:52 ubuntu-phablet kernel: [    1.184485] gpiochip_add: registered GPIOs 704 to 735 on device: master-kernel
Dec  4 10:19:52 ubuntu-phablet kernel: [    1.184704] gpiochip_find_base: found new base at 672
Dec  4 10:19:52 ubuntu-phablet kernel: [    1.185079] gpiochip_add: registered GPIOs 672 to 703 on device: smp2p
Dec  4 10:19:52 ubuntu-phablet kernel: [    1.186988] gpiochip_find_base: found new base at 640
Dec  4 10:19:52 ubuntu-phablet kernel: [    1.187304] gpiochip_add: registered GPIOs 640 to 671 on device: smp2p
Dec  4 10:19:52 ubuntu-phablet kernel: [    1.187507] gpiochip_find_base: found new base at 608
Dec  4 10:19:52 ubuntu-phablet kernel: [    1.187825] gpiochip_add: registered GPIOs 608 to 639 on device: slave-kernel
Dec  4 10:19:52 ubuntu-phablet kernel: [    1.189785] gpiochip_find_base: found new base at 576
Dec  4 10:19:52 ubuntu-phablet kernel: [    1.190102] gpiochip_add: registered GPIOs 576 to 607 on device: master-kernel
Dec  4 10:19:52 ubuntu-phablet kernel: [    1.190549] gpiochip_find_base: found new base at 544
Dec  4 10:19:52 ubuntu-phablet kernel: [    1.190890] gpiochip_add: registered GPIOs 544 to 575 on device: rdbg
Dec  4 10:19:52 ubuntu-phablet kernel: [    1.192925] gpiochip_find_base: found new base at 512
Dec  4 10:19:52 ubuntu-phablet kernel: [    1.193244] gpiochip_add: registered GPIOs 512 to 543 on device: rdbg
Dec  4 10:19:52 ubuntu-phablet kernel: [    1.193421] gpiochip_find_base: found new base at 480
Dec  4 10:19:52 ubuntu-phablet kernel: [    1.193761] gpiochip_add: registered GPIOs 480 to 511 on device: rdbg
Dec  4 10:19:52 ubuntu-phablet kernel: [    1.195870] gpiochip_find_base: found new base at 448
Dec  4 10:19:52 ubuntu-phablet kernel: [    1.196190] gpiochip_add: registered GPIOs 448 to 479 on device: rdbg
Dec  4 10:19:52 ubuntu-phablet kernel: [    1.199549] pil-q6v5-lpass fe200000.qcom,lpass: using secure boot
Dec  4 10:19:52 ubuntu-phablet kernel: [    1.209674] pil_pronto fb21b000.qcom,pronto: using secure boot
Dec  4 10:19:52 ubuntu-phablet kernel: [    1.214645] pil_venus fdce0000.qcom,venus: using secure boot
Dec  4 10:19:52 ubuntu-phablet kernel: [    1.236254] NET: Registered protocol family 27
Dec  4 10:19:52 ubuntu-phablet kernel: [    1.262893] msm_rpm_log_probe: OK
Dec  4 10:19:52 ubuntu-phablet kernel: [    1.293333] ocmem: Client sensors (id: 6) not allowed to use OCMEM
Dec  4 10:19:52 ubuntu-phablet kernel: [    1.293425] OCMEM notifier registration failed
Dec  4 10:19:52 ubuntu-phablet kernel: [    1.293484] sns_ocmem_main: sns_ocmem_init failed -14
Dec  4 10:19:52 ubuntu-phablet kernel: [    1.305337] audit: initializing netlink socket (disabled)
Dec  4 10:19:52 ubuntu-phablet kernel: [    1.305484] type=2000 audit(1.290:1): initialized
Dec  4 10:19:52 ubuntu-phablet kernel: [    1.392932] highmem bounce pool size: 64 pages
Dec  4 10:19:52 ubuntu-phablet kernel: [    1.405956] NTFS driver 2.1.30 [Flags: R/O].
Dec  4 10:19:52 ubuntu-phablet kernel: [    1.406369] fuse init (API version 7.18)
Dec  4 10:19:52 ubuntu-phablet kernel: [    1.407431] msgmni has been set to 1425
Dec  4 10:19:52 ubuntu-phablet kernel: [    1.409485] Block layer SCSI generic (bsg) driver version 0.4 loaded (major 247)
Dec  4 10:19:52 ubuntu-phablet kernel: [    1.409528] io scheduler noop registered
Dec  4 10:19:52 ubuntu-phablet kernel: [    1.409549] io scheduler deadline registered (default)
Dec  4 10:19:52 ubuntu-phablet kernel: [    1.409588] io scheduler row registered
Dec  4 10:19:52 ubuntu-phablet kernel: [    1.409800] io scheduler cfq registered
Dec  4 10:19:52 ubuntu-phablet kernel: [    1.410146] gpiochip_find_base: found new base at 440
Dec  4 10:19:52 ubuntu-phablet kernel: [    1.410276] gpiochip_add: registered GPIOs 440 to 447 on device: pm8226-gpio
Dec  4 10:19:52 ubuntu-phablet kernel: [    1.410597] qcom,qpnp-pin qpnp-pin-f1de2400: qpnp_pin_probe: gpio_chip registered between 440-447
Dec  4 10:19:52 ubuntu-phablet kernel: [    1.410775] gpiochip_find_base: found new base at 432
Dec  4 10:19:52 ubuntu-phablet kernel: [    1.410893] gpiochip_add: registered GPIOs 432 to 439 on device: pm8226-mpp
Dec  4 10:19:52 ubuntu-phablet kernel: [    1.411413] qcom,qpnp-pin qpnp-pin-f1de2600: qpnp_pin_probe: gpio_chip registered between 432-439
Dec  4 10:19:52 ubuntu-phablet kernel: [    1.411727] mdss_mdp_probe: MDP HW Base phy_Address=0xfd900000 virt=0xc88c0000
Dec  4 10:19:52 ubuntu-phablet kernel: [    1.411777] mdss_mdp_probe: MDSS VBIF HW Base phy_Address=0xfd924000 virt=0xc8556000
Dec  4 10:19:52 ubuntu-phablet kernel: [    1.412049] mdss_mdp_parse_dt_handler: Error from prop qcom,mdss-ib-factor-overlap : u32 array read
Dec  4 10:19:52 ubuntu-phablet kernel: [    1.412088] mdss_mdp_parse_dt_fudge_factors: err reading qcom,mdss-ib-factor-overlap
Dec  4 10:19:52 ubuntu-phablet kernel: [    1.412128] mdss_mdp_parse_dt_prop_len: Error from prop qcom,mdss-ad-off : spec error in device tree
Dec  4 10:19:52 ubuntu-phablet kernel: [    1.412179] mdss_mdp_parse_bootarg: mdss_mdp_parse_bootarg:1482: pan_name=[1:dsi:0:qcom,mdss_dsi_auo_720p_video] end=[]
Dec  4 10:19:52 ubuntu-phablet kernel: [    1.412976] mdss_mdp_pp_argc: >>>>> mdss_mdp_pp_argc 
Dec  4 10:19:52 ubuntu-phablet kernel: [    1.413007] update_preset_lcdc_lut: update_preset_lcdc_lut red=[255], green=[255], blue=[255]
Dec  4 10:19:52 ubuntu-phablet kernel: [    1.413044] mdss_mdp_pp_argc_kcal: >>>>> mdss_mdp_pp_argc_kcal 
Dec  4 10:19:52 ubuntu-phablet kernel: [    1.414683] mdss_dsi_ctrl_probe: DSI Ctrl name = MDSS DSI CTRL->0
Dec  4 10:19:52 ubuntu-phablet kernel: [    1.414807] mdss_dsi_panel_init: Panel Name = auo 720p video mode dsi panel
Dec  4 10:19:52 ubuntu-phablet kernel: [    1.415123] mdss_dsi_panel_init:1057 Continuous splash flag enabled.
Dec  4 10:19:52 ubuntu-phablet kernel: [    1.415155] mdss_dsi_panel_init:1069 Partial update disabled.
Dec  4 10:19:52 ubuntu-phablet kernel: [    1.415543] dsi_panel_device_register:1279, Disp_en gpio not specified
Dec  4 10:19:52 ubuntu-phablet kernel: [    1.415637] mdss_dsi_retrieve_ctrl_resources: dsi base=c8574800 size=600
Dec  4 10:19:52 ubuntu-phablet kernel: [    1.445280] mdss_register_panel: adding framebuffer device fd922800.qcom,mdss_dsi
Dec  4 10:19:52 ubuntu-phablet kernel: [    1.445721] mdss_hw_init: MDP Rev=10010001
Dec  4 10:19:52 ubuntu-phablet kernel: [    1.447657] mdss_register_panel: adding framebuffer device qcom,mdss_wb_panel.23
Dec  4 10:19:52 ubuntu-phablet kernel: [    1.448905] mdss_fb_parse_dt: split framebuffer left=0 right=0
Dec  4 10:19:52 ubuntu-phablet kernel: [    1.448936] mdss_fb_alloc_fbmem_iommu: mdss_fb_alloc_fbmem_iommu frame buffer reserve_size=0x800000
Dec  4 10:19:52 ubuntu-phablet kernel: [    1.449285] mdss_fb_alloc_fbmem_iommu: allocating 8388608 bytes at c9000000 (3f800000 phys) for fb 0
Dec  4 10:19:52 ubuntu-phablet kernel: [    1.449690] mdss_fb_register: FrameBuffer[0] 720x1280 size=8388608 registered successfully!
Dec  4 10:19:52 ubuntu-phablet kernel: [    1.449777] mdss_mdp_overlay_init: mdss_mdp_overlay_init: unable to add event timer
Dec  4 10:19:52 ubuntu-phablet kernel: [    1.449996] Registered led device: lcd-backlight
Dec  4 10:19:52 ubuntu-phablet kernel: [    1.450071] mdss_fb_parse_dt: split framebuffer left=0 right=0
Dec  4 10:19:52 ubuntu-phablet kernel: [    1.450315] mdss_fb_register: FrameBuffer[1] 1280x720 size=0 registered successfully!
Dec  4 10:19:52 ubuntu-phablet kernel: [    1.450386] mdss_mdp_overlay_init: mdss_mdp_overlay_init: unable to add event timer
Dec  4 10:19:52 ubuntu-phablet kernel: [    1.527341] msm_serial_hsl_probe: detected port #0 (ttyHSL0)
Dec  4 10:19:52 ubuntu-phablet kernel: [    1.527613] f991f000.serial: ttyHSL0 at MMIO 0xf991f000 (irq = 141) is a MSM
Dec  4 10:19:52 ubuntu-phablet kernel: [    1.530794] msm_serial_hsl_init: driver initialized
Dec  4 10:19:52 ubuntu-phablet kernel: [    1.536254] diagchar initialized nowkgsl bus ib [0] = 1600000000
Dec  4 10:19:52 ubuntu-phablet kernel: [    1.538769] kgsl bus ib [1] = 3200000000
Dec  4 10:19:52 ubuntu-phablet kernel: [    1.538790] kgsl bus ib [2] = 4256000000
Dec  4 10:19:52 ubuntu-phablet kernel: [    1.538810] kgsl bus index is 2 for pwrlevel 0
Dec  4 10:19:52 ubuntu-phablet kernel: [    1.538832] kgsl bus index is 1 for pwrlevel 1
Dec  4 10:19:52 ubuntu-phablet kernel: [    1.538854] kgsl bus index is 0 for pwrlevel 2
Dec  4 10:19:52 ubuntu-phablet kernel: [    1.539376] kgsl kgsl-3d0: |kgsl_iommu_init| MMU type set for device is IOMMU
Dec  4 10:19:52 ubuntu-phablet kernel: [    1.552484] brd: module loaded
Dec  4 10:19:52 ubuntu-phablet kernel: [    1.557144] loop: module loaded
Dec  4 10:19:52 ubuntu-phablet kernel: [    1.557847] QSEECOM: qseecom_probe: support_bus_scaling=0x1
Dec  4 10:19:52 ubuntu-phablet kernel: [    1.557874] QSEECOM: qseecom_probe: bam_pipe_pair=0x2
Dec  4 10:19:52 ubuntu-phablet kernel: [    1.557902] QSEECOM: qseecom_probe: qsee-ce-hw-instance=0x0
Dec  4 10:19:52 ubuntu-phablet kernel: [    1.557930] QSEECOM: qseecom_probe: hlos-ce-hw-instance=0x0
Dec  4 10:19:52 ubuntu-phablet kernel: [    1.558001] QSEECOM: qseecom_probe: secure app region addr=0xd980000 size=0x256000
Dec  4 10:19:52 ubuntu-phablet kernel: [    1.559221] 8226_l28: Failed to create debugfs directory
Dec  4 10:19:52 ubuntu-phablet kernel: [    1.559555] isa1000_setup: isa1000 set up
Dec  4 10:19:52 ubuntu-phablet kernel: [    1.559866] i2c-core: driver [tabla-i2c-core] using legacy suspend method
Dec  4 10:19:52 ubuntu-phablet kernel: [    1.559898] i2c-core: driver [tabla-i2c-core] using legacy resume method
Dec  4 10:19:52 ubuntu-phablet kernel: [    1.560080] i2c-core: driver [wcd9xxx-i2c-core] using legacy suspend method
Dec  4 10:19:52 ubuntu-phablet kernel: [    1.560111] i2c-core: driver [wcd9xxx-i2c-core] using legacy resume method
Dec  4 10:19:52 ubuntu-phablet kernel: [    1.560845] SCSI Media Changer driver v0.25 
Dec  4 10:19:52 ubuntu-phablet kernel: [    1.561609] sps: BAM device 0xf9904000 is not registered yet.
Dec  4 10:19:52 ubuntu-phablet kernel: [    1.561650] sps:BAM 0xf9904000 is registered.
Dec  4 10:19:52 ubuntu-phablet kernel: [    1.562017] sps:BAM 0xf9904000 (va:0xc8830000) enabled: ver:0x15, number of pipes:24
Dec  4 10:19:52 ubuntu-phablet kernel: [    1.562583] spi_qsd f9923000.spi: master is unqueued, this is deprecated
Dec  4 10:19:52 ubuntu-phablet kernel: [    1.567710] modprobe used greatest stack depth: 5728 bytes left
Dec  4 10:19:52 ubuntu-phablet kernel: [    1.567848] gpio_request: gpio-0 (spi_mosi) status -16
Dec  4 10:19:52 ubuntu-phablet kernel: [    1.567860] spi_qsd f9923000.spi: msm_spi_request_gpios: gpio_request for pin 0 failed with error -16
Dec  4 10:19:52 ubuntu-phablet kernel: [    1.567914] spi_qsd f9923000.spi: can't setup spi0.3, status -16
Dec  4 10:19:52 ubuntu-phablet kernel: [    1.567942] spi_master spi0: spi_device register error /soc/spi@f9923000/ethernet-switch@3
Dec  4 10:19:52 ubuntu-phablet kernel: [    1.569293] tun: Universal TUN/TAP device driver, 1.6
Dec  4 10:19:52 ubuntu-phablet kernel: [    1.569321] tun: (C) 1999-2004 Max Krasnyansky <maxk@qualcomm.com>
Dec  4 10:19:52 ubuntu-phablet kernel: [    1.569593] rmnet_init: BAM devices[9]
Dec  4 10:19:52 ubuntu-phablet kernel: [    1.578937] PPP generic driver version 2.4.2
Dec  4 10:19:52 ubuntu-phablet kernel: [    1.579270] PPP BSD Compression module registered
Dec  4 10:19:52 ubuntu-phablet kernel: [    1.579297] PPP Deflate Compression module registered
Dec  4 10:19:52 ubuntu-phablet kernel: [    1.587846] PPP MPPE Compression module registered
Dec  4 10:19:52 ubuntu-phablet kernel: [    1.587882] NET: Registered protocol family 24
Dec  4 10:19:52 ubuntu-phablet kernel: [    1.587943] SLIP: version 0.8.4-NET3.019-NEWTTY (dynamic channels, max=256) (6 bit encapsulation enabled).
Dec  4 10:19:52 ubuntu-phablet kernel: [    1.587982] CSLIP: code copyright 1989 Regents of the University of California.
Dec  4 10:19:52 ubuntu-phablet kernel: [    1.588438] wcnss_wlan probed in built-in mode
Dec  4 10:19:52 ubuntu-phablet kernel: [    1.590301] usbcore: registered new interface driver asix
Dec  4 10:19:52 ubuntu-phablet kernel: [    1.590399] usbcore: registered new interface driver cdc_ether
Dec  4 10:19:52 ubuntu-phablet kernel: [    1.590476] usbcore: registered new interface driver net1080
Dec  4 10:19:52 ubuntu-phablet kernel: [    1.590582] usbcore: registered new interface driver cdc_subset
Dec  4 10:19:52 ubuntu-phablet kernel: [    1.590657] usbcore: registered new interface driver zaurus
Dec  4 10:19:52 ubuntu-phablet kernel: [    1.590890] usbcore: registered new interface driver cdc_ncm
Dec  4 10:19:52 ubuntu-phablet kernel: [    1.592615] msm_otg f9a55000.usb: msm_otg probe
Dec  4 10:19:52 ubuntu-phablet kernel: [    1.594721] msm_otg f9a55000.usb: OTG regs = c87f8000
Dec  4 10:19:52 ubuntu-phablet kernel: [    1.597270] ehci_hcd: USB 2.0 'Enhanced' Host Controller (EHCI) Driver
Dec  4 10:19:52 ubuntu-phablet kernel: [    1.597655] Unable to get vbus_otg
Dec  4 10:19:52 ubuntu-phablet kernel: [    1.597679] msm_hsusb_host msm_hsusb_host: unable to register with transceiver
Dec  4 10:19:52 ubuntu-phablet kernel: [    1.597735] platform msm_hsusb_host: Driver msm_hsusb_host requests probe deferral
Dec  4 10:19:52 ubuntu-phablet kernel: [    1.599019] usbcore: registered new interface driver cdc_acm
Dec  4 10:19:52 ubuntu-phablet kernel: [    1.599047] cdc_acm: USB Abstract Control Model driver for USB modems and ISDN adapters
Dec  4 10:19:52 ubuntu-phablet kernel: [    1.599080] Initializing USB Mass Storage driver...
Dec  4 10:19:52 ubuntu-phablet kernel: [    1.599189] usbcore: registered new interface driver usb-storage
Dec  4 10:19:52 ubuntu-phablet kernel: [    1.599216] USB Mass Storage support registered.
Dec  4 10:19:52 ubuntu-phablet kernel: [    1.599279] usbcore: registered new interface driver ums-alauda
Dec  4 10:19:52 ubuntu-phablet kernel: [    1.599345] usbcore: registered new interface driver ums-cypress
Dec  4 10:19:52 ubuntu-phablet kernel: [    1.599412] usbcore: registered new interface driver ums-datafab
Dec  4 10:19:52 ubuntu-phablet kernel: [    1.599479] usbcore: registered new interface driver ums-freecom
Dec  4 10:19:52 ubuntu-phablet kernel: [    1.599546] usbcore: registered new interface driver ums-isd200
Dec  4 10:19:52 ubuntu-phablet kernel: [    1.599614] usbcore: registered new interface driver ums-jumpshot
Dec  4 10:19:52 ubuntu-phablet kernel: [    1.599681] usbcore: registered new interface driver ums-karma
Dec  4 10:19:52 ubuntu-phablet kernel: [    1.599747] usbcore: registered new interface driver ums-onetouch
Dec  4 10:19:52 ubuntu-phablet kernel: [    1.599817] usbcore: registered new interface driver ums-sddr09
Dec  4 10:19:52 ubuntu-phablet kernel: [    1.599894] usbcore: registered new interface driver ums-sddr55
Dec  4 10:19:52 ubuntu-phablet kernel: [    1.599962] usbcore: registered new interface driver ums-usbat
Dec  4 10:19:52 ubuntu-phablet kernel: [    1.600129] usbcore: registered new interface driver usbserial
Dec  4 10:19:52 ubuntu-phablet kernel: [    1.600157] usbserial: USB Serial Driver core
Dec  4 10:19:52 ubuntu-phablet kernel: [    1.600234] usbcore: registered new interface driver qc_csvt
Dec  4 10:19:52 ubuntu-phablet kernel: [    1.600305] USB Serial support registered for qc_csvt
Dec  4 10:19:52 ubuntu-phablet kernel: [    1.600381] usbcore: registered new interface driver usb_ehset_test
Dec  4 10:19:52 ubuntu-phablet kernel: [    1.601614] msm_hsusb msm_hsusb: [ci13xxx_start] hw_ep_max = 32
Dec  4 10:19:52 ubuntu-phablet kernel: [    1.602457] mbim_init: initialize 1 instances
Dec  4 10:19:52 ubuntu-phablet kernel: [    1.602647] mbim_init: Initialized 1 ports
Dec  4 10:19:52 ubuntu-phablet kernel: [    1.605248] rndis_qc_init: initialize rndis QC instance
Dec  4 10:19:52 ubuntu-phablet kernel: [    1.606076] android_usb gadget: Mass Storage Function, version: 2009/09/11
Dec  4 10:19:52 ubuntu-phablet kernel: [    1.606110] android_usb gadget: Number of LUNs=2
Dec  4 10:19:52 ubuntu-phablet kernel: [    1.606136]  lun0: LUN: removable read only CD-ROM file: (no medium)
Dec  4 10:19:52 ubuntu-phablet kernel: [    1.606164]  lun1: LUN: removable file: (no medium)
Dec  4 10:19:52 ubuntu-phablet kernel: [    1.606651] android_usb gadget: android_usb ready
Dec  4 10:19:52 ubuntu-phablet kernel: [    1.607913] mousedev: PS/2 mouse device common for all mice
Dec  4 10:19:52 ubuntu-phablet kernel: [    1.608345] usbcore: registered new interface driver xpad
Dec  4 10:19:52 ubuntu-phablet kernel: [    1.608374] ft5x06_i2c_init
Dec  4 10:19:52 ubuntu-phablet kernel: [    1.608489] num_fw = 4
Dec  4 10:19:52 ubuntu-phablet kernel: [    1.608585] i2c-pull-up = 1
Dec  4 10:19:52 ubuntu-phablet kernel: [    1.608602] reset gpio = 16
Dec  4 10:19:52 ubuntu-phablet kernel: [    1.608618] irq gpio = 17
Dec  4 10:19:52 ubuntu-phablet kernel: [    1.608634] x_max = 720
Dec  4 10:19:52 ubuntu-phablet kernel: [    1.608650] y_max = 1280
Dec  4 10:19:52 ubuntu-phablet kernel: [    1.608666] z_max = 255
Dec  4 10:19:52 ubuntu-phablet kernel: [    1.608681] w_max = 200
Dec  4 10:19:52 ubuntu-phablet kernel: [    1.608697] landing_jiffies = 1000
Dec  4 10:19:52 ubuntu-phablet kernel: [    1.608715] landing_threshold = 16
Dec  4 10:19:52 ubuntu-phablet kernel: [    1.608734] staying_threshold = 8
Dec  4 10:19:52 ubuntu-phablet kernel: [    1.608751] raw min = 7000
Dec  4 10:19:52 ubuntu-phablet kernel: [    1.608768] raw max = 10000
Dec  4 10:19:52 ubuntu-phablet kernel: [    1.608784] key_num = 3
Dec  4 10:19:52 ubuntu-phablet kernel: [    1.608800] keymap[0] = 139
Dec  4 10:19:52 ubuntu-phablet kernel: [    1.608817] keypos[0] = 2
Dec  4 10:19:52 ubuntu-phablet kernel: [    1.608834] key[0]: 155 1317 10 50
Dec  4 10:19:52 ubuntu-phablet kernel: [    1.608853] keymap[1] = 102
Dec  4 10:19:52 ubuntu-phablet kernel: [    1.608870] keypos[1] = 6
Dec  4 10:19:52 ubuntu-phablet kernel: [    1.608887] key[1]: 355 1317 10 50
Dec  4 10:19:52 ubuntu-phablet kernel: [    1.608906] keymap[2] = 158
Dec  4 10:19:52 ubuntu-phablet kernel: [    1.608922] keypos[2] = 10
Dec  4 10:19:52 ubuntu-phablet kernel: [    1.608940] key[2]: 565 1317 10 50
Dec  4 10:19:52 ubuntu-phablet kernel: [    1.608958] key_num = 3
Dec  4 10:19:52 ubuntu-phablet kernel: [    1.608974] keymap[0] = 139
Dec  4 10:19:52 ubuntu-phablet kernel: [    1.608991] keypos[0] = 2
Dec  4 10:19:52 ubuntu-phablet kernel: [    1.609008] key[0]: 155 1319 10 50
Dec  4 10:19:52 ubuntu-phablet kernel: [    1.609027] keymap[1] = 102
Dec  4 10:19:52 ubuntu-phablet kernel: [    1.609043] keypos[1] = 6
Dec  4 10:19:52 ubuntu-phablet kernel: [    1.609061] key[1]: 355 1319 10 50
Dec  4 10:19:52 ubuntu-phablet kernel: [    1.609079] keymap[2] = 158
Dec  4 10:19:52 ubuntu-phablet kernel: [    1.609096] keypos[2] = 10
Dec  4 10:19:52 ubuntu-phablet kernel: [    1.609113] key[2]: 565 1319 10 50
Dec  4 10:19:52 ubuntu-phablet kernel: [    1.609132] key_num = 3
Dec  4 10:19:52 ubuntu-phablet kernel: [    1.609148] keymap[0] = 139
Dec  4 10:19:52 ubuntu-phablet kernel: [    1.609164] keypos[0] = 2
Dec  4 10:19:52 ubuntu-phablet kernel: [    1.609182] key[0]: 155 1319 10 50
Dec  4 10:19:52 ubuntu-phablet kernel: [    1.609200] keymap[1] = 102
Dec  4 10:19:52 ubuntu-phablet kernel: [    1.609217] keypos[1] = 6
Dec  4 10:19:52 ubuntu-phablet kernel: [    1.609234] key[1]: 355 1319 10 50
Dec  4 10:19:52 ubuntu-phablet kernel: [    1.609253] keymap[2] = 158
Dec  4 10:19:52 ubuntu-phablet kernel: [    1.609270] keypos[2] = 10
Dec  4 10:19:52 ubuntu-phablet kernel: [    1.609287] key[2]: 565 1319 10 50
Dec  4 10:19:52 ubuntu-phablet kernel: [    1.609305] key_num = 3
Dec  4 10:19:52 ubuntu-phablet kernel: [    1.609321] keymap[0] = 139
Dec  4 10:19:52 ubuntu-phablet kernel: [    1.609338] keypos[0] = 2
Dec  4 10:19:52 ubuntu-phablet kernel: [    1.609355] key[0]: 155 1319 10 50
Dec  4 10:19:52 ubuntu-phablet kernel: [    1.609374] keymap[1] = 102
Dec  4 10:19:52 ubuntu-phablet kernel: [    1.609390] keypos[1] = 6
Dec  4 10:19:52 ubuntu-phablet kernel: [    1.609408] key[1]: 355 1319 10 50
Dec  4 10:19:52 ubuntu-phablet kernel: [    1.609426] keymap[2] = 158
Dec  4 10:19:52 ubuntu-phablet kernel: [    1.609443] keypos[2] = 10
Dec  4 10:19:52 ubuntu-phablet kernel: [    1.609460] key[2]: 565 1319 10 50
Dec  4 10:19:52 ubuntu-phablet kernel: [    1.609480] firmare 0 chip = 0xa, vendor = 0x51 name = ft5316_firmware.fw
Dec  4 10:19:52 ubuntu-phablet kernel: [    1.825972] ft5x06_i2c 5-0038: firmware vendor is 51
Dec  4 10:19:52 ubuntu-phablet kernel: [    1.826116] ft5x06_i2c 5-0038: chip id = 0x14, found it!
Dec  4 10:19:52 ubuntu-phablet kernel: [    1.826248] ft5x06_i2c 5-0038: firmware name = ft5336_firmware_ofilm.fw
Dec  4 10:19:52 ubuntu-phablet kernel: [    1.826986] ft5x06_i2c 5-0038: firmware version is 0e
Dec  4 10:19:52 ubuntu-phablet kernel: [    1.828355] input: ft5x06 as /devices/f9927000.i2c/i2c-5/5-0038/input/input0
Dec  4 10:19:52 ubuntu-phablet kernel: [    1.830918] #### init for imagis #####
Dec  4 10:19:52 ubuntu-phablet kernel: [    1.835187] [ Imagis ] ist30xx_probe(), the i2c addr=0x50
Dec  4 10:19:52 ubuntu-phablet kernel: [    1.835569] ### reset gpio = 16 ####
Dec  4 10:19:52 ubuntu-phablet kernel: [    1.835694] ### irq gpio = 17 ####
Dec  4 10:19:52 ubuntu-phablet kernel: [    1.835791] ### max x = 720 ####
Dec  4 10:19:52 ubuntu-phablet kernel: [    1.835883] ### max y = 1280 ####
Dec  4 10:19:52 ubuntu-phablet kernel: [    1.835976] ### max w = 200 ####
Dec  4 10:19:52 ubuntu-phablet kernel: [    1.836068] ### key num = 3 ####
Dec  4 10:19:52 ubuntu-phablet kernel: [    1.836162] #### key [0] = 139 ####
Dec  4 10:19:52 ubuntu-phablet kernel: [    1.836260] #### key [1] = 102 ####
Dec  4 10:19:52 ubuntu-phablet kernel: [    1.836358] #### key [2] = 158 ####
Dec  4 10:19:52 ubuntu-phablet kernel: [    1.836488] gpio_request: gpio-17 (imagis_irq_gpio) status -16
Dec  4 10:19:52 ubuntu-phablet kernel: [    1.836536] [ Imagis ] irq gpio request failed!
Dec  4 10:19:52 ubuntu-phablet kernel: [    1.836660] [ Imagis ] Error, ist30xx mem free
Dec  4 10:19:52 ubuntu-phablet kernel: [    1.838064] IST30XX: probe of 5-0050 failed with error -16
Dec  4 10:19:52 ubuntu-phablet kernel: [    1.844518] using rtc device, qpnp_rtc, for alarms
Dec  4 10:19:52 ubuntu-phablet kernel: [    1.844728] qcom,qpnp-rtc qpnp-rtc-f1de3000: rtc core: registered qpnp_rtc as rtc0
Dec  4 10:19:52 ubuntu-phablet kernel: [    1.846343] i2c /dev entries driver
Dec  4 10:19:52 ubuntu-phablet kernel: [    1.854424] msm_vidc: 1: Failed to read qcom,load-freq-tbl from device tree
Dec  4 10:19:52 ubuntu-phablet kernel: [    1.854471] msm_vidc: 1: no elements in frequency table
Dec  4 10:19:52 ubuntu-phablet kernel: [    1.854514] msm_vidc: 1: Failed to read qcom,reg-presets from device tree
Dec  4 10:19:52 ubuntu-phablet kernel: [    1.854733] msm_vidc: 1: Failed to read qcom,buffer-type-tz-usage-table from device tree
Dec  4 10:19:52 ubuntu-phablet kernel: [    1.854811] msm_vidc: 1: Q6 hfi device probe called
Dec  4 10:19:52 ubuntu-phablet kernel: [    1.856749] msm_vidc: 1: debugfs_create_file: fail
Dec  4 10:19:52 ubuntu-phablet kernel: [    1.881839] Registered led device: flashlight
Dec  4 10:19:52 ubuntu-phablet kernel: [    1.884080] msm_eeprom_platform_probe MM data miss:1059
Dec  4 10:19:52 ubuntu-phablet kernel: [    1.884827] msm_eeprom_parse_memory_map: pageen not needed
Dec  4 10:19:52 ubuntu-phablet kernel: [    1.884932] msm_eeprom_parse_memory_map: pageen not needed
Dec  4 10:19:52 ubuntu-phablet kernel: [    1.885149] msm_eeprom_parse_memory_map: pageen not needed
Dec  4 10:19:52 ubuntu-phablet kernel: [    1.885613] msm_eeprom_parse_memory_map: pageen not needed
Dec  4 10:19:52 ubuntu-phablet kernel: [    1.885697] msm_eeprom_parse_memory_map: pageen not needed
Dec  4 10:19:52 ubuntu-phablet kernel: [    1.885778] msm_eeprom_parse_memory_map: pageen not needed
Dec  4 10:19:52 ubuntu-phablet kernel: [    1.885859] msm_eeprom_parse_memory_map: pageen not needed
Dec  4 10:19:52 ubuntu-phablet kernel: [    1.885940] msm_eeprom_parse_memory_map: pageen not needed
Dec  4 10:19:52 ubuntu-phablet kernel: [    1.886023] msm_eeprom_parse_memory_map: pageen not needed
Dec  4 10:19:52 ubuntu-phablet kernel: [    1.886106] msm_eeprom_parse_memory_map: pageen not needed
Dec  4 10:19:52 ubuntu-phablet kernel: [    1.886191] msm_eeprom_parse_memory_map: pageen not needed
Dec  4 10:19:52 ubuntu-phablet kernel: [    1.886277] msm_eeprom_parse_memory_map: pageen not needed
Dec  4 10:19:52 ubuntu-phablet kernel: [    1.886363] msm_eeprom_parse_memory_map: pageen not needed
Dec  4 10:19:52 ubuntu-phablet kernel: [    1.886450] msm_eeprom_parse_memory_map: pageen not needed
Dec  4 10:19:52 ubuntu-phablet kernel: [    1.886538] msm_eeprom_parse_memory_map: pageen not needed
Dec  4 10:19:52 ubuntu-phablet kernel: [    1.886628] msm_eeprom_parse_memory_map: pageen not needed
Dec  4 10:19:52 ubuntu-phablet kernel: [    1.886718] msm_eeprom_parse_memory_map: pageen not needed
Dec  4 10:19:52 ubuntu-phablet kernel: [    1.886809] msm_eeprom_parse_memory_map: pageen not needed
Dec  4 10:19:52 ubuntu-phablet kernel: [    1.886901] msm_eeprom_parse_memory_map: pageen not needed
Dec  4 10:19:52 ubuntu-phablet kernel: [    2.375160] h3lte_set_sensor_name: sensor_name = , is set = 0
Dec  4 10:19:52 ubuntu-phablet kernel: [    2.451001] msm_eeprom_platform_probe MM data miss:1059
Dec  4 10:19:52 ubuntu-phablet kernel: [    2.452211] msm_eeprom_parse_memory_map: pageen not needed
Dec  4 10:19:52 ubuntu-phablet kernel: [    2.906245] h3lte_set_sensor_name: sensor_name = ov5693_olq5f08, is set = 1
Dec  4 10:19:52 ubuntu-phablet kernel: [    2.952254] msm_sensor_driver_get_dt_data:809 Invalid sensor position
Dec  4 10:19:52 ubuntu-phablet kernel: [    2.952422] msm_sensor_driver_get_dt_data:818 Invalid sensor mode supported
Dec  4 10:19:52 ubuntu-phablet kernel: [    2.952600] g_sctrl[0] c231d400
Dec  4 10:19:52 ubuntu-phablet kernel: [    2.953548] msm_sensor_driver_get_dt_data:809 Invalid sensor position
Dec  4 10:19:52 ubuntu-phablet kernel: [    2.953729] msm_sensor_driver_get_dt_data:818 Invalid sensor mode supported
Dec  4 10:19:52 ubuntu-phablet kernel: [    2.953905] g_sctrl[1] c231d600
Dec  4 10:19:52 ubuntu-phablet kernel: [    2.965899] __msm_jpeg_init:951] Jpeg Device id 0
Dec  4 10:19:52 ubuntu-phablet kernel: [    2.996686] lirc_dev: IR Remote Control driver registered, major 236 
Dec  4 10:19:52 ubuntu-phablet kernel: [    2.996830] IR NEC protocol handler initialized
Dec  4 10:19:52 ubuntu-phablet kernel: [    2.996925] IR RC5(x) protocol handler initialized
Dec  4 10:19:52 ubuntu-phablet kernel: [    2.997020] IR RC6 protocol handler initialized
Dec  4 10:19:52 ubuntu-phablet kernel: [    2.997112] IR JVC protocol handler initialized
Dec  4 10:19:52 ubuntu-phablet kernel: [    2.997204] IR Sony protocol handler initialized
Dec  4 10:19:52 ubuntu-phablet kernel: [    2.997297] IR RC5 (streamzap) protocol handler initialized
Dec  4 10:19:52 ubuntu-phablet kernel: [    2.997401] IR SANYO protocol handler initialized
Dec  4 10:19:52 ubuntu-phablet kernel: [    2.997496] IR MCE Keyboard/mouse protocol handler initialized
Dec  4 10:19:52 ubuntu-phablet kernel: [    2.997602] IR LIRC bridge handler initialized
Dec  4 10:19:52 ubuntu-phablet kernel: [    2.998067] usbcore: registered new interface driver uvcvideo
Dec  4 10:19:52 ubuntu-phablet kernel: [    2.998176] USB Video Class driver (1.1.1)
Dec  4 10:19:52 ubuntu-phablet kernel: [    3.001533] Driver for 1-wire Dallas network protocol.
Dec  4 10:19:52 ubuntu-phablet kernel: [    3.003701] w1-gpio: w1_gpio_probe:gpio 439
Dec  4 10:19:52 ubuntu-phablet kernel: [    3.186013] BMS: qpnp_bms_init: QPNP BMS INIT
Dec  4 10:19:52 ubuntu-phablet kernel: [    3.186145] BMS: qpnp_bms_init: QPNP BMS INIT
Dec  4 10:19:52 ubuntu-phablet kernel: [    3.186260] spmi qpnp-bms-armani-f1ddfc00: Driver qcom,qpnp-bms-armani requests probe deferral
Dec  4 10:19:52 ubuntu-phablet kernel: [    3.186533] spmi qpnp-charger-armani-f1ddfa00: Driver qcom,qpnp-charger-armani requests probe deferral
Dec  4 10:19:52 ubuntu-phablet kernel: [    3.220737] qpnp_vadc_conv_seq_request: not a valid VADC channel
Dec  4 10:19:52 ubuntu-phablet kernel: [    3.220771] thermal_sys: failed to read out thermal zone 7
Dec  4 10:19:52 ubuntu-phablet kernel: [    3.221021] qpnp_vadc_conv_seq_request: not a valid VADC channel
Dec  4 10:19:52 ubuntu-phablet kernel: [    3.221051] thermal_sys: failed to read out thermal zone 8
Dec  4 10:19:52 ubuntu-phablet kernel: [    3.221778] device-mapper: uevent: version 1.0.3
Dec  4 10:19:52 ubuntu-phablet kernel: [    3.222233] device-mapper: ioctl: 4.22.0-ioctl (2011-10-19) initialised: dm-devel@redhat.com
Dec  4 10:19:52 ubuntu-phablet kernel: [    3.223051] cpuidle: using governor ladder
Dec  4 10:19:52 ubuntu-phablet kernel: [    3.223078] cpuidle: using governor menu
Dec  4 10:19:52 ubuntu-phablet kernel: [    3.223143] sdhci: Secure Digital Host Controller Interface driver
Dec  4 10:19:52 ubuntu-phablet kernel: [    3.223171] sdhci: Copyright(c) Pierre Ossman
Dec  4 10:19:52 ubuntu-phablet kernel: [    3.223878] sdhci-pltfm: SDHCI platform and OF driver helper
Dec  4 10:19:52 ubuntu-phablet kernel: [    3.228625] mmc0: no vmmc regulator found
Dec  4 10:19:52 ubuntu-phablet kernel: [    3.229784] Registered led device: mmc0::
Dec  4 10:19:52 ubuntu-phablet kernel: [    3.232222] mmc0: SDHCI controller on msm_sdcc.1 [msm_sdcc.1] using ADMA
Dec  4 10:19:52 ubuntu-phablet kernel: [    3.237060] mmc1: no vmmc regulator found
Dec  4 10:19:52 ubuntu-phablet kernel: [    3.238214] Registered led device: mmc1::
Dec  4 10:19:52 ubuntu-phablet kernel: [    3.239490] mmc1: SDHCI controller on msm_sdcc.2 [msm_sdcc.2] using ADMA
Dec  4 10:19:52 ubuntu-phablet kernel: [    3.240139] Registered led device: red
Dec  4 10:19:52 ubuntu-phablet kernel: [    3.240423] Registered led device: green
Dec  4 10:19:52 ubuntu-phablet kernel: [    3.240693] Registered led device: blue
Dec  4 10:19:52 ubuntu-phablet kernel: [    3.241473] Registered led device: wled:backlight
Dec  4 10:19:52 ubuntu-phablet kernel: [    3.241487] qcom,leds-qpnp leds-qpnp-f1de3200: bl: change to higher light 4095
Dec  4 10:19:52 ubuntu-phablet kernel: [    3.241545] qcom,leds-qpnp leds-qpnp-f1de3200: bl: change to analog 4095
Dec  4 10:19:52 ubuntu-phablet kernel: [    3.242741] qcom,leds-qpnp leds-qpnp-f1e02000: Regulator get failed(-517)
Dec  4 10:19:52 ubuntu-phablet kernel: [    3.242773] qcom,leds-qpnp leds-qpnp-f1e02000: Unable to read flash config data
Dec  4 10:19:52 ubuntu-phablet kernel: [    3.242819] spmi leds-qpnp-f1e02000: Driver qcom,leds-qpnp requests probe deferral
Dec  4 10:19:52 ubuntu-phablet kernel: [    3.246245] usbcore: registered new interface driver usbhid
Dec  4 10:19:52 ubuntu-phablet kernel: [    3.246274] usbhid: USB HID core driver
Dec  4 10:19:52 ubuntu-phablet kernel: [    3.246992] zram: Created 1 device(s) ...
Dec  4 10:19:52 ubuntu-phablet kernel: [    3.247781] ashmem: initialized
Dec  4 10:19:52 ubuntu-phablet kernel: [    3.247951] logger: created 1024K log 'log_main'
Dec  4 10:19:52 ubuntu-phablet kernel: [    3.248131] logger: created 1024K log 'log_events'
Dec  4 10:19:52 ubuntu-phablet kernel: [    3.248302] logger: created 1024K log 'log_radio'
Dec  4 10:19:52 ubuntu-phablet kernel: [    3.248472] logger: created 1024K log 'log_system'
Dec  4 10:19:52 ubuntu-phablet kernel: [    3.249225] sps:BAM 0xf9a44000 is registered.
Dec  4 10:19:52 ubuntu-phablet kernel: [    3.249253] usb_bam_ipa_create_resources: Failed to create USB_PROD resource
Dec  4 10:19:52 ubuntu-phablet kernel: [    3.249767] PMIC@SID0 Power-on reason: Triggered from USB (USB charger insertion) and 'warm' boot
Dec  4 10:19:52 ubuntu-phablet kernel: [    3.250118] input: qpnp_pon as /devices/virtual/input/input1
Dec  4 10:19:52 ubuntu-phablet kernel: [    3.251432] PMIC@SID0: PM8226 v2.1 options: 0, 0, 2, 2
Dec  4 10:19:52 ubuntu-phablet kernel: [    3.251888] coresight-fuse fc4be024.fuse: Fuse initialized
Dec  4 10:19:52 ubuntu-phablet kernel: [    3.252631] coresight-cti fc308000.cti: CTI initialized
Dec  4 10:19:52 ubuntu-phablet kernel: [    3.252843] coresight-cti fc309000.cti: CTI initialized
Dec  4 10:19:52 ubuntu-phablet kernel: [    3.253064] coresight-cti fc30a000.cti: CTI initialized
Dec  4 10:19:52 ubuntu-phablet kernel: [    3.253278] coresight-cti fc30b000.cti: CTI initialized
Dec  4 10:19:52 ubuntu-phablet kernel: [    3.253488] coresight-cti fc30c000.cti: CTI initialized
Dec  4 10:19:52 ubuntu-phablet kernel: [    3.253699] coresight-cti fc30d000.cti: CTI initialized
Dec  4 10:19:52 ubuntu-phablet kernel: [    3.253901] coresight-cti fc30e000.cti: CTI initialized
Dec  4 10:19:52 ubuntu-phablet kernel: [    3.254113] coresight-cti fc30f000.cti: CTI initialized
Dec  4 10:19:52 ubuntu-phablet kernel: [    3.254316] coresight-cti fc310000.cti: CTI initialized
Dec  4 10:19:52 ubuntu-phablet kernel: [    3.254530] coresight-cti fc340000.cti: CTI initialized
Dec  4 10:19:52 ubuntu-phablet kernel: [    3.254734] coresight-cti fc341000.cti: CTI initialized
Dec  4 10:19:52 ubuntu-phablet kernel: [    3.255008] coresight-cti fc342000.cti: CTI initialized
Dec  4 10:19:52 ubuntu-phablet kernel: [    3.255222] coresight-cti fc343000.cti: CTI initialized
Dec  4 10:19:52 ubuntu-phablet kernel: [    3.255466] coresight-cti fc344000.cti: CTI initialized
Dec  4 10:19:52 ubuntu-phablet kernel: [    3.255670] coresight-cti fc348000.cti: CTI initialized
Dec  4 10:19:52 ubuntu-phablet kernel: [    3.255877] coresight-cti fc34d000.cti: CTI initialized
Dec  4 10:19:52 ubuntu-phablet kernel: [    3.256071] coresight-cti fc350000.cti: CTI initialized
Dec  4 10:19:52 ubuntu-phablet kernel: [    3.256272] coresight-cti fc354000.cti: CTI initialized
Dec  4 10:19:52 ubuntu-phablet kernel: [    3.256492] coresight-cti fc358000.cti: CTI initialized
Dec  4 10:19:52 ubuntu-phablet kernel: [    3.257231] coresight-csr fc302000.csr: CSR initialized
Dec  4 10:19:52 ubuntu-phablet kernel: [    3.260441] coresight-tmc fc322000.tmc: Byte Counter feature enabled
Dec  4 10:19:52 ubuntu-phablet kernel: [    3.260516] sps:BAM 0xfc37c000 is registered.
Dec  4 10:19:52 ubuntu-phablet kernel: [    3.260875] coresight-tmc fc322000.tmc: TMC initialized
Dec  4 10:19:52 ubuntu-phablet kernel: [    3.261484] coresight-tmc fc307000.tmc: TMC initialized
Dec  4 10:19:52 ubuntu-phablet kernel: [    3.262522] coresight-tpiu fc318000.tpiu: seta gpios not specified
Dec  4 10:19:52 ubuntu-phablet kernel: [    3.262553] coresight-tpiu fc318000.tpiu: setb gpios not specified
Dec  4 10:19:52 ubuntu-phablet kernel: [    3.262684] coresight-tpiu fc318000.tpiu: TPIU initialized
Dec  4 10:19:52 ubuntu-phablet kernel: [    3.267568] coresight-funnel fc31b000.funnel: FUNNEL initialized
Dec  4 10:19:52 ubuntu-phablet kernel: [    3.267772] coresight-funnel fc319000.funnel: FUNNEL initialized
Dec  4 10:19:52 ubuntu-phablet kernel: [    3.267970] coresight-funnel fc31a000.funnel: FUNNEL initialized
Dec  4 10:19:52 ubuntu-phablet kernel: [    3.268160] coresight-funnel fc345000.funnel: FUNNEL initialized
Dec  4 10:19:52 ubuntu-phablet kernel: [    3.268386] coresight-funnel fc364000.funnel: FUNNEL initialized
Dec  4 10:19:52 ubuntu-phablet kernel: [    3.269134] coresight-replicator fc31c000.replicator: REPLICATOR initialized
Dec  4 10:19:52 ubuntu-phablet kernel: [    3.270104] coresight-stm fc321000.stm: STM initialized
Dec  4 10:19:52 ubuntu-phablet kernel: [    3.272935] coresight-hwevent fd828018.hwevent: Hardware Event driver initialized
Dec  4 10:19:52 ubuntu-phablet kernel: [    3.277968] coresight-etm fc33c000.etm: ETM initialized
Dec  4 10:19:52 ubuntu-phablet kernel: [    3.282444] coresight-etm fc33d000.etm: ETM initialized
Dec  4 10:19:52 ubuntu-phablet kernel: [    3.284867] coresight-etm fc33e000.etm: ETM initialized
Dec  4 10:19:52 ubuntu-phablet kernel: [    3.287734] coresight-etm fc33f000.etm: ETM initialized
Dec  4 10:19:52 ubuntu-phablet kernel: [    3.288616] coresight-audio-etm audio_etm0.24: Audio ETM initialized
Dec  4 10:19:52 ubuntu-phablet kernel: [    3.289464] coresight-modem-etm modem_etm0.25: Modem ETM initialized
Dec  4 10:19:52 ubuntu-phablet kernel: [    3.290293] coresight-wcn-etm wcn_etm0.26: Wireless ETM initialized
Dec  4 10:19:52 ubuntu-phablet kernel: [    3.291129] coresight-rpm-etm rpm_etm0.27: RPM ETM initialized
Dec  4 10:19:52 ubuntu-phablet kernel: [    3.292170] usbcore: registered new interface driver snd-usb-audio
Dec  4 10:19:52 ubuntu-phablet kernel: [    3.309472] msm-compr-dsp msm-compr-dsp: msm_compr_probe: dev name msm-compr-dsp
Dec  4 10:19:52 ubuntu-phablet kernel: [    3.310533] msm-pcm-lpa msm-pcm-lpa: msm_pcm_probe: dev name msm-pcm-lpa
Dec  4 10:19:52 ubuntu-phablet kernel: [    3.312001] platform qcom,msm-voip-dsp.49: Driver msm-voip-dsp requests probe deferral
Dec  4 10:19:52 ubuntu-phablet kernel: [    3.312750] platform qcom,msm-pcm-voice.50: Driver msm-pcm-voice requests probe deferral
Dec  4 10:19:52 ubuntu-phablet kernel: [    3.318928] platform sound.42: Driver msm8226-asoc-tapan requests probe deferral
Dec  4 10:19:52 ubuntu-phablet kernel: [    3.319568] GACT probability NOT on
Dec  4 10:19:52 ubuntu-phablet kernel: [    3.319605] Mirror/redirect action on
Dec  4 10:19:52 ubuntu-phablet kernel: [    3.319633] u32 classifier
Dec  4 10:19:52 ubuntu-phablet kernel: [    3.319651]     Actions configured
Dec  4 10:19:52 ubuntu-phablet kernel: [    3.319941] TCP: cubic registered
Dec  4 10:19:52 ubuntu-phablet kernel: [    3.321057] NET: Registered protocol family 10
Dec  4 10:19:52 ubuntu-phablet kernel: [    3.324812] Mobile IPv6
Dec  4 10:19:52 ubuntu-phablet kernel: [    3.324841] IPv6 over IPv4 tunneling driver
Dec  4 10:19:52 ubuntu-phablet kernel: [    3.326348] NET: Registered protocol family 17
Dec  4 10:19:52 ubuntu-phablet kernel: [    3.326487] Bridge firewalling registered
Dec  4 10:19:52 ubuntu-phablet kernel: [    3.326528] Ebtables v2.0 registered
Dec  4 10:19:52 ubuntu-phablet kernel: [    3.326723] mmc0: BKOPS_EN bit = 0
Dec  4 10:19:52 ubuntu-phablet kernel: [    3.326898] Bluetooth: RFCOMM TTY layer initialized
Dec  4 10:19:52 ubuntu-phablet kernel: [    3.326944] Bluetooth: RFCOMM socket layer initialized
Dec  4 10:19:52 ubuntu-phablet kernel: [    3.326972] Bluetooth: RFCOMM ver 1.11
Dec  4 10:19:52 ubuntu-phablet kernel: [    3.326995] Bluetooth: BNEP (Ethernet Emulation) ver 1.3
Dec  4 10:19:52 ubuntu-phablet kernel: [    3.327023] Bluetooth: BNEP filters: protocol multicast
Dec  4 10:19:52 ubuntu-phablet kernel: [    3.327053] Bluetooth: HIDP (Human Interface Emulation) ver 1.2
Dec  4 10:19:52 ubuntu-phablet kernel: [    3.327188] Registering the dns_resolver key type
Dec  4 10:19:52 ubuntu-phablet kernel: [    3.327784] VFP support v0.3: implementor 41 architecture 2 part 30 variant 7 rev 3
Dec  4 10:19:52 ubuntu-phablet kernel: [    3.327862] Registering SWP/SWPB emulation handler
Dec  4 10:19:52 ubuntu-phablet kernel: [    3.335769] mmc0: new HS200 MMC card at address 0001
Dec  4 10:19:52 ubuntu-phablet kernel: [    3.336725] mmcblk0: mmc0:0001 M8G1GC 7.28 GiB 
Dec  4 10:19:52 ubuntu-phablet kernel: [    3.337359] mmcblk0rpmb: mmc0:0001 M8G1GC partition 3 512 KiB
Dec  4 10:19:52 ubuntu-phablet kernel: [    3.339290] Alternate GPT is invalid, using primary GPT.
Dec  4 10:19:52 ubuntu-phablet kernel: [    3.339441]  mmcblk0: p1 p2 p3 p4 p5 p6 p7 p8 p9 p10 p11 p12 p13 p14 p15 p16 p17 p18 p19 p20 p21 p22 p23 p24 p25 p26 p27 p28 p29
Dec  4 10:19:52 ubuntu-phablet kernel: [    3.340525] registered taskstats version 1
Dec  4 10:19:52 ubuntu-phablet kernel: [    3.347611] modprobe used greatest stack depth: 5636 bytes left
Dec  4 10:19:52 ubuntu-phablet kernel: [    3.364384] AppArmor: AppArmor sha1 policy hashing enabled
Dec  4 10:19:52 ubuntu-phablet kernel: [    3.365881] platform sound.42: Driver msm8226-asoc-tapan requests probe deferral
Dec  4 10:19:52 ubuntu-phablet kernel: [    3.367153] qcom,leds-qpnp leds-qpnp-f1e02000: Regulator get failed(-517)
Dec  4 10:19:52 ubuntu-phablet kernel: [    3.367195] qcom,leds-qpnp leds-qpnp-f1e02000: Unable to read flash config data
Dec  4 10:19:52 ubuntu-phablet kernel: [    3.367248] spmi leds-qpnp-f1e02000: Driver qcom,leds-qpnp requests probe deferral
Dec  4 10:19:52 ubuntu-phablet kernel: [    3.367515] gpio_set_debounce: gpio-108 status -22
Dec  4 10:19:52 ubuntu-phablet kernel: [    3.367552] bq2022: w1_bq2022_battery_id: pseduo_info:0x10139463
Dec  4 10:19:52 ubuntu-phablet kernel: [    3.367701] chg:qpnp_chg_vbatdet_set: voltage=4320 setting 36
Dec  4 10:19:52 ubuntu-phablet kernel: [    3.367848] gpio_set_debounce: gpio-107 status -22
Dec  4 10:19:52 ubuntu-phablet kernel: [    3.368053] gpio_set_debounce: gpio-106 status -22
Dec  4 10:19:52 ubuntu-phablet kernel: [    3.368293] batfet: 
Dec  4 10:19:52 ubuntu-phablet kernel: [    3.368681] 8226_smbbp_boost: 5000 mV 
Dec  4 10:19:52 ubuntu-phablet kernel: [    3.368731] input: gpio-keys as /devices/gpio_keys.75/input/input2
Dec  4 10:19:52 ubuntu-phablet kernel: [    3.369122] 8226_smbbp_otg: 
Dec  4 10:19:52 ubuntu-phablet kernel: [    3.369178] 8226_smbbp_otg: supplied by 8226_smbbp_boost
Dec  4 10:19:52 ubuntu-phablet kernel: [    3.369767] qcom,qpnp-rtc qpnp-rtc-f1de3000: setting system clock to 2015-12-04 10:19:41 UTC (1449224381)
Dec  4 10:19:52 ubuntu-phablet kernel: [    3.370837] msm_thermal: Interrupt mode init
Dec  4 10:19:52 ubuntu-phablet kernel: [    3.372140] clock_late_init: Removing enables held for handed-off clocks
Dec  4 10:19:52 ubuntu-phablet kernel: [    3.378031] ALSA device list:
Dec  4 10:19:52 ubuntu-phablet kernel: [    3.378056]   No soundcards found.
Dec  4 10:19:52 ubuntu-phablet kernel: [    3.378454] Freeing init memory: 200K
Dec  4 10:19:52 ubuntu-phablet kernel: [    3.384277] chg:qpnp_chg_vddmax_and_trim_set: voltage=4350+0 setting vddmax: 6f, trim: 70
Dec  4 10:19:52 ubuntu-phablet kernel: [    3.385669] chg:qpnp_chg_usb_chg_gone_irq_handler: chg_gone triggered, usb 1 3
Dec  4 10:19:52 ubuntu-phablet kernel: [    3.385749] chg:qpnp_chg_usb_usbin_valid_irq_handler: usbin-valid triggered: 1 host_mode: 0
Dec  4 10:19:52 ubuntu-phablet kernel: [    3.385854] chg:qpnp_chg_vddmax_and_trim_set: voltage=4350+0 setting vddmax: 6f, trim: 70
Dec  4 10:19:52 ubuntu-phablet kernel: [    3.385906] chg:qpnp_chg_dc_dcin_valid_irq_handler: dcin-valid triggered: 0
Dec  4 10:19:52 ubuntu-phablet kernel: [    3.385992] chg:qpnp_charger_probe: success chg_dis = 0, bpd = 1, usb = 1, dc = 0 b_health = 1 batt_present = 1
Dec  4 10:19:52 ubuntu-phablet kernel: [    3.386597] bq2022: w1_bq2022_battery_id: pseduo_info:0x10139463
Dec  4 10:19:52 ubuntu-phablet kernel: [    3.386794] BMS: read_shutdown_soc: stored soc = 0x70, shutdown_soc = 55
Dec  4 10:19:52 ubuntu-phablet kernel: [    3.396425] mount used greatest stack depth: 5552 bytes left
Dec  4 10:19:52 ubuntu-phablet kernel: [    3.436739] BMS: read_soc_params_raw: PON_OCV_UV = 4311188, cc = 82ff
Dec  4 10:19:52 ubuntu-phablet kernel: [    3.436792] BMS: read_soc_params_raw: OCV is stale or bad, estimating new OCV.
Dec  4 10:19:52 ubuntu-phablet kernel: [    3.436839] BMS: read_saved_instant_ocv: read instant ocv 3868 reg 75
Dec  4 10:19:52 ubuntu-phablet kernel: [    3.441509] BMS: estimate_ocv: estimated pon ocv = 3915933 i975618 v3778005 r167 d25000
Dec  4 10:19:52 ubuntu-phablet kernel: [    3.441552] BMS: read_soc_params_raw: instant ocv 3868 estimated 3915
Dec  4 10:19:52 ubuntu-phablet kernel: [    3.441734] BMS: read_soc_params_raw: New PON_OCV_UV = 3868000, cc = 82ff
Dec  4 10:19:52 ubuntu-phablet kernel: [    3.473448] BMS: load_shutdown_data: raw_soc = 54 shutdown_soc = 55 shutdown_iavg = 250 shutdown_soc_invalid = 0, battery_removed = 0
Dec  4 10:19:52 ubuntu-phablet kernel: [    3.473655] BMS: setup_vbat_monitoring: set low thr to 3420000 and high to 4330000
Dec  4 10:19:52 ubuntu-phablet kernel: [    3.489133] BMS: refresh_die_temp_monitor: low = 49866, high = 59866
Dec  4 10:19:52 ubuntu-phablet kernel: [    3.551937] BMS: adjust_soc: s 55 i 933637 v 3783903 ocv 3868000 rbatt 141 uuc 61620 cc 22 r 1150240 t 398
Dec  4 10:19:52 ubuntu-phablet kernel: [    3.624046] BMS: qpnp_bms_probe: probe success: soc =55 vbatt = 3775322 ocv = 3868000 r_sense_uohm = 10000 warm_reset = 1
Dec  4 10:19:52 ubuntu-phablet kernel: [    3.625908] platform sound.42: Driver msm8226-asoc-tapan requests probe deferral
Dec  4 10:19:52 ubuntu-phablet kernel: [    3.626891] Registered led device: led:flash_0
Dec  4 10:19:52 ubuntu-phablet kernel: [    3.627135] msm_otg f9a55000.usb: phy_reset: success
Dec  4 10:19:52 ubuntu-phablet kernel: [    3.627798] Registered led device: led:flash_1
Dec  4 10:19:52 ubuntu-phablet kernel: [    3.628285] Registered led device: led:flash_torch
Dec  4 10:19:52 ubuntu-phablet kernel: [    3.629879] platform sound.42: Driver msm8226-asoc-tapan requests probe deferral
Dec  4 10:19:52 ubuntu-phablet kernel: [    3.687576] chg:get_prop_capacity: resuming charging at 55% soc
Dec  4 10:19:52 ubuntu-phablet kernel: [    3.687614] chg:qpnp_chg_vbatdet_set: voltage=4380 setting 39
Dec  4 10:19:52 ubuntu-phablet kernel: [    3.688302] mmc1: new high speed SDHC card at address b368
Dec  4 10:19:52 ubuntu-phablet kernel: [    3.689271] mmcblk1: mmc1:b368 NCard 7.48 GiB 
Dec  4 10:19:52 ubuntu-phablet kernel: [    3.691230]  mmcblk1: p1 p2
Dec  4 10:19:52 ubuntu-phablet kernel: [    3.693784] platform sound.42: Driver msm8226-asoc-tapan requests probe deferral
Dec  4 10:19:52 ubuntu-phablet kernel: [    3.714805] BMS: adjust_soc: s 55 i 1360180 v 3734964 ocv 3868000 rbatt 141 uuc 61620 cc 36 r 1150240 t 398
Dec  4 10:19:52 ubuntu-phablet kernel: [    3.869675] msm_hsusb msm_hsusb: CI13XXX_CONTROLLER_RESET_EVENT received
Dec  4 10:19:52 ubuntu-phablet kernel: [    4.074808] exe used greatest stack depth: 5548 bytes left
Dec  4 10:19:52 ubuntu-phablet kernel: [    4.092611] fixrtc used greatest stack depth: 5544 bytes left
Dec  4 10:19:52 ubuntu-phablet kernel: [    5.028816] udevadm used greatest stack depth: 5520 bytes left
Dec  4 10:19:52 ubuntu-phablet kernel: [    5.080853] initrd: checking filesystem integrity for the userdata partition
Dec  4 10:19:52 ubuntu-phablet kernel: [    5.088843] EXT3-fs (mmcblk0p29): error: couldn't mount because of unsupported optional features (40)
Dec  4 10:19:52 ubuntu-phablet kernel: [    5.096040] EXT2-fs (mmcblk0p29): error: couldn't mount because of unsupported optional features (40)
Dec  4 10:19:52 ubuntu-phablet kernel: [    5.109557] EXT4-fs (mmcblk0p29): warning: maximal mount count reached, running e2fsck is recommended
Dec  4 10:19:52 ubuntu-phablet kernel: [    5.110503] EXT4-fs (mmcblk0p29): mounted filesystem with ordered data mode. Opts: errors=remount-ro
Dec  4 10:19:52 ubuntu-phablet kernel: [    7.455947] cpr_irq_handler: IRQ_STATUS = 0x05
Dec  4 10:19:52 ubuntu-phablet kernel: [    7.456012] cpr_scale: last_volt[corner:4, fuse_corner:2] = 1150000 uV
Dec  4 10:19:52 ubuntu-phablet kernel: [    7.456071] cpr_scale: Down: cpr status = 0x0000536d (error_steps=11)
Dec  4 10:19:52 ubuntu-phablet kernel: [    7.456127] cpr_scale: 11 is over down-limit(1): Clamp
Dec  4 10:19:52 ubuntu-phablet kernel: [    7.456204] cpr_scale: DOWN: -> new_volt[corner:4, fuse_corner:2] = 1140000 uV
Dec  4 10:19:52 ubuntu-phablet kernel: [    7.466284] cpr_irq_handler: IRQ_STATUS = 0x05
Dec  4 10:19:52 ubuntu-phablet kernel: [    7.466341] cpr_scale: last_volt[corner:4, fuse_corner:2] = 1140000 uV
Dec  4 10:19:52 ubuntu-phablet kernel: [    7.466400] cpr_scale: Down: cpr status = 0x00004fb1 (error_steps=12)
Dec  4 10:19:52 ubuntu-phablet kernel: [    7.466456] cpr_scale: 12 is over down-limit(1): Clamp
Dec  4 10:19:52 ubuntu-phablet kernel: [    7.466532] cpr_scale: DOWN: -> new_volt[corner:4, fuse_corner:2] = 1130000 uV
Dec  4 10:19:52 ubuntu-phablet kernel: [    7.476611] cpr_irq_handler: IRQ_STATUS = 0x05
Dec  4 10:19:52 ubuntu-phablet kernel: [    7.476669] cpr_scale: last_volt[corner:4, fuse_corner:2] = 1130000 uV
Dec  4 10:19:52 ubuntu-phablet kernel: [    7.476727] cpr_scale: Down: cpr status = 0x00004b35 (error_steps=13)
Dec  4 10:19:52 ubuntu-phablet kernel: [    7.476782] cpr_scale: 13 is over down-limit(1): Clamp
Dec  4 10:19:52 ubuntu-phablet kernel: [    7.476856] cpr_scale: DOWN: -> new_volt[corner:4, fuse_corner:2] = 1120000 uV
Dec  4 10:19:52 ubuntu-phablet kernel: [    7.486970] cpr_irq_handler: IRQ_STATUS = 0x05
Dec  4 10:19:52 ubuntu-phablet kernel: [    7.487029] cpr_scale: last_volt[corner:4, fuse_corner:2] = 1120000 uV
Dec  4 10:19:52 ubuntu-phablet kernel: [    7.487088] cpr_scale: Down: cpr status = 0x000046b5 (error_steps=13)
Dec  4 10:19:52 ubuntu-phablet kernel: [    7.487144] cpr_scale: 13 is over down-limit(1): Clamp
Dec  4 10:19:52 ubuntu-phablet kernel: [    7.487219] cpr_scale: DOWN: -> new_volt[corner:4, fuse_corner:2] = 1110000 uV
Dec  4 10:19:52 ubuntu-phablet kernel: [    7.497305] cpr_irq_handler: IRQ_STATUS = 0x05
Dec  4 10:19:52 ubuntu-phablet kernel: [    7.497364] cpr_scale: last_volt[corner:4, fuse_corner:2] = 1110000 uV
Dec  4 10:19:52 ubuntu-phablet kernel: [    7.497422] cpr_scale: Down: cpr status = 0x000042b1 (error_steps=12)
Dec  4 10:19:52 ubuntu-phablet kernel: [    7.497478] cpr_scale: 12 is over down-limit(1): Clamp
Dec  4 10:19:52 ubuntu-phablet kernel: [    7.497555] cpr_scale: DOWN: -> new_volt[corner:4, fuse_corner:2] = 1100000 uV
Dec  4 10:19:52 ubuntu-phablet kernel: [    7.507623] cpr_irq_handler: IRQ_STATUS = 0x05
Dec  4 10:19:52 ubuntu-phablet kernel: [    7.507681] cpr_scale: last_volt[corner:4, fuse_corner:2] = 1100000 uV
Dec  4 10:19:52 ubuntu-phablet kernel: [    7.507739] cpr_scale: Down: cpr status = 0x00003df1 (error_steps=12)
Dec  4 10:19:52 ubuntu-phablet kernel: [    7.507795] cpr_scale: 12 is over down-limit(1): Clamp
Dec  4 10:19:52 ubuntu-phablet kernel: [    7.507869] cpr_scale: DOWN: -> new_volt[corner:4, fuse_corner:2] = 1090000 uV
Dec  4 10:19:52 ubuntu-phablet kernel: [    7.517934] cpr_irq_handler: IRQ_STATUS = 0x05
Dec  4 10:19:52 ubuntu-phablet kernel: [    7.517992] cpr_scale: last_volt[corner:4, fuse_corner:2] = 1090000 uV
Dec  4 10:19:52 ubuntu-phablet kernel: [    7.518050] cpr_scale: Down: cpr status = 0x000039f1 (error_steps=12)
Dec  4 10:19:52 ubuntu-phablet kernel: [    7.518105] cpr_scale: 12 is over down-limit(1): Clamp
Dec  4 10:19:52 ubuntu-phablet kernel: [    7.518179] cpr_scale: DOWN: -> new_volt[corner:4, fuse_corner:2] = 1080000 uV
Dec  4 10:19:52 ubuntu-phablet kernel: [    7.528255] cpr_irq_handler: IRQ_STATUS = 0x05
Dec  4 10:19:52 ubuntu-phablet kernel: [    7.528314] cpr_scale: last_volt[corner:4, fuse_corner:2] = 1080000 uV
Dec  4 10:19:52 ubuntu-phablet kernel: [    7.528372] cpr_scale: Down: cpr status = 0x00003469 (error_steps=10)
Dec  4 10:19:52 ubuntu-phablet kernel: [    7.528427] cpr_scale: 10 is over down-limit(1): Clamp
Dec  4 10:19:52 ubuntu-phablet kernel: [    7.528503] cpr_scale: DOWN: -> new_volt[corner:4, fuse_corner:2] = 1070000 uV
Dec  4 10:19:52 ubuntu-phablet kernel: [    7.538578] cpr_irq_handler: IRQ_STATUS = 0x05
Dec  4 10:19:52 ubuntu-phablet kernel: [    7.538634] cpr_scale: last_volt[corner:4, fuse_corner:2] = 1070000 uV
Dec  4 10:19:52 ubuntu-phablet kernel: [    7.538693] cpr_scale: Down: cpr status = 0x00003065 (error_steps=9)
Dec  4 10:19:52 ubuntu-phablet kernel: [    7.538748] cpr_scale: 9 is over down-limit(1): Clamp
Dec  4 10:19:52 ubuntu-phablet kernel: [    7.538821] cpr_scale: DOWN: -> new_volt[corner:4, fuse_corner:2] = 1060000 uV
Dec  4 10:19:52 ubuntu-phablet kernel: [    7.548910] cpr_irq_handler: IRQ_STATUS = 0x05
Dec  4 10:19:52 ubuntu-phablet kernel: [    7.548988] cpr_scale: last_volt[corner:4, fuse_corner:2] = 1060000 uV
Dec  4 10:19:52 ubuntu-phablet kernel: [    7.549065] cpr_scale: Down: cpr status = 0x00002b61 (error_steps=8)
Dec  4 10:19:52 ubuntu-phablet kernel: [    7.549137] cpr_scale: 8 is over down-limit(1): Clamp
Dec  4 10:19:52 ubuntu-phablet kernel: [    7.549232] cpr_scale: DOWN: -> new_volt[corner:4, fuse_corner:2] = 1050000 uV
Dec  4 10:19:52 ubuntu-phablet kernel: [    7.559326] cpr_irq_handler: IRQ_STATUS = 0x05
Dec  4 10:19:52 ubuntu-phablet kernel: [    7.559404] cpr_scale: last_volt[corner:4, fuse_corner:2] = 1050000 uV
Dec  4 10:19:52 ubuntu-phablet kernel: [    7.559480] cpr_scale: Down: cpr status = 0x0000269d (error_steps=7)
Dec  4 10:19:52 ubuntu-phablet kernel: [    7.559556] cpr_scale: [corn:4, fuse_corner:2] @ floor: 1050000 <= 1050000: NACK
Dec  4 10:19:52 ubuntu-phablet kernel: [    7.559645] cpr_scale: gcnt = 0x000133a9 (quot = 937)
Dec  4 10:19:52 ubuntu-phablet kernel: [    8.035680] cpr_irq_handler: IRQ_STATUS = 0x05
Dec  4 10:19:52 ubuntu-phablet kernel: [    8.035734] cpr_scale: last_volt[corner:5, fuse_corner:3] = 1290000 uV
Dec  4 10:19:52 ubuntu-phablet kernel: [    8.035781] cpr_scale: Down: cpr status = 0x00006e79 (error_steps=14)
Dec  4 10:19:52 ubuntu-phablet kernel: [    8.035828] cpr_scale: 14 is over down-limit(1): Clamp
Dec  4 10:19:52 ubuntu-phablet kernel: [    8.035896] cpr_scale: DOWN: -> new_volt[corner:5, fuse_corner:3] = 1280000 uV
Dec  4 10:19:52 ubuntu-phablet kernel: [    8.115762] systemd-udevd used greatest stack depth: 5248 bytes left
Dec  4 10:19:52 ubuntu-phablet kernel: [    8.116662] systemd-udevd used greatest stack depth: 4984 bytes left
Dec  4 10:19:52 ubuntu-phablet kernel: [    8.119956] systemd-udevd used greatest stack depth: 4836 bytes left
Dec  4 10:19:52 ubuntu-phablet kernel: [    8.395038] chg:qpnp_invalid_charger_work: qpnp_invalid_charger_work usb 1 batt 1 status 2 usb online 0
Dec  4 10:19:52 ubuntu-phablet kernel: [    8.395149] chg:qpnp_chg_iusbmax_set: mA 500
Dec  4 10:19:52 ubuntu-phablet kernel: [    8.395200] ft5x06_i2c 5-0038: Power state changed, set noise filter to 0x1
Dec  4 10:19:52 ubuntu-phablet kernel: [    8.395259] chg:qpnp_chg_chgr_chg_fastchg_irq_handler: FAST_CHG IRQ triggered
Dec  4 10:19:52 ubuntu-phablet kernel: [    8.395302] chg:qpnp_chg_vbatdet_set: voltage=4320 setting 36
Dec  4 10:19:52 ubuntu-phablet kernel: [    8.533960] BMS: adjust_soc: s 55 i 378779 v 3851709 ocv 3868000 rbatt 141 uuc 61620 cc 1153 r 1150240 t 398
Dec  4 10:19:52 ubuntu-phablet kernel: [    9.214525] initrd: checking filesystem for userdata took (including e2fsck) 4 seconds
Dec  4 10:19:52 ubuntu-phablet kernel: [    9.214634] initrd: mounting /dev/mmcblk0p29
Dec  4 10:19:52 ubuntu-phablet kernel: [    9.223368] EXT3-fs (mmcblk0p29): error: unrecognized mount option "discard" or missing value
Dec  4 10:19:52 ubuntu-phablet kernel: [    9.255899] EXT4-fs: Warning: mounting with data=journal disables delayed allocation and O_DIRECT support!
Dec  4 10:19:52 ubuntu-phablet kernel: [    9.260281] EXT4-fs (mmcblk0p29): mounted filesystem with journalled data mode. Opts: discard,data=journal
Dec  4 10:19:52 ubuntu-phablet kernel: [    9.264880] initrd: boot mode: ubuntu
Dec  4 10:19:52 ubuntu-phablet kernel: [    9.391631] initrd: mounting system.img (user mode)
Dec  4 10:19:52 ubuntu-phablet kernel: [    9.495578] initrd: mounting device image as ro
Dec  4 10:19:52 ubuntu-phablet kernel: [    9.581959] EXT3-fs (loop1): error: couldn't mount because of unsupported optional features (40)
Dec  4 10:19:52 ubuntu-phablet kernel: [    9.627838] EXT2-fs (loop1): error: couldn't mount because of unsupported optional features (40)
Dec  4 10:19:52 ubuntu-phablet kernel: [    9.647769] EXT4-fs (loop1): mounted filesystem with ordered data mode. Opts: (null)
Dec  4 10:19:52 ubuntu-phablet kernel: [    9.656349] initrd: device is armani
Dec  4 10:19:52 ubuntu-phablet kernel: [   11.108229] init used greatest stack depth: 4688 bytes left
Dec  4 10:19:52 ubuntu-phablet kernel: [   11.462940] initrd: checking fstab /root/var/lib/lxc/android/rootfs/fstab* for additional mount points
Dec  4 10:19:52 ubuntu-phablet kernel: [   11.539562] initrd: checking mount label cache
Dec  4 10:19:52 ubuntu-phablet kernel: [   11.541241] initrd: mounting /dev/disk/by-partlabel/cache as /root/android//cache
Dec  4 10:19:52 ubuntu-phablet kernel: [   11.549203] EXT4-fs (mmcblk0p28): mounted filesystem with ordered data mode. Opts: barrier=1
Dec  4 10:19:52 ubuntu-phablet kernel: [   11.578482] initrd: checking mount label persist
Dec  4 10:19:52 ubuntu-phablet kernel: [   11.580078] initrd: mounting /dev/disk/by-partlabel/persist as /root/android//persist
Dec  4 10:19:52 ubuntu-phablet kernel: [   11.588509] EXT4-fs (mmcblk0p26): warning: maximal mount count reached, running e2fsck is recommended
Dec  4 10:19:52 ubuntu-phablet kernel: [   11.589135] EXT4-fs (mmcblk0p26): mounted filesystem with ordered data mode. Opts: barrier=1
Dec  4 10:19:52 ubuntu-phablet kernel: [   11.605718] initrd: checking mount label modem
Dec  4 10:19:52 ubuntu-phablet kernel: [   11.607328] initrd: mounting /dev/disk/by-partlabel/modem as /root/android//firmware
Dec  4 10:19:52 ubuntu-phablet kernel: [   11.635538] initrd: checking mount label boot
Dec  4 10:19:52 ubuntu-phablet kernel: [   11.637132] initrd: mounting /dev/disk/by-partlabel/boot as /root/android//boot
Dec  4 10:19:52 ubuntu-phablet kernel: [   11.668486] initrd: checking mount label recovery
Dec  4 10:19:52 ubuntu-phablet kernel: [   11.670099] initrd: mounting /dev/disk/by-partlabel/recovery as /root/android//recovery
Dec  4 10:19:52 ubuntu-phablet kernel: [   11.705150] initrd: checking mount label mmc_host
Dec  4 10:19:52 ubuntu-phablet kernel: [   11.721626] initrd: checking mount label usb1
Dec  4 10:19:52 ubuntu-phablet kernel: [   11.748268] initrd: checking mount label zram0
Dec  4 10:19:52 ubuntu-phablet kernel: [   11.750023] initrd: mounting /dev/zram0 as /root/android/none
Dec  4 10:19:52 ubuntu-phablet kernel: [   11.759444] initrd: mounting /root/var/lib/lxc/android/system.img as /root/android/system
Dec  4 10:19:52 ubuntu-phablet kernel: [   11.836595] cpr_irq_handler: IRQ_STATUS = 0x05
Dec  4 10:19:52 ubuntu-phablet kernel: [   11.836656] cpr_scale: last_volt[corner:5, fuse_corner:3] = 1280000 uV
Dec  4 10:19:52 ubuntu-phablet kernel: [   11.836703] cpr_scale: Down: cpr status = 0x00006875 (error_steps=13)
Dec  4 10:19:52 ubuntu-phablet kernel: [   11.836748] cpr_scale: 13 is over down-limit(1): Clamp
Dec  4 10:19:52 ubuntu-phablet kernel: [   11.836811] cpr_scale: DOWN: -> new_volt[corner:5, fuse_corner:3] = 1270000 uV
Dec  4 10:19:52 ubuntu-phablet kernel: [   11.846896] cpr_irq_handler: IRQ_STATUS = 0x05
Dec  4 10:19:52 ubuntu-phablet kernel: [   11.846945] cpr_scale: last_volt[corner:5, fuse_corner:3] = 1270000 uV
Dec  4 10:19:52 ubuntu-phablet kernel: [   11.846992] cpr_scale: Down: cpr status = 0x0000643d (error_steps=15)
Dec  4 10:19:52 ubuntu-phablet kernel: [   11.847036] cpr_scale: 15 is over down-limit(1): Clamp
Dec  4 10:19:52 ubuntu-phablet kernel: [   11.847100] cpr_scale: DOWN: -> new_volt[corner:5, fuse_corner:3] = 1260000 uV
Dec  4 10:19:52 ubuntu-phablet kernel: [   11.857174] cpr_irq_handler: IRQ_STATUS = 0x05
Dec  4 10:19:52 ubuntu-phablet kernel: [   11.857224] cpr_scale: last_volt[corner:5, fuse_corner:3] = 1260000 uV
Dec  4 10:19:52 ubuntu-phablet kernel: [   11.857270] cpr_scale: Down: cpr status = 0x00005fbd (error_steps=15)
Dec  4 10:19:52 ubuntu-phablet kernel: [   11.857314] cpr_scale: 15 is over down-limit(1): Clamp
Dec  4 10:19:52 ubuntu-phablet kernel: [   11.857377] cpr_scale: DOWN: -> new_volt[corner:5, fuse_corner:3] = 1250000 uV
Dec  4 10:19:52 ubuntu-phablet kernel: [   11.867442] cpr_irq_handler: IRQ_STATUS = 0x05
Dec  4 10:19:52 ubuntu-phablet kernel: [   11.867491] cpr_scale: last_volt[corner:5, fuse_corner:3] = 1250000 uV
Dec  4 10:19:52 ubuntu-phablet kernel: [   11.867538] cpr_scale: Down: cpr status = 0x00005c7d (error_steps=15)
Dec  4 10:19:52 ubuntu-phablet kernel: [   11.867583] cpr_scale: 15 is over down-limit(1): Clamp
Dec  4 10:19:52 ubuntu-phablet kernel: [   11.867647] cpr_scale: DOWN: -> new_volt[corner:5, fuse_corner:3] = 1240000 uV
Dec  4 10:19:52 ubuntu-phablet kernel: [   11.877707] cpr_irq_handler: IRQ_STATUS = 0x05
Dec  4 10:19:52 ubuntu-phablet kernel: [   11.877748] cpr_scale: last_volt[corner:5, fuse_corner:3] = 1240000 uV
Dec  4 10:19:52 ubuntu-phablet kernel: [   11.877794] cpr_scale: Down: cpr status = 0x0000593d (error_steps=15)
Dec  4 10:19:52 ubuntu-phablet kernel: [   11.877838] cpr_scale: 15 is over down-limit(1): Clamp
Dec  4 10:19:52 ubuntu-phablet kernel: [   11.877896] cpr_scale: DOWN: -> new_volt[corner:5, fuse_corner:3] = 1230000 uV
Dec  4 10:19:52 ubuntu-phablet kernel: [   11.927347] Adding 102396k swap on /root/userdata/SWAP.img.  Priority:-1 extents:9 across:266240k SS
Dec  4 10:19:52 ubuntu-phablet kernel: [   12.351372] sh used greatest stack depth: 4664 bytes left
Dec  4 10:19:52 ubuntu-phablet kernel: [   12.369223] init: ureadahead-touch main process (654) terminated with status 1
Dec  4 10:19:52 ubuntu-phablet kernel: [   12.643095] list-records used greatest stack depth: 4432 bytes left
Dec  4 10:19:52 ubuntu-phablet kernel: [   13.545358] init: could not import file '/init.carrier.rc' from '/init.rc'
Dec  4 10:19:52 ubuntu-phablet kernel: [   13.545433] init: could not import file '/init.cm.rc' from '/init.rc'
Dec  4 10:19:52 ubuntu-phablet kernel: [   13.545748] init (901): /proc/901/oom_adj is deprecated, please use /proc/901/oom_score_adj instead.
Dec  4 10:19:52 ubuntu-phablet kernel: [   13.546723] init: do_chown: Could not access /selinux/booleans
Dec  4 10:19:52 ubuntu-phablet kernel: [   13.546866] init: do_chown: Could not access /sys/fs/selinux/booleans
Dec  4 10:19:52 ubuntu-phablet kernel: [   14.001374] click (895): undefined instruction: pc=b6a00208
Dec  4 10:19:52 ubuntu-phablet kernel: [   14.001391] Code: 00000000 00000000 f26ee1fe e12fff1e (ee190f1d) 
Dec  4 10:19:52 ubuntu-phablet kernel: [   14.115082] init: Failed to spawn bluetooth-touch-armani main process: unable to execute: Permission denied
Dec  4 10:19:52 ubuntu-phablet kernel: [   14.143722] init: bluetooth-touch main process (936) terminated with status 1
Dec  4 10:19:52 ubuntu-phablet kernel: [   14.318199] init: cannot open '/initlogo.rle'
Dec  4 10:19:52 ubuntu-phablet kernel: [   14.326980] zram: Initialization done!
Dec  4 10:19:52 ubuntu-phablet kernel: [   14.431353] Adding 262140k swap on /dev/block/zram0.  Priority:-2 extents:1 across:262140k SS
Dec  4 10:19:52 ubuntu-phablet kernel: [   14.454803] init: Detected MSM SOC ID=221 SOC VER=0 BOARD TYPE=QRD
Dec  4 10:19:52 ubuntu-phablet kernel: [   14.455598] init: failed to open '/sys/class/graphics/fb2/msm_fb_type'
Dec  4 10:19:52 ubuntu-phablet kernel: [   14.478038] pil-q6v5-lpass fe200000.qcom,lpass: adsp: loading from 0x0dc00000 to 0x0f000000
Dec  4 10:19:52 ubuntu-phablet kernel: [   14.489381] BMS: btm_notify_die_temp: die temp = 62482, raw = 0x7b95
Dec  4 10:19:52 ubuntu-phablet kernel: [   14.497269] BMS: refresh_die_temp_monitor: low = 57777, high = 67777
Dec  4 10:19:52 ubuntu-phablet kernel: [   14.518958] aa-clickhook (923): undefined instruction: pc=b6881208
Dec  4 10:19:52 ubuntu-phablet kernel: [   14.518977] Code: 00000000 00000000 f26ee1fe e12fff1e (ee190f1d) 
Dec  4 10:19:52 ubuntu-phablet kernel: [   14.540793] BMS: adjust_soc: s 55 i 676502 v 3811320 ocv 3868000 rbatt 141 uuc 61620 cc 1674 r 1150240 t 399
Dec  4 10:19:52 ubuntu-phablet powerd[976]: Initializing powerd.
Dec  4 10:19:53 ubuntu-phablet kernel: [   15.152744] pil-q6v5-lpass fe200000.qcom,lpass: adsp: Brought out of reset
Dec  4 10:19:53 ubuntu-phablet kernel: [   15.208820] pil-q6v5-lpass fe200000.qcom,lpass: adsp: Power/Clock ready interrupt received
Dec  4 10:19:53 ubuntu-phablet powerd[976]: Running on armani
Dec  4 10:19:53 ubuntu-phablet kernel: [   15.230619] pil-q6v5-lpass fe200000.qcom,lpass: Subsystem error monitoring/handling services are up
Dec  4 10:19:53 ubuntu-phablet kernel: [   15.230755] adsp-loader qcom,msm-adsp-loader.41: adsp_loader_do: Q6/ADSP image is loaded
Dec  4 10:19:53 ubuntu-phablet kernel: [   15.232006] platform sound.42: Driver msm8226-asoc-tapan requests probe deferral
Dec  4 10:19:53 ubuntu-phablet kernel: [   15.232169] apr_tal:Q6 Is Up
Dec  4 10:19:53 ubuntu-phablet kernel: [   15.233593] diag: In diag_send_msg_mask_update, invalid status 0
Dec  4 10:19:53 ubuntu-phablet kernel: [   15.233632] diag: In diag_send_log_mask_update, invalid status 0
Dec  4 10:19:53 ubuntu-phablet kernel: [   15.233732] platform sound.42: Driver msm8226-asoc-tapan requests probe deferral
Dec  4 10:19:53 ubuntu-phablet kernel: [   15.275359] healthd: wakealarm_init: timerfd_create failed
Dec  4 10:19:53 ubuntu-phablet kernel: [   15.339697] Slimbus QMI NGD CB received event:2
Dec  4 10:19:53 ubuntu-phablet kernel: [   15.341038] platform sound.42: Driver msm8226-asoc-tapan requests probe deferral
Dec  4 10:19:53 ubuntu-phablet kernel: [   15.343947] init: using deprecated syntax for specifying property 'ro.serialno', use ${name} instead
Dec  4 10:19:53 ubuntu-phablet kernel: [   15.351296] init: using deprecated syntax for specifying property 'ro.product.manufacturer', use ${name} instead
Dec  4 10:19:53 ubuntu-phablet kernel: [   15.353793] SLIM SAT: Received master capability
Dec  4 10:19:53 ubuntu-phablet kernel: [   15.353859] sps:BAM 0xfe104000 (va:0xc8980000) enabled: ver:0x15, number of pipes:19
