Nov 30 09:14:28 ubuntu-phablet kernel: imklog 5.8.11, log source = /proc/kmsg started.
Nov 30 09:14:28 ubuntu-phablet rsyslogd: [origin software="rsyslogd" swVersion="5.8.11" x-pid="874" x-info="http://www.rsyslog.com"] start
Nov 30 09:14:28 ubuntu-phablet rsyslogd: rsyslogd's groupid changed to 103
Nov 30 09:14:28 ubuntu-phablet rsyslogd: rsyslogd's userid changed to 101
Nov 30 09:14:28 ubuntu-phablet rsyslogd-2039: Could not open output pipe '/dev/xconsole' [try http://www.rsyslog.com/e/2039 ]
Nov 30 09:14:28 ubuntu-phablet kernel: [    0.000000] Booting Linux on physical CPU 0
Nov 30 09:14:28 ubuntu-phablet kernel: [    0.000000] Initializing cgroup subsys cpu
Nov 30 09:14:28 ubuntu-phablet kernel: [    0.000000] Linux version 3.4.0-g3106909-dirty (alexforsale@elasrofxela) (gcc version 4.7 (GCC) ) #3 SMP PREEMPT Mon Nov 30 03:59:58 WIB 2015
Nov 30 09:14:28 ubuntu-phablet kernel: [    0.000000] CPU: ARMv7 Processor [410fc073] revision 3 (ARMv7), cr=10c5387d
Nov 30 09:14:28 ubuntu-phablet kernel: [    0.000000] CPU: PIPT / VIPT nonaliasing data cache, VIPT aliasing instruction cache
Nov 30 09:14:28 ubuntu-phablet kernel: [    0.000000] Machine: Qualcomm MSM 8226 (Flattened Device Tree), model: Qualcomm MSM 8226v2 H1A
Nov 30 09:14:28 ubuntu-phablet kernel: [    0.000000] Powerup reason=0x40180
Nov 30 09:14:28 ubuntu-phablet kernel: [    0.000000] Hw version=0x40
Nov 30 09:14:28 ubuntu-phablet kernel: [    0.000000] qcom,ion-heap@28 reserved EBI1 size 314000
Nov 30 09:14:28 ubuntu-phablet kernel: [    0.000000] qcom,mdss_fb_primary reserved EBI1 size 800000
Nov 30 09:14:28 ubuntu-phablet kernel: [    0.000000] Node qcom,mdss_fb_primary memblock_reserve memory 3200000-41a0000
Nov 30 09:14:28 ubuntu-phablet kernel: [    0.000000] Node qcom,msm-mem-hole removed memory 8400000-c400000
Nov 30 09:14:28 ubuntu-phablet kernel: [    0.000000] Node qcom,msm-mem-hole removed memory d200000-f500000
Nov 30 09:14:28 ubuntu-phablet kernel: [    0.000000] Node qcom,msm-mem-hole removed memory fa00000-ff00000
Nov 30 09:14:28 ubuntu-phablet kernel: [    0.000000] qcom,msm-rtb reserved EBI1 size 100000
Nov 30 09:14:28 ubuntu-phablet kernel: [    0.000000] memory pool 3 (start 0x3f300000 size d00000) initialized
Nov 30 09:14:28 ubuntu-phablet kernel: [    0.000000] Initialized persistent memory from 3f100000-3f2fffff
Nov 30 09:14:28 ubuntu-phablet kernel: [    0.000000] cma: CMA: reserved 16 MiB at 35000000
Nov 30 09:14:28 ubuntu-phablet kernel: [    0.000000] cma: Found secure_region, memory base 0, size 109 MiB
Nov 30 09:14:28 ubuntu-phablet kernel: [    0.000000] cma: CMA: reserved 112 MiB at 38000000
Nov 30 09:14:28 ubuntu-phablet kernel: [    0.000000] cma: Found adsp_region, memory base 0, size 42 MiB
Nov 30 09:14:28 ubuntu-phablet kernel: [    0.000000] cma: CMA: reserved 44 MiB at 32400000
Nov 30 09:14:28 ubuntu-phablet kernel: [    0.000000] cma: Found qsecom_region, memory base 0, size 13 MiB
Nov 30 09:14:28 ubuntu-phablet kernel: [    0.000000] cma: CMA: reserved 16 MiB at 37000000
Nov 30 09:14:28 ubuntu-phablet kernel: [    0.000000] Memory policy: ECC disabled, Data cache writealloc
Nov 30 09:14:28 ubuntu-phablet kernel: [    0.000000] IMEM DT static mapping successful
Nov 30 09:14:28 ubuntu-phablet kernel: [    0.000000] On node 0 totalpages: 232192
Nov 30 09:14:28 ubuntu-phablet kernel: [    0.000000] free_area_init_node: node 0, pgdat c1316a40, node_mem_map c243f000
Nov 30 09:14:28 ubuntu-phablet kernel: [    0.000000]   Normal zone: 1944 pages used for memmap
Nov 30 09:14:28 ubuntu-phablet kernel: [    0.000000]   Normal zone: 0 pages reserved
Nov 30 09:14:28 ubuntu-phablet kernel: [    0.000000]   Normal zone: 192616 pages, LIFO batch:31
Nov 30 09:14:28 ubuntu-phablet kernel: [    0.000000]   HighMem zone: 360 pages used for memmap
Nov 30 09:14:28 ubuntu-phablet kernel: [    0.000000]   HighMem zone: 37272 pages, LIFO batch:7
Nov 30 09:14:28 ubuntu-phablet kernel: [    0.000000] PERCPU: Embedded 10 pages/cpu @c2d82000 s16448 r8192 d16320 u40960
Nov 30 09:14:28 ubuntu-phablet kernel: [    0.000000] pcpu-alloc: s16448 r8192 d16320 u40960 alloc=10*4096
Nov 30 09:14:28 ubuntu-phablet kernel: [    0.000000] pcpu-alloc: [0] 0 [0] 1 [0] 2 [0] 3 
Nov 30 09:14:28 ubuntu-phablet kernel: [    0.000000] Built 1 zonelists in Zone order, mobility grouping on.  Total pages: 229888
Nov 30 09:14:28 ubuntu-phablet kernel: [    0.000000] Kernel command line: console=ttyHSL0,115200,n8 androidboot.console=ttyHSL0 androidboot.hardware=armani user_debug=31 msm_rtb.filter=0x37 console=tty0 androidboot.emmc=true androidboot.modem=HM1AW androidboot.hwversion=40 androidboot.serialno=9924b89b androidboot.baseband=msm mdss_mdp.panel=1:dsi:0:qcom,mdss_dsi_auo_720p_video
Nov 30 09:14:28 ubuntu-phablet kernel: [    0.000000] androidboot.modem= HM1AW
Nov 30 09:14:28 ubuntu-phablet kernel: [    0.000000] PID hash table entries: 4096 (order: 2, 16384 bytes)
Nov 30 09:14:28 ubuntu-phablet kernel: [    0.000000] Dentry cache hash table entries: 131072 (order: 7, 524288 bytes)
Nov 30 09:14:28 ubuntu-phablet kernel: [    0.000000] Inode-cache hash table entries: 65536 (order: 6, 262144 bytes)
Nov 30 09:14:28 ubuntu-phablet kernel: [    0.000000] Memory: 132MB 14MB 5MB 756MB = 907MB total
Nov 30 09:14:28 ubuntu-phablet kernel: [    0.000000] Memory: 677072k/677072k available, 265008k reserved, 17408K highmem
Nov 30 09:14:28 ubuntu-phablet kernel: [    0.000000] Virtual kernel memory layout:
Nov 30 09:14:28 ubuntu-phablet kernel: [    0.000000]     vector  : 0xffff0000 - 0xffff1000   (   4 kB)
Nov 30 09:14:28 ubuntu-phablet kernel: [    0.000000]     fixmap  : 0xfff00000 - 0xfffe0000   ( 896 kB)
Nov 30 09:14:28 ubuntu-phablet kernel: [    0.000000] 	   vmalloc : 0xf6800000 - 0xff000000   ( 136 MB)
Nov 30 09:14:28 ubuntu-phablet kernel: [    0.000000] 	    lowmem : 0xe0000000 - 0xf6000000   ( 352 MB)
Nov 30 09:14:28 ubuntu-phablet kernel: [    0.000000] 	    lowmem : 0xcff00000 - 0xe0000000   ( 257 MB)
Nov 30 09:14:28 ubuntu-phablet kernel: [    0.000000] 	   vmalloc : 0xcfa00000 - 0xcff00000   (   5 MB)
Nov 30 09:14:28 ubuntu-phablet kernel: [    0.000000] 	    lowmem : 0xcf500000 - 0xcfa00000   (   5 MB)
Nov 30 09:14:28 ubuntu-phablet kernel: [    0.000000] 	   vmalloc : 0xcd200000 - 0xcf500000   (  35 MB)
Nov 30 09:14:28 ubuntu-phablet kernel: [    0.000000] 	    lowmem : 0xcc400000 - 0xcd200000   (  14 MB)
Nov 30 09:14:28 ubuntu-phablet kernel: [    0.000000] 	   vmalloc : 0xc8400000 - 0xcc400000   (  64 MB)
Nov 30 09:14:28 ubuntu-phablet kernel: [    0.000000] 	    lowmem : 0xc0000000 - 0xc8400000   ( 132 MB)
Nov 30 09:14:28 ubuntu-phablet kernel: [    0.000000]     pkmap   : 0xbfe00000 - 0xc0000000   (   2 MB)
Nov 30 09:14:28 ubuntu-phablet kernel: [    0.000000]     modules : 0xbf000000 - 0xbfe00000   (  14 MB)
Nov 30 09:14:28 ubuntu-phablet kernel: [    0.000000]       .text : 0xc0008000 - 0xc1090000   (16928 kB)
Nov 30 09:14:28 ubuntu-phablet kernel: [    0.000000]       .init : 0xc1100000 - 0xc1238040   (1249 kB)
Nov 30 09:14:28 ubuntu-phablet kernel: [    0.000000]       .data : 0xc123a000 - 0xc1349a60   (1087 kB)
Nov 30 09:14:28 ubuntu-phablet kernel: [    0.000000]        .bss : 0xc1349a84 - 0xc1b3b0e0   (8134 kB)
Nov 30 09:14:28 ubuntu-phablet kernel: [    0.000000] SLUB: Genslabs=11, HWalign=64, Order=0-3, MinObjects=0, CPUs=4, Nodes=1
Nov 30 09:14:28 ubuntu-phablet kernel: [    0.000000] Preemptible hierarchical RCU implementation.
Nov 30 09:14:28 ubuntu-phablet kernel: [    0.000000] 	RCU dyntick-idle grace-period acceleration is enabled.
Nov 30 09:14:28 ubuntu-phablet kernel: [    0.000000] NR_IRQS:16 nr_irqs:16 16
Nov 30 09:14:28 ubuntu-phablet kernel: [    0.000000] kmemleak: Kernel memory leak detector disabled
Nov 30 09:14:28 ubuntu-phablet kernel: [    0.000000] sched_clock: 32 bits at 19MHz, resolution 52ns, wraps every 223696ms
Nov 30 09:14:28 ubuntu-phablet kernel: [    0.000000] Switching to timer-based delay loop
Nov 30 09:14:28 ubuntu-phablet kernel: [    0.000000] Console: colour dummy device 80x30
Nov 30 09:14:28 ubuntu-phablet kernel: [    0.000000] console [tty0] enabled
Nov 30 09:14:28 ubuntu-phablet kernel: [    0.002181] Calibrating delay loop (skipped), value calculated using timer frequency.. 38.40 BogoMIPS (lpj=192000)
Nov 30 09:14:28 ubuntu-phablet kernel: [    0.002268] pid_max: default: 32768 minimum: 301
Nov 30 09:14:28 ubuntu-phablet kernel: [    0.002608] Security Framework initialized
Nov 30 09:14:28 ubuntu-phablet kernel: [    0.002846] AppArmor: AppArmor initialized
Nov 30 09:14:28 ubuntu-phablet kernel: [    0.002886] Yama: becoming mindful.
Nov 30 09:14:28 ubuntu-phablet kernel: [    0.003089] Mount-cache hash table entries: 512
Nov 30 09:14:28 ubuntu-phablet kernel: [    0.004640] Initializing cgroup subsys debug
Nov 30 09:14:28 ubuntu-phablet kernel: [    0.004688] Initializing cgroup subsys cpuacct
Nov 30 09:14:28 ubuntu-phablet kernel: [    0.004728] Initializing cgroup subsys freezer
Nov 30 09:14:28 ubuntu-phablet kernel: [    0.004897] CPU: Testing write buffer coherency: ok
Nov 30 09:14:28 ubuntu-phablet kernel: [    0.004991] ftrace: allocating 36172 entries in 107 pages
Nov 30 09:14:28 ubuntu-phablet kernel: [    0.055522] ------------[ cut here ]------------
Nov 30 09:14:28 ubuntu-phablet kernel: [    0.055589] WARNING: at /home/alexforsale/phablet/kernel/xiaomi/armani/kernel/trace/ftrace.c:1590 ftrace_bug+0xec/0x174()
Nov 30 09:14:28 ubuntu-phablet kernel: [    0.055668] Modules linked in:
Nov 30 09:14:28 ubuntu-phablet kernel: [    0.055704] Backtrace: 
Nov 30 09:14:28 ubuntu-phablet kernel: [    0.055753] [<c010a95c>] (dump_backtrace+0x0/0x114) from [<c0b6d2ac>] (dump_stack+0x20/0x24)
Nov 30 09:14:28 ubuntu-phablet kernel: [    0.055817]  r6:c0215c30 r5:00000009 r4:00000000 r3:271ae91c
Nov 30 09:14:28 ubuntu-phablet kernel: [    0.055905] [<c0b6d28c>] (dump_stack+0x0/0x24) from [<c019c6b8>] (warn_slowpath_common+0x5c/0x74)
Nov 30 09:14:28 ubuntu-phablet kernel: [    0.055984] [<c019c65c>] (warn_slowpath_common+0x0/0x74) from [<c019c6fc>] (warn_slowpath_null+0x2c/0x34)
Nov 30 09:14:28 ubuntu-phablet kernel: [    0.056054]  r8:60000153 r7:00000000 r6:00000000 r5:c01003a0 r4:c1318389
Nov 30 09:14:28 ubuntu-phablet kernel: [    0.056132] r3:00000009
Nov 30 09:14:28 ubuntu-phablet kernel: [    0.056183] [<c019c6d0>] (warn_slowpath_null+0x0/0x34) from [<c0215c30>] (ftrace_bug+0xec/0x174)
Nov 30 09:14:28 ubuntu-phablet kernel: [    0.056261] [<c0215b44>] (ftrace_bug+0x0/0x174) from [<c0216068>] (ftrace_process_locs+0x3b0/0x500)
Nov 30 09:14:28 ubuntu-phablet kernel: [    0.056328]  r5:f1c21e40 r4:00000000
Nov 30 09:14:28 ubuntu-phablet kernel: [    0.056391] [<c0215cb8>] (ftrace_process_locs+0x0/0x500) from [<c11122d8>] (ftrace_init+0x98/0x18c)
Nov 30 09:14:28 ubuntu-phablet kernel: [    0.056470] [<c1112240>] (ftrace_init+0x0/0x18c) from [<c1100ab4>] (start_kernel+0x308/0x368)
Nov 30 09:14:28 ubuntu-phablet kernel: [    0.056535]  r7:c2d7f280 r6:00000000 r5:00000000 r4:c1243fe8
Nov 30 09:14:28 ubuntu-phablet kernel: [    0.056618] [<c11007ac>] (start_kernel+0x0/0x368) from [<0000803c>] (0x803c)
Nov 30 09:14:28 ubuntu-phablet kernel: [    0.056670]  r7:c1248ac4 r6:c1200f00 r5:c12424dc r4:10c5387d
Nov 30 09:14:28 ubuntu-phablet kernel: [    0.056777] ---[ end trace da227214a82491b7 ]---
Nov 30 09:14:28 ubuntu-phablet kernel: [    0.056817] ftrace faulted on writing [<c01003a0>] asm_do_IRQ+0x10/0x1c
Nov 30 09:14:28 ubuntu-phablet kernel: [    0.057362] CPU0: thread -1, cpu 0, socket 0, mpidr 80000000
Nov 30 09:14:28 ubuntu-phablet kernel: [    0.057493] hw perfevents: enabled with ARMv7 Cortex-A7 PMU driver, 5 counters available
Nov 30 09:14:28 ubuntu-phablet kernel: [    0.062305] Setting up static identity map for 0xb836b0 - 0xb83714
Nov 30 09:14:28 ubuntu-phablet kernel: [    0.062395] Configuring XPU violations to be fatal errors
Nov 30 09:14:28 ubuntu-phablet kernel: [    0.062447] MSM Memory Dump table set up
Nov 30 09:14:28 ubuntu-phablet kernel: [    0.069016] CPU1: thread -1, cpu 1, socket 0, mpidr 80000001
Nov 30 09:14:28 ubuntu-phablet kernel: [    0.074066] CPU2: thread -1, cpu 2, socket 0, mpidr 80000002
Nov 30 09:14:28 ubuntu-phablet kernel: [    0.079279] CPU3: thread -1, cpu 3, socket 0, mpidr 80000003
Nov 30 09:14:28 ubuntu-phablet kernel: [    0.079595] Brought up 4 CPUs
Nov 30 09:14:28 ubuntu-phablet kernel: [    0.079732] SMP: Total of 4 processors activated (153.60 BogoMIPS).
Nov 30 09:14:28 ubuntu-phablet kernel: [    0.081543] devtmpfs: initialized
Nov 30 09:14:28 ubuntu-phablet kernel: [    0.104570] EVM: security.selinux
Nov 30 09:14:28 ubuntu-phablet kernel: [    0.104611] EVM: security.SMACK64
Nov 30 09:14:28 ubuntu-phablet kernel: [    0.104647] EVM: security.capability
Nov 30 09:14:28 ubuntu-phablet kernel: [    0.106909] dummy: 
Nov 30 09:14:28 ubuntu-phablet kernel: [    0.299483] NET: Registered protocol family 16
Nov 30 09:14:28 ubuntu-phablet kernel: [    0.315433] DMA: preallocated 256 KiB pool for atomic coherent allocations
Nov 30 09:14:28 ubuntu-phablet kernel: [    0.318860] KPI: Bootloader start count = 30104
Nov 30 09:14:28 ubuntu-phablet kernel: [    0.318907] KPI: Bootloader end count = 51616
Nov 30 09:14:28 ubuntu-phablet kernel: [    0.318948] KPI: Bootloader display count = 42222
Nov 30 09:14:28 ubuntu-phablet kernel: [    0.318989] KPI: Bootloader load kernel count = 2292
Nov 30 09:14:28 ubuntu-phablet kernel: [    0.319033] KPI: Kernel MPM timestamp = 97270
Nov 30 09:14:28 ubuntu-phablet kernel: [    0.319073] KPI: Kernel MPM Clock frequency = 32768
Nov 30 09:14:28 ubuntu-phablet kernel: [    0.319128] socinfo_print: v8, id=221, ver=2.0, raw_id=2325, raw_ver=1, hw_plat=11, hw_plat_ver=0
Nov 30 09:14:28 ubuntu-phablet kernel: [    0.319141]  accessory_chip=0, hw_plat_subtype=0, pmic_model=65540, pmic_die_revision=131073
Nov 30 09:14:28 ubuntu-phablet kernel: [    0.351842] gpiochip_add: registered GPIOs 0 to 116 on device: msmgpio
Nov 30 09:14:28 ubuntu-phablet kernel: [    0.363889] msm_watchdog f9017000.qcom,wdt: MSM Watchdog Initialized
Nov 30 09:14:28 ubuntu-phablet kernel: [    0.421758] 8226_s1: 500 <--> 1275 mV at 0 mV normal idle 
Nov 30 09:14:28 ubuntu-phablet kernel: [    0.422829] 8226_s1_corner: 0 <--> 0 mV at 0 mV normal idle 
Nov 30 09:14:28 ubuntu-phablet kernel: [    0.423928] 8226_s1_corner_ao: 0 <--> 0 mV at 0 mV normal idle 
Nov 30 09:14:28 ubuntu-phablet kernel: [    0.424982] 8226_s1_floor_corner: 0 <--> 0 mV at 0 mV normal idle 
Nov 30 09:14:28 ubuntu-phablet kernel: [    0.426088] 8226_s3: 1200 <--> 1300 mV at 1200 mV normal idle 
Nov 30 09:14:28 ubuntu-phablet kernel: [    0.427214] 8226_s4: 1800 <--> 2200 mV at 1800 mV normal idle 
Nov 30 09:14:28 ubuntu-phablet kernel: [    0.428385] 8226_s5: 1150 mV normal idle 
Nov 30 09:14:28 ubuntu-phablet kernel: [    0.429512] 8226_l1: 1225 mV normal idle 
Nov 30 09:14:28 ubuntu-phablet kernel: [    0.430647] 8226_l2: 1200 mV normal idle 
Nov 30 09:14:28 ubuntu-phablet kernel: [    0.431764] 8226_l3: 750 <--> 1337 mV at 0 mV normal idle 
Nov 30 09:14:28 ubuntu-phablet kernel: [    0.432803] 8226_l3_ao: 750 <--> 1337 mV at 0 mV normal idle 
Nov 30 09:14:28 ubuntu-phablet kernel: [    0.433866] 8226_l3_so: 750 <--> 1337 mV at 750 mV normal idle 
Nov 30 09:14:28 ubuntu-phablet kernel: [    0.435060] 8226_l4: 1200 mV normal idle 
Nov 30 09:14:28 ubuntu-phablet kernel: [    0.436153] 8226_l5: 1200 mV normal idle 
Nov 30 09:14:28 ubuntu-phablet kernel: [    0.437316] 8226_l6: 1800 mV normal idle 
Nov 30 09:14:28 ubuntu-phablet kernel: [    0.438503] 8226_l7: 1850 mV normal idle 
Nov 30 09:14:28 ubuntu-phablet kernel: [    0.439934] 8226_l8: 1800 mV normal idle 
Nov 30 09:14:28 ubuntu-phablet kernel: [    0.441010] 8226_l8_ao: 1800 mV normal idle 
Nov 30 09:14:28 ubuntu-phablet kernel: [    0.442107] 8226_l8_so: 1800 mV normal idle 
Nov 30 09:14:28 ubuntu-phablet kernel: [    0.443236] 8226_l9: 2050 mV normal idle 
Nov 30 09:14:28 ubuntu-phablet kernel: [    0.444388] 8226_l10: 1800 mV normal idle 
Nov 30 09:14:28 ubuntu-phablet kernel: [    0.445611] 8226_l12: 1800 mV normal idle 
Nov 30 09:14:28 ubuntu-phablet kernel: [    0.446746] 8226_l14: 2750 mV normal idle 
Nov 30 09:14:28 ubuntu-phablet kernel: [    0.447841] 8226_l15: 2800 mV normal idle 
Nov 30 09:14:28 ubuntu-phablet kernel: [    0.449015] 8226_l16: 3000 <--> 3350 mV at 3300 mV normal idle 
Nov 30 09:14:28 ubuntu-phablet kernel: [    0.450133] 8226_l17: 2950 mV normal idle 
Nov 30 09:14:28 ubuntu-phablet kernel: [    0.451222] 8226_l18: 2950 mV normal idle 
Nov 30 09:14:28 ubuntu-phablet kernel: [    0.452355] 8226_l19: 2850 mV normal idle 
Nov 30 09:14:28 ubuntu-phablet kernel: [    0.453517] 8226_l20: 3075 mV normal idle 
Nov 30 09:14:28 ubuntu-phablet kernel: [    0.454632] 8226_l21: 1800 <--> 2950 mV at 2950 mV normal idle 
Nov 30 09:14:28 ubuntu-phablet kernel: [    0.455771] 8226_l22: 1800 <--> 2950 mV at 2950 mV normal idle 
Nov 30 09:14:28 ubuntu-phablet kernel: [    0.456902] 8226_l23: 1800 <--> 2950 mV at 2950 mV normal idle 
Nov 30 09:14:28 ubuntu-phablet kernel: [    0.458033] 8226_l24: 1300 <--> 1350 mV at 1300 mV normal idle 
Nov 30 09:14:28 ubuntu-phablet kernel: [    0.459221] 8226_l25: 1775 <--> 2125 mV at 1775 mV normal idle 
Nov 30 09:14:28 ubuntu-phablet kernel: [    0.460390] 8226_l26: 1225 mV normal idle 
Nov 30 09:14:28 ubuntu-phablet kernel: [    0.461489] 8226_l27: 2050 mV normal idle 
Nov 30 09:14:28 ubuntu-phablet kernel: [    0.462630] 8226_l28: 1800 <--> 2950 mV at 2950 mV normal idle 
Nov 30 09:14:28 ubuntu-phablet kernel: [    0.463772] 8226_lvs1: 
Nov 30 09:14:28 ubuntu-phablet kernel: [    0.464966] 8226_s2: 900 <--> 1350 mV at 1150 mV 
Nov 30 09:14:28 ubuntu-phablet kernel: [    0.465353] spm_regulator_probe: name=8226_s2, range=MV, voltage=1150000 uV, mode=AUTO, step rate=9600 uV/us
Nov 30 09:14:28 ubuntu-phablet kernel: [    0.513604] AXI: msm_bus_fabric_init_driver(): msm_bus_fabric_init_driver
Nov 30 09:14:28 ubuntu-phablet kernel: [    0.516048] AXI: msm_bus_fabric_probe(): Coresight support absent for bus: 2048
Nov 30 09:14:28 ubuntu-phablet kernel: [    0.518020] AXI: msm_bus_fabric_probe(): Coresight support absent for bus: 1024
Nov 30 09:14:28 ubuntu-phablet kernel: [    0.520032] AXI: msm_bus_fabric_probe(): Coresight support absent for bus: 4096
Nov 30 09:14:28 ubuntu-phablet kernel: [    0.523088] AXI: msm_bus_fabric_probe(): Coresight support absent for bus: 5120
Nov 30 09:14:28 ubuntu-phablet kernel: [    0.524048] AXI: msm_bus_fabric_probe(): Coresight support absent for bus: 0
Nov 30 09:14:28 ubuntu-phablet kernel: [    0.524644] AXI: msm_bus_fabric_probe(): Coresight support absent for bus: 6144
Nov 30 09:14:28 ubuntu-phablet kernel: [    0.527279] qup_i2c f9927000.i2c: Missing 'qcom,master-id' DT entry
Nov 30 09:14:28 ubuntu-phablet kernel: [    0.528812] kworker/u:0 used greatest stack depth: 5928 bytes left
Nov 30 09:14:28 ubuntu-phablet kernel: [    0.530718] qup_i2c f9928000.i2c: Missing 'qcom,master-id' DT entry
Nov 30 09:14:28 ubuntu-phablet kernel: [    0.532488] cpr_efuse_init: efuse_addr = 0xfc4b8000 (len=0x1000)
Nov 30 09:14:28 ubuntu-phablet kernel: [    0.532679] cpr_fuse_is_setting_expected: [row:54] = 0x1c0000000000 @42:6 == 7 ?: yes
Nov 30 09:14:28 ubuntu-phablet kernel: [    0.532758] cpr_parse_speed_bin_fuse: [row: 22]: 0x202b0b1a000001a9, speed_bits = 1
Nov 30 09:14:28 ubuntu-phablet kernel: [    0.532841] cpr_fuse_is_setting_expected: [row:22] = 0x202b0b1a000001a9 @53:1 == 0 ?: no
Nov 30 09:14:28 ubuntu-phablet kernel: [    0.532917] cpr_fuse_is_setting_expected: [row:22] = 0x202b0b1a000001a9 @24:3 == 2 ?: no
Nov 30 09:14:28 ubuntu-phablet kernel: [    0.532998] cpr_pvs_init: pvs voltage: [1050000 1150000 1290000] uV
Nov 30 09:14:28 ubuntu-phablet kernel: [    0.533055] cpr_pvs_init: ceiling voltage: [1050000 1150000 1290000] uV
Nov 30 09:14:28 ubuntu-phablet kernel: [    0.533113] cpr_pvs_init: floor voltage: [1050000 1050000 1100000] uV
Nov 30 09:14:28 ubuntu-phablet kernel: [    0.533692] cpr_fuse_is_setting_expected: [row:138] = 0x8404a36a3a9595 @57:1 == 1 ?: no
Nov 30 09:14:28 ubuntu-phablet kernel: [    0.533781] cpr_init_cpr_efuse: [row:138] = 0x8404a36a3a9595
Nov 30 09:14:28 ubuntu-phablet kernel: [    0.533840] cpr_init_cpr_efuse: disable = 0, local = 1
Nov 30 09:14:28 ubuntu-phablet kernel: [    0.533887] cpr_init_cpr_efuse: Corner[1]: ro_sel = 2, target quot = 874
Nov 30 09:14:28 ubuntu-phablet kernel: [    0.533942] cpr_init_cpr_efuse: Corner[2]: ro_sel = 2, target quot = 937
Nov 30 09:14:28 ubuntu-phablet kernel: [    0.533997] cpr_init_cpr_efuse: Corner[3]: ro_sel = 2, target quot = 1429
Nov 30 09:14:28 ubuntu-phablet kernel: [    0.534107] cpr_parse_pvs_version_fuse: [row: 22]: 0x202b0b1a000001a9, pvs_version = 2
Nov 30 09:14:28 ubuntu-phablet kernel: [    0.534202] cpr_get_corner_quot_adjustment: quotient adjustment scaling factor: 0.610
Nov 30 09:14:28 ubuntu-phablet kernel: [    0.534267] cpr_get_corner_quot_adjustment: adjusted quotient[12] = 1429
Nov 30 09:14:28 ubuntu-phablet kernel: [    0.534322] cpr_get_corner_quot_adjustment: adjusted quotient[11] = 1371
Nov 30 09:14:28 ubuntu-phablet kernel: [    0.534377] cpr_get_corner_quot_adjustment: adjusted quotient[10] = 1312
Nov 30 09:14:28 ubuntu-phablet kernel: [    0.534431] cpr_get_corner_quot_adjustment: adjusted quotient[9] = 1278
Nov 30 09:14:28 ubuntu-phablet kernel: [    0.534485] cpr_get_corner_quot_adjustment: adjusted quotient[8] = 1254
Nov 30 09:14:28 ubuntu-phablet kernel: [    0.534540] cpr_get_corner_quot_adjustment: adjusted quotient[7] = 1184
Nov 30 09:14:28 ubuntu-phablet kernel: [    0.534594] cpr_get_corner_quot_adjustment: adjusted quotient[6] = 1125
Nov 30 09:14:28 ubuntu-phablet kernel: [    0.534648] cpr_get_corner_quot_adjustment: adjusted quotient[5] = 1067
Nov 30 09:14:28 ubuntu-phablet kernel: [    0.534777] cpr_init_cpr_parameters: CPR is enabled by default.
Nov 30 09:14:28 ubuntu-phablet kernel: [    0.534843] cpr_config: Timer count: 0x17700 (for 5000 us)
Nov 30 09:14:28 ubuntu-phablet kernel: [    0.535405] apc_corner: 0 <--> 0 mV 
Nov 30 09:14:28 ubuntu-phablet kernel: [    0.538050] msm-thermal qcom,msm-thermal.67: probe_freq_mitigation:Failed reading node=/soc/qcom,msm-thermal, key=qcom,freq-mitigation-temp. KTM continues
Nov 30 09:14:28 ubuntu-phablet kernel: [    0.538160] msm-thermal qcom,msm-thermal.67: probe_psm:Failed reading node=/soc/qcom,msm-thermal, key=qcom,pmic-sw-mode-temp. KTM continues
Nov 30 09:14:28 ubuntu-phablet kernel: [    0.538694] vdd_restriction_reg_init:Defer vdd rstr freq init
Nov 30 09:14:28 ubuntu-phablet kernel: [    0.538807] msm-thermal qcom,msm-thermal.67: probe_ocr:Failed reading node=/soc/qcom,msm-thermal, key=qti,pmic-opt-curr-temp. KTM continues
Nov 30 09:14:28 ubuntu-phablet kernel: [    0.540144] persistent_ram: found existing buffer, size 81108, start 81108
Nov 30 09:14:28 ubuntu-phablet kernel: [    0.541606] console [ram-1] enabled
Nov 30 09:14:28 ubuntu-phablet kernel: [    0.541669]  LCD_KCAL_DEBUG : add_lcd_kcal_devices 
Nov 30 09:14:28 ubuntu-phablet kernel: [    0.541959] hw-breakpoint: found 5 (+1 reserved) breakpoint and 4 watchpoint registers.
Nov 30 09:14:28 ubuntu-phablet kernel: [    0.542035] hw-breakpoint: maximum watchpoint size is 8 bytes.
Nov 30 09:14:28 ubuntu-phablet kernel: [    0.543340] msm-jtag-fuse fc4be024.jtagfuse: JTag Fuse initialized
Nov 30 09:14:28 ubuntu-phablet kernel: [    0.550328] sps:sps is ready.
Nov 30 09:14:28 ubuntu-phablet kernel: [    0.553799] gdsc_venus: 
Nov 30 09:14:28 ubuntu-phablet kernel: [    0.554502] gdsc_mdss: 
Nov 30 09:14:28 ubuntu-phablet kernel: [    0.555193] gdsc_jpeg: 
Nov 30 09:14:28 ubuntu-phablet kernel: [    0.555916] gdsc_vfe: 
Nov 30 09:14:28 ubuntu-phablet kernel: [    0.556641] gdsc_oxili_cx: 
Nov 30 09:14:28 ubuntu-phablet kernel: [    0.557254] gdsc_usb_hsic: 
Nov 30 09:14:28 ubuntu-phablet kernel: [    0.559369] msm_ocmem fdd00000.qcom,ocmem: OCMEM Virtual addr c8800000
Nov 30 09:14:28 ubuntu-phablet kernel: [    0.559614] Physical OCMEM zone layout:
Nov 30 09:14:28 ubuntu-phablet kernel: [    0.559661]  zone graphics	: 0xfec00000 - 0xfec1ffff ( 128 KB)
Nov 30 09:14:28 ubuntu-phablet kernel: [    0.615875] bio: create slab <bio-0> at 0
Nov 30 09:14:28 ubuntu-phablet kernel: [    0.618615] cma: Assigned CMA region at 0 to 8.qcom,ion-heap device
Nov 30 09:14:28 ubuntu-phablet kernel: [    0.618822] ION-heap mm: Cannot specify alignment for this type of heap
Nov 30 09:14:28 ubuntu-phablet kernel: [    0.619119] cma: Assigned CMA region at 0 to 16.qcom,ion-heap device
Nov 30 09:14:28 ubuntu-phablet kernel: [    0.619317] ION-heap adsp: Cannot specify alignment for this type of heap
Nov 30 09:14:28 ubuntu-phablet kernel: [    0.619588] cma: Assigned CMA region at 0 to 1b.qcom,ion-heap device
Nov 30 09:14:28 ubuntu-phablet kernel: [    0.620860] ION heap system created
Nov 30 09:14:28 ubuntu-phablet kernel: [    0.621141] ION heap kmalloc created
Nov 30 09:14:28 ubuntu-phablet kernel: [    0.621227] ION heap mm created at 0x38000000 with size 6d00000
Nov 30 09:14:28 ubuntu-phablet kernel: [    0.621390] ION heap adsp created at 0x32400000 with size 2a00000
Nov 30 09:14:28 ubuntu-phablet kernel: [    0.621477] ION heap qsecom created at 0x37000000 with size d00000
Nov 30 09:14:28 ubuntu-phablet kernel: [    0.621617] ION heap audio created at 0x3f300000 with size 314000
Nov 30 09:14:28 ubuntu-phablet kernel: [    0.621713] ION heap pil_1 created at 0x0dc00000 with size 1900000
Nov 30 09:14:28 ubuntu-phablet kernel: [    0.624774] SCSI subsystem initialized
Nov 30 09:14:28 ubuntu-phablet kernel: [    0.625167] usbcore: registered new interface driver usbfs
Nov 30 09:14:28 ubuntu-phablet kernel: [    0.625402] usbcore: registered new interface driver hub
Nov 30 09:14:28 ubuntu-phablet kernel: [    0.625685] usbcore: registered new device driver usb
Nov 30 09:14:28 ubuntu-phablet kernel: [    0.626544] Linux media interface: v0.10
Nov 30 09:14:28 ubuntu-phablet kernel: [    0.626701] Linux video capture interface: v2.00
Nov 30 09:14:28 ubuntu-phablet kernel: [    0.630149] msm_iommu_v1 fda64000.qcom,iommu: device jpeg_iommu mapped at c84e0000, with 3 ctx banks
Nov 30 09:14:28 ubuntu-phablet kernel: [    0.632312] msm_iommu_v1 fd928000.qcom,iommu: device mdp_iommu mapped at c8560000, with 3 ctx banks
Nov 30 09:14:28 ubuntu-phablet kernel: [    0.634474] msm_iommu_v1 fdc84000.qcom,iommu: device venus_iommu mapped at c8840000, with 3 ctx banks
Nov 30 09:14:28 ubuntu-phablet kernel: [    0.636492] msm_iommu_v1 fdb10000.qcom,iommu: device kgsl_iommu mapped at c8860000, with 3 ctx banks
Nov 30 09:14:28 ubuntu-phablet kernel: [    0.638440] msm_iommu_v1 fda44000.qcom,iommu: device vfe_iommu mapped at c8880000, with 3 ctx banks
Nov 30 09:14:28 ubuntu-phablet kernel: [    0.640964] msm_iommu_ctx_v1 fda6c000.qcom,iommu-ctx: context jpeg_enc0 using bank 0
Nov 30 09:14:28 ubuntu-phablet kernel: [    0.641375] msm_iommu_ctx_v1 fda6d000.qcom,iommu-ctx: context jpeg_enc1 using bank 1
Nov 30 09:14:28 ubuntu-phablet kernel: [    0.641696] msm_iommu_ctx_v1 fda6e000.qcom,iommu-ctx: context jpeg_dec using bank 2
Nov 30 09:14:28 ubuntu-phablet kernel: [    0.642021] msm_iommu_ctx_v1 fd930000.qcom,iommu-ctx: context mdp_0 using bank 0
Nov 30 09:14:28 ubuntu-phablet kernel: [    0.642341] msm_iommu_ctx_v1 fd931000.qcom,iommu-ctx: context mdp_1 using bank 1
Nov 30 09:14:28 ubuntu-phablet kernel: [    0.642641] msm_iommu_ctx_v1 fd932000.qcom,iommu-ctx: context mdp_2 using bank 2
Nov 30 09:14:28 ubuntu-phablet kernel: [    0.642961] msm_iommu_ctx_v1 fdc8c000.qcom,iommu-ctx: context venus_ns using bank 0
Nov 30 09:14:28 ubuntu-phablet kernel: [    0.643280] msm_iommu_ctx_v1 fdc8d000.qcom,iommu-ctx: context venus_cp using bank 1
Nov 30 09:14:28 ubuntu-phablet kernel: [    0.643580] msm_iommu_ctx_v1 fdc8e000.qcom,iommu-ctx: context venus_fw using bank 2
Nov 30 09:14:28 ubuntu-phablet kernel: [    0.643954] msm_iommu_ctx_v1 fdb18000.qcom,iommu-ctx: context gfx3d_user using bank 0
Nov 30 09:14:28 ubuntu-phablet kernel: [    0.644255] msm_iommu_ctx_v1 fdb19000.qcom,iommu-ctx: context gfx3d_priv using bank 1
Nov 30 09:14:28 ubuntu-phablet kernel: [    0.644555] msm_iommu_ctx_v1 fdb1a000.qcom,iommu-ctx: context gfx3d_spare using bank 2
Nov 30 09:14:28 ubuntu-phablet kernel: [    0.644948] msm_iommu_ctx_v1 fda4c000.qcom,iommu-ctx: context vfe0 using bank 0
Nov 30 09:14:28 ubuntu-phablet kernel: [    0.645250] msm_iommu_ctx_v1 fda4d000.qcom,iommu-ctx: context vfe1 using bank 1
Nov 30 09:14:28 ubuntu-phablet kernel: [    0.645546] msm_iommu_ctx_v1 fda4e000.qcom,iommu-ctx: context cpp using bank 2
Nov 30 09:14:28 ubuntu-phablet kernel: [    0.647030] Advanced Linux Sound Architecture Driver Version 1.0.25.
Nov 30 09:14:28 ubuntu-phablet kernel: [    0.648290] Bluetooth: Core ver 2.16
Nov 30 09:14:28 ubuntu-phablet kernel: [    0.648412] NET: Registered protocol family 31
Nov 30 09:14:28 ubuntu-phablet kernel: [    0.648458] Bluetooth: HCI device and connection manager initialized
Nov 30 09:14:28 ubuntu-phablet kernel: [    0.648521] Bluetooth: HCI socket layer initialized
Nov 30 09:14:28 ubuntu-phablet kernel: [    0.648570] Bluetooth: L2CAP socket layer initialized
Nov 30 09:14:28 ubuntu-phablet kernel: [    0.649001] Bluetooth: SCO socket layer initialized
Nov 30 09:14:28 ubuntu-phablet kernel: [    0.649790] cfg80211: Calling CRDA to update world regulatory domain
Nov 30 09:14:28 ubuntu-phablet kernel: [    0.649901] cfg80211: World regulatory domain updated:
Nov 30 09:14:28 ubuntu-phablet kernel: [    0.649952] cfg80211:   (start_freq - end_freq @ bandwidth), (max_antenna_gain, max_eirp)
Nov 30 09:14:28 ubuntu-phablet kernel: [    0.650026] cfg80211:   (2402000 KHz - 2472000 KHz @ 40000 KHz), (300 mBi, 2000 mBm)
Nov 30 09:14:28 ubuntu-phablet kernel: [    0.650096] cfg80211:   (2457000 KHz - 2482000 KHz @ 40000 KHz), (300 mBi, 2000 mBm)
Nov 30 09:14:28 ubuntu-phablet kernel: [    0.650166] cfg80211:   (2474000 KHz - 2494000 KHz @ 20000 KHz), (300 mBi, 2000 mBm)
Nov 30 09:14:28 ubuntu-phablet kernel: [    0.650236] cfg80211:   (5170000 KHz - 5250000 KHz @ 80000 KHz), (300 mBi, 2000 mBm)
Nov 30 09:14:28 ubuntu-phablet kernel: [    0.650307] cfg80211:   (5735000 KHz - 5835000 KHz @ 80000 KHz), (300 mBi, 2000 mBm)
Nov 30 09:14:28 ubuntu-phablet kernel: [    0.650376] cfg80211:   (57240000 KHz - 63720000 KHz @ 2160000 KHz), (N/A, 0 mBm)
Nov 30 09:14:28 ubuntu-phablet kernel: [    0.650626] NetLabel: Initializing
Nov 30 09:14:28 ubuntu-phablet kernel: [    0.650667] NetLabel:  domain hash size = 128
Nov 30 09:14:28 ubuntu-phablet kernel: [    0.650708] NetLabel:  protocols = UNLABELED CIPSOv4
Nov 30 09:14:28 ubuntu-phablet kernel: [    0.650881] NetLabel:  unlabeled traffic allowed by default
Nov 30 09:14:28 ubuntu-phablet kernel: [    0.652075] Switching to clocksource arch_sys_counter
Nov 30 09:14:28 ubuntu-phablet kernel: [    0.730649] AppArmor: AppArmor Filesystem Enabled
Nov 30 09:14:28 ubuntu-phablet kernel: [    0.754081] NET: Registered protocol family 2
Nov 30 09:14:28 ubuntu-phablet kernel: [    0.755012] IP route cache hash table entries: 32768 (order: 5, 131072 bytes)
Nov 30 09:14:28 ubuntu-phablet kernel: [    0.759585] TCP established hash table entries: 131072 (order: 8, 1048576 bytes)
Nov 30 09:14:28 ubuntu-phablet kernel: [    0.769396] TCP bind hash table entries: 65536 (order: 8, 1310720 bytes)
Nov 30 09:14:28 ubuntu-phablet kernel: [    0.771758] TCP: Hash tables configured (established 131072 bind 65536)
Nov 30 09:14:28 ubuntu-phablet kernel: [    0.771815] TCP: reno registered
Nov 30 09:14:28 ubuntu-phablet kernel: [    0.772040] UDP hash table entries: 512 (order: 2, 24576 bytes)
Nov 30 09:14:28 ubuntu-phablet kernel: [    0.772342] UDP-Lite hash table entries: 512 (order: 2, 24576 bytes)
Nov 30 09:14:28 ubuntu-phablet kernel: [    0.773074] NET: Registered protocol family 1
Nov 30 09:14:28 ubuntu-phablet kernel: [    0.773740] Trying to unpack rootfs image as initramfs...
Nov 30 09:14:28 ubuntu-phablet kernel: [    1.167286] Freeing initrd memory: 4344K
Nov 30 09:14:28 ubuntu-phablet kernel: [    1.173997] clock-a7 f9011050.qcom,clock-a7: Speed bin: 1
Nov 30 09:14:28 ubuntu-phablet kernel: [    1.174055] clock-a7 f9011050.qcom,clock-a7: PVS version: 2
Nov 30 09:14:28 ubuntu-phablet kernel: [    1.181266] gpiochip_find_base: found new base at 992
Nov 30 09:14:28 ubuntu-phablet kernel: [    1.181622] gpiochip_add: registered GPIOs 992 to 1023 on device: smp2p
Nov 30 09:14:28 ubuntu-phablet kernel: [    1.183407] gpiochip_find_base: found new base at 960
Nov 30 09:14:28 ubuntu-phablet kernel: [    1.183721] gpiochip_add: registered GPIOs 960 to 991 on device: smp2p
Nov 30 09:14:28 ubuntu-phablet kernel: [    1.183887] gpiochip_find_base: found new base at 928
Nov 30 09:14:28 ubuntu-phablet kernel: [    1.184225] gpiochip_add: registered GPIOs 928 to 959 on device: smp2p
Nov 30 09:14:28 ubuntu-phablet kernel: [    1.185952] gpiochip_find_base: found new base at 896
Nov 30 09:14:28 ubuntu-phablet kernel: [    1.186266] gpiochip_add: registered GPIOs 896 to 927 on device: smp2p
Nov 30 09:14:28 ubuntu-phablet kernel: [    1.186438] gpiochip_find_base: found new base at 864
Nov 30 09:14:28 ubuntu-phablet kernel: [    1.186773] gpiochip_add: registered GPIOs 864 to 895 on device: slave-kernel
Nov 30 09:14:28 ubuntu-phablet kernel: [    1.188588] gpiochip_find_base: found new base at 832
Nov 30 09:14:28 ubuntu-phablet kernel: [    1.188905] gpiochip_add: registered GPIOs 832 to 863 on device: master-kernel
Nov 30 09:14:28 ubuntu-phablet kernel: [    1.189136] gpiochip_find_base: found new base at 800
Nov 30 09:14:28 ubuntu-phablet kernel: [    1.189487] gpiochip_add: registered GPIOs 800 to 831 on device: smp2p
Nov 30 09:14:28 ubuntu-phablet kernel: [    1.191294] gpiochip_find_base: found new base at 768
Nov 30 09:14:28 ubuntu-phablet kernel: [    1.191638] gpiochip_add: registered GPIOs 768 to 799 on device: smp2p
Nov 30 09:14:28 ubuntu-phablet kernel: [    1.191809] gpiochip_find_base: found new base at 736
Nov 30 09:14:28 ubuntu-phablet kernel: [    1.192124] gpiochip_add: registered GPIOs 736 to 767 on device: slave-kernel
Nov 30 09:14:28 ubuntu-phablet kernel: [    1.194042] gpiochip_find_base: found new base at 704
Nov 30 09:14:28 ubuntu-phablet kernel: [    1.194387] gpiochip_add: registered GPIOs 704 to 735 on device: master-kernel
Nov 30 09:14:28 ubuntu-phablet kernel: [    1.194610] gpiochip_find_base: found new base at 672
Nov 30 09:14:28 ubuntu-phablet kernel: [    1.194926] gpiochip_add: registered GPIOs 672 to 703 on device: smp2p
Nov 30 09:14:28 ubuntu-phablet kernel: [    1.196827] gpiochip_find_base: found new base at 640
Nov 30 09:14:28 ubuntu-phablet kernel: [    1.197168] gpiochip_add: registered GPIOs 640 to 671 on device: smp2p
Nov 30 09:14:28 ubuntu-phablet kernel: [    1.197348] gpiochip_find_base: found new base at 608
Nov 30 09:14:28 ubuntu-phablet kernel: [    1.197664] gpiochip_add: registered GPIOs 608 to 639 on device: slave-kernel
Nov 30 09:14:28 ubuntu-phablet kernel: [    1.199609] gpiochip_find_base: found new base at 576
Nov 30 09:14:28 ubuntu-phablet kernel: [    1.199953] gpiochip_add: registered GPIOs 576 to 607 on device: master-kernel
Nov 30 09:14:28 ubuntu-phablet kernel: [    1.200396] gpiochip_find_base: found new base at 544
Nov 30 09:14:28 ubuntu-phablet kernel: [    1.200715] gpiochip_add: registered GPIOs 544 to 575 on device: rdbg
Nov 30 09:14:28 ubuntu-phablet kernel: [    1.202800] gpiochip_find_base: found new base at 512
Nov 30 09:14:28 ubuntu-phablet kernel: [    1.203122] gpiochip_add: registered GPIOs 512 to 543 on device: rdbg
Nov 30 09:14:28 ubuntu-phablet kernel: [    1.203320] gpiochip_find_base: found new base at 480
Nov 30 09:14:28 ubuntu-phablet kernel: [    1.203640] gpiochip_add: registered GPIOs 480 to 511 on device: rdbg
Nov 30 09:14:28 ubuntu-phablet kernel: [    1.205676] gpiochip_find_base: found new base at 448
Nov 30 09:14:28 ubuntu-phablet kernel: [    1.205999] gpiochip_add: registered GPIOs 448 to 479 on device: rdbg
Nov 30 09:14:28 ubuntu-phablet kernel: [    1.209281] pil-q6v5-lpass fe200000.qcom,lpass: using secure boot
Nov 30 09:14:28 ubuntu-phablet kernel: [    1.219507] pil_pronto fb21b000.qcom,pronto: using secure boot
Nov 30 09:14:28 ubuntu-phablet kernel: [    1.224509] pil_venus fdce0000.qcom,venus: using secure boot
Nov 30 09:14:28 ubuntu-phablet kernel: [    1.246289] NET: Registered protocol family 27
Nov 30 09:14:28 ubuntu-phablet kernel: [    1.272999] msm_rpm_log_probe: OK
Nov 30 09:14:28 ubuntu-phablet kernel: [    1.303342] ocmem: Client sensors (id: 6) not allowed to use OCMEM
Nov 30 09:14:28 ubuntu-phablet kernel: [    1.303432] OCMEM notifier registration failed
Nov 30 09:14:28 ubuntu-phablet kernel: [    1.303491] sns_ocmem_main: sns_ocmem_init failed -14
Nov 30 09:14:28 ubuntu-phablet kernel: [    1.315253] audit: initializing netlink socket (disabled)
Nov 30 09:14:28 ubuntu-phablet kernel: [    1.315398] type=2000 audit(1.300:1): initialized
Nov 30 09:14:28 ubuntu-phablet kernel: [    1.411033] highmem bounce pool size: 64 pages
Nov 30 09:14:28 ubuntu-phablet kernel: [    1.424878] NTFS driver 2.1.30 [Flags: R/O].
Nov 30 09:14:28 ubuntu-phablet kernel: [    1.425301] fuse init (API version 7.18)
Nov 30 09:14:28 ubuntu-phablet kernel: [    1.426425] msgmni has been set to 1416
Nov 30 09:14:28 ubuntu-phablet kernel: [    1.428469] Block layer SCSI generic (bsg) driver version 0.4 loaded (major 247)
Nov 30 09:14:28 ubuntu-phablet kernel: [    1.428510] io scheduler noop registered
Nov 30 09:14:28 ubuntu-phablet kernel: [    1.428532] io scheduler deadline registered (default)
Nov 30 09:14:28 ubuntu-phablet kernel: [    1.428571] io scheduler row registered
Nov 30 09:14:28 ubuntu-phablet kernel: [    1.428795] io scheduler cfq registered
Nov 30 09:14:28 ubuntu-phablet kernel: [    1.429116] gpiochip_find_base: found new base at 440
Nov 30 09:14:28 ubuntu-phablet kernel: [    1.429248] gpiochip_add: registered GPIOs 440 to 447 on device: pm8226-gpio
Nov 30 09:14:28 ubuntu-phablet kernel: [    1.429574] qcom,qpnp-pin qpnp-pin-f1df0400: qpnp_pin_probe: gpio_chip registered between 440-447
Nov 30 09:14:28 ubuntu-phablet kernel: [    1.429756] gpiochip_find_base: found new base at 432
Nov 30 09:14:28 ubuntu-phablet kernel: [    1.429887] gpiochip_add: registered GPIOs 432 to 439 on device: pm8226-mpp
Nov 30 09:14:28 ubuntu-phablet kernel: [    1.430408] qcom,qpnp-pin qpnp-pin-f1df0600: qpnp_pin_probe: gpio_chip registered between 432-439
Nov 30 09:14:28 ubuntu-phablet kernel: [    1.430713] mdss_mdp_probe: MDP HW Base phy_Address=0xfd900000 virt=0xc88c0000
Nov 30 09:14:28 ubuntu-phablet kernel: [    1.430763] mdss_mdp_probe: MDSS VBIF HW Base phy_Address=0xfd924000 virt=0xc8556000
Nov 30 09:14:28 ubuntu-phablet kernel: [    1.431034] mdss_mdp_parse_dt_handler: Error from prop qcom,mdss-ib-factor-overlap : u32 array read
Nov 30 09:14:28 ubuntu-phablet kernel: [    1.431073] mdss_mdp_parse_dt_fudge_factors: err reading qcom,mdss-ib-factor-overlap
Nov 30 09:14:28 ubuntu-phablet kernel: [    1.431114] mdss_mdp_parse_dt_prop_len: Error from prop qcom,mdss-ad-off : spec error in device tree
Nov 30 09:14:28 ubuntu-phablet kernel: [    1.431166] mdss_mdp_parse_bootarg: mdss_mdp_parse_bootarg:1482: pan_name=[1:dsi:0:qcom,mdss_dsi_auo_720p_video] end=[]
Nov 30 09:14:28 ubuntu-phablet kernel: [    1.431967] mdss_mdp_pp_argc: >>>>> mdss_mdp_pp_argc 
Nov 30 09:14:28 ubuntu-phablet kernel: [    1.432001] update_preset_lcdc_lut: update_preset_lcdc_lut red=[255], green=[255], blue=[255]
Nov 30 09:14:28 ubuntu-phablet kernel: [    1.432039] mdss_mdp_pp_argc_kcal: >>>>> mdss_mdp_pp_argc_kcal 
Nov 30 09:14:28 ubuntu-phablet kernel: [    1.433754] mdss_dsi_ctrl_probe: DSI Ctrl name = MDSS DSI CTRL->0
Nov 30 09:14:28 ubuntu-phablet kernel: [    1.433879] mdss_dsi_panel_init: Panel Name = auo 720p video mode dsi panel
Nov 30 09:14:28 ubuntu-phablet kernel: [    1.434150] mdss_dsi_panel_init:1057 Continuous splash flag enabled.
Nov 30 09:14:28 ubuntu-phablet kernel: [    1.434182] mdss_dsi_panel_init:1069 Partial update disabled.
Nov 30 09:14:28 ubuntu-phablet kernel: [    1.434549] dsi_panel_device_register:1279, Disp_en gpio not specified
Nov 30 09:14:28 ubuntu-phablet kernel: [    1.434644] mdss_dsi_retrieve_ctrl_resources: dsi base=c8574800 size=600
Nov 30 09:14:28 ubuntu-phablet kernel: [    1.462518] mdss_register_panel: adding framebuffer device fd922800.qcom,mdss_dsi
Nov 30 09:14:28 ubuntu-phablet kernel: [    1.462959] mdss_hw_init: MDP Rev=10010001
Nov 30 09:14:28 ubuntu-phablet kernel: [    1.464872] mdss_register_panel: adding framebuffer device qcom,mdss_wb_panel.23
Nov 30 09:14:28 ubuntu-phablet kernel: [    1.466115] mdss_fb_parse_dt: split framebuffer left=0 right=0
Nov 30 09:14:28 ubuntu-phablet kernel: [    1.466146] mdss_fb_alloc_fbmem_iommu: mdss_fb_alloc_fbmem_iommu frame buffer reserve_size=0x800000
Nov 30 09:14:28 ubuntu-phablet kernel: [    1.466478] mdss_fb_alloc_fbmem_iommu: allocating 8388608 bytes at c9000000 (3f800000 phys) for fb 0
Nov 30 09:14:28 ubuntu-phablet kernel: [    1.466880] mdss_fb_register: FrameBuffer[0] 720x1280 size=8388608 registered successfully!
Nov 30 09:14:28 ubuntu-phablet kernel: [    1.466965] mdss_mdp_overlay_init: mdss_mdp_overlay_init: unable to add event timer
Nov 30 09:14:28 ubuntu-phablet kernel: [    1.467171] Registered led device: lcd-backlight
Nov 30 09:14:28 ubuntu-phablet kernel: [    1.467246] mdss_fb_parse_dt: split framebuffer left=0 right=0
Nov 30 09:14:28 ubuntu-phablet kernel: [    1.467504] mdss_fb_register: FrameBuffer[1] 1280x720 size=0 registered successfully!
Nov 30 09:14:28 ubuntu-phablet kernel: [    1.467574] mdss_mdp_overlay_init: mdss_mdp_overlay_init: unable to add event timer
Nov 30 09:14:28 ubuntu-phablet kernel: [    1.545224] msm_serial_hsl_probe: detected port #0 (ttyHSL0)
Nov 30 09:14:28 ubuntu-phablet kernel: [    1.545480] f991f000.serial: ttyHSL0 at MMIO 0xf991f000 (irq = 141) is a MSM
Nov 30 09:14:28 ubuntu-phablet kernel: [    1.548659] msm_serial_hsl_init: driver initialized
Nov 30 09:14:28 ubuntu-phablet kernel: [    1.553889] diagchar initialized nowkgsl bus ib [0] = 1600000000
Nov 30 09:14:28 ubuntu-phablet kernel: [    1.556381] kgsl bus ib [1] = 3200000000
Nov 30 09:14:28 ubuntu-phablet kernel: [    1.556402] kgsl bus ib [2] = 4256000000
Nov 30 09:14:28 ubuntu-phablet kernel: [    1.556422] kgsl bus index is 2 for pwrlevel 0
Nov 30 09:14:28 ubuntu-phablet kernel: [    1.556444] kgsl bus index is 1 for pwrlevel 1
Nov 30 09:14:28 ubuntu-phablet kernel: [    1.556465] kgsl bus index is 0 for pwrlevel 2
Nov 30 09:14:28 ubuntu-phablet kernel: [    1.556969] kgsl kgsl-3d0: |kgsl_iommu_init| MMU type set for device is IOMMU
Nov 30 09:14:28 ubuntu-phablet kernel: [    1.570103] brd: module loaded
Nov 30 09:14:28 ubuntu-phablet kernel: [    1.574832] loop: module loaded
Nov 30 09:14:28 ubuntu-phablet kernel: [    1.575519] QSEECOM: qseecom_probe: support_bus_scaling=0x1
Nov 30 09:14:28 ubuntu-phablet kernel: [    1.575546] QSEECOM: qseecom_probe: bam_pipe_pair=0x2
Nov 30 09:14:28 ubuntu-phablet kernel: [    1.575574] QSEECOM: qseecom_probe: qsee-ce-hw-instance=0x0
Nov 30 09:14:28 ubuntu-phablet kernel: [    1.575602] QSEECOM: qseecom_probe: hlos-ce-hw-instance=0x0
Nov 30 09:14:28 ubuntu-phablet kernel: [    1.575682] QSEECOM: qseecom_probe: secure app region addr=0xd980000 size=0x256000
Nov 30 09:14:28 ubuntu-phablet kernel: [    1.576878] 8226_l28: Failed to create debugfs directory
Nov 30 09:14:28 ubuntu-phablet kernel: [    1.577205] isa1000_setup: isa1000 set up
Nov 30 09:14:28 ubuntu-phablet kernel: [    1.577514] i2c-core: driver [tabla-i2c-core] using legacy suspend method
Nov 30 09:14:28 ubuntu-phablet kernel: [    1.577546] i2c-core: driver [tabla-i2c-core] using legacy resume method
Nov 30 09:14:28 ubuntu-phablet kernel: [    1.577730] i2c-core: driver [wcd9xxx-i2c-core] using legacy suspend method
Nov 30 09:14:28 ubuntu-phablet kernel: [    1.577761] i2c-core: driver [wcd9xxx-i2c-core] using legacy resume method
Nov 30 09:14:28 ubuntu-phablet kernel: [    1.578499] SCSI Media Changer driver v0.25 
Nov 30 09:14:28 ubuntu-phablet kernel: [    1.579254] sps: BAM device 0xf9904000 is not registered yet.
Nov 30 09:14:28 ubuntu-phablet kernel: [    1.579293] sps:BAM 0xf9904000 is registered.
Nov 30 09:14:28 ubuntu-phablet kernel: [    1.579646] sps:BAM 0xf9904000 (va:0xc8830000) enabled: ver:0x15, number of pipes:24
Nov 30 09:14:28 ubuntu-phablet kernel: [    1.580172] spi_qsd f9923000.spi: master is unqueued, this is deprecated
Nov 30 09:14:28 ubuntu-phablet kernel: [    1.585244] modprobe used greatest stack depth: 5728 bytes left
Nov 30 09:14:28 ubuntu-phablet kernel: [    1.585380] gpio_request: gpio-0 (spi_mosi) status -16
Nov 30 09:14:28 ubuntu-phablet kernel: [    1.585393] spi_qsd f9923000.spi: msm_spi_request_gpios: gpio_request for pin 0 failed with error -16
Nov 30 09:14:28 ubuntu-phablet kernel: [    1.585446] spi_qsd f9923000.spi: can't setup spi0.3, status -16
Nov 30 09:14:28 ubuntu-phablet kernel: [    1.585474] spi_master spi0: spi_device register error /soc/spi@f9923000/ethernet-switch@3
Nov 30 09:14:28 ubuntu-phablet kernel: [    1.586844] tun: Universal TUN/TAP device driver, 1.6
Nov 30 09:14:28 ubuntu-phablet kernel: [    1.586872] tun: (C) 1999-2004 Max Krasnyansky <maxk@qualcomm.com>
Nov 30 09:14:28 ubuntu-phablet kernel: [    1.587150] rmnet_init: BAM devices[9]
Nov 30 09:14:28 ubuntu-phablet kernel: [    1.596638] PPP generic driver version 2.4.2
Nov 30 09:14:28 ubuntu-phablet kernel: [    1.596923] PPP BSD Compression module registered
Nov 30 09:14:28 ubuntu-phablet kernel: [    1.596949] PPP Deflate Compression module registered
Nov 30 09:14:28 ubuntu-phablet kernel: [    1.605467] PPP MPPE Compression module registered
Nov 30 09:14:28 ubuntu-phablet kernel: [    1.605502] NET: Registered protocol family 24
Nov 30 09:14:28 ubuntu-phablet kernel: [    1.605561] SLIP: version 0.8.4-NET3.019-NEWTTY (dynamic channels, max=256) (6 bit encapsulation enabled).
Nov 30 09:14:28 ubuntu-phablet kernel: [    1.605600] CSLIP: code copyright 1989 Regents of the University of California.
Nov 30 09:14:28 ubuntu-phablet kernel: [    1.606051] wcnss_wlan probed in built-in mode
Nov 30 09:14:28 ubuntu-phablet kernel: [    1.607853] usbcore: registered new interface driver asix
Nov 30 09:14:28 ubuntu-phablet kernel: [    1.607952] usbcore: registered new interface driver cdc_ether
Nov 30 09:14:28 ubuntu-phablet kernel: [    1.608027] usbcore: registered new interface driver net1080
Nov 30 09:14:28 ubuntu-phablet kernel: [    1.608129] usbcore: registered new interface driver cdc_subset
Nov 30 09:14:28 ubuntu-phablet kernel: [    1.608205] usbcore: registered new interface driver zaurus
Nov 30 09:14:28 ubuntu-phablet kernel: [    1.608435] usbcore: registered new interface driver cdc_ncm
Nov 30 09:14:28 ubuntu-phablet kernel: [    1.610168] msm_otg f9a55000.usb: msm_otg probe
Nov 30 09:14:28 ubuntu-phablet kernel: [    1.612081] msm_otg f9a55000.usb: OTG regs = c87f8000
Nov 30 09:14:28 ubuntu-phablet kernel: [    1.614629] ehci_hcd: USB 2.0 'Enhanced' Host Controller (EHCI) Driver
Nov 30 09:14:28 ubuntu-phablet kernel: [    1.615012] Unable to get vbus_otg
Nov 30 09:14:28 ubuntu-phablet kernel: [    1.615037] msm_hsusb_host msm_hsusb_host: unable to register with transceiver
Nov 30 09:14:28 ubuntu-phablet kernel: [    1.615095] platform msm_hsusb_host: Driver msm_hsusb_host requests probe deferral
Nov 30 09:14:28 ubuntu-phablet kernel: [    1.616369] usbcore: registered new interface driver cdc_acm
Nov 30 09:14:28 ubuntu-phablet kernel: [    1.616397] cdc_acm: USB Abstract Control Model driver for USB modems and ISDN adapters
Nov 30 09:14:28 ubuntu-phablet kernel: [    1.616430] Initializing USB Mass Storage driver...
Nov 30 09:14:28 ubuntu-phablet kernel: [    1.616538] usbcore: registered new interface driver usb-storage
Nov 30 09:14:28 ubuntu-phablet kernel: [    1.616566] USB Mass Storage support registered.
Nov 30 09:14:28 ubuntu-phablet kernel: [    1.616630] usbcore: registered new interface driver ums-alauda
Nov 30 09:14:28 ubuntu-phablet kernel: [    1.616697] usbcore: registered new interface driver ums-cypress
Nov 30 09:14:28 ubuntu-phablet kernel: [    1.616764] usbcore: registered new interface driver ums-datafab
Nov 30 09:14:28 ubuntu-phablet kernel: [    1.616830] usbcore: registered new interface driver ums-freecom
Nov 30 09:14:28 ubuntu-phablet kernel: [    1.616898] usbcore: registered new interface driver ums-isd200
Nov 30 09:14:28 ubuntu-phablet kernel: [    1.616967] usbcore: registered new interface driver ums-jumpshot
Nov 30 09:14:28 ubuntu-phablet kernel: [    1.617033] usbcore: registered new interface driver ums-karma
Nov 30 09:14:28 ubuntu-phablet kernel: [    1.617099] usbcore: registered new interface driver ums-onetouch
Nov 30 09:14:28 ubuntu-phablet kernel: [    1.617166] usbcore: registered new interface driver ums-sddr09
Nov 30 09:14:28 ubuntu-phablet kernel: [    1.617245] usbcore: registered new interface driver ums-sddr55
Nov 30 09:14:28 ubuntu-phablet kernel: [    1.617312] usbcore: registered new interface driver ums-usbat
Nov 30 09:14:28 ubuntu-phablet kernel: [    1.617478] usbcore: registered new interface driver usbserial
Nov 30 09:14:28 ubuntu-phablet kernel: [    1.617505] usbserial: USB Serial Driver core
Nov 30 09:14:28 ubuntu-phablet kernel: [    1.617581] usbcore: registered new interface driver qc_csvt
Nov 30 09:14:28 ubuntu-phablet kernel: [    1.617650] USB Serial support registered for qc_csvt
Nov 30 09:14:28 ubuntu-phablet kernel: [    1.617728] usbcore: registered new interface driver usb_ehset_test
Nov 30 09:14:28 ubuntu-phablet kernel: [    1.618957] msm_hsusb msm_hsusb: [ci13xxx_start] hw_ep_max = 32
Nov 30 09:14:28 ubuntu-phablet kernel: [    1.619786] mbim_init: initialize 1 instances
Nov 30 09:14:28 ubuntu-phablet kernel: [    1.619978] mbim_init: Initialized 1 ports
Nov 30 09:14:28 ubuntu-phablet kernel: [    1.622621] rndis_qc_init: initialize rndis QC instance
Nov 30 09:14:28 ubuntu-phablet kernel: [    1.623458] android_usb gadget: Mass Storage Function, version: 2009/09/11
Nov 30 09:14:28 ubuntu-phablet kernel: [    1.623494] android_usb gadget: Number of LUNs=2
Nov 30 09:14:28 ubuntu-phablet kernel: [    1.623519]  lun0: LUN: removable read only CD-ROM file: (no medium)
Nov 30 09:14:28 ubuntu-phablet kernel: [    1.623547]  lun1: LUN: removable file: (no medium)
Nov 30 09:14:28 ubuntu-phablet kernel: [    1.624039] android_usb gadget: android_usb ready
Nov 30 09:14:28 ubuntu-phablet kernel: [    1.625263] mousedev: PS/2 mouse device common for all mice
Nov 30 09:14:28 ubuntu-phablet kernel: [    1.625688] usbcore: registered new interface driver xpad
Nov 30 09:14:28 ubuntu-phablet kernel: [    1.625716] ft5x06_i2c_init
Nov 30 09:14:28 ubuntu-phablet kernel: [    1.625831] num_fw = 4
Nov 30 09:14:28 ubuntu-phablet kernel: [    1.625927] i2c-pull-up = 1
Nov 30 09:14:28 ubuntu-phablet kernel: [    1.625944] reset gpio = 16
Nov 30 09:14:28 ubuntu-phablet kernel: [    1.625960] irq gpio = 17
Nov 30 09:14:28 ubuntu-phablet kernel: [    1.625976] x_max = 720
Nov 30 09:14:28 ubuntu-phablet kernel: [    1.625992] y_max = 1280
Nov 30 09:14:28 ubuntu-phablet kernel: [    1.626008] z_max = 255
Nov 30 09:14:28 ubuntu-phablet kernel: [    1.626023] w_max = 200
Nov 30 09:14:28 ubuntu-phablet kernel: [    1.626039] landing_jiffies = 1000
Nov 30 09:14:28 ubuntu-phablet kernel: [    1.626057] landing_threshold = 16
Nov 30 09:14:28 ubuntu-phablet kernel: [    1.626075] staying_threshold = 8
Nov 30 09:14:28 ubuntu-phablet kernel: [    1.626093] raw min = 7000
Nov 30 09:14:28 ubuntu-phablet kernel: [    1.626109] raw max = 10000
Nov 30 09:14:28 ubuntu-phablet kernel: [    1.626126] key_num = 3
Nov 30 09:14:28 ubuntu-phablet kernel: [    1.626142] keymap[0] = 139
Nov 30 09:14:28 ubuntu-phablet kernel: [    1.626159] keypos[0] = 2
Nov 30 09:14:28 ubuntu-phablet kernel: [    1.626176] key[0]: 155 1317 10 50
Nov 30 09:14:28 ubuntu-phablet kernel: [    1.626194] keymap[1] = 102
Nov 30 09:14:28 ubuntu-phablet kernel: [    1.626211] keypos[1] = 6
Nov 30 09:14:28 ubuntu-phablet kernel: [    1.626229] key[1]: 355 1317 10 50
Nov 30 09:14:28 ubuntu-phablet kernel: [    1.626247] keymap[2] = 158
Nov 30 09:14:28 ubuntu-phablet kernel: [    1.626264] keypos[2] = 10
Nov 30 09:14:28 ubuntu-phablet kernel: [    1.626281] key[2]: 565 1317 10 50
Nov 30 09:14:28 ubuntu-phablet kernel: [    1.626299] key_num = 3
Nov 30 09:14:28 ubuntu-phablet kernel: [    1.626315] keymap[0] = 139
Nov 30 09:14:28 ubuntu-phablet kernel: [    1.626332] keypos[0] = 2
Nov 30 09:14:28 ubuntu-phablet kernel: [    1.626349] key[0]: 155 1319 10 50
Nov 30 09:14:28 ubuntu-phablet kernel: [    1.626368] keymap[1] = 102
Nov 30 09:14:28 ubuntu-phablet kernel: [    1.626384] keypos[1] = 6
Nov 30 09:14:28 ubuntu-phablet kernel: [    1.626402] key[1]: 355 1319 10 50
Nov 30 09:14:28 ubuntu-phablet kernel: [    1.626420] keymap[2] = 158
Nov 30 09:14:28 ubuntu-phablet kernel: [    1.626437] keypos[2] = 10
Nov 30 09:14:28 ubuntu-phablet kernel: [    1.626454] key[2]: 565 1319 10 50
Nov 30 09:14:28 ubuntu-phablet kernel: [    1.626472] key_num = 3
Nov 30 09:14:28 ubuntu-phablet kernel: [    1.626488] keymap[0] = 139
Nov 30 09:14:28 ubuntu-phablet kernel: [    1.626505] keypos[0] = 2
Nov 30 09:14:28 ubuntu-phablet kernel: [    1.626522] key[0]: 155 1319 10 50
Nov 30 09:14:28 ubuntu-phablet kernel: [    1.626540] keymap[1] = 102
Nov 30 09:14:28 ubuntu-phablet kernel: [    1.626557] keypos[1] = 6
Nov 30 09:14:28 ubuntu-phablet kernel: [    1.626574] key[1]: 355 1319 10 50
Nov 30 09:14:28 ubuntu-phablet kernel: [    1.626593] keymap[2] = 158
Nov 30 09:14:28 ubuntu-phablet kernel: [    1.626610] keypos[2] = 10
Nov 30 09:14:28 ubuntu-phablet kernel: [    1.626627] key[2]: 565 1319 10 50
Nov 30 09:14:28 ubuntu-phablet kernel: [    1.626645] key_num = 3
Nov 30 09:14:28 ubuntu-phablet kernel: [    1.626661] keymap[0] = 139
Nov 30 09:14:28 ubuntu-phablet kernel: [    1.626678] keypos[0] = 2
Nov 30 09:14:28 ubuntu-phablet kernel: [    1.626695] key[0]: 155 1319 10 50
Nov 30 09:14:28 ubuntu-phablet kernel: [    1.626713] keymap[1] = 102
Nov 30 09:14:28 ubuntu-phablet kernel: [    1.626730] keypos[1] = 6
Nov 30 09:14:28 ubuntu-phablet kernel: [    1.626747] key[1]: 355 1319 10 50
Nov 30 09:14:28 ubuntu-phablet kernel: [    1.626766] keymap[2] = 158
Nov 30 09:14:28 ubuntu-phablet kernel: [    1.626783] keypos[2] = 10
Nov 30 09:14:28 ubuntu-phablet kernel: [    1.626800] key[2]: 565 1319 10 50
Nov 30 09:14:28 ubuntu-phablet kernel: [    1.626819] firmare 0 chip = 0xa, vendor = 0x51 name = ft5316_firmware.fw
Nov 30 09:14:28 ubuntu-phablet kernel: [    1.843195] ft5x06_i2c 5-0038: firmware vendor is 51
Nov 30 09:14:28 ubuntu-phablet kernel: [    1.843337] ft5x06_i2c 5-0038: chip id = 0x14, found it!
Nov 30 09:14:28 ubuntu-phablet kernel: [    1.843467] ft5x06_i2c 5-0038: firmware name = ft5336_firmware_ofilm.fw
Nov 30 09:14:28 ubuntu-phablet kernel: [    1.844202] ft5x06_i2c 5-0038: firmware version is 0e
Nov 30 09:14:28 ubuntu-phablet kernel: [    1.845577] input: ft5x06 as /devices/f9927000.i2c/i2c-5/5-0038/input/input0
Nov 30 09:14:28 ubuntu-phablet kernel: [    1.848365] #### init for imagis #####
Nov 30 09:14:28 ubuntu-phablet kernel: [    1.852587] [ Imagis ] ist30xx_probe(), the i2c addr=0x50
Nov 30 09:14:28 ubuntu-phablet kernel: [    1.852953] ### reset gpio = 16 ####
Nov 30 09:14:28 ubuntu-phablet kernel: [    1.853075] ### irq gpio = 17 ####
Nov 30 09:14:28 ubuntu-phablet kernel: [    1.853171] ### max x = 720 ####
Nov 30 09:14:28 ubuntu-phablet kernel: [    1.853263] ### max y = 1280 ####
Nov 30 09:14:28 ubuntu-phablet kernel: [    1.853356] ### max w = 200 ####
Nov 30 09:14:28 ubuntu-phablet kernel: [    1.853448] ### key num = 3 ####
Nov 30 09:14:28 ubuntu-phablet kernel: [    1.853542] #### key [0] = 139 ####
Nov 30 09:14:28 ubuntu-phablet kernel: [    1.853638] #### key [1] = 102 ####
Nov 30 09:14:28 ubuntu-phablet kernel: [    1.853736] #### key [2] = 158 ####
Nov 30 09:14:28 ubuntu-phablet kernel: [    1.853865] gpio_request: gpio-17 (imagis_irq_gpio) status -16
Nov 30 09:14:28 ubuntu-phablet kernel: [    1.853913] [ Imagis ] irq gpio request failed!
Nov 30 09:14:28 ubuntu-phablet kernel: [    1.854038] [ Imagis ] Error, ist30xx mem free
Nov 30 09:14:28 ubuntu-phablet kernel: [    1.855434] IST30XX: probe of 5-0050 failed with error -16
Nov 30 09:14:28 ubuntu-phablet kernel: [    1.861549] using rtc device, qpnp_rtc, for alarms
Nov 30 09:14:28 ubuntu-phablet kernel: [    1.861758] qcom,qpnp-rtc qpnp-rtc-f1df1000: rtc core: registered qpnp_rtc as rtc0
Nov 30 09:14:28 ubuntu-phablet kernel: [    1.863374] i2c /dev entries driver
Nov 30 09:14:28 ubuntu-phablet kernel: [    1.871453] msm_vidc: 1: Failed to read qcom,load-freq-tbl from device tree
Nov 30 09:14:28 ubuntu-phablet kernel: [    1.871499] msm_vidc: 1: no elements in frequency table
Nov 30 09:14:28 ubuntu-phablet kernel: [    1.871542] msm_vidc: 1: Failed to read qcom,reg-presets from device tree
Nov 30 09:14:28 ubuntu-phablet kernel: [    1.871762] msm_vidc: 1: Failed to read qcom,buffer-type-tz-usage-table from device tree
Nov 30 09:14:28 ubuntu-phablet kernel: [    1.871839] msm_vidc: 1: Q6 hfi device probe called
Nov 30 09:14:28 ubuntu-phablet kernel: [    1.873904] msm_vidc: 1: debugfs_create_file: fail
Nov 30 09:14:28 ubuntu-phablet kernel: [    1.899074] Registered led device: flashlight
Nov 30 09:14:28 ubuntu-phablet kernel: [    1.901257] msm_eeprom_platform_probe MM data miss:1059
Nov 30 09:14:28 ubuntu-phablet kernel: [    1.901998] msm_eeprom_parse_memory_map: pageen not needed
Nov 30 09:14:28 ubuntu-phablet kernel: [    1.902104] msm_eeprom_parse_memory_map: pageen not needed
Nov 30 09:14:28 ubuntu-phablet kernel: [    1.902316] msm_eeprom_parse_memory_map: pageen not needed
Nov 30 09:14:28 ubuntu-phablet kernel: [    1.902779] msm_eeprom_parse_memory_map: pageen not needed
Nov 30 09:14:28 ubuntu-phablet kernel: [    1.902862] msm_eeprom_parse_memory_map: pageen not needed
Nov 30 09:14:28 ubuntu-phablet kernel: [    1.902942] msm_eeprom_parse_memory_map: pageen not needed
Nov 30 09:14:28 ubuntu-phablet kernel: [    1.903023] msm_eeprom_parse_memory_map: pageen not needed
Nov 30 09:14:28 ubuntu-phablet kernel: [    1.903104] msm_eeprom_parse_memory_map: pageen not needed
Nov 30 09:14:28 ubuntu-phablet kernel: [    1.903186] msm_eeprom_parse_memory_map: pageen not needed
Nov 30 09:14:28 ubuntu-phablet kernel: [    1.903269] msm_eeprom_parse_memory_map: pageen not needed
Nov 30 09:14:28 ubuntu-phablet kernel: [    1.903353] msm_eeprom_parse_memory_map: pageen not needed
Nov 30 09:14:28 ubuntu-phablet kernel: [    1.903439] msm_eeprom_parse_memory_map: pageen not needed
Nov 30 09:14:28 ubuntu-phablet kernel: [    1.903524] msm_eeprom_parse_memory_map: pageen not needed
Nov 30 09:14:28 ubuntu-phablet kernel: [    1.903611] msm_eeprom_parse_memory_map: pageen not needed
Nov 30 09:14:28 ubuntu-phablet kernel: [    1.903699] msm_eeprom_parse_memory_map: pageen not needed
Nov 30 09:14:28 ubuntu-phablet kernel: [    1.903787] msm_eeprom_parse_memory_map: pageen not needed
Nov 30 09:14:28 ubuntu-phablet kernel: [    1.903877] msm_eeprom_parse_memory_map: pageen not needed
Nov 30 09:14:28 ubuntu-phablet kernel: [    1.903968] msm_eeprom_parse_memory_map: pageen not needed
Nov 30 09:14:28 ubuntu-phablet kernel: [    1.904059] msm_eeprom_parse_memory_map: pageen not needed
Nov 30 09:14:28 ubuntu-phablet kernel: [    2.392395] h3lte_set_sensor_name: sensor_name = , is set = 0
Nov 30 09:14:28 ubuntu-phablet kernel: [    2.468314] msm_eeprom_platform_probe MM data miss:1059
Nov 30 09:14:28 ubuntu-phablet kernel: [    2.469518] msm_eeprom_parse_memory_map: pageen not needed
Nov 30 09:14:28 ubuntu-phablet kernel: [    2.923474] h3lte_set_sensor_name: sensor_name = ov5693_olq5f08, is set = 1
Nov 30 09:14:28 ubuntu-phablet kernel: [    2.969490] msm_sensor_driver_get_dt_data:809 Invalid sensor position
Nov 30 09:14:28 ubuntu-phablet kernel: [    2.969656] msm_sensor_driver_get_dt_data:818 Invalid sensor mode supported
Nov 30 09:14:28 ubuntu-phablet kernel: [    2.969834] g_sctrl[0] f0c73400
Nov 30 09:14:28 ubuntu-phablet kernel: [    2.970743] msm_sensor_driver_get_dt_data:809 Invalid sensor position
Nov 30 09:14:28 ubuntu-phablet kernel: [    2.970921] msm_sensor_driver_get_dt_data:818 Invalid sensor mode supported
Nov 30 09:14:28 ubuntu-phablet kernel: [    2.971095] g_sctrl[1] f0c73600
Nov 30 09:14:28 ubuntu-phablet kernel: [    2.983174] __msm_jpeg_init:951] Jpeg Device id 0
Nov 30 09:14:28 ubuntu-phablet kernel: [    3.013965] lirc_dev: IR Remote Control driver registered, major 236 
Nov 30 09:14:28 ubuntu-phablet kernel: [    3.014113] IR NEC protocol handler initialized
Nov 30 09:14:28 ubuntu-phablet kernel: [    3.014206] IR RC5(x) protocol handler initialized
Nov 30 09:14:28 ubuntu-phablet kernel: [    3.014301] IR RC6 protocol handler initialized
Nov 30 09:14:28 ubuntu-phablet kernel: [    3.014393] IR JVC protocol handler initialized
Nov 30 09:14:28 ubuntu-phablet kernel: [    3.014484] IR Sony protocol handler initialized
Nov 30 09:14:28 ubuntu-phablet kernel: [    3.014577] IR RC5 (streamzap) protocol handler initialized
Nov 30 09:14:28 ubuntu-phablet kernel: [    3.014681] IR SANYO protocol handler initialized
Nov 30 09:14:28 ubuntu-phablet kernel: [    3.014774] IR MCE Keyboard/mouse protocol handler initialized
Nov 30 09:14:28 ubuntu-phablet kernel: [    3.014881] IR LIRC bridge handler initialized
Nov 30 09:14:28 ubuntu-phablet kernel: [    3.015350] usbcore: registered new interface driver uvcvideo
Nov 30 09:14:28 ubuntu-phablet kernel: [    3.015461] USB Video Class driver (1.1.1)
Nov 30 09:14:28 ubuntu-phablet kernel: [    3.018851] Driver for 1-wire Dallas network protocol.
Nov 30 09:14:28 ubuntu-phablet kernel: [    3.021023] w1-gpio: w1_gpio_probe:gpio 439
Nov 30 09:14:28 ubuntu-phablet kernel: [    3.203222] BMS: qpnp_bms_init: QPNP BMS INIT
Nov 30 09:14:28 ubuntu-phablet kernel: [    3.203345] BMS: qpnp_bms_init: QPNP BMS INIT
Nov 30 09:14:28 ubuntu-phablet kernel: [    3.203503] spmi qpnp-bms-armani-f1dedc00: Driver qcom,qpnp-bms-armani requests probe deferral
Nov 30 09:14:28 ubuntu-phablet kernel: [    3.203781] spmi qpnp-charger-armani-f1deda00: Driver qcom,qpnp-charger-armani requests probe deferral
Nov 30 09:14:28 ubuntu-phablet kernel: [    3.237913] qpnp_vadc_conv_seq_request: not a valid VADC channel
Nov 30 09:14:28 ubuntu-phablet kernel: [    3.237946] thermal_sys: failed to read out thermal zone 7
Nov 30 09:14:28 ubuntu-phablet kernel: [    3.238199] qpnp_vadc_conv_seq_request: not a valid VADC channel
Nov 30 09:14:28 ubuntu-phablet kernel: [    3.238228] thermal_sys: failed to read out thermal zone 8
Nov 30 09:14:28 ubuntu-phablet kernel: [    3.238941] device-mapper: uevent: version 1.0.3
Nov 30 09:14:28 ubuntu-phablet kernel: [    3.239440] device-mapper: ioctl: 4.22.0-ioctl (2011-10-19) initialised: dm-devel@redhat.com
Nov 30 09:14:28 ubuntu-phablet kernel: [    3.240235] cpuidle: using governor ladder
Nov 30 09:14:28 ubuntu-phablet kernel: [    3.240261] cpuidle: using governor menu
Nov 30 09:14:28 ubuntu-phablet kernel: [    3.240336] sdhci: Secure Digital Host Controller Interface driver
Nov 30 09:14:28 ubuntu-phablet kernel: [    3.240363] sdhci: Copyright(c) Pierre Ossman
Nov 30 09:14:28 ubuntu-phablet kernel: [    3.241079] sdhci-pltfm: SDHCI platform and OF driver helper
Nov 30 09:14:28 ubuntu-phablet kernel: [    3.245836] mmc0: no vmmc regulator found
Nov 30 09:14:28 ubuntu-phablet kernel: [    3.246994] Registered led device: mmc0::
Nov 30 09:14:28 ubuntu-phablet kernel: [    3.249425] mmc0: SDHCI controller on msm_sdcc.1 [msm_sdcc.1] using ADMA
Nov 30 09:14:28 ubuntu-phablet kernel: [    3.254425] mmc1: no vmmc regulator found
Nov 30 09:14:28 ubuntu-phablet kernel: [    3.255583] Registered led device: mmc1::
Nov 30 09:14:28 ubuntu-phablet kernel: [    3.256847] mmc1: SDHCI controller on msm_sdcc.2 [msm_sdcc.2] using ADMA
Nov 30 09:14:28 ubuntu-phablet kernel: [    3.257516] Registered led device: red
Nov 30 09:14:28 ubuntu-phablet kernel: [    3.257802] Registered led device: green
Nov 30 09:14:28 ubuntu-phablet kernel: [    3.258064] Registered led device: blue
Nov 30 09:14:28 ubuntu-phablet kernel: [    3.258861] Registered led device: wled:backlight
Nov 30 09:14:28 ubuntu-phablet kernel: [    3.258875] qcom,leds-qpnp leds-qpnp-f1df1200: bl: change to higher light 4095
Nov 30 09:14:28 ubuntu-phablet kernel: [    3.258934] qcom,leds-qpnp leds-qpnp-f1df1200: bl: change to analog 4095
Nov 30 09:14:28 ubuntu-phablet kernel: [    3.260130] qcom,leds-qpnp leds-qpnp-f1e12000: Regulator get failed(-517)
Nov 30 09:14:28 ubuntu-phablet kernel: [    3.260161] qcom,leds-qpnp leds-qpnp-f1e12000: Unable to read flash config data
Nov 30 09:14:28 ubuntu-phablet kernel: [    3.260208] spmi leds-qpnp-f1e12000: Driver qcom,leds-qpnp requests probe deferral
Nov 30 09:14:28 ubuntu-phablet kernel: [    3.263633] usbcore: registered new interface driver usbhid
Nov 30 09:14:28 ubuntu-phablet kernel: [    3.263663] usbhid: USB HID core driver
Nov 30 09:14:28 ubuntu-phablet kernel: [    3.264379] zram: Created 1 device(s) ...
Nov 30 09:14:28 ubuntu-phablet kernel: [    3.265189] ashmem: initialized
Nov 30 09:14:28 ubuntu-phablet kernel: [    3.265370] logger: created 1024K log 'log_main'
Nov 30 09:14:28 ubuntu-phablet kernel: [    3.265540] logger: created 1024K log 'log_events'
Nov 30 09:14:28 ubuntu-phablet kernel: [    3.265712] logger: created 1024K log 'log_radio'
Nov 30 09:14:28 ubuntu-phablet kernel: [    3.265904] logger: created 1024K log 'log_system'
Nov 30 09:14:28 ubuntu-phablet kernel: [    3.266664] sps:BAM 0xf9a44000 is registered.
Nov 30 09:14:28 ubuntu-phablet kernel: [    3.266692] usb_bam_ipa_create_resources: Failed to create USB_PROD resource
Nov 30 09:14:28 ubuntu-phablet kernel: [    3.267185] PMIC@SID0 Power-on reason: Triggered from KPD (power key press) and 'warm' boot
Nov 30 09:14:28 ubuntu-phablet kernel: [    3.267552] input: qpnp_pon as /devices/virtual/input/input1
Nov 30 09:14:28 ubuntu-phablet kernel: [    3.268858] PMIC@SID0: PM8226 v2.1 options: 0, 0, 2, 2
Nov 30 09:14:28 ubuntu-phablet kernel: [    3.269315] coresight-fuse fc4be024.fuse: Fuse initialized
Nov 30 09:14:28 ubuntu-phablet kernel: [    3.270076] coresight-cti fc308000.cti: CTI initialized
Nov 30 09:14:28 ubuntu-phablet kernel: [    3.270279] coresight-cti fc309000.cti: CTI initialized
Nov 30 09:14:28 ubuntu-phablet kernel: [    3.270514] coresight-cti fc30a000.cti: CTI initialized
Nov 30 09:14:28 ubuntu-phablet kernel: [    3.270716] coresight-cti fc30b000.cti: CTI initialized
Nov 30 09:14:28 ubuntu-phablet kernel: [    3.270927] coresight-cti fc30c000.cti: CTI initialized
Nov 30 09:14:28 ubuntu-phablet kernel: [    3.271130] coresight-cti fc30d000.cti: CTI initialized
Nov 30 09:14:28 ubuntu-phablet kernel: [    3.271342] coresight-cti fc30e000.cti: CTI initialized
Nov 30 09:14:28 ubuntu-phablet kernel: [    3.271544] coresight-cti fc30f000.cti: CTI initialized
Nov 30 09:14:28 ubuntu-phablet kernel: [    3.271760] coresight-cti fc310000.cti: CTI initialized
Nov 30 09:14:28 ubuntu-phablet kernel: [    3.271964] coresight-cti fc340000.cti: CTI initialized
Nov 30 09:14:28 ubuntu-phablet kernel: [    3.272271] coresight-cti fc341000.cti: CTI initialized
Nov 30 09:14:28 ubuntu-phablet kernel: [    3.272491] coresight-cti fc342000.cti: CTI initialized
Nov 30 09:14:28 ubuntu-phablet kernel: [    3.272696] coresight-cti fc343000.cti: CTI initialized
Nov 30 09:14:28 ubuntu-phablet kernel: [    3.272894] coresight-cti fc344000.cti: CTI initialized
Nov 30 09:14:28 ubuntu-phablet kernel: [    3.273101] coresight-cti fc348000.cti: CTI initialized
Nov 30 09:14:28 ubuntu-phablet kernel: [    3.273296] coresight-cti fc34d000.cti: CTI initialized
Nov 30 09:14:28 ubuntu-phablet kernel: [    3.273501] coresight-cti fc350000.cti: CTI initialized
Nov 30 09:14:28 ubuntu-phablet kernel: [    3.273697] coresight-cti fc354000.cti: CTI initialized
Nov 30 09:14:28 ubuntu-phablet kernel: [    3.273925] coresight-cti fc358000.cti: CTI initialized
Nov 30 09:14:28 ubuntu-phablet kernel: [    3.274645] coresight-csr fc302000.csr: CSR initialized
Nov 30 09:14:28 ubuntu-phablet kernel: [    3.277842] coresight-tmc fc322000.tmc: Byte Counter feature enabled
Nov 30 09:14:28 ubuntu-phablet kernel: [    3.277916] sps:BAM 0xfc37c000 is registered.
Nov 30 09:14:28 ubuntu-phablet kernel: [    3.278303] coresight-tmc fc322000.tmc: TMC initialized
Nov 30 09:14:28 ubuntu-phablet kernel: [    3.278914] coresight-tmc fc307000.tmc: TMC initialized
Nov 30 09:14:28 ubuntu-phablet kernel: [    3.279912] coresight-tpiu fc318000.tpiu: seta gpios not specified
Nov 30 09:14:28 ubuntu-phablet kernel: [    3.279944] coresight-tpiu fc318000.tpiu: setb gpios not specified
Nov 30 09:14:28 ubuntu-phablet kernel: [    3.280076] coresight-tpiu fc318000.tpiu: TPIU initialized
Nov 30 09:14:28 ubuntu-phablet kernel: [    3.284955] coresight-funnel fc31b000.funnel: FUNNEL initialized
Nov 30 09:14:28 ubuntu-phablet kernel: [    3.285148] coresight-funnel fc319000.funnel: FUNNEL initialized
Nov 30 09:14:28 ubuntu-phablet kernel: [    3.285353] coresight-funnel fc31a000.funnel: FUNNEL initialized
Nov 30 09:14:28 ubuntu-phablet kernel: [    3.285555] coresight-funnel fc345000.funnel: FUNNEL initialized
Nov 30 09:14:28 ubuntu-phablet kernel: [    3.285787] coresight-funnel fc364000.funnel: FUNNEL initialized
Nov 30 09:14:28 ubuntu-phablet kernel: [    3.286546] coresight-replicator fc31c000.replicator: REPLICATOR initialized
Nov 30 09:14:28 ubuntu-phablet kernel: [    3.287530] coresight-stm fc321000.stm: STM initialized
Nov 30 09:14:28 ubuntu-phablet kernel: [    3.290363] coresight-hwevent fd828018.hwevent: Hardware Event driver initialized
Nov 30 09:14:28 ubuntu-phablet kernel: [    3.297478] coresight-etm fc33c000.etm: ETM initialized
Nov 30 09:14:28 ubuntu-phablet kernel: [    3.299921] coresight-etm fc33d000.etm: ETM initialized
Nov 30 09:14:28 ubuntu-phablet kernel: [    3.302375] coresight-etm fc33e000.etm: ETM initialized
Nov 30 09:14:28 ubuntu-phablet kernel: [    3.304802] coresight-etm fc33f000.etm: ETM initialized
Nov 30 09:14:28 ubuntu-phablet kernel: [    3.309680] coresight-audio-etm audio_etm0.24: Audio ETM initialized
Nov 30 09:14:28 ubuntu-phablet kernel: [    3.310448] coresight-modem-etm modem_etm0.25: Modem ETM initialized
Nov 30 09:14:28 ubuntu-phablet kernel: [    3.311189] coresight-wcn-etm wcn_etm0.26: Wireless ETM initialized
Nov 30 09:14:28 ubuntu-phablet kernel: [    3.311918] coresight-rpm-etm rpm_etm0.27: RPM ETM initialized
Nov 30 09:14:28 ubuntu-phablet kernel: [    3.312889] usbcore: registered new interface driver snd-usb-audio
Nov 30 09:14:28 ubuntu-phablet kernel: [    3.328030] msm-compr-dsp msm-compr-dsp: msm_compr_probe: dev name msm-compr-dsp
Nov 30 09:14:28 ubuntu-phablet kernel: [    3.328970] msm-pcm-lpa msm-pcm-lpa: msm_pcm_probe: dev name msm-pcm-lpa
Nov 30 09:14:28 ubuntu-phablet kernel: [    3.330250] platform qcom,msm-voip-dsp.49: Driver msm-voip-dsp requests probe deferral
Nov 30 09:14:28 ubuntu-phablet kernel: [    3.330903] platform qcom,msm-pcm-voice.50: Driver msm-pcm-voice requests probe deferral
Nov 30 09:14:28 ubuntu-phablet kernel: [    3.336505] platform sound.42: Driver msm8226-asoc-tapan requests probe deferral
Nov 30 09:14:28 ubuntu-phablet kernel: [    3.337098] GACT probability NOT on
Nov 30 09:14:28 ubuntu-phablet kernel: [    3.337131] Mirror/redirect action on
Nov 30 09:14:28 ubuntu-phablet kernel: [    3.337154] u32 classifier
Nov 30 09:14:28 ubuntu-phablet kernel: [    3.337170]     Actions configured
Nov 30 09:14:28 ubuntu-phablet kernel: [    3.337430] TCP: cubic registered
Nov 30 09:14:28 ubuntu-phablet kernel: [    3.338418] NET: Registered protocol family 10
Nov 30 09:14:28 ubuntu-phablet kernel: [    3.341731] Mobile IPv6
Nov 30 09:14:28 ubuntu-phablet kernel: [    3.341757] IPv6 over IPv4 tunneling driver
Nov 30 09:14:28 ubuntu-phablet kernel: [    3.343126] NET: Registered protocol family 17
Nov 30 09:14:28 ubuntu-phablet kernel: [    3.343251] Bridge firewalling registered
Nov 30 09:14:28 ubuntu-phablet kernel: [    3.343287] Ebtables v2.0 registered
Nov 30 09:14:28 ubuntu-phablet kernel: [    3.343533] Bluetooth: RFCOMM TTY layer initialized
Nov 30 09:14:28 ubuntu-phablet kernel: [    3.343575] Bluetooth: RFCOMM socket layer initialized
Nov 30 09:14:28 ubuntu-phablet kernel: [    3.343599] Bluetooth: RFCOMM ver 1.11
Nov 30 09:14:28 ubuntu-phablet kernel: [    3.343620] Bluetooth: BNEP (Ethernet Emulation) ver 1.3
Nov 30 09:14:28 ubuntu-phablet kernel: [    3.343644] Bluetooth: BNEP filters: protocol multicast
Nov 30 09:14:28 ubuntu-phablet kernel: [    3.343670] Bluetooth: HIDP (Human Interface Emulation) ver 1.2
Nov 30 09:14:28 ubuntu-phablet kernel: [    3.343797] mmc0: BKOPS_EN bit = 0
Nov 30 09:14:28 ubuntu-phablet kernel: [    3.343823] Registering the dns_resolver key type
Nov 30 09:14:28 ubuntu-phablet kernel: [    3.344506] VFP support v0.3: implementor 41 architecture 2 part 30 variant 7 rev 3
Nov 30 09:14:28 ubuntu-phablet kernel: [    3.344577] Registering SWP/SWPB emulation handler
Nov 30 09:14:28 ubuntu-phablet kernel: [    3.351246] mmc0: new HS200 MMC card at address 0001
Nov 30 09:14:28 ubuntu-phablet kernel: [    3.352348] mmcblk0: mmc0:0001 M8G1GC 7.28 GiB 
Nov 30 09:14:28 ubuntu-phablet kernel: [    3.353012] mmcblk0rpmb: mmc0:0001 M8G1GC partition 3 512 KiB
Nov 30 09:14:28 ubuntu-phablet kernel: [    3.354868] Alternate GPT is invalid, using primary GPT.
Nov 30 09:14:28 ubuntu-phablet kernel: [    3.355000]  mmcblk0: p1 p2 p3 p4 p5 p6 p7 p8 p9 p10 p11 p12 p13 p14 p15 p16 p17 p18 p19 p20 p21 p22 p23 p24 p25 p26 p27 p28 p29
Nov 30 09:14:28 ubuntu-phablet kernel: [    3.356959] registered taskstats version 1
Nov 30 09:14:28 ubuntu-phablet kernel: [    3.376653] AppArmor: AppArmor sha1 policy hashing enabled
Nov 30 09:14:28 ubuntu-phablet kernel: [    3.378020] platform sound.42: Driver msm8226-asoc-tapan requests probe deferral
Nov 30 09:14:28 ubuntu-phablet kernel: [    3.379480] gpio_set_debounce: gpio-108 status -22
Nov 30 09:14:28 ubuntu-phablet kernel: [    3.379612] qcom,leds-qpnp leds-qpnp-f1e12000: Regulator get failed(-517)
Nov 30 09:14:28 ubuntu-phablet kernel: [    3.379714] qcom,leds-qpnp leds-qpnp-f1e12000: Unable to read flash config data
Nov 30 09:14:28 ubuntu-phablet kernel: [    3.379769] spmi leds-qpnp-f1e12000: Driver qcom,leds-qpnp requests probe deferral
Nov 30 09:14:28 ubuntu-phablet kernel: [    3.379780] gpio_set_debounce: gpio-107 status -22
Nov 30 09:14:28 ubuntu-phablet kernel: [    3.379948] gpio_set_debounce: gpio-106 status -22
Nov 30 09:14:28 ubuntu-phablet kernel: [    3.380013] bq2022: w1_bq2022_battery_id: pseduo_info:0x10139463
Nov 30 09:14:28 ubuntu-phablet kernel: [    3.380213] chg:qpnp_chg_vbatdet_set: voltage=4320 setting 36
Nov 30 09:14:28 ubuntu-phablet kernel: [    3.380409] input: gpio-keys as /devices/gpio_keys.75/input/input2
Nov 30 09:14:28 ubuntu-phablet kernel: [    3.380878] batfet: 
Nov 30 09:14:28 ubuntu-phablet kernel: [    3.381150] qcom,qpnp-rtc qpnp-rtc-f1df1000: setting system clock to 2015-11-30 09:14:21 UTC (1448874861)
Nov 30 09:14:28 ubuntu-phablet kernel: [    3.381192] 8226_smbbp_boost: 5000 mV 
Nov 30 09:14:28 ubuntu-phablet kernel: [    3.381584] 8226_smbbp_otg: 
Nov 30 09:14:28 ubuntu-phablet kernel: [    3.381634] 8226_smbbp_otg: supplied by 8226_smbbp_boost
Nov 30 09:14:28 ubuntu-phablet kernel: [    3.382108] msm_thermal: Interrupt mode init
Nov 30 09:14:28 ubuntu-phablet kernel: [    3.383266] clock_late_init: Removing enables held for handed-off clocks
Nov 30 09:14:28 ubuntu-phablet kernel: [    3.389420] ALSA device list:
Nov 30 09:14:28 ubuntu-phablet kernel: [    3.389441]   No soundcards found.
Nov 30 09:14:28 ubuntu-phablet kernel: [    3.389828] Freeing init memory: 224K
Nov 30 09:14:28 ubuntu-phablet kernel: [    3.397431] chg:qpnp_chg_vddmax_and_trim_set: voltage=4350+0 setting vddmax: 6f, trim: 00
Nov 30 09:14:28 ubuntu-phablet kernel: [    3.398598] chg:qpnp_chg_usb_chg_gone_irq_handler: chg_gone triggered, usb 1 3
Nov 30 09:14:28 ubuntu-phablet kernel: [    3.398681] chg:qpnp_chg_usb_usbin_valid_irq_handler: usbin-valid triggered: 1 host_mode: 0
Nov 30 09:14:28 ubuntu-phablet kernel: [    3.398783] chg:qpnp_chg_vddmax_and_trim_set: voltage=4350+0 setting vddmax: 6f, trim: 00
Nov 30 09:14:28 ubuntu-phablet kernel: [    3.398838] chg:qpnp_chg_dc_dcin_valid_irq_handler: dcin-valid triggered: 0
Nov 30 09:14:28 ubuntu-phablet kernel: [    3.398925] chg:qpnp_charger_probe: success chg_dis = 0, bpd = 1, usb = 1, dc = 0 b_health = 1 batt_present = 1
Nov 30 09:14:28 ubuntu-phablet kernel: [    3.399548] bq2022: w1_bq2022_battery_id: pseduo_info:0x10139463
Nov 30 09:14:28 ubuntu-phablet kernel: [    3.399787] BMS: read_shutdown_soc: stored soc = 0x6a, shutdown_soc = 52
Nov 30 09:14:28 ubuntu-phablet kernel: [    3.435419] exe used greatest stack depth: 5712 bytes left
Nov 30 09:14:28 ubuntu-phablet kernel: [    3.452638] BMS: read_soc_params_raw: PON_OCV_UV = 3823734, cc = 86da
Nov 30 09:14:28 ubuntu-phablet kernel: [    3.452691] BMS: read_soc_params_raw: OCV is stale or bad, estimating new OCV.
Nov 30 09:14:28 ubuntu-phablet kernel: [    3.452738] BMS: read_saved_instant_ocv: read instant ocv 3848 reg 70
Nov 30 09:14:28 ubuntu-phablet kernel: [    3.453161] all_generic_ide used greatest stack depth: 5560 bytes left
Nov 30 09:14:28 ubuntu-phablet kernel: [    3.457432] BMS: estimate_ocv: estimated pon ocv = 3899510 i1005079 v3757662 r167 d26000
Nov 30 09:14:28 ubuntu-phablet kernel: [    3.457483] BMS: read_soc_params_raw: instant ocv 3848 estimated 3899
Nov 30 09:14:28 ubuntu-phablet kernel: [    3.457678] BMS: read_soc_params_raw: New PON_OCV_UV = 3848000, cc = 86da
Nov 30 09:14:28 ubuntu-phablet kernel: [    3.489464] BMS: load_shutdown_data: raw_soc = 49 shutdown_soc = 52 shutdown_iavg = 250 shutdown_soc_invalid = 0, battery_removed = 0
Nov 30 09:14:28 ubuntu-phablet kernel: [    3.489672] BMS: setup_vbat_monitoring: set low thr to 3420000 and high to 4330000
Nov 30 09:14:28 ubuntu-phablet kernel: [    3.505157] BMS: refresh_die_temp_monitor: low = 49667, high = 59667
Nov 30 09:14:28 ubuntu-phablet kernel: [    3.567651] BMS: calculate_state_of_charge: soc = 50 before forcing shutdown_soc = 52
Nov 30 09:14:28 ubuntu-phablet kernel: [    3.567703] BMS: calculate_state_of_charge: DONE for shutdown_soc = 52 soc is 52, adjusted ocv to 3857000uV
Nov 30 09:14:28 ubuntu-phablet kernel: [    3.572507] BMS: adjust_soc: s 52 i 936701 v 3767094 ocv 3857000 rbatt 140 uuc 82120 cc 22 r 1106999 t 401
Nov 30 09:14:28 ubuntu-phablet kernel: [    3.613424] BMS: adjust_soc: s 53 i 959096 v 3764148 ocv 3857000 rbatt 140 uuc 61590 cc 30 r 1108620 t 401
Nov 30 09:14:28 ubuntu-phablet kernel: [    3.703561] chg:get_prop_capacity: resuming charging at 52% soc
Nov 30 09:14:28 ubuntu-phablet kernel: [    3.703614] chg:qpnp_chg_vbatdet_set: voltage=4380 setting 39
Nov 30 09:14:28 ubuntu-phablet kernel: [    3.705601] mmc1: new high speed SDHC card at address b368
Nov 30 09:14:28 ubuntu-phablet kernel: [    3.706552] mmcblk1: mmc1:b368 NCard 7.48 GiB 
Nov 30 09:14:28 ubuntu-phablet kernel: [    3.708316]  mmcblk1: p1 p2
Nov 30 09:14:28 ubuntu-phablet kernel: [    3.731283] BMS: qpnp_bms_probe: probe success: soc =52 vbatt = 3771334 ocv = 3857000 r_sense_uohm = 10000 warm_reset = 1
Nov 30 09:14:28 ubuntu-phablet kernel: [    3.732731] platform sound.42: Driver msm8226-asoc-tapan requests probe deferral
Nov 30 09:14:28 ubuntu-phablet kernel: [    3.733536] Registered led device: led:flash_0
Nov 30 09:14:28 ubuntu-phablet kernel: [    3.734142] Registered led device: led:flash_1
Nov 30 09:14:28 ubuntu-phablet kernel: [    3.734421] Registered led device: led:flash_torch
Nov 30 09:14:28 ubuntu-phablet kernel: [    3.735346] msm_otg f9a55000.usb: phy_reset: success
Nov 30 09:14:28 ubuntu-phablet kernel: [    3.735430] platform sound.42: Driver msm8226-asoc-tapan requests probe deferral
Nov 30 09:14:28 ubuntu-phablet kernel: [    3.939830] udevadm used greatest stack depth: 5228 bytes left
Nov 30 09:14:28 ubuntu-phablet kernel: [    3.974811] msm_hsusb msm_hsusb: CI13XXX_CONTROLLER_RESET_EVENT received
Nov 30 09:14:28 ubuntu-phablet kernel: [    4.383572] cpr_irq_handler: IRQ_STATUS = 0x05
Nov 30 09:14:28 ubuntu-phablet kernel: [    4.383636] cpr_scale: last_volt[corner:4, fuse_corner:2] = 1150000 uV
Nov 30 09:14:28 ubuntu-phablet kernel: [    4.383695] cpr_scale: Down: cpr status = 0x000053ad (error_steps=11)
Nov 30 09:14:28 ubuntu-phablet kernel: [    4.383751] cpr_scale: 11 is over down-limit(1): Clamp
Nov 30 09:14:28 ubuntu-phablet kernel: [    4.383826] cpr_scale: DOWN: -> new_volt[corner:4, fuse_corner:2] = 1140000 uV
Nov 30 09:14:28 ubuntu-phablet kernel: [    4.393917] cpr_irq_handler: IRQ_STATUS = 0x05
Nov 30 09:14:28 ubuntu-phablet kernel: [    4.393971] cpr_scale: last_volt[corner:4, fuse_corner:2] = 1140000 uV
Nov 30 09:14:28 ubuntu-phablet kernel: [    4.394029] cpr_scale: Down: cpr status = 0x00004eb1 (error_steps=12)
Nov 30 09:14:28 ubuntu-phablet kernel: [    4.394085] cpr_scale: 12 is over down-limit(1): Clamp
Nov 30 09:14:28 ubuntu-phablet kernel: [    4.394158] cpr_scale: DOWN: -> new_volt[corner:4, fuse_corner:2] = 1130000 uV
Nov 30 09:14:28 ubuntu-phablet kernel: [    4.404230] cpr_irq_handler: IRQ_STATUS = 0x05
Nov 30 09:14:28 ubuntu-phablet kernel: [    4.404282] cpr_scale: last_volt[corner:4, fuse_corner:2] = 1130000 uV
Nov 30 09:14:28 ubuntu-phablet kernel: [    4.404341] cpr_scale: Down: cpr status = 0x00004b35 (error_steps=13)
Nov 30 09:14:28 ubuntu-phablet kernel: [    4.404396] cpr_scale: 13 is over down-limit(1): Clamp
Nov 30 09:14:28 ubuntu-phablet kernel: [    4.404468] cpr_scale: DOWN: -> new_volt[corner:4, fuse_corner:2] = 1120000 uV
Nov 30 09:14:28 ubuntu-phablet kernel: [    4.873085] udevadm used greatest stack depth: 5216 bytes left
Nov 30 09:14:28 ubuntu-phablet kernel: [    4.885111] cpr_irq_handler: IRQ_STATUS = 0x05
Nov 30 09:14:28 ubuntu-phablet kernel: [    4.885199] cpr_scale: last_volt[corner:4, fuse_corner:2] = 1120000 uV
Nov 30 09:14:28 ubuntu-phablet kernel: [    4.885276] cpr_scale: Down: cpr status = 0x000045e5 (error_steps=9)
Nov 30 09:14:28 ubuntu-phablet kernel: [    4.885350] cpr_scale: 9 is over down-limit(1): Clamp
Nov 30 09:14:28 ubuntu-phablet kernel: [    4.885456] cpr_scale: DOWN: -> new_volt[corner:4, fuse_corner:2] = 1110000 uV
Nov 30 09:14:28 ubuntu-phablet kernel: [    4.922850] initrd: checking filesystem integrity for the userdata partition
Nov 30 09:14:28 ubuntu-phablet kernel: [    4.930486] EXT3-fs (mmcblk0p29): error: couldn't mount because of unsupported optional features (40)
Nov 30 09:14:28 ubuntu-phablet kernel: [    4.933310] EXT2-fs (mmcblk0p29): error: couldn't mount because of unsupported optional features (40)
Nov 30 09:14:28 ubuntu-phablet kernel: [    4.947589] EXT4-fs (mmcblk0p29): mounted filesystem with ordered data mode. Opts: errors=remount-ro
Nov 30 09:14:28 ubuntu-phablet kernel: [    4.985048] initrd: checking filesystem for userdata took (including e2fsck) 0 seconds
Nov 30 09:14:28 ubuntu-phablet kernel: [    5.006147] initrd: mounting /dev/mmcblk0p29
Nov 30 09:14:28 ubuntu-phablet kernel: [    5.013613] EXT3-fs (mmcblk0p29): error: unrecognized mount option "discard" or missing value
Nov 30 09:14:28 ubuntu-phablet kernel: [    5.135953] EXT4-fs: Warning: mounting with data=journal disables delayed allocation and O_DIRECT support!
Nov 30 09:14:28 ubuntu-phablet kernel: [    5.150480] EXT4-fs (mmcblk0p29): mounted filesystem with journalled data mode. Opts: discard,data=journal
Nov 30 09:14:28 ubuntu-phablet kernel: [    5.151858] exe used greatest stack depth: 5056 bytes left
Nov 30 09:14:28 ubuntu-phablet kernel: [    5.168150] initrd: boot mode: ubuntu
Nov 30 09:14:28 ubuntu-phablet kernel: [    5.195219] initrd: mounting system.img (user mode)
Nov 30 09:14:28 ubuntu-phablet kernel: [    5.218583] initrd: mounting device image as ro
Nov 30 09:14:28 ubuntu-phablet kernel: [    5.228391] EXT3-fs (loop1): error: couldn't mount because of unsupported optional features (40)
Nov 30 09:14:28 ubuntu-phablet kernel: [    5.232910] EXT2-fs (loop1): error: couldn't mount because of unsupported optional features (40)
Nov 30 09:14:28 ubuntu-phablet kernel: [    5.248869] EXT4-fs (loop1): mounted filesystem with ordered data mode. Opts: (null)
Nov 30 09:14:28 ubuntu-phablet kernel: [    5.263172] initrd: device is armani
Nov 30 09:14:28 ubuntu-phablet kernel: [    5.312535] cpr_irq_handler: IRQ_STATUS = 0x05
Nov 30 09:14:28 ubuntu-phablet kernel: [    5.312585] cpr_scale: last_volt[corner:6, fuse_corner:3] = 1290000 uV
Nov 30 09:14:28 ubuntu-phablet kernel: [    5.312628] cpr_scale: Down: cpr status = 0x00005c71 (error_steps=12)
Nov 30 09:14:28 ubuntu-phablet kernel: [    5.312669] cpr_scale: 12 is over down-limit(1): Clamp
Nov 30 09:14:28 ubuntu-phablet kernel: [    5.312730] cpr_scale: DOWN: -> new_volt[corner:6, fuse_corner:3] = 1280000 uV
Nov 30 09:14:28 ubuntu-phablet kernel: [    5.322814] cpr_irq_handler: IRQ_STATUS = 0x05
Nov 30 09:14:28 ubuntu-phablet kernel: [    5.322862] cpr_scale: last_volt[corner:6, fuse_corner:3] = 1280000 uV
Nov 30 09:14:28 ubuntu-phablet kernel: [    5.322911] cpr_scale: Down: cpr status = 0x000059bd (error_steps=15)
Nov 30 09:14:28 ubuntu-phablet kernel: [    5.322952] cpr_scale: 15 is over down-limit(1): Clamp
Nov 30 09:14:28 ubuntu-phablet kernel: [    5.323021] cpr_scale: DOWN: -> new_volt[corner:6, fuse_corner:3] = 1270000 uV
Nov 30 09:14:28 ubuntu-phablet kernel: [    5.333092] cpr_irq_handler: IRQ_STATUS = 0x05
Nov 30 09:14:28 ubuntu-phablet kernel: [    5.333142] cpr_scale: last_volt[corner:6, fuse_corner:3] = 1270000 uV
Nov 30 09:14:28 ubuntu-phablet kernel: [    5.333187] cpr_scale: Down: cpr status = 0x0000547d (error_steps=15)
Nov 30 09:14:28 ubuntu-phablet kernel: [    5.333236] cpr_scale: 15 is over down-limit(1): Clamp
Nov 30 09:14:28 ubuntu-phablet kernel: [    5.333297] cpr_scale: DOWN: -> new_volt[corner:6, fuse_corner:3] = 1260000 uV
Nov 30 09:14:28 ubuntu-phablet kernel: [    5.343380] cpr_irq_handler: IRQ_STATUS = 0x05
Nov 30 09:14:28 ubuntu-phablet kernel: [    5.343431] cpr_scale: last_volt[corner:6, fuse_corner:3] = 1260000 uV
Nov 30 09:14:28 ubuntu-phablet kernel: [    5.343478] cpr_scale: Down: cpr status = 0x000050fd (error_steps=15)
Nov 30 09:14:28 ubuntu-phablet kernel: [    5.343519] cpr_scale: 15 is over down-limit(1): Clamp
Nov 30 09:14:28 ubuntu-phablet kernel: [    5.343582] cpr_scale: DOWN: -> new_volt[corner:6, fuse_corner:3] = 1250000 uV
Nov 30 09:14:28 ubuntu-phablet kernel: [    6.271801] cpr_irq_handler: IRQ_STATUS = 0x05
Nov 30 09:14:28 ubuntu-phablet kernel: [    6.271891] cpr_scale: last_volt[corner:4, fuse_corner:2] = 1110000 uV
Nov 30 09:14:28 ubuntu-phablet kernel: [    6.271969] cpr_scale: Down: cpr status = 0x000042a1 (error_steps=8)
Nov 30 09:14:28 ubuntu-phablet kernel: [    6.272042] cpr_scale: 8 is over down-limit(1): Clamp
Nov 30 09:14:28 ubuntu-phablet kernel: [    6.272141] cpr_scale: DOWN: -> new_volt[corner:4, fuse_corner:2] = 1100000 uV
Nov 30 09:14:28 ubuntu-phablet kernel: [    6.282235] cpr_irq_handler: IRQ_STATUS = 0x05
Nov 30 09:14:28 ubuntu-phablet kernel: [    6.282305] cpr_scale: last_volt[corner:4, fuse_corner:2] = 1100000 uV
Nov 30 09:14:28 ubuntu-phablet kernel: [    6.282381] cpr_scale: Down: cpr status = 0x00003e65 (error_steps=9)
Nov 30 09:14:28 ubuntu-phablet kernel: [    6.282454] cpr_scale: 9 is over down-limit(1): Clamp
Nov 30 09:14:28 ubuntu-phablet kernel: [    6.282547] cpr_scale: DOWN: -> new_volt[corner:4, fuse_corner:2] = 1090000 uV
Nov 30 09:14:28 ubuntu-phablet kernel: [    6.292661] cpr_irq_handler: IRQ_STATUS = 0x05
Nov 30 09:14:28 ubuntu-phablet kernel: [    6.292729] cpr_scale: last_volt[corner:4, fuse_corner:2] = 1090000 uV
Nov 30 09:14:28 ubuntu-phablet kernel: [    6.292805] cpr_scale: Down: cpr status = 0x000039e9 (error_steps=10)
Nov 30 09:14:28 ubuntu-phablet kernel: [    6.292878] cpr_scale: 10 is over down-limit(1): Clamp
Nov 30 09:14:28 ubuntu-phablet kernel: [    6.292970] cpr_scale: DOWN: -> new_volt[corner:4, fuse_corner:2] = 1080000 uV
Nov 30 09:14:28 ubuntu-phablet kernel: [    6.303060] cpr_irq_handler: IRQ_STATUS = 0x05
Nov 30 09:14:28 ubuntu-phablet kernel: [    6.303127] cpr_scale: last_volt[corner:4, fuse_corner:2] = 1080000 uV
Nov 30 09:14:28 ubuntu-phablet kernel: [    6.303203] cpr_scale: Down: cpr status = 0x00003529 (error_steps=10)
Nov 30 09:14:28 ubuntu-phablet kernel: [    6.303277] cpr_scale: 10 is over down-limit(1): Clamp
Nov 30 09:14:28 ubuntu-phablet kernel: [    6.303368] cpr_scale: DOWN: -> new_volt[corner:4, fuse_corner:2] = 1070000 uV
Nov 30 09:14:28 ubuntu-phablet kernel: [    6.313480] cpr_irq_handler: IRQ_STATUS = 0x05
Nov 30 09:14:28 ubuntu-phablet kernel: [    6.313548] cpr_scale: last_volt[corner:4, fuse_corner:2] = 1070000 uV
Nov 30 09:14:28 ubuntu-phablet kernel: [    6.313624] cpr_scale: Down: cpr status = 0x000030e5 (error_steps=9)
Nov 30 09:14:28 ubuntu-phablet kernel: [    6.313697] cpr_scale: 9 is over down-limit(1): Clamp
Nov 30 09:14:28 ubuntu-phablet kernel: [    6.313788] cpr_scale: DOWN: -> new_volt[corner:4, fuse_corner:2] = 1060000 uV
Nov 30 09:14:28 ubuntu-phablet kernel: [    6.323876] cpr_irq_handler: IRQ_STATUS = 0x05
Nov 30 09:14:28 ubuntu-phablet kernel: [    6.323944] cpr_scale: last_volt[corner:4, fuse_corner:2] = 1060000 uV
Nov 30 09:14:28 ubuntu-phablet kernel: [    6.324020] cpr_scale: Down: cpr status = 0x00002c61 (error_steps=8)
Nov 30 09:14:28 ubuntu-phablet kernel: [    6.324092] cpr_scale: 8 is over down-limit(1): Clamp
Nov 30 09:14:28 ubuntu-phablet kernel: [    6.324183] cpr_scale: DOWN: -> new_volt[corner:4, fuse_corner:2] = 1050000 uV
Nov 30 09:14:28 ubuntu-phablet kernel: [    6.334294] cpr_irq_handler: IRQ_STATUS = 0x05
Nov 30 09:14:28 ubuntu-phablet kernel: [    6.334362] cpr_scale: last_volt[corner:4, fuse_corner:2] = 1050000 uV
Nov 30 09:14:28 ubuntu-phablet kernel: [    6.334438] cpr_scale: Down: cpr status = 0x0000271d (error_steps=7)
Nov 30 09:14:28 ubuntu-phablet kernel: [    6.334513] cpr_scale: [corn:4, fuse_corner:2] @ floor: 1050000 <= 1050000: NACK
Nov 30 09:14:28 ubuntu-phablet kernel: [    6.334602] cpr_scale: gcnt = 0x000133a9 (quot = 937)
Nov 30 09:14:28 ubuntu-phablet kernel: [    7.400593] init used greatest stack depth: 4384 bytes left
Nov 30 09:14:28 ubuntu-phablet kernel: [    7.612569] cpr_irq_handler: IRQ_STATUS = 0x05
Nov 30 09:14:28 ubuntu-phablet kernel: [    7.612624] cpr_scale: last_volt[corner:5, fuse_corner:3] = 1290000 uV
Nov 30 09:14:28 ubuntu-phablet kernel: [    7.612671] cpr_scale: Down: cpr status = 0x00006c39 (error_steps=14)
Nov 30 09:14:28 ubuntu-phablet kernel: [    7.612715] cpr_scale: 14 is over down-limit(1): Clamp
Nov 30 09:14:28 ubuntu-phablet kernel: [    7.612794] cpr_scale: DOWN: -> new_volt[corner:5, fuse_corner:3] = 1280000 uV
Nov 30 09:14:28 ubuntu-phablet kernel: [    7.622857] cpr_irq_handler: IRQ_STATUS = 0x05
Nov 30 09:14:28 ubuntu-phablet kernel: [    7.622906] cpr_scale: last_volt[corner:5, fuse_corner:3] = 1280000 uV
Nov 30 09:14:28 ubuntu-phablet kernel: [    7.622952] cpr_scale: Down: cpr status = 0x0000687d (error_steps=15)
Nov 30 09:14:28 ubuntu-phablet kernel: [    7.622996] cpr_scale: 15 is over down-limit(1): Clamp
Nov 30 09:14:28 ubuntu-phablet kernel: [    7.623060] cpr_scale: DOWN: -> new_volt[corner:5, fuse_corner:3] = 1270000 uV
Nov 30 09:14:28 ubuntu-phablet kernel: [    7.633136] cpr_irq_handler: IRQ_STATUS = 0x05
Nov 30 09:14:28 ubuntu-phablet kernel: [    7.633195] cpr_scale: last_volt[corner:5, fuse_corner:3] = 1270000 uV
Nov 30 09:14:28 ubuntu-phablet kernel: [    7.633244] cpr_scale: Down: cpr status = 0x0000647d (error_steps=15)
Nov 30 09:14:28 ubuntu-phablet kernel: [    7.633300] cpr_scale: 15 is over down-limit(1): Clamp
Nov 30 09:14:28 ubuntu-phablet kernel: [    7.633380] cpr_scale: DOWN: -> new_volt[corner:5, fuse_corner:3] = 1260000 uV
Nov 30 09:14:28 ubuntu-phablet kernel: [    7.643459] cpr_irq_handler: IRQ_STATUS = 0x05
Nov 30 09:14:28 ubuntu-phablet kernel: [    7.643510] cpr_scale: last_volt[corner:5, fuse_corner:3] = 1260000 uV
Nov 30 09:14:28 ubuntu-phablet kernel: [    7.643556] cpr_scale: Down: cpr status = 0x000060bd (error_steps=15)
Nov 30 09:14:28 ubuntu-phablet kernel: [    7.643600] cpr_scale: 15 is over down-limit(1): Clamp
Nov 30 09:14:28 ubuntu-phablet kernel: [    7.643664] cpr_scale: DOWN: -> new_volt[corner:5, fuse_corner:3] = 1250000 uV
Nov 30 09:14:28 ubuntu-phablet kernel: [    7.653749] cpr_irq_handler: IRQ_STATUS = 0x05
Nov 30 09:14:28 ubuntu-phablet kernel: [    7.653799] cpr_scale: last_volt[corner:5, fuse_corner:3] = 1250000 uV
Nov 30 09:14:28 ubuntu-phablet kernel: [    7.653846] cpr_scale: Down: cpr status = 0x00005dfd (error_steps=15)
Nov 30 09:14:28 ubuntu-phablet kernel: [    7.653891] cpr_scale: 15 is over down-limit(1): Clamp
Nov 30 09:14:28 ubuntu-phablet kernel: [    7.653954] cpr_scale: DOWN: -> new_volt[corner:5, fuse_corner:3] = 1240000 uV
Nov 30 09:14:28 ubuntu-phablet kernel: [    7.740423] initrd: checking fstab /root/var/lib/lxc/android/rootfs/fstab* for additional mount points
Nov 30 09:14:28 ubuntu-phablet kernel: [    7.817453] initrd: checking mount label cache
Nov 30 09:14:28 ubuntu-phablet kernel: [    7.819136] initrd: mounting /dev/disk/by-partlabel/cache as /root/android//cache
Nov 30 09:14:28 ubuntu-phablet kernel: [    7.827149] EXT4-fs (mmcblk0p28): mounted filesystem with ordered data mode. Opts: barrier=1
Nov 30 09:14:28 ubuntu-phablet kernel: [    7.856539] initrd: checking mount label persist
Nov 30 09:14:28 ubuntu-phablet kernel: [    7.858124] initrd: mounting /dev/disk/by-partlabel/persist as /root/android//persist
Nov 30 09:14:28 ubuntu-phablet kernel: [    7.870092] EXT4-fs (mmcblk0p26): warning: maximal mount count reached, running e2fsck is recommended
Nov 30 09:14:28 ubuntu-phablet kernel: [    7.870668] EXT4-fs (mmcblk0p26): recovery complete
Nov 30 09:14:28 ubuntu-phablet kernel: [    7.871912] EXT4-fs (mmcblk0p26): mounted filesystem with ordered data mode. Opts: barrier=1
Nov 30 09:14:28 ubuntu-phablet kernel: [    7.888507] initrd: checking mount label modem
Nov 30 09:14:28 ubuntu-phablet kernel: [    7.890109] initrd: mounting /dev/disk/by-partlabel/modem as /root/android//firmware
Nov 30 09:14:28 ubuntu-phablet kernel: [    7.918121] initrd: checking mount label boot
Nov 30 09:14:28 ubuntu-phablet kernel: [    7.919724] initrd: mounting /dev/disk/by-partlabel/boot as /root/android//boot
Nov 30 09:14:28 ubuntu-phablet kernel: [    7.948426] initrd: checking mount label recovery
Nov 30 09:14:28 ubuntu-phablet kernel: [    7.950033] initrd: mounting /dev/disk/by-partlabel/recovery as /root/android//recovery
Nov 30 09:14:28 ubuntu-phablet kernel: [    7.985407] initrd: checking mount label mmc_host
Nov 30 09:14:28 ubuntu-phablet kernel: [    8.001995] initrd: checking mount label usb1
Nov 30 09:14:28 ubuntu-phablet kernel: [    8.028648] initrd: checking mount label zram0
Nov 30 09:14:28 ubuntu-phablet kernel: [    8.030377] initrd: mounting /dev/zram0 as /root/android/none
Nov 30 09:14:28 ubuntu-phablet kernel: [    8.039772] initrd: mounting /root/var/lib/lxc/android/system.img as /root/android/system
Nov 30 09:14:28 ubuntu-phablet kernel: [    8.120506] cpr_irq_handler: IRQ_STATUS = 0x05
Nov 30 09:14:28 ubuntu-phablet kernel: [    8.120560] cpr_scale: last_volt[corner:5, fuse_corner:3] = 1240000 uV
Nov 30 09:14:28 ubuntu-phablet kernel: [    8.120606] cpr_scale: Down: cpr status = 0x000058ad (error_steps=11)
Nov 30 09:14:28 ubuntu-phablet kernel: [    8.120651] cpr_scale: 11 is over down-limit(1): Clamp
Nov 30 09:14:28 ubuntu-phablet kernel: [    8.120718] cpr_scale: DOWN: -> new_volt[corner:5, fuse_corner:3] = 1230000 uV
Nov 30 09:14:28 ubuntu-phablet kernel: [    8.130802] cpr_irq_handler: IRQ_STATUS = 0x05
Nov 30 09:14:28 ubuntu-phablet kernel: [    8.130856] cpr_scale: last_volt[corner:5, fuse_corner:3] = 1230000 uV
Nov 30 09:14:28 ubuntu-phablet kernel: [    8.130903] cpr_scale: Down: cpr status = 0x000052b5 (error_steps=13)
Nov 30 09:14:28 ubuntu-phablet kernel: [    8.130956] cpr_scale: 13 is over down-limit(1): Clamp
Nov 30 09:14:28 ubuntu-phablet kernel: [    8.131028] cpr_scale: DOWN: -> new_volt[corner:5, fuse_corner:3] = 1220000 uV
Nov 30 09:14:28 ubuntu-phablet kernel: [    8.141119] cpr_irq_handler: IRQ_STATUS = 0x05
Nov 30 09:14:28 ubuntu-phablet kernel: [    8.141176] cpr_scale: last_volt[corner:5, fuse_corner:3] = 1220000 uV
Nov 30 09:14:28 ubuntu-phablet kernel: [    8.141229] cpr_scale: Down: cpr status = 0x000050fd (error_steps=15)
Nov 30 09:14:28 ubuntu-phablet kernel: [    8.141277] cpr_scale: 15 is over down-limit(1): Clamp
Nov 30 09:14:28 ubuntu-phablet kernel: [    8.141352] cpr_scale: DOWN: -> new_volt[corner:5, fuse_corner:3] = 1210000 uV
Nov 30 09:14:28 ubuntu-phablet kernel: [    8.151432] cpr_irq_handler: IRQ_STATUS = 0x05
Nov 30 09:14:28 ubuntu-phablet kernel: [    8.151478] cpr_scale: last_volt[corner:5, fuse_corner:3] = 1210000 uV
Nov 30 09:14:28 ubuntu-phablet kernel: [    8.151524] cpr_scale: Down: cpr status = 0x00004cfd (error_steps=15)
Nov 30 09:14:28 ubuntu-phablet kernel: [    8.151569] cpr_scale: 15 is over down-limit(1): Clamp
Nov 30 09:14:28 ubuntu-phablet kernel: [    8.151631] cpr_scale: DOWN: -> new_volt[corner:5, fuse_corner:3] = 1200000 uV
Nov 30 09:14:28 ubuntu-phablet kernel: [    8.161698] cpr_irq_handler: IRQ_STATUS = 0x05
Nov 30 09:14:28 ubuntu-phablet kernel: [    8.161740] cpr_scale: last_volt[corner:5, fuse_corner:3] = 1200000 uV
Nov 30 09:14:28 ubuntu-phablet kernel: [    8.161786] cpr_scale: Down: cpr status = 0x00004875 (error_steps=13)
Nov 30 09:14:28 ubuntu-phablet kernel: [    8.161830] cpr_scale: 13 is over down-limit(1): Clamp
Nov 30 09:14:28 ubuntu-phablet kernel: [    8.161888] cpr_scale: DOWN: -> new_volt[corner:5, fuse_corner:3] = 1190000 uV
Nov 30 09:14:28 ubuntu-phablet kernel: [    8.171955] cpr_irq_handler: IRQ_STATUS = 0x05
Nov 30 09:14:28 ubuntu-phablet kernel: [    8.171996] cpr_scale: last_volt[corner:5, fuse_corner:3] = 1190000 uV
Nov 30 09:14:28 ubuntu-phablet kernel: [    8.172042] cpr_scale: Down: cpr status = 0x000044b5 (error_steps=13)
Nov 30 09:14:28 ubuntu-phablet kernel: [    8.172086] cpr_scale: 13 is over down-limit(1): Clamp
Nov 30 09:14:28 ubuntu-phablet kernel: [    8.172143] cpr_scale: DOWN: -> new_volt[corner:5, fuse_corner:3] = 1180000 uV
Nov 30 09:14:28 ubuntu-phablet kernel: [    8.209423] Adding 102396k swap on /root/userdata/SWAP.img.  Priority:-1 extents:5 across:327676k SS
Nov 30 09:14:28 ubuntu-phablet kernel: [    8.402295] chg:qpnp_invalid_charger_work: qpnp_invalid_charger_work usb 1 batt 1 status 2 usb online 0
Nov 30 09:14:28 ubuntu-phablet kernel: [    8.402424] chg:qpnp_chg_iusbmax_set: mA 500
Nov 30 09:14:28 ubuntu-phablet kernel: [    8.402530] chg:qpnp_chg_chgr_chg_fastchg_irq_handler: FAST_CHG IRQ triggered
Nov 30 09:14:28 ubuntu-phablet kernel: [    8.402564] chg:qpnp_chg_vbatdet_set: voltage=4320 setting 36
Nov 30 09:14:28 ubuntu-phablet kernel: [    8.402639] ft5x06_i2c 5-0038: Power state changed, set noise filter to 0x1
Nov 30 09:14:28 ubuntu-phablet kernel: [    8.477373] BMS: adjust_soc: s 53 i 344035 v 3830469 ocv 3857000 rbatt 140 uuc 41060 cc 1057 r 1108620 t 400
Nov 30 09:14:28 ubuntu-phablet kernel: [    8.586786] init: ureadahead main process (633) terminated with status 5
Nov 30 09:14:28 ubuntu-phablet kernel: [    8.662487] cpr_irq_handler: IRQ_STATUS = 0x05
