Nov 30 08:35:19 ubuntu-phablet kernel: imklog 5.8.11, log source = /proc/kmsg started.
Nov 30 08:35:19 ubuntu-phablet rsyslogd: [origin software="rsyslogd" swVersion="5.8.11" x-pid="890" x-info="http://www.rsyslog.com"] start
Nov 30 08:35:19 ubuntu-phablet rsyslogd: rsyslogd's groupid changed to 103
Nov 30 08:35:19 ubuntu-phablet rsyslogd: rsyslogd's userid changed to 101
Nov 30 08:35:19 ubuntu-phablet rsyslogd-2039: Could not open output pipe '/dev/xconsole' [try http://www.rsyslog.com/e/2039 ]
Nov 30 08:35:19 ubuntu-phablet kernel: [    0.000000] Booting Linux on physical CPU 0
Nov 30 08:35:19 ubuntu-phablet kernel: [    0.000000] Initializing cgroup subsys cpu
Nov 30 08:35:19 ubuntu-phablet kernel: [    0.000000] Linux version 3.4.0-g3106909-dirty (alexforsale@elasrofxela) (gcc version 4.7 (GCC) ) #3 SMP PREEMPT Mon Nov 30 03:59:58 WIB 2015
Nov 30 08:35:19 ubuntu-phablet kernel: [    0.000000] CPU: ARMv7 Processor [410fc073] revision 3 (ARMv7), cr=10c5387d
Nov 30 08:35:19 ubuntu-phablet kernel: [    0.000000] CPU: PIPT / VIPT nonaliasing data cache, VIPT aliasing instruction cache
Nov 30 08:35:19 ubuntu-phablet kernel: [    0.000000] Machine: Qualcomm MSM 8226 (Flattened Device Tree), model: Qualcomm MSM 8226v2 H1A
Nov 30 08:35:19 ubuntu-phablet kernel: [    0.000000] Powerup reason=0x40180
Nov 30 08:35:19 ubuntu-phablet kernel: [    0.000000] Hw version=0x40
Nov 30 08:35:19 ubuntu-phablet kernel: [    0.000000] qcom,ion-heap@28 reserved EBI1 size 314000
Nov 30 08:35:19 ubuntu-phablet kernel: [    0.000000] qcom,mdss_fb_primary reserved EBI1 size 800000
Nov 30 08:35:19 ubuntu-phablet kernel: [    0.000000] Node qcom,mdss_fb_primary memblock_reserve memory 3200000-41a0000
Nov 30 08:35:19 ubuntu-phablet kernel: [    0.000000] Node qcom,msm-mem-hole removed memory 8400000-c400000
Nov 30 08:35:19 ubuntu-phablet kernel: [    0.000000] Node qcom,msm-mem-hole removed memory d200000-f500000
Nov 30 08:35:19 ubuntu-phablet kernel: [    0.000000] Node qcom,msm-mem-hole removed memory fa00000-ff00000
Nov 30 08:35:19 ubuntu-phablet kernel: [    0.000000] qcom,msm-rtb reserved EBI1 size 100000
Nov 30 08:35:19 ubuntu-phablet kernel: [    0.000000] memory pool 3 (start 0x3f300000 size d00000) initialized
Nov 30 08:35:19 ubuntu-phablet kernel: [    0.000000] Initialized persistent memory from 3f100000-3f2fffff
Nov 30 08:35:19 ubuntu-phablet kernel: [    0.000000] cma: CMA: reserved 16 MiB at 35000000
Nov 30 08:35:19 ubuntu-phablet kernel: [    0.000000] cma: Found secure_region, memory base 0, size 109 MiB
Nov 30 08:35:19 ubuntu-phablet kernel: [    0.000000] cma: CMA: reserved 112 MiB at 38000000
Nov 30 08:35:19 ubuntu-phablet kernel: [    0.000000] cma: Found adsp_region, memory base 0, size 42 MiB
Nov 30 08:35:19 ubuntu-phablet kernel: [    0.000000] cma: CMA: reserved 44 MiB at 32400000
Nov 30 08:35:19 ubuntu-phablet kernel: [    0.000000] cma: Found qsecom_region, memory base 0, size 13 MiB
Nov 30 08:35:19 ubuntu-phablet kernel: [    0.000000] cma: CMA: reserved 16 MiB at 37000000
Nov 30 08:35:19 ubuntu-phablet kernel: [    0.000000] Memory policy: ECC disabled, Data cache writealloc
Nov 30 08:35:19 ubuntu-phablet kernel: [    0.000000] IMEM DT static mapping successful
Nov 30 08:35:19 ubuntu-phablet kernel: [    0.000000] On node 0 totalpages: 232192
Nov 30 08:35:19 ubuntu-phablet kernel: [    0.000000] free_area_init_node: node 0, pgdat c1316a40, node_mem_map c243f000
Nov 30 08:35:19 ubuntu-phablet kernel: [    0.000000]   Normal zone: 1944 pages used for memmap
Nov 30 08:35:19 ubuntu-phablet kernel: [    0.000000]   Normal zone: 0 pages reserved
Nov 30 08:35:19 ubuntu-phablet kernel: [    0.000000]   Normal zone: 192616 pages, LIFO batch:31
Nov 30 08:35:19 ubuntu-phablet kernel: [    0.000000]   HighMem zone: 360 pages used for memmap
Nov 30 08:35:19 ubuntu-phablet kernel: [    0.000000]   HighMem zone: 37272 pages, LIFO batch:7
Nov 30 08:35:19 ubuntu-phablet kernel: [    0.000000] PERCPU: Embedded 10 pages/cpu @c2d82000 s16448 r8192 d16320 u40960
Nov 30 08:35:19 ubuntu-phablet kernel: [    0.000000] pcpu-alloc: s16448 r8192 d16320 u40960 alloc=10*4096
Nov 30 08:35:19 ubuntu-phablet kernel: [    0.000000] pcpu-alloc: [0] 0 [0] 1 [0] 2 [0] 3 
Nov 30 08:35:19 ubuntu-phablet kernel: [    0.000000] Built 1 zonelists in Zone order, mobility grouping on.  Total pages: 229888
Nov 30 08:35:19 ubuntu-phablet kernel: [    0.000000] Kernel command line: console=ttyHSL0,115200,n8 androidboot.console=ttyHSL0 androidboot.hardware=armani user_debug=31 msm_rtb.filter=0x37 console=tty0 androidboot.emmc=true androidboot.modem=HM1AW androidboot.hwversion=40 androidboot.serialno=9924b89b androidboot.baseband=msm mdss_mdp.panel=1:dsi:0:qcom,mdss_dsi_auo_720p_video
Nov 30 08:35:19 ubuntu-phablet kernel: [    0.000000] androidboot.modem= HM1AW
Nov 30 08:35:19 ubuntu-phablet kernel: [    0.000000] PID hash table entries: 4096 (order: 2, 16384 bytes)
Nov 30 08:35:19 ubuntu-phablet kernel: [    0.000000] Dentry cache hash table entries: 131072 (order: 7, 524288 bytes)
Nov 30 08:35:19 ubuntu-phablet kernel: [    0.000000] Inode-cache hash table entries: 65536 (order: 6, 262144 bytes)
Nov 30 08:35:19 ubuntu-phablet kernel: [    0.000000] Memory: 132MB 14MB 5MB 756MB = 907MB total
Nov 30 08:35:19 ubuntu-phablet kernel: [    0.000000] Memory: 677072k/677072k available, 265008k reserved, 17408K highmem
Nov 30 08:35:19 ubuntu-phablet kernel: [    0.000000] Virtual kernel memory layout:
Nov 30 08:35:19 ubuntu-phablet kernel: [    0.000000]     vector  : 0xffff0000 - 0xffff1000   (   4 kB)
Nov 30 08:35:19 ubuntu-phablet kernel: [    0.000000]     fixmap  : 0xfff00000 - 0xfffe0000   ( 896 kB)
Nov 30 08:35:19 ubuntu-phablet kernel: [    0.000000] 	   vmalloc : 0xf6800000 - 0xff000000   ( 136 MB)
Nov 30 08:35:19 ubuntu-phablet kernel: [    0.000000] 	    lowmem : 0xe0000000 - 0xf6000000   ( 352 MB)
Nov 30 08:35:19 ubuntu-phablet kernel: [    0.000000] 	    lowmem : 0xcff00000 - 0xe0000000   ( 257 MB)
Nov 30 08:35:19 ubuntu-phablet kernel: [    0.000000] 	   vmalloc : 0xcfa00000 - 0xcff00000   (   5 MB)
Nov 30 08:35:19 ubuntu-phablet kernel: [    0.000000] 	    lowmem : 0xcf500000 - 0xcfa00000   (   5 MB)
Nov 30 08:35:19 ubuntu-phablet kernel: [    0.000000] 	   vmalloc : 0xcd200000 - 0xcf500000   (  35 MB)
Nov 30 08:35:19 ubuntu-phablet kernel: [    0.000000] 	    lowmem : 0xcc400000 - 0xcd200000   (  14 MB)
Nov 30 08:35:19 ubuntu-phablet kernel: [    0.000000] 	   vmalloc : 0xc8400000 - 0xcc400000   (  64 MB)
Nov 30 08:35:19 ubuntu-phablet kernel: [    0.000000] 	    lowmem : 0xc0000000 - 0xc8400000   ( 132 MB)
Nov 30 08:35:19 ubuntu-phablet kernel: [    0.000000]     pkmap   : 0xbfe00000 - 0xc0000000   (   2 MB)
Nov 30 08:35:19 ubuntu-phablet kernel: [    0.000000]     modules : 0xbf000000 - 0xbfe00000   (  14 MB)
Nov 30 08:35:19 ubuntu-phablet kernel: [    0.000000]       .text : 0xc0008000 - 0xc1090000   (16928 kB)
Nov 30 08:35:19 ubuntu-phablet kernel: [    0.000000]       .init : 0xc1100000 - 0xc1238040   (1249 kB)
Nov 30 08:35:19 ubuntu-phablet kernel: [    0.000000]       .data : 0xc123a000 - 0xc1349a60   (1087 kB)
Nov 30 08:35:19 ubuntu-phablet kernel: [    0.000000]        .bss : 0xc1349a84 - 0xc1b3b0e0   (8134 kB)
Nov 30 08:35:19 ubuntu-phablet kernel: [    0.000000] SLUB: Genslabs=11, HWalign=64, Order=0-3, MinObjects=0, CPUs=4, Nodes=1
Nov 30 08:35:19 ubuntu-phablet kernel: [    0.000000] Preemptible hierarchical RCU implementation.
Nov 30 08:35:19 ubuntu-phablet kernel: [    0.000000] 	RCU dyntick-idle grace-period acceleration is enabled.
Nov 30 08:35:19 ubuntu-phablet kernel: [    0.000000] NR_IRQS:16 nr_irqs:16 16
Nov 30 08:35:19 ubuntu-phablet kernel: [    0.000000] kmemleak: Kernel memory leak detector disabled
Nov 30 08:35:19 ubuntu-phablet kernel: [    0.000000] sched_clock: 32 bits at 19MHz, resolution 52ns, wraps every 223696ms
Nov 30 08:35:19 ubuntu-phablet kernel: [    0.000000] Switching to timer-based delay loop
Nov 30 08:35:19 ubuntu-phablet kernel: [    0.000000] Console: colour dummy device 80x30
Nov 30 08:35:19 ubuntu-phablet kernel: [    0.000000] console [tty0] enabled
Nov 30 08:35:19 ubuntu-phablet kernel: [    0.002101] Calibrating delay loop (skipped), value calculated using timer frequency.. 38.40 BogoMIPS (lpj=192000)
Nov 30 08:35:19 ubuntu-phablet kernel: [    0.002188] pid_max: default: 32768 minimum: 301
Nov 30 08:35:19 ubuntu-phablet kernel: [    0.002529] Security Framework initialized
Nov 30 08:35:19 ubuntu-phablet kernel: [    0.002768] AppArmor: AppArmor initialized
Nov 30 08:35:19 ubuntu-phablet kernel: [    0.002809] Yama: becoming mindful.
Nov 30 08:35:19 ubuntu-phablet kernel: [    0.003012] Mount-cache hash table entries: 512
Nov 30 08:35:19 ubuntu-phablet kernel: [    0.004560] Initializing cgroup subsys debug
Nov 30 08:35:19 ubuntu-phablet kernel: [    0.004608] Initializing cgroup subsys cpuacct
Nov 30 08:35:19 ubuntu-phablet kernel: [    0.004649] Initializing cgroup subsys freezer
Nov 30 08:35:19 ubuntu-phablet kernel: [    0.004818] CPU: Testing write buffer coherency: ok
Nov 30 08:35:19 ubuntu-phablet kernel: [    0.004912] ftrace: allocating 36172 entries in 107 pages
Nov 30 08:35:19 ubuntu-phablet kernel: [    0.055425] ------------[ cut here ]------------
Nov 30 08:35:19 ubuntu-phablet kernel: [    0.055491] WARNING: at /home/alexforsale/phablet/kernel/xiaomi/armani/kernel/trace/ftrace.c:1590 ftrace_bug+0xec/0x174()
Nov 30 08:35:19 ubuntu-phablet kernel: [    0.055569] Modules linked in:
Nov 30 08:35:19 ubuntu-phablet kernel: [    0.055604] Backtrace: 
Nov 30 08:35:19 ubuntu-phablet kernel: [    0.055653] [<c010a95c>] (dump_backtrace+0x0/0x114) from [<c0b6d2ac>] (dump_stack+0x20/0x24)
Nov 30 08:35:19 ubuntu-phablet kernel: [    0.055718]  r6:c0215c30 r5:00000009 r4:00000000 r3:271ae91c
Nov 30 08:35:19 ubuntu-phablet kernel: [    0.055806] [<c0b6d28c>] (dump_stack+0x0/0x24) from [<c019c6b8>] (warn_slowpath_common+0x5c/0x74)
Nov 30 08:35:19 ubuntu-phablet kernel: [    0.055885] [<c019c65c>] (warn_slowpath_common+0x0/0x74) from [<c019c6fc>] (warn_slowpath_null+0x2c/0x34)
Nov 30 08:35:19 ubuntu-phablet kernel: [    0.055955]  r8:60000153 r7:00000000 r6:00000000 r5:c01003a0 r4:c1318389
Nov 30 08:35:19 ubuntu-phablet kernel: [    0.056033] r3:00000009
Nov 30 08:35:19 ubuntu-phablet kernel: [    0.056083] [<c019c6d0>] (warn_slowpath_null+0x0/0x34) from [<c0215c30>] (ftrace_bug+0xec/0x174)
Nov 30 08:35:19 ubuntu-phablet kernel: [    0.056161] [<c0215b44>] (ftrace_bug+0x0/0x174) from [<c0216068>] (ftrace_process_locs+0x3b0/0x500)
Nov 30 08:35:19 ubuntu-phablet kernel: [    0.056229]  r5:f1c21e40 r4:00000000
Nov 30 08:35:19 ubuntu-phablet kernel: [    0.056291] [<c0215cb8>] (ftrace_process_locs+0x0/0x500) from [<c11122d8>] (ftrace_init+0x98/0x18c)
Nov 30 08:35:19 ubuntu-phablet kernel: [    0.056371] [<c1112240>] (ftrace_init+0x0/0x18c) from [<c1100ab4>] (start_kernel+0x308/0x368)
Nov 30 08:35:19 ubuntu-phablet kernel: [    0.056435]  r7:c2d7f280 r6:00000000 r5:00000000 r4:c1243fe8
Nov 30 08:35:19 ubuntu-phablet kernel: [    0.056518] [<c11007ac>] (start_kernel+0x0/0x368) from [<0000803c>] (0x803c)
Nov 30 08:35:19 ubuntu-phablet kernel: [    0.056570]  r7:c1248ac4 r6:c1200f00 r5:c12424dc r4:10c5387d
Nov 30 08:35:19 ubuntu-phablet kernel: [    0.056676] ---[ end trace da227214a82491b7 ]---
Nov 30 08:35:19 ubuntu-phablet kernel: [    0.056717] ftrace faulted on writing [<c01003a0>] asm_do_IRQ+0x10/0x1c
Nov 30 08:35:19 ubuntu-phablet kernel: [    0.057262] CPU0: thread -1, cpu 0, socket 0, mpidr 80000000
Nov 30 08:35:19 ubuntu-phablet kernel: [    0.057394] hw perfevents: enabled with ARMv7 Cortex-A7 PMU driver, 5 counters available
Nov 30 08:35:19 ubuntu-phablet kernel: [    0.062207] Setting up static identity map for 0xb836b0 - 0xb83714
Nov 30 08:35:19 ubuntu-phablet kernel: [    0.062299] Configuring XPU violations to be fatal errors
Nov 30 08:35:19 ubuntu-phablet kernel: [    0.062351] MSM Memory Dump table set up
Nov 30 08:35:19 ubuntu-phablet kernel: [    0.068927] CPU1: thread -1, cpu 1, socket 0, mpidr 80000001
Nov 30 08:35:19 ubuntu-phablet kernel: [    0.073981] CPU2: thread -1, cpu 2, socket 0, mpidr 80000002
Nov 30 08:35:19 ubuntu-phablet kernel: [    0.079192] CPU3: thread -1, cpu 3, socket 0, mpidr 80000003
Nov 30 08:35:19 ubuntu-phablet kernel: [    0.079510] Brought up 4 CPUs
Nov 30 08:35:19 ubuntu-phablet kernel: [    0.079646] SMP: Total of 4 processors activated (153.60 BogoMIPS).
Nov 30 08:35:19 ubuntu-phablet kernel: [    0.081464] devtmpfs: initialized
Nov 30 08:35:19 ubuntu-phablet kernel: [    0.104478] EVM: security.selinux
Nov 30 08:35:19 ubuntu-phablet kernel: [    0.104519] EVM: security.SMACK64
Nov 30 08:35:19 ubuntu-phablet kernel: [    0.104554] EVM: security.capability
Nov 30 08:35:19 ubuntu-phablet kernel: [    0.106815] dummy: 
Nov 30 08:35:19 ubuntu-phablet kernel: [    0.299753] NET: Registered protocol family 16
Nov 30 08:35:19 ubuntu-phablet kernel: [    0.315720] DMA: preallocated 256 KiB pool for atomic coherent allocations
Nov 30 08:35:19 ubuntu-phablet kernel: [    0.319149] KPI: Bootloader start count = 30062
Nov 30 08:35:19 ubuntu-phablet kernel: [    0.319199] KPI: Bootloader end count = 51746
Nov 30 08:35:19 ubuntu-phablet kernel: [    0.319239] KPI: Bootloader display count = 42316
Nov 30 08:35:19 ubuntu-phablet kernel: [    0.319281] KPI: Bootloader load kernel count = 2292
Nov 30 08:35:19 ubuntu-phablet kernel: [    0.319325] KPI: Kernel MPM timestamp = 97411
Nov 30 08:35:19 ubuntu-phablet kernel: [    0.319364] KPI: Kernel MPM Clock frequency = 32768
Nov 30 08:35:19 ubuntu-phablet kernel: [    0.319419] socinfo_print: v8, id=221, ver=2.0, raw_id=2325, raw_ver=1, hw_plat=11, hw_plat_ver=0
Nov 30 08:35:19 ubuntu-phablet kernel: [    0.319432]  accessory_chip=0, hw_plat_subtype=0, pmic_model=65540, pmic_die_revision=131073
Nov 30 08:35:19 ubuntu-phablet kernel: [    0.352116] gpiochip_add: registered GPIOs 0 to 116 on device: msmgpio
Nov 30 08:35:19 ubuntu-phablet kernel: [    0.364148] msm_watchdog f9017000.qcom,wdt: MSM Watchdog Initialized
Nov 30 08:35:19 ubuntu-phablet kernel: [    0.421996] 8226_s1: 500 <--> 1275 mV at 0 mV normal idle 
Nov 30 08:35:19 ubuntu-phablet kernel: [    0.423067] 8226_s1_corner: 0 <--> 0 mV at 0 mV normal idle 
Nov 30 08:35:19 ubuntu-phablet kernel: [    0.424162] 8226_s1_corner_ao: 0 <--> 0 mV at 0 mV normal idle 
Nov 30 08:35:19 ubuntu-phablet kernel: [    0.425226] 8226_s1_floor_corner: 0 <--> 0 mV at 0 mV normal idle 
Nov 30 08:35:19 ubuntu-phablet kernel: [    0.426341] 8226_s3: 1200 <--> 1300 mV at 1200 mV normal idle 
Nov 30 08:35:19 ubuntu-phablet kernel: [    0.427475] 8226_s4: 1800 <--> 2200 mV at 1800 mV normal idle 
Nov 30 08:35:19 ubuntu-phablet kernel: [    0.428699] 8226_s5: 1150 mV normal idle 
Nov 30 08:35:19 ubuntu-phablet kernel: [    0.429788] 8226_l1: 1225 mV normal idle 
Nov 30 08:35:19 ubuntu-phablet kernel: [    0.430923] 8226_l2: 1200 mV normal idle 
Nov 30 08:35:19 ubuntu-phablet kernel: [    0.432038] 8226_l3: 750 <--> 1337 mV at 0 mV normal idle 
Nov 30 08:35:19 ubuntu-phablet kernel: [    0.433079] 8226_l3_ao: 750 <--> 1337 mV at 0 mV normal idle 
Nov 30 08:35:19 ubuntu-phablet kernel: [    0.434143] 8226_l3_so: 750 <--> 1337 mV at 750 mV normal idle 
Nov 30 08:35:19 ubuntu-phablet kernel: [    0.435342] 8226_l4: 1200 mV normal idle 
Nov 30 08:35:19 ubuntu-phablet kernel: [    0.436431] 8226_l5: 1200 mV normal idle 
Nov 30 08:35:19 ubuntu-phablet kernel: [    0.437590] 8226_l6: 1800 mV normal idle 
Nov 30 08:35:19 ubuntu-phablet kernel: [    0.438783] 8226_l7: 1850 mV normal idle 
Nov 30 08:35:19 ubuntu-phablet kernel: [    0.440202] 8226_l8: 1800 mV normal idle 
Nov 30 08:35:19 ubuntu-phablet kernel: [    0.441284] 8226_l8_ao: 1800 mV normal idle 
Nov 30 08:35:19 ubuntu-phablet kernel: [    0.442377] 8226_l8_so: 1800 mV normal idle 
Nov 30 08:35:19 ubuntu-phablet kernel: [    0.443514] 8226_l9: 2050 mV normal idle 
Nov 30 08:35:19 ubuntu-phablet kernel: [    0.444667] 8226_l10: 1800 mV normal idle 
Nov 30 08:35:19 ubuntu-phablet kernel: [    0.445893] 8226_l12: 1800 mV normal idle 
Nov 30 08:35:19 ubuntu-phablet kernel: [    0.447029] 8226_l14: 2750 mV normal idle 
Nov 30 08:35:19 ubuntu-phablet kernel: [    0.448117] 8226_l15: 2800 mV normal idle 
Nov 30 08:35:19 ubuntu-phablet kernel: [    0.449300] 8226_l16: 3000 <--> 3350 mV at 3300 mV normal idle 
Nov 30 08:35:19 ubuntu-phablet kernel: [    0.450419] 8226_l17: 2950 mV normal idle 
Nov 30 08:35:19 ubuntu-phablet kernel: [    0.451507] 8226_l18: 2950 mV normal idle 
Nov 30 08:35:19 ubuntu-phablet kernel: [    0.452634] 8226_l19: 2850 mV normal idle 
Nov 30 08:35:19 ubuntu-phablet kernel: [    0.453799] 8226_l20: 3075 mV normal idle 
Nov 30 08:35:19 ubuntu-phablet kernel: [    0.454912] 8226_l21: 1800 <--> 2950 mV at 2950 mV normal idle 
Nov 30 08:35:19 ubuntu-phablet kernel: [    0.456054] 8226_l22: 1800 <--> 2950 mV at 2950 mV normal idle 
Nov 30 08:35:19 ubuntu-phablet kernel: [    0.457185] 8226_l23: 1800 <--> 2950 mV at 2950 mV normal idle 
Nov 30 08:35:19 ubuntu-phablet kernel: [    0.458311] 8226_l24: 1300 <--> 1350 mV at 1300 mV normal idle 
Nov 30 08:35:19 ubuntu-phablet kernel: [    0.459493] 8226_l25: 1775 <--> 2125 mV at 1775 mV normal idle 
Nov 30 08:35:19 ubuntu-phablet kernel: [    0.460664] 8226_l26: 1225 mV normal idle 
Nov 30 08:35:19 ubuntu-phablet kernel: [    0.461772] 8226_l27: 2050 mV normal idle 
Nov 30 08:35:19 ubuntu-phablet kernel: [    0.462906] 8226_l28: 1800 <--> 2950 mV at 2950 mV normal idle 
Nov 30 08:35:19 ubuntu-phablet kernel: [    0.464046] 8226_lvs1: 
Nov 30 08:35:19 ubuntu-phablet kernel: [    0.465242] 8226_s2: 900 <--> 1350 mV at 1150 mV 
Nov 30 08:35:19 ubuntu-phablet kernel: [    0.465630] spm_regulator_probe: name=8226_s2, range=MV, voltage=1150000 uV, mode=AUTO, step rate=9600 uV/us
Nov 30 08:35:19 ubuntu-phablet kernel: [    0.513855] AXI: msm_bus_fabric_init_driver(): msm_bus_fabric_init_driver
Nov 30 08:35:19 ubuntu-phablet kernel: [    0.516341] AXI: msm_bus_fabric_probe(): Coresight support absent for bus: 2048
Nov 30 08:35:19 ubuntu-phablet kernel: [    0.518316] AXI: msm_bus_fabric_probe(): Coresight support absent for bus: 1024
Nov 30 08:35:19 ubuntu-phablet kernel: [    0.520315] AXI: msm_bus_fabric_probe(): Coresight support absent for bus: 4096
Nov 30 08:35:19 ubuntu-phablet kernel: [    0.523364] AXI: msm_bus_fabric_probe(): Coresight support absent for bus: 5120
Nov 30 08:35:19 ubuntu-phablet kernel: [    0.524324] AXI: msm_bus_fabric_probe(): Coresight support absent for bus: 0
Nov 30 08:35:19 ubuntu-phablet kernel: [    0.524929] AXI: msm_bus_fabric_probe(): Coresight support absent for bus: 6144
Nov 30 08:35:19 ubuntu-phablet kernel: [    0.527551] qup_i2c f9927000.i2c: Missing 'qcom,master-id' DT entry
Nov 30 08:35:19 ubuntu-phablet kernel: [    0.529083] kworker/u:0 used greatest stack depth: 5928 bytes left
Nov 30 08:35:19 ubuntu-phablet kernel: [    0.530985] qup_i2c f9928000.i2c: Missing 'qcom,master-id' DT entry
Nov 30 08:35:19 ubuntu-phablet kernel: [    0.532762] cpr_efuse_init: efuse_addr = 0xfc4b8000 (len=0x1000)
Nov 30 08:35:19 ubuntu-phablet kernel: [    0.532955] cpr_fuse_is_setting_expected: [row:54] = 0x1c0000000000 @42:6 == 7 ?: yes
Nov 30 08:35:19 ubuntu-phablet kernel: [    0.533034] cpr_parse_speed_bin_fuse: [row: 22]: 0x202b0b1a000001a9, speed_bits = 1
Nov 30 08:35:19 ubuntu-phablet kernel: [    0.533117] cpr_fuse_is_setting_expected: [row:22] = 0x202b0b1a000001a9 @53:1 == 0 ?: no
Nov 30 08:35:19 ubuntu-phablet kernel: [    0.533193] cpr_fuse_is_setting_expected: [row:22] = 0x202b0b1a000001a9 @24:3 == 2 ?: no
Nov 30 08:35:19 ubuntu-phablet kernel: [    0.533274] cpr_pvs_init: pvs voltage: [1050000 1150000 1290000] uV
Nov 30 08:35:19 ubuntu-phablet kernel: [    0.533331] cpr_pvs_init: ceiling voltage: [1050000 1150000 1290000] uV
Nov 30 08:35:19 ubuntu-phablet kernel: [    0.533389] cpr_pvs_init: floor voltage: [1050000 1050000 1100000] uV
Nov 30 08:35:19 ubuntu-phablet kernel: [    0.533962] cpr_fuse_is_setting_expected: [row:138] = 0x8404a36a3a9595 @57:1 == 1 ?: no
Nov 30 08:35:19 ubuntu-phablet kernel: [    0.534050] cpr_init_cpr_efuse: [row:138] = 0x8404a36a3a9595
Nov 30 08:35:19 ubuntu-phablet kernel: [    0.534109] cpr_init_cpr_efuse: disable = 0, local = 1
Nov 30 08:35:19 ubuntu-phablet kernel: [    0.534156] cpr_init_cpr_efuse: Corner[1]: ro_sel = 2, target quot = 874
Nov 30 08:35:19 ubuntu-phablet kernel: [    0.534211] cpr_init_cpr_efuse: Corner[2]: ro_sel = 2, target quot = 937
Nov 30 08:35:19 ubuntu-phablet kernel: [    0.534266] cpr_init_cpr_efuse: Corner[3]: ro_sel = 2, target quot = 1429
Nov 30 08:35:19 ubuntu-phablet kernel: [    0.534375] cpr_parse_pvs_version_fuse: [row: 22]: 0x202b0b1a000001a9, pvs_version = 2
Nov 30 08:35:19 ubuntu-phablet kernel: [    0.534471] cpr_get_corner_quot_adjustment: quotient adjustment scaling factor: 0.610
Nov 30 08:35:19 ubuntu-phablet kernel: [    0.534536] cpr_get_corner_quot_adjustment: adjusted quotient[12] = 1429
Nov 30 08:35:19 ubuntu-phablet kernel: [    0.534591] cpr_get_corner_quot_adjustment: adjusted quotient[11] = 1371
Nov 30 08:35:19 ubuntu-phablet kernel: [    0.534645] cpr_get_corner_quot_adjustment: adjusted quotient[10] = 1312
Nov 30 08:35:19 ubuntu-phablet kernel: [    0.534700] cpr_get_corner_quot_adjustment: adjusted quotient[9] = 1278
Nov 30 08:35:19 ubuntu-phablet kernel: [    0.534754] cpr_get_corner_quot_adjustment: adjusted quotient[8] = 1254
Nov 30 08:35:19 ubuntu-phablet kernel: [    0.534808] cpr_get_corner_quot_adjustment: adjusted quotient[7] = 1184
Nov 30 08:35:19 ubuntu-phablet kernel: [    0.534862] cpr_get_corner_quot_adjustment: adjusted quotient[6] = 1125
Nov 30 08:35:19 ubuntu-phablet kernel: [    0.534916] cpr_get_corner_quot_adjustment: adjusted quotient[5] = 1067
Nov 30 08:35:19 ubuntu-phablet kernel: [    0.535045] cpr_init_cpr_parameters: CPR is enabled by default.
Nov 30 08:35:19 ubuntu-phablet kernel: [    0.535111] cpr_config: Timer count: 0x17700 (for 5000 us)
Nov 30 08:35:19 ubuntu-phablet kernel: [    0.535673] apc_corner: 0 <--> 0 mV 
Nov 30 08:35:19 ubuntu-phablet kernel: [    0.538311] msm-thermal qcom,msm-thermal.67: probe_freq_mitigation:Failed reading node=/soc/qcom,msm-thermal, key=qcom,freq-mitigation-temp. KTM continues
Nov 30 08:35:19 ubuntu-phablet kernel: [    0.538420] msm-thermal qcom,msm-thermal.67: probe_psm:Failed reading node=/soc/qcom,msm-thermal, key=qcom,pmic-sw-mode-temp. KTM continues
Nov 30 08:35:19 ubuntu-phablet kernel: [    0.539001] vdd_restriction_reg_init:Defer vdd rstr freq init
Nov 30 08:35:19 ubuntu-phablet kernel: [    0.539067] msm-thermal qcom,msm-thermal.67: probe_ocr:Failed reading node=/soc/qcom,msm-thermal, key=qti,pmic-opt-curr-temp. KTM continues
Nov 30 08:35:19 ubuntu-phablet kernel: [    0.540392] persistent_ram: found existing buffer, size 79122, start 79122
Nov 30 08:35:19 ubuntu-phablet kernel: [    0.541841] console [ram-1] enabled
Nov 30 08:35:19 ubuntu-phablet kernel: [    0.541903]  LCD_KCAL_DEBUG : add_lcd_kcal_devices 
Nov 30 08:35:19 ubuntu-phablet kernel: [    0.542195] hw-breakpoint: found 5 (+1 reserved) breakpoint and 4 watchpoint registers.
Nov 30 08:35:19 ubuntu-phablet kernel: [    0.542268] hw-breakpoint: maximum watchpoint size is 8 bytes.
Nov 30 08:35:19 ubuntu-phablet kernel: [    0.543565] msm-jtag-fuse fc4be024.jtagfuse: JTag Fuse initialized
Nov 30 08:35:19 ubuntu-phablet kernel: [    0.550541] sps:sps is ready.
Nov 30 08:35:19 ubuntu-phablet kernel: [    0.554010] gdsc_venus: 
Nov 30 08:35:19 ubuntu-phablet kernel: [    0.554711] gdsc_mdss: 
Nov 30 08:35:19 ubuntu-phablet kernel: [    0.555404] gdsc_jpeg: 
Nov 30 08:35:19 ubuntu-phablet kernel: [    0.556121] gdsc_vfe: 
Nov 30 08:35:19 ubuntu-phablet kernel: [    0.556849] gdsc_oxili_cx: 
Nov 30 08:35:19 ubuntu-phablet kernel: [    0.557465] gdsc_usb_hsic: 
Nov 30 08:35:19 ubuntu-phablet kernel: [    0.559568] msm_ocmem fdd00000.qcom,ocmem: OCMEM Virtual addr c8800000
Nov 30 08:35:19 ubuntu-phablet kernel: [    0.559816] Physical OCMEM zone layout:
Nov 30 08:35:19 ubuntu-phablet kernel: [    0.559862]  zone graphics	: 0xfec00000 - 0xfec1ffff ( 128 KB)
Nov 30 08:35:19 ubuntu-phablet kernel: [    0.616196] bio: create slab <bio-0> at 0
Nov 30 08:35:19 ubuntu-phablet kernel: [    0.618989] cma: Assigned CMA region at 0 to 8.qcom,ion-heap device
Nov 30 08:35:19 ubuntu-phablet kernel: [    0.619200] ION-heap mm: Cannot specify alignment for this type of heap
Nov 30 08:35:19 ubuntu-phablet kernel: [    0.619448] cma: Assigned CMA region at 0 to 16.qcom,ion-heap device
Nov 30 08:35:19 ubuntu-phablet kernel: [    0.619642] ION-heap adsp: Cannot specify alignment for this type of heap
Nov 30 08:35:19 ubuntu-phablet kernel: [    0.619908] cma: Assigned CMA region at 0 to 1b.qcom,ion-heap device
Nov 30 08:35:19 ubuntu-phablet kernel: [    0.621179] ION heap system created
Nov 30 08:35:19 ubuntu-phablet kernel: [    0.621468] ION heap kmalloc created
Nov 30 08:35:19 ubuntu-phablet kernel: [    0.621554] ION heap mm created at 0x38000000 with size 6d00000
Nov 30 08:35:19 ubuntu-phablet kernel: [    0.621718] ION heap adsp created at 0x32400000 with size 2a00000
Nov 30 08:35:19 ubuntu-phablet kernel: [    0.621804] ION heap qsecom created at 0x37000000 with size d00000
Nov 30 08:35:19 ubuntu-phablet kernel: [    0.621942] ION heap audio created at 0x3f300000 with size 314000
Nov 30 08:35:19 ubuntu-phablet kernel: [    0.622036] ION heap pil_1 created at 0x0dc00000 with size 1900000
Nov 30 08:35:19 ubuntu-phablet kernel: [    0.625096] SCSI subsystem initialized
Nov 30 08:35:19 ubuntu-phablet kernel: [    0.625489] usbcore: registered new interface driver usbfs
Nov 30 08:35:19 ubuntu-phablet kernel: [    0.625724] usbcore: registered new interface driver hub
Nov 30 08:35:19 ubuntu-phablet kernel: [    0.626009] usbcore: registered new device driver usb
Nov 30 08:35:19 ubuntu-phablet kernel: [    0.626861] Linux media interface: v0.10
Nov 30 08:35:19 ubuntu-phablet kernel: [    0.627018] Linux video capture interface: v2.00
Nov 30 08:35:19 ubuntu-phablet kernel: [    0.630467] msm_iommu_v1 fda64000.qcom,iommu: device jpeg_iommu mapped at c84e0000, with 3 ctx banks
Nov 30 08:35:19 ubuntu-phablet kernel: [    0.632635] msm_iommu_v1 fd928000.qcom,iommu: device mdp_iommu mapped at c8560000, with 3 ctx banks
Nov 30 08:35:19 ubuntu-phablet kernel: [    0.634804] msm_iommu_v1 fdc84000.qcom,iommu: device venus_iommu mapped at c8840000, with 3 ctx banks
Nov 30 08:35:19 ubuntu-phablet kernel: [    0.636833] msm_iommu_v1 fdb10000.qcom,iommu: device kgsl_iommu mapped at c8860000, with 3 ctx banks
Nov 30 08:35:19 ubuntu-phablet kernel: [    0.638779] msm_iommu_v1 fda44000.qcom,iommu: device vfe_iommu mapped at c8880000, with 3 ctx banks
Nov 30 08:35:19 ubuntu-phablet kernel: [    0.641277] msm_iommu_ctx_v1 fda6c000.qcom,iommu-ctx: context jpeg_enc0 using bank 0
Nov 30 08:35:19 ubuntu-phablet kernel: [    0.641684] msm_iommu_ctx_v1 fda6d000.qcom,iommu-ctx: context jpeg_enc1 using bank 1
Nov 30 08:35:19 ubuntu-phablet kernel: [    0.642006] msm_iommu_ctx_v1 fda6e000.qcom,iommu-ctx: context jpeg_dec using bank 2
Nov 30 08:35:19 ubuntu-phablet kernel: [    0.642332] msm_iommu_ctx_v1 fd930000.qcom,iommu-ctx: context mdp_0 using bank 0
Nov 30 08:35:19 ubuntu-phablet kernel: [    0.642651] msm_iommu_ctx_v1 fd931000.qcom,iommu-ctx: context mdp_1 using bank 1
Nov 30 08:35:19 ubuntu-phablet kernel: [    0.642946] msm_iommu_ctx_v1 fd932000.qcom,iommu-ctx: context mdp_2 using bank 2
Nov 30 08:35:19 ubuntu-phablet kernel: [    0.643268] msm_iommu_ctx_v1 fdc8c000.qcom,iommu-ctx: context venus_ns using bank 0
Nov 30 08:35:19 ubuntu-phablet kernel: [    0.643588] msm_iommu_ctx_v1 fdc8d000.qcom,iommu-ctx: context venus_cp using bank 1
Nov 30 08:35:19 ubuntu-phablet kernel: [    0.643887] msm_iommu_ctx_v1 fdc8e000.qcom,iommu-ctx: context venus_fw using bank 2
Nov 30 08:35:19 ubuntu-phablet kernel: [    0.644267] msm_iommu_ctx_v1 fdb18000.qcom,iommu-ctx: context gfx3d_user using bank 0
Nov 30 08:35:19 ubuntu-phablet kernel: [    0.644571] msm_iommu_ctx_v1 fdb19000.qcom,iommu-ctx: context gfx3d_priv using bank 1
Nov 30 08:35:19 ubuntu-phablet kernel: [    0.644873] msm_iommu_ctx_v1 fdb1a000.qcom,iommu-ctx: context gfx3d_spare using bank 2
Nov 30 08:35:19 ubuntu-phablet kernel: [    0.645264] msm_iommu_ctx_v1 fda4c000.qcom,iommu-ctx: context vfe0 using bank 0
Nov 30 08:35:19 ubuntu-phablet kernel: [    0.645563] msm_iommu_ctx_v1 fda4d000.qcom,iommu-ctx: context vfe1 using bank 1
Nov 30 08:35:19 ubuntu-phablet kernel: [    0.645860] msm_iommu_ctx_v1 fda4e000.qcom,iommu-ctx: context cpp using bank 2
Nov 30 08:35:19 ubuntu-phablet kernel: [    0.647343] Advanced Linux Sound Architecture Driver Version 1.0.25.
Nov 30 08:35:19 ubuntu-phablet kernel: [    0.648598] Bluetooth: Core ver 2.16
Nov 30 08:35:19 ubuntu-phablet kernel: [    0.648720] NET: Registered protocol family 31
Nov 30 08:35:19 ubuntu-phablet kernel: [    0.648767] Bluetooth: HCI device and connection manager initialized
Nov 30 08:35:19 ubuntu-phablet kernel: [    0.648830] Bluetooth: HCI socket layer initialized
Nov 30 08:35:19 ubuntu-phablet kernel: [    0.648880] Bluetooth: L2CAP socket layer initialized
Nov 30 08:35:19 ubuntu-phablet kernel: [    0.649346] Bluetooth: SCO socket layer initialized
Nov 30 08:35:19 ubuntu-phablet kernel: [    0.650093] cfg80211: Calling CRDA to update world regulatory domain
Nov 30 08:35:19 ubuntu-phablet kernel: [    0.650205] cfg80211: World regulatory domain updated:
Nov 30 08:35:19 ubuntu-phablet kernel: [    0.650254] cfg80211:   (start_freq - end_freq @ bandwidth), (max_antenna_gain, max_eirp)
Nov 30 08:35:19 ubuntu-phablet kernel: [    0.650324] cfg80211:   (2402000 KHz - 2472000 KHz @ 40000 KHz), (300 mBi, 2000 mBm)
Nov 30 08:35:19 ubuntu-phablet kernel: [    0.650391] cfg80211:   (2457000 KHz - 2482000 KHz @ 40000 KHz), (300 mBi, 2000 mBm)
Nov 30 08:35:19 ubuntu-phablet kernel: [    0.650458] cfg80211:   (2474000 KHz - 2494000 KHz @ 20000 KHz), (300 mBi, 2000 mBm)
Nov 30 08:35:19 ubuntu-phablet kernel: [    0.650525] cfg80211:   (5170000 KHz - 5250000 KHz @ 80000 KHz), (300 mBi, 2000 mBm)
Nov 30 08:35:19 ubuntu-phablet kernel: [    0.650592] cfg80211:   (5735000 KHz - 5835000 KHz @ 80000 KHz), (300 mBi, 2000 mBm)
Nov 30 08:35:19 ubuntu-phablet kernel: [    0.650658] cfg80211:   (57240000 KHz - 63720000 KHz @ 2160000 KHz), (N/A, 0 mBm)
Nov 30 08:35:19 ubuntu-phablet kernel: [    0.650904] NetLabel: Initializing
Nov 30 08:35:19 ubuntu-phablet kernel: [    0.650946] NetLabel:  domain hash size = 128
Nov 30 08:35:19 ubuntu-phablet kernel: [    0.650987] NetLabel:  protocols = UNLABELED CIPSOv4
Nov 30 08:35:19 ubuntu-phablet kernel: [    0.651160] NetLabel:  unlabeled traffic allowed by default
Nov 30 08:35:19 ubuntu-phablet kernel: [    0.652353] Switching to clocksource arch_sys_counter
Nov 30 08:35:19 ubuntu-phablet kernel: [    0.730869] AppArmor: AppArmor Filesystem Enabled
Nov 30 08:35:19 ubuntu-phablet kernel: [    0.754193] NET: Registered protocol family 2
Nov 30 08:35:19 ubuntu-phablet kernel: [    0.755116] IP route cache hash table entries: 32768 (order: 5, 131072 bytes)
Nov 30 08:35:19 ubuntu-phablet kernel: [    0.759723] TCP established hash table entries: 131072 (order: 8, 1048576 bytes)
Nov 30 08:35:19 ubuntu-phablet kernel: [    0.769557] TCP bind hash table entries: 65536 (order: 8, 1310720 bytes)
Nov 30 08:35:19 ubuntu-phablet kernel: [    0.771921] TCP: Hash tables configured (established 131072 bind 65536)
Nov 30 08:35:19 ubuntu-phablet kernel: [    0.771978] TCP: reno registered
Nov 30 08:35:19 ubuntu-phablet kernel: [    0.772194] UDP hash table entries: 512 (order: 2, 24576 bytes)
Nov 30 08:35:19 ubuntu-phablet kernel: [    0.772370] UDP-Lite hash table entries: 512 (order: 2, 24576 bytes)
Nov 30 08:35:19 ubuntu-phablet kernel: [    0.773211] NET: Registered protocol family 1
Nov 30 08:35:19 ubuntu-phablet kernel: [    0.773874] Trying to unpack rootfs image as initramfs...
Nov 30 08:35:19 ubuntu-phablet kernel: [    1.167467] Freeing initrd memory: 4344K
Nov 30 08:35:19 ubuntu-phablet kernel: [    1.174163] clock-a7 f9011050.qcom,clock-a7: Speed bin: 1
Nov 30 08:35:19 ubuntu-phablet kernel: [    1.174222] clock-a7 f9011050.qcom,clock-a7: PVS version: 2
Nov 30 08:35:19 ubuntu-phablet kernel: [    1.181375] gpiochip_find_base: found new base at 992
Nov 30 08:35:19 ubuntu-phablet kernel: [    1.181728] gpiochip_add: registered GPIOs 992 to 1023 on device: smp2p
Nov 30 08:35:19 ubuntu-phablet kernel: [    1.183512] gpiochip_find_base: found new base at 960
Nov 30 08:35:19 ubuntu-phablet kernel: [    1.183831] gpiochip_add: registered GPIOs 960 to 991 on device: smp2p
Nov 30 08:35:19 ubuntu-phablet kernel: [    1.183997] gpiochip_find_base: found new base at 928
Nov 30 08:35:19 ubuntu-phablet kernel: [    1.184334] gpiochip_add: registered GPIOs 928 to 959 on device: smp2p
Nov 30 08:35:19 ubuntu-phablet kernel: [    1.186064] gpiochip_find_base: found new base at 896
Nov 30 08:35:19 ubuntu-phablet kernel: [    1.186378] gpiochip_add: registered GPIOs 896 to 927 on device: smp2p
Nov 30 08:35:19 ubuntu-phablet kernel: [    1.186543] gpiochip_find_base: found new base at 864
Nov 30 08:35:19 ubuntu-phablet kernel: [    1.186880] gpiochip_add: registered GPIOs 864 to 895 on device: slave-kernel
Nov 30 08:35:19 ubuntu-phablet kernel: [    1.188686] gpiochip_find_base: found new base at 832
Nov 30 08:35:19 ubuntu-phablet kernel: [    1.189002] gpiochip_add: registered GPIOs 832 to 863 on device: master-kernel
Nov 30 08:35:19 ubuntu-phablet kernel: [    1.189227] gpiochip_find_base: found new base at 800
Nov 30 08:35:19 ubuntu-phablet kernel: [    1.189576] gpiochip_add: registered GPIOs 800 to 831 on device: smp2p
Nov 30 08:35:19 ubuntu-phablet kernel: [    1.191380] gpiochip_find_base: found new base at 768
Nov 30 08:35:19 ubuntu-phablet kernel: [    1.191723] gpiochip_add: registered GPIOs 768 to 799 on device: smp2p
Nov 30 08:35:19 ubuntu-phablet kernel: [    1.191891] gpiochip_find_base: found new base at 736
Nov 30 08:35:19 ubuntu-phablet kernel: [    1.192206] gpiochip_add: registered GPIOs 736 to 767 on device: slave-kernel
Nov 30 08:35:19 ubuntu-phablet kernel: [    1.194151] gpiochip_find_base: found new base at 704
Nov 30 08:35:19 ubuntu-phablet kernel: [    1.194496] gpiochip_add: registered GPIOs 704 to 735 on device: master-kernel
Nov 30 08:35:19 ubuntu-phablet kernel: [    1.194720] gpiochip_find_base: found new base at 672
Nov 30 08:35:19 ubuntu-phablet kernel: [    1.195037] gpiochip_add: registered GPIOs 672 to 703 on device: smp2p
Nov 30 08:35:19 ubuntu-phablet kernel: [    1.196935] gpiochip_find_base: found new base at 640
Nov 30 08:35:19 ubuntu-phablet kernel: [    1.197276] gpiochip_add: registered GPIOs 640 to 671 on device: smp2p
Nov 30 08:35:19 ubuntu-phablet kernel: [    1.197456] gpiochip_find_base: found new base at 608
Nov 30 08:35:19 ubuntu-phablet kernel: [    1.197774] gpiochip_add: registered GPIOs 608 to 639 on device: slave-kernel
Nov 30 08:35:19 ubuntu-phablet kernel: [    1.199721] gpiochip_find_base: found new base at 576
Nov 30 08:35:19 ubuntu-phablet kernel: [    1.200065] gpiochip_add: registered GPIOs 576 to 607 on device: master-kernel
Nov 30 08:35:19 ubuntu-phablet kernel: [    1.200513] gpiochip_find_base: found new base at 544
Nov 30 08:35:19 ubuntu-phablet kernel: [    1.200832] gpiochip_add: registered GPIOs 544 to 575 on device: rdbg
Nov 30 08:35:19 ubuntu-phablet kernel: [    1.202916] gpiochip_find_base: found new base at 512
Nov 30 08:35:19 ubuntu-phablet kernel: [    1.203238] gpiochip_add: registered GPIOs 512 to 543 on device: rdbg
Nov 30 08:35:19 ubuntu-phablet kernel: [    1.203441] gpiochip_find_base: found new base at 480
Nov 30 08:35:19 ubuntu-phablet kernel: [    1.203760] gpiochip_add: registered GPIOs 480 to 511 on device: rdbg
Nov 30 08:35:19 ubuntu-phablet kernel: [    1.205802] gpiochip_find_base: found new base at 448
Nov 30 08:35:19 ubuntu-phablet kernel: [    1.206123] gpiochip_add: registered GPIOs 448 to 479 on device: rdbg
Nov 30 08:35:19 ubuntu-phablet kernel: [    1.209425] pil-q6v5-lpass fe200000.qcom,lpass: using secure boot
Nov 30 08:35:19 ubuntu-phablet kernel: [    1.219675] pil_pronto fb21b000.qcom,pronto: using secure boot
Nov 30 08:35:19 ubuntu-phablet kernel: [    1.224665] pil_venus fdce0000.qcom,venus: using secure boot
Nov 30 08:35:19 ubuntu-phablet kernel: [    1.246459] NET: Registered protocol family 27
Nov 30 08:35:19 ubuntu-phablet kernel: [    1.273165] msm_rpm_log_probe: OK
Nov 30 08:35:19 ubuntu-phablet kernel: [    1.303500] ocmem: Client sensors (id: 6) not allowed to use OCMEM
Nov 30 08:35:19 ubuntu-phablet kernel: [    1.303592] OCMEM notifier registration failed
Nov 30 08:35:19 ubuntu-phablet kernel: [    1.303650] sns_ocmem_main: sns_ocmem_init failed -14
Nov 30 08:35:19 ubuntu-phablet kernel: [    1.315437] audit: initializing netlink socket (disabled)
Nov 30 08:35:19 ubuntu-phablet kernel: [    1.315583] type=2000 audit(1.300:1): initialized
Nov 30 08:35:19 ubuntu-phablet kernel: [    1.411284] highmem bounce pool size: 64 pages
Nov 30 08:35:19 ubuntu-phablet kernel: [    1.425091] NTFS driver 2.1.30 [Flags: R/O].
Nov 30 08:35:19 ubuntu-phablet kernel: [    1.425514] fuse init (API version 7.18)
Nov 30 08:35:19 ubuntu-phablet kernel: [    1.426642] msgmni has been set to 1416
Nov 30 08:35:19 ubuntu-phablet kernel: [    1.428685] Block layer SCSI generic (bsg) driver version 0.4 loaded (major 247)
Nov 30 08:35:19 ubuntu-phablet kernel: [    1.428725] io scheduler noop registered
Nov 30 08:35:19 ubuntu-phablet kernel: [    1.428746] io scheduler deadline registered (default)
Nov 30 08:35:19 ubuntu-phablet kernel: [    1.428784] io scheduler row registered
Nov 30 08:35:19 ubuntu-phablet kernel: [    1.429011] io scheduler cfq registered
Nov 30 08:35:19 ubuntu-phablet kernel: [    1.429334] gpiochip_find_base: found new base at 440
Nov 30 08:35:19 ubuntu-phablet kernel: [    1.429462] gpiochip_add: registered GPIOs 440 to 447 on device: pm8226-gpio
Nov 30 08:35:19 ubuntu-phablet kernel: [    1.429782] qcom,qpnp-pin qpnp-pin-f1df0400: qpnp_pin_probe: gpio_chip registered between 440-447
Nov 30 08:35:19 ubuntu-phablet kernel: [    1.429962] gpiochip_find_base: found new base at 432
Nov 30 08:35:19 ubuntu-phablet kernel: [    1.430092] gpiochip_add: registered GPIOs 432 to 439 on device: pm8226-mpp
Nov 30 08:35:19 ubuntu-phablet kernel: [    1.430611] qcom,qpnp-pin qpnp-pin-f1df0600: qpnp_pin_probe: gpio_chip registered between 432-439
Nov 30 08:35:19 ubuntu-phablet kernel: [    1.430911] mdss_mdp_probe: MDP HW Base phy_Address=0xfd900000 virt=0xc88c0000
Nov 30 08:35:19 ubuntu-phablet kernel: [    1.430960] mdss_mdp_probe: MDSS VBIF HW Base phy_Address=0xfd924000 virt=0xc8556000
Nov 30 08:35:19 ubuntu-phablet kernel: [    1.431226] mdss_mdp_parse_dt_handler: Error from prop qcom,mdss-ib-factor-overlap : u32 array read
Nov 30 08:35:19 ubuntu-phablet kernel: [    1.431265] mdss_mdp_parse_dt_fudge_factors: err reading qcom,mdss-ib-factor-overlap
Nov 30 08:35:19 ubuntu-phablet kernel: [    1.431305] mdss_mdp_parse_dt_prop_len: Error from prop qcom,mdss-ad-off : spec error in device tree
Nov 30 08:35:19 ubuntu-phablet kernel: [    1.431357] mdss_mdp_parse_bootarg: mdss_mdp_parse_bootarg:1482: pan_name=[1:dsi:0:qcom,mdss_dsi_auo_720p_video] end=[]
Nov 30 08:35:19 ubuntu-phablet kernel: [    1.432150] mdss_mdp_pp_argc: >>>>> mdss_mdp_pp_argc 
Nov 30 08:35:19 ubuntu-phablet kernel: [    1.432182] update_preset_lcdc_lut: update_preset_lcdc_lut red=[255], green=[255], blue=[255]
Nov 30 08:35:19 ubuntu-phablet kernel: [    1.432219] mdss_mdp_pp_argc_kcal: >>>>> mdss_mdp_pp_argc_kcal 
Nov 30 08:35:19 ubuntu-phablet kernel: [    1.433881] mdss_dsi_ctrl_probe: DSI Ctrl name = MDSS DSI CTRL->0
Nov 30 08:35:19 ubuntu-phablet kernel: [    1.434009] mdss_dsi_panel_init: Panel Name = auo 720p video mode dsi panel
Nov 30 08:35:19 ubuntu-phablet kernel: [    1.434284] mdss_dsi_panel_init:1057 Continuous splash flag enabled.
Nov 30 08:35:19 ubuntu-phablet kernel: [    1.434314] mdss_dsi_panel_init:1069 Partial update disabled.
Nov 30 08:35:19 ubuntu-phablet kernel: [    1.434682] dsi_panel_device_register:1279, Disp_en gpio not specified
Nov 30 08:35:19 ubuntu-phablet kernel: [    1.434776] mdss_dsi_retrieve_ctrl_resources: dsi base=c8574800 size=600
Nov 30 08:35:19 ubuntu-phablet kernel: [    1.462798] mdss_register_panel: adding framebuffer device fd922800.qcom,mdss_dsi
Nov 30 08:35:19 ubuntu-phablet kernel: [    1.463238] mdss_hw_init: MDP Rev=10010001
Nov 30 08:35:19 ubuntu-phablet kernel: [    1.465147] mdss_register_panel: adding framebuffer device qcom,mdss_wb_panel.23
Nov 30 08:35:19 ubuntu-phablet kernel: [    1.466392] mdss_fb_parse_dt: split framebuffer left=0 right=0
Nov 30 08:35:19 ubuntu-phablet kernel: [    1.466423] mdss_fb_alloc_fbmem_iommu: mdss_fb_alloc_fbmem_iommu frame buffer reserve_size=0x800000
Nov 30 08:35:19 ubuntu-phablet kernel: [    1.466756] mdss_fb_alloc_fbmem_iommu: allocating 8388608 bytes at c9000000 (3f800000 phys) for fb 0
Nov 30 08:35:19 ubuntu-phablet kernel: [    1.467164] mdss_fb_register: FrameBuffer[0] 720x1280 size=8388608 registered successfully!
Nov 30 08:35:19 ubuntu-phablet kernel: [    1.467249] mdss_mdp_overlay_init: mdss_mdp_overlay_init: unable to add event timer
Nov 30 08:35:19 ubuntu-phablet kernel: [    1.467454] Registered led device: lcd-backlight
Nov 30 08:35:19 ubuntu-phablet kernel: [    1.467531] mdss_fb_parse_dt: split framebuffer left=0 right=0
Nov 30 08:35:19 ubuntu-phablet kernel: [    1.467790] mdss_fb_register: FrameBuffer[1] 1280x720 size=0 registered successfully!
Nov 30 08:35:19 ubuntu-phablet kernel: [    1.467861] mdss_mdp_overlay_init: mdss_mdp_overlay_init: unable to add event timer
Nov 30 08:35:19 ubuntu-phablet kernel: [    1.545501] msm_serial_hsl_probe: detected port #0 (ttyHSL0)
Nov 30 08:35:19 ubuntu-phablet kernel: [    1.545759] f991f000.serial: ttyHSL0 at MMIO 0xf991f000 (irq = 141) is a MSM
Nov 30 08:35:19 ubuntu-phablet kernel: [    1.548738] msm_serial_hsl_init: driver initialized
Nov 30 08:35:19 ubuntu-phablet kernel: [    1.554027] diagchar initialized nowkgsl bus ib [0] = 1600000000
Nov 30 08:35:19 ubuntu-phablet kernel: [    1.556523] kgsl bus ib [1] = 3200000000
Nov 30 08:35:19 ubuntu-phablet kernel: [    1.556544] kgsl bus ib [2] = 4256000000
Nov 30 08:35:19 ubuntu-phablet kernel: [    1.556564] kgsl bus index is 2 for pwrlevel 0
Nov 30 08:35:19 ubuntu-phablet kernel: [    1.556586] kgsl bus index is 1 for pwrlevel 1
Nov 30 08:35:19 ubuntu-phablet kernel: [    1.556607] kgsl bus index is 0 for pwrlevel 2
Nov 30 08:35:19 ubuntu-phablet kernel: [    1.557135] kgsl kgsl-3d0: |kgsl_iommu_init| MMU type set for device is IOMMU
Nov 30 08:35:19 ubuntu-phablet kernel: [    1.569992] brd: module loaded
Nov 30 08:35:19 ubuntu-phablet kernel: [    1.574574] loop: module loaded
Nov 30 08:35:19 ubuntu-phablet kernel: [    1.575266] QSEECOM: qseecom_probe: support_bus_scaling=0x1
Nov 30 08:35:19 ubuntu-phablet kernel: [    1.575293] QSEECOM: qseecom_probe: bam_pipe_pair=0x2
Nov 30 08:35:19 ubuntu-phablet kernel: [    1.575321] QSEECOM: qseecom_probe: qsee-ce-hw-instance=0x0
Nov 30 08:35:19 ubuntu-phablet kernel: [    1.575349] QSEECOM: qseecom_probe: hlos-ce-hw-instance=0x0
Nov 30 08:35:19 ubuntu-phablet kernel: [    1.575428] QSEECOM: qseecom_probe: secure app region addr=0xd980000 size=0x256000
Nov 30 08:35:19 ubuntu-phablet kernel: [    1.576610] 8226_l28: Failed to create debugfs directory
Nov 30 08:35:19 ubuntu-phablet kernel: [    1.576964] isa1000_setup: isa1000 set up
Nov 30 08:35:19 ubuntu-phablet kernel: [    1.577282] i2c-core: driver [tabla-i2c-core] using legacy suspend method
Nov 30 08:35:19 ubuntu-phablet kernel: [    1.577313] i2c-core: driver [tabla-i2c-core] using legacy resume method
Nov 30 08:35:19 ubuntu-phablet kernel: [    1.577494] i2c-core: driver [wcd9xxx-i2c-core] using legacy suspend method
Nov 30 08:35:19 ubuntu-phablet kernel: [    1.577525] i2c-core: driver [wcd9xxx-i2c-core] using legacy resume method
Nov 30 08:35:19 ubuntu-phablet kernel: [    1.578253] SCSI Media Changer driver v0.25 
Nov 30 08:35:19 ubuntu-phablet kernel: [    1.579080] sps: BAM device 0xf9904000 is not registered yet.
Nov 30 08:35:19 ubuntu-phablet kernel: [    1.579119] sps:BAM 0xf9904000 is registered.
Nov 30 08:35:19 ubuntu-phablet kernel: [    1.579451] sps:BAM 0xf9904000 (va:0xc8830000) enabled: ver:0x15, number of pipes:24
Nov 30 08:35:19 ubuntu-phablet kernel: [    1.579924] spi_qsd f9923000.spi: master is unqueued, this is deprecated
Nov 30 08:35:19 ubuntu-phablet kernel: [    1.584939] modprobe used greatest stack depth: 5728 bytes left
Nov 30 08:35:19 ubuntu-phablet kernel: [    1.585310] gpio_request: gpio-0 (spi_mosi) status -16
Nov 30 08:35:19 ubuntu-phablet kernel: [    1.585324] spi_qsd f9923000.spi: msm_spi_request_gpios: gpio_request for pin 0 failed with error -16
Nov 30 08:35:19 ubuntu-phablet kernel: [    1.585385] spi_qsd f9923000.spi: can't setup spi0.3, status -16
Nov 30 08:35:19 ubuntu-phablet kernel: [    1.585417] spi_master spi0: spi_device register error /soc/spi@f9923000/ethernet-switch@3
Nov 30 08:35:19 ubuntu-phablet kernel: [    1.586945] tun: Universal TUN/TAP device driver, 1.6
Nov 30 08:35:19 ubuntu-phablet kernel: [    1.586976] tun: (C) 1999-2004 Max Krasnyansky <maxk@qualcomm.com>
Nov 30 08:35:19 ubuntu-phablet kernel: [    1.587254] rmnet_init: BAM devices[9]
Nov 30 08:35:19 ubuntu-phablet kernel: [    1.597545] PPP generic driver version 2.4.2
Nov 30 08:35:19 ubuntu-phablet kernel: [    1.597849] PPP BSD Compression module registered
Nov 30 08:35:19 ubuntu-phablet kernel: [    1.597875] PPP Deflate Compression module registered
Nov 30 08:35:19 ubuntu-phablet kernel: [    1.606357] PPP MPPE Compression module registered
Nov 30 08:35:19 ubuntu-phablet kernel: [    1.606392] NET: Registered protocol family 24
Nov 30 08:35:19 ubuntu-phablet kernel: [    1.606450] SLIP: version 0.8.4-NET3.019-NEWTTY (dynamic channels, max=256) (6 bit encapsulation enabled).
Nov 30 08:35:19 ubuntu-phablet kernel: [    1.606488] CSLIP: code copyright 1989 Regents of the University of California.
Nov 30 08:35:19 ubuntu-phablet kernel: [    1.606941] wcnss_wlan probed in built-in mode
Nov 30 08:35:19 ubuntu-phablet kernel: [    1.608760] usbcore: registered new interface driver asix
Nov 30 08:35:19 ubuntu-phablet kernel: [    1.608862] usbcore: registered new interface driver cdc_ether
Nov 30 08:35:19 ubuntu-phablet kernel: [    1.608936] usbcore: registered new interface driver net1080
Nov 30 08:35:19 ubuntu-phablet kernel: [    1.609010] usbcore: registered new interface driver cdc_subset
Nov 30 08:35:19 ubuntu-phablet kernel: [    1.609086] usbcore: registered new interface driver zaurus
Nov 30 08:35:19 ubuntu-phablet kernel: [    1.609333] usbcore: registered new interface driver cdc_ncm
Nov 30 08:35:19 ubuntu-phablet kernel: [    1.611057] msm_otg f9a55000.usb: msm_otg probe
Nov 30 08:35:19 ubuntu-phablet kernel: [    1.613281] msm_otg f9a55000.usb: OTG regs = c87f8000
Nov 30 08:35:19 ubuntu-phablet kernel: [    1.615757] ehci_hcd: USB 2.0 'Enhanced' Host Controller (EHCI) Driver
Nov 30 08:35:19 ubuntu-phablet kernel: [    1.616132] Unable to get vbus_otg
Nov 30 08:35:19 ubuntu-phablet kernel: [    1.616157] msm_hsusb_host msm_hsusb_host: unable to register with transceiver
Nov 30 08:35:19 ubuntu-phablet kernel: [    1.616213] platform msm_hsusb_host: Driver msm_hsusb_host requests probe deferral
Nov 30 08:35:19 ubuntu-phablet kernel: [    1.617482] usbcore: registered new interface driver cdc_acm
Nov 30 08:35:19 ubuntu-phablet kernel: [    1.617510] cdc_acm: USB Abstract Control Model driver for USB modems and ISDN adapters
Nov 30 08:35:19 ubuntu-phablet kernel: [    1.617543] Initializing USB Mass Storage driver...
Nov 30 08:35:19 ubuntu-phablet kernel: [    1.617640] usbcore: registered new interface driver usb-storage
Nov 30 08:35:19 ubuntu-phablet kernel: [    1.617668] USB Mass Storage support registered.
Nov 30 08:35:19 ubuntu-phablet kernel: [    1.617732] usbcore: registered new interface driver ums-alauda
Nov 30 08:35:19 ubuntu-phablet kernel: [    1.617798] usbcore: registered new interface driver ums-cypress
Nov 30 08:35:19 ubuntu-phablet kernel: [    1.617865] usbcore: registered new interface driver ums-datafab
Nov 30 08:35:19 ubuntu-phablet kernel: [    1.617933] usbcore: registered new interface driver ums-freecom
Nov 30 08:35:19 ubuntu-phablet kernel: [    1.617999] usbcore: registered new interface driver ums-isd200
Nov 30 08:35:19 ubuntu-phablet kernel: [    1.618077] usbcore: registered new interface driver ums-jumpshot
Nov 30 08:35:19 ubuntu-phablet kernel: [    1.618147] usbcore: registered new interface driver ums-karma
Nov 30 08:35:19 ubuntu-phablet kernel: [    1.618213] usbcore: registered new interface driver ums-onetouch
Nov 30 08:35:19 ubuntu-phablet kernel: [    1.618281] usbcore: registered new interface driver ums-sddr09
Nov 30 08:35:19 ubuntu-phablet kernel: [    1.618347] usbcore: registered new interface driver ums-sddr55
Nov 30 08:35:19 ubuntu-phablet kernel: [    1.618414] usbcore: registered new interface driver ums-usbat
Nov 30 08:35:19 ubuntu-phablet kernel: [    1.618579] usbcore: registered new interface driver usbserial
Nov 30 08:35:19 ubuntu-phablet kernel: [    1.618605] usbserial: USB Serial Driver core
Nov 30 08:35:19 ubuntu-phablet kernel: [    1.618691] usbcore: registered new interface driver qc_csvt
Nov 30 08:35:19 ubuntu-phablet kernel: [    1.618762] USB Serial support registered for qc_csvt
Nov 30 08:35:19 ubuntu-phablet kernel: [    1.618847] usbcore: registered new interface driver usb_ehset_test
Nov 30 08:35:19 ubuntu-phablet kernel: [    1.620123] msm_hsusb msm_hsusb: [ci13xxx_start] hw_ep_max = 32
Nov 30 08:35:19 ubuntu-phablet kernel: [    1.620940] mbim_init: initialize 1 instances
Nov 30 08:35:19 ubuntu-phablet kernel: [    1.621139] mbim_init: Initialized 1 ports
Nov 30 08:35:19 ubuntu-phablet kernel: [    1.623769] rndis_qc_init: initialize rndis QC instance
Nov 30 08:35:19 ubuntu-phablet kernel: [    1.624617] android_usb gadget: Mass Storage Function, version: 2009/09/11
Nov 30 08:35:19 ubuntu-phablet kernel: [    1.624651] android_usb gadget: Number of LUNs=2
Nov 30 08:35:19 ubuntu-phablet kernel: [    1.624677]  lun0: LUN: removable read only CD-ROM file: (no medium)
Nov 30 08:35:19 ubuntu-phablet kernel: [    1.624705]  lun1: LUN: removable file: (no medium)
Nov 30 08:35:19 ubuntu-phablet kernel: [    1.625213] android_usb gadget: android_usb ready
Nov 30 08:35:19 ubuntu-phablet kernel: [    1.626408] mousedev: PS/2 mouse device common for all mice
Nov 30 08:35:19 ubuntu-phablet kernel: [    1.626828] usbcore: registered new interface driver xpad
Nov 30 08:35:19 ubuntu-phablet kernel: [    1.626855] ft5x06_i2c_init
Nov 30 08:35:19 ubuntu-phablet kernel: [    1.626969] num_fw = 4
Nov 30 08:35:19 ubuntu-phablet kernel: [    1.627064] i2c-pull-up = 1
Nov 30 08:35:19 ubuntu-phablet kernel: [    1.627081] reset gpio = 16
Nov 30 08:35:19 ubuntu-phablet kernel: [    1.627098] irq gpio = 17
Nov 30 08:35:19 ubuntu-phablet kernel: [    1.627114] x_max = 720
Nov 30 08:35:19 ubuntu-phablet kernel: [    1.627129] y_max = 1280
Nov 30 08:35:19 ubuntu-phablet kernel: [    1.627145] z_max = 255
Nov 30 08:35:19 ubuntu-phablet kernel: [    1.627160] w_max = 200
Nov 30 08:35:19 ubuntu-phablet kernel: [    1.627176] landing_jiffies = 1000
Nov 30 08:35:19 ubuntu-phablet kernel: [    1.627194] landing_threshold = 16
Nov 30 08:35:19 ubuntu-phablet kernel: [    1.627212] staying_threshold = 8
Nov 30 08:35:19 ubuntu-phablet kernel: [    1.627230] raw min = 7000
Nov 30 08:35:19 ubuntu-phablet kernel: [    1.627246] raw max = 10000
Nov 30 08:35:19 ubuntu-phablet kernel: [    1.627263] key_num = 3
Nov 30 08:35:19 ubuntu-phablet kernel: [    1.627279] keymap[0] = 139
Nov 30 08:35:19 ubuntu-phablet kernel: [    1.627296] keypos[0] = 2
Nov 30 08:35:19 ubuntu-phablet kernel: [    1.627313] key[0]: 155 1317 10 50
Nov 30 08:35:19 ubuntu-phablet kernel: [    1.627331] keymap[1] = 102
Nov 30 08:35:19 ubuntu-phablet kernel: [    1.627348] keypos[1] = 6
Nov 30 08:35:19 ubuntu-phablet kernel: [    1.627365] key[1]: 355 1317 10 50
Nov 30 08:35:19 ubuntu-phablet kernel: [    1.627384] keymap[2] = 158
Nov 30 08:35:19 ubuntu-phablet kernel: [    1.627401] keypos[2] = 10
Nov 30 08:35:19 ubuntu-phablet kernel: [    1.627418] key[2]: 565 1317 10 50
Nov 30 08:35:19 ubuntu-phablet kernel: [    1.627436] key_num = 3
Nov 30 08:35:19 ubuntu-phablet kernel: [    1.627452] keymap[0] = 139
Nov 30 08:35:19 ubuntu-phablet kernel: [    1.627469] keypos[0] = 2
Nov 30 08:35:19 ubuntu-phablet kernel: [    1.627486] key[0]: 155 1319 10 50
Nov 30 08:35:19 ubuntu-phablet kernel: [    1.627504] keymap[1] = 102
Nov 30 08:35:19 ubuntu-phablet kernel: [    1.627521] keypos[1] = 6
Nov 30 08:35:19 ubuntu-phablet kernel: [    1.627538] key[1]: 355 1319 10 50
Nov 30 08:35:19 ubuntu-phablet kernel: [    1.627556] keymap[2] = 158
Nov 30 08:35:19 ubuntu-phablet kernel: [    1.627573] keypos[2] = 10
Nov 30 08:35:19 ubuntu-phablet kernel: [    1.627591] key[2]: 565 1319 10 50
Nov 30 08:35:19 ubuntu-phablet kernel: [    1.627609] key_num = 3
Nov 30 08:35:19 ubuntu-phablet kernel: [    1.627624] keymap[0] = 139
Nov 30 08:35:19 ubuntu-phablet kernel: [    1.627641] keypos[0] = 2
Nov 30 08:35:19 ubuntu-phablet kernel: [    1.627658] key[0]: 155 1319 10 50
Nov 30 08:35:19 ubuntu-phablet kernel: [    1.627677] keymap[1] = 102
Nov 30 08:35:19 ubuntu-phablet kernel: [    1.627694] keypos[1] = 6
Nov 30 08:35:19 ubuntu-phablet kernel: [    1.627711] key[1]: 355 1319 10 50
Nov 30 08:35:19 ubuntu-phablet kernel: [    1.627729] keymap[2] = 158
Nov 30 08:35:19 ubuntu-phablet kernel: [    1.627746] keypos[2] = 10
Nov 30 08:35:19 ubuntu-phablet kernel: [    1.627763] key[2]: 565 1319 10 50
Nov 30 08:35:19 ubuntu-phablet kernel: [    1.627782] key_num = 3
Nov 30 08:35:19 ubuntu-phablet kernel: [    1.627797] keymap[0] = 139
Nov 30 08:35:19 ubuntu-phablet kernel: [    1.627814] keypos[0] = 2
Nov 30 08:35:19 ubuntu-phablet kernel: [    1.627831] key[0]: 155 1319 10 50
Nov 30 08:35:19 ubuntu-phablet kernel: [    1.627850] keymap[1] = 102
Nov 30 08:35:19 ubuntu-phablet kernel: [    1.627866] keypos[1] = 6
Nov 30 08:35:19 ubuntu-phablet kernel: [    1.627884] key[1]: 355 1319 10 50
Nov 30 08:35:19 ubuntu-phablet kernel: [    1.627902] keymap[2] = 158
Nov 30 08:35:19 ubuntu-phablet kernel: [    1.627919] keypos[2] = 10
Nov 30 08:35:19 ubuntu-phablet kernel: [    1.627936] key[2]: 565 1319 10 50
Nov 30 08:35:19 ubuntu-phablet kernel: [    1.627955] firmare 0 chip = 0xa, vendor = 0x51 name = ft5316_firmware.fw
Nov 30 08:35:19 ubuntu-phablet kernel: [    1.843524] ft5x06_i2c 5-0038: firmware vendor is 51
Nov 30 08:35:19 ubuntu-phablet kernel: [    1.843666] ft5x06_i2c 5-0038: chip id = 0x14, found it!
Nov 30 08:35:19 ubuntu-phablet kernel: [    1.843796] ft5x06_i2c 5-0038: firmware name = ft5336_firmware_ofilm.fw
Nov 30 08:35:19 ubuntu-phablet kernel: [    1.844529] ft5x06_i2c 5-0038: firmware version is 0e
Nov 30 08:35:19 ubuntu-phablet kernel: [    1.845914] input: ft5x06 as /devices/f9927000.i2c/i2c-5/5-0038/input/input0
Nov 30 08:35:19 ubuntu-phablet kernel: [    1.848765] #### init for imagis #####
Nov 30 08:35:19 ubuntu-phablet kernel: [    1.853007] [ Imagis ] ist30xx_probe(), the i2c addr=0x50
Nov 30 08:35:19 ubuntu-phablet kernel: [    1.853370] ### reset gpio = 16 ####
Nov 30 08:35:19 ubuntu-phablet kernel: [    1.853493] ### irq gpio = 17 ####
Nov 30 08:35:19 ubuntu-phablet kernel: [    1.853589] ### max x = 720 ####
Nov 30 08:35:19 ubuntu-phablet kernel: [    1.853682] ### max y = 1280 ####
Nov 30 08:35:19 ubuntu-phablet kernel: [    1.853775] ### max w = 200 ####
Nov 30 08:35:19 ubuntu-phablet kernel: [    1.853867] ### key num = 3 ####
Nov 30 08:35:19 ubuntu-phablet kernel: [    1.853960] #### key [0] = 139 ####
Nov 30 08:35:19 ubuntu-phablet kernel: [    1.854058] #### key [1] = 102 ####
Nov 30 08:35:19 ubuntu-phablet kernel: [    1.854155] #### key [2] = 158 ####
Nov 30 08:35:19 ubuntu-phablet kernel: [    1.854284] gpio_request: gpio-17 (imagis_irq_gpio) status -16
Nov 30 08:35:19 ubuntu-phablet kernel: [    1.854332] [ Imagis ] irq gpio request failed!
Nov 30 08:35:19 ubuntu-phablet kernel: [    1.854459] [ Imagis ] Error, ist30xx mem free
Nov 30 08:35:19 ubuntu-phablet kernel: [    1.855853] IST30XX: probe of 5-0050 failed with error -16
Nov 30 08:35:19 ubuntu-phablet kernel: [    1.861889] using rtc device, qpnp_rtc, for alarms
Nov 30 08:35:19 ubuntu-phablet kernel: [    1.862098] qcom,qpnp-rtc qpnp-rtc-f1df1000: rtc core: registered qpnp_rtc as rtc0
Nov 30 08:35:19 ubuntu-phablet kernel: [    1.863690] i2c /dev entries driver
Nov 30 08:35:19 ubuntu-phablet kernel: [    1.872005] msm_vidc: 1: Failed to read qcom,load-freq-tbl from device tree
Nov 30 08:35:19 ubuntu-phablet kernel: [    1.872051] msm_vidc: 1: no elements in frequency table
Nov 30 08:35:19 ubuntu-phablet kernel: [    1.872094] msm_vidc: 1: Failed to read qcom,reg-presets from device tree
Nov 30 08:35:19 ubuntu-phablet kernel: [    1.872315] msm_vidc: 1: Failed to read qcom,buffer-type-tz-usage-table from device tree
Nov 30 08:35:19 ubuntu-phablet kernel: [    1.872393] msm_vidc: 1: Q6 hfi device probe called
Nov 30 08:35:19 ubuntu-phablet kernel: [    1.874491] msm_vidc: 1: debugfs_create_file: fail
Nov 30 08:35:19 ubuntu-phablet kernel: [    1.899527] Registered led device: flashlight
Nov 30 08:35:19 ubuntu-phablet kernel: [    1.901699] msm_eeprom_platform_probe MM data miss:1059
Nov 30 08:35:19 ubuntu-phablet kernel: [    1.902441] msm_eeprom_parse_memory_map: pageen not needed
Nov 30 08:35:19 ubuntu-phablet kernel: [    1.902658] msm_eeprom_parse_memory_map: pageen not needed
Nov 30 08:35:19 ubuntu-phablet kernel: [    1.903122] msm_eeprom_parse_memory_map: pageen not needed
Nov 30 08:35:19 ubuntu-phablet kernel: [    1.903204] msm_eeprom_parse_memory_map: pageen not needed
Nov 30 08:35:19 ubuntu-phablet kernel: [    1.903284] msm_eeprom_parse_memory_map: pageen not needed
Nov 30 08:35:19 ubuntu-phablet kernel: [    1.903364] msm_eeprom_parse_memory_map: pageen not needed
Nov 30 08:35:19 ubuntu-phablet kernel: [    1.903444] msm_eeprom_parse_memory_map: pageen not needed
Nov 30 08:35:19 ubuntu-phablet kernel: [    1.903525] msm_eeprom_parse_memory_map: pageen not needed
Nov 30 08:35:19 ubuntu-phablet kernel: [    1.903607] msm_eeprom_parse_memory_map: pageen not needed
Nov 30 08:35:19 ubuntu-phablet kernel: [    1.903690] msm_eeprom_parse_memory_map: pageen not needed
Nov 30 08:35:19 ubuntu-phablet kernel: [    1.903775] msm_eeprom_parse_memory_map: pageen not needed
Nov 30 08:35:19 ubuntu-phablet kernel: [    1.903860] msm_eeprom_parse_memory_map: pageen not needed
Nov 30 08:35:19 ubuntu-phablet kernel: [    1.903946] msm_eeprom_parse_memory_map: pageen not needed
Nov 30 08:35:19 ubuntu-phablet kernel: [    1.904033] msm_eeprom_parse_memory_map: pageen not needed
Nov 30 08:35:19 ubuntu-phablet kernel: [    1.904120] msm_eeprom_parse_memory_map: pageen not needed
Nov 30 08:35:19 ubuntu-phablet kernel: [    1.904209] msm_eeprom_parse_memory_map: pageen not needed
Nov 30 08:35:19 ubuntu-phablet kernel: [    1.904298] msm_eeprom_parse_memory_map: pageen not needed
Nov 30 08:35:19 ubuntu-phablet kernel: [    1.904389] msm_eeprom_parse_memory_map: pageen not needed
Nov 30 08:35:19 ubuntu-phablet kernel: [    1.904482] msm_eeprom_parse_memory_map: pageen not needed
Nov 30 08:35:19 ubuntu-phablet kernel: [    2.392671] h3lte_set_sensor_name: sensor_name = , is set = 0
Nov 30 08:35:19 ubuntu-phablet kernel: [    2.468520] msm_eeprom_platform_probe MM data miss:1059
Nov 30 08:35:19 ubuntu-phablet kernel: [    2.469799] msm_eeprom_parse_memory_map: pageen not needed
Nov 30 08:35:19 ubuntu-phablet kernel: [    2.923752] h3lte_set_sensor_name: sensor_name = ov5693_olq5f08, is set = 1
Nov 30 08:35:19 ubuntu-phablet kernel: [    2.969773] msm_sensor_driver_get_dt_data:809 Invalid sensor position
Nov 30 08:35:19 ubuntu-phablet kernel: [    2.969939] msm_sensor_driver_get_dt_data:818 Invalid sensor mode supported
Nov 30 08:35:19 ubuntu-phablet kernel: [    2.970116] g_sctrl[0] f0c78400
Nov 30 08:35:19 ubuntu-phablet kernel: [    2.971016] msm_sensor_driver_get_dt_data:809 Invalid sensor position
Nov 30 08:35:19 ubuntu-phablet kernel: [    2.971195] msm_sensor_driver_get_dt_data:818 Invalid sensor mode supported
Nov 30 08:35:19 ubuntu-phablet kernel: [    2.971368] g_sctrl[1] f0c78600
Nov 30 08:35:19 ubuntu-phablet kernel: [    2.983392] __msm_jpeg_init:951] Jpeg Device id 0
Nov 30 08:35:19 ubuntu-phablet kernel: [    3.013967] lirc_dev: IR Remote Control driver registered, major 236 
Nov 30 08:35:19 ubuntu-phablet kernel: [    3.014114] IR NEC protocol handler initialized
Nov 30 08:35:19 ubuntu-phablet kernel: [    3.014208] IR RC5(x) protocol handler initialized
Nov 30 08:35:19 ubuntu-phablet kernel: [    3.014303] IR RC6 protocol handler initialized
Nov 30 08:35:19 ubuntu-phablet kernel: [    3.014394] IR JVC protocol handler initialized
Nov 30 08:35:19 ubuntu-phablet kernel: [    3.014486] IR Sony protocol handler initialized
Nov 30 08:35:19 ubuntu-phablet kernel: [    3.014578] IR RC5 (streamzap) protocol handler initialized
Nov 30 08:35:19 ubuntu-phablet kernel: [    3.014682] IR SANYO protocol handler initialized
Nov 30 08:35:19 ubuntu-phablet kernel: [    3.014775] IR MCE Keyboard/mouse protocol handler initialized
Nov 30 08:35:19 ubuntu-phablet kernel: [    3.014881] IR LIRC bridge handler initialized
Nov 30 08:35:19 ubuntu-phablet kernel: [    3.015348] usbcore: registered new interface driver uvcvideo
Nov 30 08:35:19 ubuntu-phablet kernel: [    3.015460] USB Video Class driver (1.1.1)
Nov 30 08:35:19 ubuntu-phablet kernel: [    3.018970] Driver for 1-wire Dallas network protocol.
Nov 30 08:35:19 ubuntu-phablet kernel: [    3.021169] w1-gpio: w1_gpio_probe:gpio 439
Nov 30 08:35:19 ubuntu-phablet kernel: [    3.203446] BMS: qpnp_bms_init: QPNP BMS INIT
Nov 30 08:35:19 ubuntu-phablet kernel: [    3.203569] BMS: qpnp_bms_init: QPNP BMS INIT
Nov 30 08:35:19 ubuntu-phablet kernel: [    3.203685] spmi qpnp-bms-armani-f1dedc00: Driver qcom,qpnp-bms-armani requests probe deferral
Nov 30 08:35:19 ubuntu-phablet kernel: [    3.203960] spmi qpnp-charger-armani-f1deda00: Driver qcom,qpnp-charger-armani requests probe deferral
Nov 30 08:35:19 ubuntu-phablet kernel: [    3.238217] qpnp_vadc_conv_seq_request: not a valid VADC channel
Nov 30 08:35:19 ubuntu-phablet kernel: [    3.238250] thermal_sys: failed to read out thermal zone 7
Nov 30 08:35:19 ubuntu-phablet kernel: [    3.238503] qpnp_vadc_conv_seq_request: not a valid VADC channel
Nov 30 08:35:19 ubuntu-phablet kernel: [    3.238532] thermal_sys: failed to read out thermal zone 8
Nov 30 08:35:19 ubuntu-phablet kernel: [    3.239249] device-mapper: uevent: version 1.0.3
Nov 30 08:35:19 ubuntu-phablet kernel: [    3.239726] device-mapper: ioctl: 4.22.0-ioctl (2011-10-19) initialised: dm-devel@redhat.com
Nov 30 08:35:19 ubuntu-phablet kernel: [    3.240454] cpuidle: using governor ladder
Nov 30 08:35:19 ubuntu-phablet kernel: [    3.240480] cpuidle: using governor menu
Nov 30 08:35:19 ubuntu-phablet kernel: [    3.240544] sdhci: Secure Digital Host Controller Interface driver
Nov 30 08:35:19 ubuntu-phablet kernel: [    3.240571] sdhci: Copyright(c) Pierre Ossman
Nov 30 08:35:19 ubuntu-phablet kernel: [    3.241276] sdhci-pltfm: SDHCI platform and OF driver helper
Nov 30 08:35:19 ubuntu-phablet kernel: [    3.245791] mmc0: no vmmc regulator found
Nov 30 08:35:19 ubuntu-phablet kernel: [    3.247004] Registered led device: mmc0::
Nov 30 08:35:19 ubuntu-phablet kernel: [    3.248281] mmc0: SDHCI controller on msm_sdcc.1 [msm_sdcc.1] using ADMA
Nov 30 08:35:19 ubuntu-phablet kernel: [    3.253135] mmc1: no vmmc regulator found
Nov 30 08:35:19 ubuntu-phablet kernel: [    3.254302] Registered led device: mmc1::
Nov 30 08:35:19 ubuntu-phablet kernel: [    3.255575] mmc1: SDHCI controller on msm_sdcc.2 [msm_sdcc.2] using ADMA
Nov 30 08:35:19 ubuntu-phablet kernel: [    3.256249] Registered led device: red
Nov 30 08:35:19 ubuntu-phablet kernel: [    3.256509] Registered led device: green
Nov 30 08:35:19 ubuntu-phablet kernel: [    3.256787] Registered led device: blue
Nov 30 08:35:19 ubuntu-phablet kernel: [    3.257584] Registered led device: wled:backlight
Nov 30 08:35:19 ubuntu-phablet kernel: [    3.257599] qcom,leds-qpnp leds-qpnp-f1df1200: bl: change to higher light 4095
Nov 30 08:35:19 ubuntu-phablet kernel: [    3.257656] qcom,leds-qpnp leds-qpnp-f1df1200: bl: change to analog 4095
Nov 30 08:35:19 ubuntu-phablet kernel: [    3.258856] qcom,leds-qpnp leds-qpnp-f1e12000: Regulator get failed(-517)
Nov 30 08:35:19 ubuntu-phablet kernel: [    3.258887] qcom,leds-qpnp leds-qpnp-f1e12000: Unable to read flash config data
Nov 30 08:35:19 ubuntu-phablet kernel: [    3.258933] spmi leds-qpnp-f1e12000: Driver qcom,leds-qpnp requests probe deferral
Nov 30 08:35:19 ubuntu-phablet kernel: [    3.260179] usbcore: registered new interface driver usbhid
Nov 30 08:35:19 ubuntu-phablet kernel: [    3.260206] usbhid: USB HID core driver
Nov 30 08:35:19 ubuntu-phablet kernel: [    3.260946] zram: Created 1 device(s) ...
Nov 30 08:35:19 ubuntu-phablet kernel: [    3.261696] ashmem: initialized
Nov 30 08:35:19 ubuntu-phablet kernel: [    3.261853] logger: created 1024K log 'log_main'
Nov 30 08:35:19 ubuntu-phablet kernel: [    3.262021] logger: created 1024K log 'log_events'
Nov 30 08:35:19 ubuntu-phablet kernel: [    3.262186] logger: created 1024K log 'log_radio'
Nov 30 08:35:19 ubuntu-phablet kernel: [    3.262345] logger: created 1024K log 'log_system'
Nov 30 08:35:19 ubuntu-phablet kernel: [    3.263270] sps:BAM 0xf9a44000 is registered.
Nov 30 08:35:19 ubuntu-phablet kernel: [    3.263297] usb_bam_ipa_create_resources: Failed to create USB_PROD resource
Nov 30 08:35:19 ubuntu-phablet kernel: [    3.263799] PMIC@SID0 Power-on reason: Triggered from KPD (power key press) and 'warm' boot
Nov 30 08:35:19 ubuntu-phablet kernel: [    3.264165] input: qpnp_pon as /devices/virtual/input/input1
Nov 30 08:35:19 ubuntu-phablet kernel: [    3.265467] PMIC@SID0: PM8226 v2.1 options: 0, 0, 2, 2
Nov 30 08:35:19 ubuntu-phablet kernel: [    3.265915] coresight-fuse fc4be024.fuse: Fuse initialized
Nov 30 08:35:19 ubuntu-phablet kernel: [    3.266677] coresight-cti fc308000.cti: CTI initialized
Nov 30 08:35:19 ubuntu-phablet kernel: [    3.266891] coresight-cti fc309000.cti: CTI initialized
Nov 30 08:35:19 ubuntu-phablet kernel: [    3.267102] coresight-cti fc30a000.cti: CTI initialized
Nov 30 08:35:19 ubuntu-phablet kernel: [    3.267336] coresight-cti fc30b000.cti: CTI initialized
Nov 30 08:35:19 ubuntu-phablet kernel: [    3.267540] coresight-cti fc30c000.cti: CTI initialized
Nov 30 08:35:19 ubuntu-phablet kernel: [    3.267755] coresight-cti fc30d000.cti: CTI initialized
Nov 30 08:35:19 ubuntu-phablet kernel: [    3.267957] coresight-cti fc30e000.cti: CTI initialized
Nov 30 08:35:19 ubuntu-phablet kernel: [    3.268171] coresight-cti fc30f000.cti: CTI initialized
Nov 30 08:35:19 ubuntu-phablet kernel: [    3.268376] coresight-cti fc310000.cti: CTI initialized
Nov 30 08:35:19 ubuntu-phablet kernel: [    3.268601] coresight-cti fc340000.cti: CTI initialized
Nov 30 08:35:19 ubuntu-phablet kernel: [    3.268837] coresight-cti fc341000.cti: CTI initialized
Nov 30 08:35:19 ubuntu-phablet kernel: [    3.269041] coresight-cti fc342000.cti: CTI initialized
Nov 30 08:35:19 ubuntu-phablet kernel: [    3.269236] coresight-cti fc343000.cti: CTI initialized
Nov 30 08:35:19 ubuntu-phablet kernel: [    3.269440] coresight-cti fc344000.cti: CTI initialized
Nov 30 08:35:19 ubuntu-phablet kernel: [    3.269638] coresight-cti fc348000.cti: CTI initialized
Nov 30 08:35:19 ubuntu-phablet kernel: [    3.269843] coresight-cti fc34d000.cti: CTI initialized
Nov 30 08:35:19 ubuntu-phablet kernel: [    3.270038] coresight-cti fc350000.cti: CTI initialized
Nov 30 08:35:19 ubuntu-phablet kernel: [    3.270242] coresight-cti fc354000.cti: CTI initialized
Nov 30 08:35:19 ubuntu-phablet kernel: [    3.270447] coresight-cti fc358000.cti: CTI initialized
Nov 30 08:35:19 ubuntu-phablet kernel: [    3.271181] coresight-csr fc302000.csr: CSR initialized
Nov 30 08:35:19 ubuntu-phablet kernel: [    3.274426] coresight-tmc fc322000.tmc: Byte Counter feature enabled
Nov 30 08:35:19 ubuntu-phablet kernel: [    3.274502] sps:BAM 0xfc37c000 is registered.
Nov 30 08:35:19 ubuntu-phablet kernel: [    3.274851] coresight-tmc fc322000.tmc: TMC initialized
Nov 30 08:35:19 ubuntu-phablet kernel: [    3.275454] coresight-tmc fc307000.tmc: TMC initialized
Nov 30 08:35:19 ubuntu-phablet kernel: [    3.276464] coresight-tpiu fc318000.tpiu: seta gpios not specified
Nov 30 08:35:19 ubuntu-phablet kernel: [    3.276495] coresight-tpiu fc318000.tpiu: setb gpios not specified
Nov 30 08:35:19 ubuntu-phablet kernel: [    3.276636] coresight-tpiu fc318000.tpiu: TPIU initialized
Nov 30 08:35:19 ubuntu-phablet kernel: [    3.277404] coresight-funnel fc31b000.funnel: FUNNEL initialized
Nov 30 08:35:19 ubuntu-phablet kernel: [    3.277604] coresight-funnel fc319000.funnel: FUNNEL initialized
Nov 30 08:35:19 ubuntu-phablet kernel: [    3.277797] coresight-funnel fc31a000.funnel: FUNNEL initialized
Nov 30 08:35:19 ubuntu-phablet kernel: [    3.277999] coresight-funnel fc345000.funnel: FUNNEL initialized
Nov 30 08:35:19 ubuntu-phablet kernel: [    3.278191] coresight-funnel fc364000.funnel: FUNNEL initialized
Nov 30 08:35:19 ubuntu-phablet kernel: [    3.278933] coresight-replicator fc31c000.replicator: REPLICATOR initialized
Nov 30 08:35:19 ubuntu-phablet kernel: [    3.279865] coresight-stm fc321000.stm: STM initialized
Nov 30 08:35:19 ubuntu-phablet kernel: [    3.284778] coresight-hwevent fd828018.hwevent: Hardware Event driver initialized
Nov 30 08:35:19 ubuntu-phablet kernel: [    3.285735] coresight-etm fc33c000.etm: ETM initialized
Nov 30 08:35:19 ubuntu-phablet kernel: [    3.286151] coresight-etm fc33d000.etm: ETM initialized
Nov 30 08:35:19 ubuntu-phablet kernel: [    3.286567] coresight-etm fc33e000.etm: ETM initialized
Nov 30 08:35:19 ubuntu-phablet kernel: [    3.286973] coresight-etm fc33f000.etm: ETM initialized
Nov 30 08:35:19 ubuntu-phablet kernel: [    3.287718] coresight-audio-etm audio_etm0.24: Audio ETM initialized
Nov 30 08:35:19 ubuntu-phablet kernel: [    3.290497] coresight-modem-etm modem_etm0.25: Modem ETM initialized
Nov 30 08:35:19 ubuntu-phablet kernel: [    3.295370] coresight-wcn-etm wcn_etm0.26: Wireless ETM initialized
Nov 30 08:35:19 ubuntu-phablet kernel: [    3.300162] coresight-rpm-etm rpm_etm0.27: RPM ETM initialized
Nov 30 08:35:19 ubuntu-phablet kernel: [    3.307190] usbcore: registered new interface driver snd-usb-audio
Nov 30 08:35:19 ubuntu-phablet kernel: [    3.324515] msm-compr-dsp msm-compr-dsp: msm_compr_probe: dev name msm-compr-dsp
Nov 30 08:35:19 ubuntu-phablet kernel: [    3.325450] msm-pcm-lpa msm-pcm-lpa: msm_pcm_probe: dev name msm-pcm-lpa
Nov 30 08:35:19 ubuntu-phablet kernel: [    3.326746] platform qcom,msm-voip-dsp.49: Driver msm-voip-dsp requests probe deferral
Nov 30 08:35:19 ubuntu-phablet kernel: [    3.327401] platform qcom,msm-pcm-voice.50: Driver msm-pcm-voice requests probe deferral
Nov 30 08:35:19 ubuntu-phablet kernel: [    3.332957] platform sound.42: Driver msm8226-asoc-tapan requests probe deferral
Nov 30 08:35:19 ubuntu-phablet kernel: [    3.333559] GACT probability NOT on
Nov 30 08:35:19 ubuntu-phablet kernel: [    3.333591] Mirror/redirect action on
Nov 30 08:35:19 ubuntu-phablet kernel: [    3.333614] u32 classifier
Nov 30 08:35:19 ubuntu-phablet kernel: [    3.333630]     Actions configured
Nov 30 08:35:19 ubuntu-phablet kernel: [    3.333889] TCP: cubic registered
Nov 30 08:35:19 ubuntu-phablet kernel: [    3.334883] NET: Registered protocol family 10
Nov 30 08:35:19 ubuntu-phablet kernel: [    3.338214] Mobile IPv6
Nov 30 08:35:19 ubuntu-phablet kernel: [    3.338241] IPv6 over IPv4 tunneling driver
Nov 30 08:35:19 ubuntu-phablet kernel: [    3.339575] NET: Registered protocol family 17
Nov 30 08:35:19 ubuntu-phablet kernel: [    3.339708] Bridge firewalling registered
Nov 30 08:35:19 ubuntu-phablet kernel: [    3.339744] Ebtables v2.0 registered
Nov 30 08:35:19 ubuntu-phablet kernel: [    3.339962] Bluetooth: RFCOMM TTY layer initialized
Nov 30 08:35:19 ubuntu-phablet kernel: [    3.340005] Bluetooth: RFCOMM socket layer initialized
Nov 30 08:35:19 ubuntu-phablet kernel: [    3.340029] Bluetooth: RFCOMM ver 1.11
Nov 30 08:35:19 ubuntu-phablet kernel: [    3.340050] Bluetooth: BNEP (Ethernet Emulation) ver 1.3
Nov 30 08:35:19 ubuntu-phablet kernel: [    3.340074] Bluetooth: BNEP filters: protocol multicast
Nov 30 08:35:19 ubuntu-phablet kernel: [    3.340100] Bluetooth: HIDP (Human Interface Emulation) ver 1.2
Nov 30 08:35:19 ubuntu-phablet kernel: [    3.340209] Registering the dns_resolver key type
Nov 30 08:35:19 ubuntu-phablet kernel: [    3.340851] VFP support v0.3: implementor 41 architecture 2 part 30 variant 7 rev 3
Nov 30 08:35:19 ubuntu-phablet kernel: [    3.340919] Registering SWP/SWPB emulation handler
Nov 30 08:35:19 ubuntu-phablet kernel: [    3.343910] mmc0: BKOPS_EN bit = 0
Nov 30 08:35:19 ubuntu-phablet kernel: [    3.351265] mmc0: new HS200 MMC card at address 0001
Nov 30 08:35:19 ubuntu-phablet kernel: [    3.352293] mmcblk0: mmc0:0001 M8G1GC 7.28 GiB 
Nov 30 08:35:19 ubuntu-phablet kernel: [    3.353085] mmcblk0rpmb: mmc0:0001 M8G1GC partition 3 512 KiB
Nov 30 08:35:19 ubuntu-phablet kernel: [    3.353119] registered taskstats version 1
Nov 30 08:35:19 ubuntu-phablet kernel: [    3.354981] Alternate GPT is invalid, using primary GPT.
Nov 30 08:35:19 ubuntu-phablet kernel: [    3.355117]  mmcblk0: p1 p2 p3 p4 p5 p6 p7 p8 p9 p10 p11 p12 p13 p14 p15 p16 p17 p18 p19 p20 p21 p22 p23 p24 p25 p26 p27 p28 p29
Nov 30 08:35:19 ubuntu-phablet kernel: [    3.372895] AppArmor: AppArmor sha1 policy hashing enabled
Nov 30 08:35:19 ubuntu-phablet kernel: [    3.374134] platform sound.42: Driver msm8226-asoc-tapan requests probe deferral
Nov 30 08:35:19 ubuntu-phablet kernel: [    3.375268] qcom,leds-qpnp leds-qpnp-f1e12000: Regulator get failed(-517)
Nov 30 08:35:19 ubuntu-phablet kernel: [    3.375304] qcom,leds-qpnp leds-qpnp-f1e12000: Unable to read flash config data
Nov 30 08:35:19 ubuntu-phablet kernel: [    3.375350] spmi leds-qpnp-f1e12000: Driver qcom,leds-qpnp requests probe deferral
Nov 30 08:35:19 ubuntu-phablet kernel: [    3.375598] gpio_set_debounce: gpio-108 status -22
Nov 30 08:35:19 ubuntu-phablet kernel: [    3.375632] bq2022: w1_bq2022_battery_id: pseduo_info:0x10139463
Nov 30 08:35:19 ubuntu-phablet kernel: [    3.375774] chg:qpnp_chg_vbatdet_set: voltage=4320 setting 36
Nov 30 08:35:19 ubuntu-phablet kernel: [    3.375912] gpio_set_debounce: gpio-107 status -22
Nov 30 08:35:19 ubuntu-phablet kernel: [    3.376095] gpio_set_debounce: gpio-106 status -22
Nov 30 08:35:19 ubuntu-phablet kernel: [    3.376373] batfet: 
Nov 30 08:35:19 ubuntu-phablet kernel: [    3.376539] input: gpio-keys as /devices/gpio_keys.75/input/input2
Nov 30 08:35:19 ubuntu-phablet kernel: [    3.376712] 8226_smbbp_boost: 5000 mV 
Nov 30 08:35:19 ubuntu-phablet kernel: [    3.377102] 8226_smbbp_otg: 
Nov 30 08:35:19 ubuntu-phablet kernel: [    3.377151] 8226_smbbp_otg: supplied by 8226_smbbp_boost
Nov 30 08:35:19 ubuntu-phablet kernel: [    3.377285] qcom,qpnp-rtc qpnp-rtc-f1df1000: setting system clock to 2015-11-30 08:35:10 UTC (1448872510)
Nov 30 08:35:19 ubuntu-phablet kernel: [    3.378498] msm_thermal: Interrupt mode init
Nov 30 08:35:19 ubuntu-phablet kernel: [    3.379615] clock_late_init: Removing enables held for handed-off clocks
Nov 30 08:35:19 ubuntu-phablet kernel: [    3.385707] ALSA device list:
Nov 30 08:35:19 ubuntu-phablet kernel: [    3.385729]   No soundcards found.
Nov 30 08:35:19 ubuntu-phablet kernel: [    3.386111] Freeing init memory: 224K
Nov 30 08:35:19 ubuntu-phablet kernel: [    3.392711] chg:qpnp_chg_vddmax_and_trim_set: voltage=4350+0 setting vddmax: 6f, trim: 00
Nov 30 08:35:19 ubuntu-phablet kernel: [    3.393892] chg:qpnp_chg_usb_chg_gone_irq_handler: chg_gone triggered, usb 1 3
Nov 30 08:35:19 ubuntu-phablet kernel: [    3.393975] chg:qpnp_chg_usb_usbin_valid_irq_handler: usbin-valid triggered: 1 host_mode: 0
Nov 30 08:35:19 ubuntu-phablet kernel: [    3.394087] chg:qpnp_chg_vddmax_and_trim_set: voltage=4350+0 setting vddmax: 6f, trim: 00
Nov 30 08:35:19 ubuntu-phablet kernel: [    3.394217] chg:qpnp_chg_dc_dcin_valid_irq_handler: dcin-valid triggered: 0
Nov 30 08:35:19 ubuntu-phablet kernel: [    3.394498] chg:qpnp_charger_probe: success chg_dis = 0, bpd = 1, usb = 1, dc = 0 b_health = 1 batt_present = 1
Nov 30 08:35:19 ubuntu-phablet kernel: [    3.395141] bq2022: w1_bq2022_battery_id: pseduo_info:0x10139463
Nov 30 08:35:19 ubuntu-phablet kernel: [    3.395349] BMS: read_shutdown_soc: stored soc = 0x68, shutdown_soc = 51
Nov 30 08:35:19 ubuntu-phablet kernel: [    3.413561] exe used greatest stack depth: 5620 bytes left
Nov 30 08:35:19 ubuntu-phablet kernel: [    3.421539] exe used greatest stack depth: 5616 bytes left
Nov 30 08:35:19 ubuntu-phablet kernel: [    3.441433] BMS: read_soc_params_raw: PON_OCV_UV = 3822739, cc = 74b0
Nov 30 08:35:19 ubuntu-phablet kernel: [    3.441487] BMS: read_soc_params_raw: OCV is stale or bad, estimating new OCV.
Nov 30 08:35:19 ubuntu-phablet kernel: [    3.441533] BMS: read_saved_instant_ocv: read instant ocv 3848 reg 70
Nov 30 08:35:19 ubuntu-phablet kernel: [    3.446219] BMS: estimate_ocv: estimated pon ocv = 3894441 i1118297 v3739686 r167 d32000
Nov 30 08:35:19 ubuntu-phablet kernel: [    3.446261] BMS: read_soc_params_raw: instant ocv 3848 estimated 3894
Nov 30 08:35:19 ubuntu-phablet kernel: [    3.446443] BMS: read_soc_params_raw: New PON_OCV_UV = 3848000, cc = 74b0
Nov 30 08:35:19 ubuntu-phablet kernel: [    3.449317] all_generic_ide used greatest stack depth: 5584 bytes left
Nov 30 08:35:19 ubuntu-phablet kernel: [    3.449818] all_generic_ide used greatest stack depth: 5560 bytes left
Nov 30 08:35:19 ubuntu-phablet kernel: [    3.478207] BMS: load_shutdown_data: raw_soc = 50 shutdown_soc = 51 shutdown_iavg = 250 shutdown_soc_invalid = 0, battery_removed = 0
Nov 30 08:35:19 ubuntu-phablet kernel: [    3.478438] BMS: setup_vbat_monitoring: set low thr to 3420000 and high to 4330000
Nov 30 08:35:19 ubuntu-phablet kernel: [    3.493953] BMS: refresh_die_temp_monitor: low = 50350, high = 60350
Nov 30 08:35:19 ubuntu-phablet kernel: [    3.561044] BMS: adjust_soc: s 51 i 964177 v 3758250 ocv 3848000 rbatt 140 uuc 61590 cc 22 r 1067560 t 408
Nov 30 08:35:19 ubuntu-phablet kernel: [    3.601954] BMS: adjust_soc: s 51 i 965434 v 3757956 ocv 3848000 rbatt 140 uuc 61590 cc 30 r 1067560 t 407
Nov 30 08:35:19 ubuntu-phablet kernel: [    3.702033] BMS: qpnp_bms_probe: probe success: soc =51 vbatt = 3715587 ocv = 3848000 r_sense_uohm = 10000 warm_reset = 1
Nov 30 08:35:19 ubuntu-phablet kernel: [    3.703796] msm_otg f9a55000.usb: phy_reset: success
Nov 30 08:35:19 ubuntu-phablet kernel: [    3.705192] mmc1: new high speed SDHC card at address b368
Nov 30 08:35:19 ubuntu-phablet kernel: [    3.706141] mmcblk1: mmc1:b368 NCard 7.48 GiB 
Nov 30 08:35:19 ubuntu-phablet kernel: [    3.706600] chg:get_prop_capacity: resuming charging at 51% soc
Nov 30 08:35:19 ubuntu-phablet kernel: [    3.706632] chg:qpnp_chg_vbatdet_set: voltage=4380 setting 39
Nov 30 08:35:19 ubuntu-phablet kernel: [    3.707023] platform sound.42: Driver msm8226-asoc-tapan requests probe deferral
Nov 30 08:35:19 ubuntu-phablet kernel: [    3.707839] Registered led device: led:flash_0
Nov 30 08:35:19 ubuntu-phablet kernel: [    3.708122]  mmcblk1: p1 p2
Nov 30 08:35:19 ubuntu-phablet kernel: [    3.709852] Registered led device: led:flash_1
Nov 30 08:35:19 ubuntu-phablet kernel: [    3.710228] Registered led device: led:flash_torch
Nov 30 08:35:19 ubuntu-phablet kernel: [    3.712735] platform sound.42: Driver msm8226-asoc-tapan requests probe deferral
Nov 30 08:35:19 ubuntu-phablet kernel: [    3.945591] msm_hsusb msm_hsusb: CI13XXX_CONTROLLER_RESET_EVENT received
Nov 30 08:35:19 ubuntu-phablet kernel: [    4.034868] udevadm used greatest stack depth: 5556 bytes left
Nov 30 08:35:19 ubuntu-phablet kernel: [    4.046977] init used greatest stack depth: 5524 bytes left
Nov 30 08:35:19 ubuntu-phablet kernel: [    4.195076] cpr_irq_handler: IRQ_STATUS = 0x05
Nov 30 08:35:19 ubuntu-phablet kernel: [    4.195128] cpr_scale: last_volt[corner:5, fuse_corner:3] = 1290000 uV
Nov 30 08:35:19 ubuntu-phablet kernel: [    4.195174] cpr_scale: Down: cpr status = 0x000068f5 (error_steps=13)
Nov 30 08:35:19 ubuntu-phablet kernel: [    4.195219] cpr_scale: 13 is over down-limit(1): Clamp
Nov 30 08:35:19 ubuntu-phablet kernel: [    4.195283] cpr_scale: DOWN: -> new_volt[corner:5, fuse_corner:3] = 1280000 uV
Nov 30 08:35:19 ubuntu-phablet kernel: [    4.205421] cpr_irq_handler: IRQ_STATUS = 0x05
Nov 30 08:35:19 ubuntu-phablet kernel: [    4.205467] cpr_scale: last_volt[corner:5, fuse_corner:3] = 1280000 uV
Nov 30 08:35:19 ubuntu-phablet kernel: [    4.205512] cpr_scale: Down: cpr status = 0x000066fd (error_steps=15)
Nov 30 08:35:19 ubuntu-phablet kernel: [    4.205556] cpr_scale: 15 is over down-limit(1): Clamp
Nov 30 08:35:19 ubuntu-phablet kernel: [    4.205616] cpr_scale: DOWN: -> new_volt[corner:5, fuse_corner:3] = 1270000 uV
Nov 30 08:35:19 ubuntu-phablet kernel: [    4.216255] cpr_irq_handler: IRQ_STATUS = 0x05
Nov 30 08:35:19 ubuntu-phablet kernel: [    4.216328] cpr_scale: last_volt[corner:4, fuse_corner:2] = 1150000 uV
Nov 30 08:35:19 ubuntu-phablet kernel: [    4.216404] cpr_scale: Down: cpr status = 0x0000532d (error_steps=11)
Nov 30 08:35:19 ubuntu-phablet kernel: [    4.216477] cpr_scale: 11 is over down-limit(1): Clamp
Nov 30 08:35:19 ubuntu-phablet kernel: [    4.216573] cpr_scale: DOWN: -> new_volt[corner:4, fuse_corner:2] = 1140000 uV
Nov 30 08:35:19 ubuntu-phablet kernel: [    4.226695] cpr_irq_handler: IRQ_STATUS = 0x05
Nov 30 08:35:19 ubuntu-phablet kernel: [    4.226769] cpr_scale: last_volt[corner:4, fuse_corner:2] = 1140000 uV
Nov 30 08:35:19 ubuntu-phablet kernel: [    4.226845] cpr_scale: Down: cpr status = 0x00004ef1 (error_steps=12)
Nov 30 08:35:19 ubuntu-phablet kernel: [    4.226919] cpr_scale: 12 is over down-limit(1): Clamp
Nov 30 08:35:19 ubuntu-phablet kernel: [    4.227016] cpr_scale: DOWN: -> new_volt[corner:4, fuse_corner:2] = 1130000 uV
Nov 30 08:35:19 ubuntu-phablet kernel: [    4.237096] cpr_irq_handler: IRQ_STATUS = 0x05
Nov 30 08:35:19 ubuntu-phablet kernel: [    4.237186] cpr_scale: last_volt[corner:4, fuse_corner:2] = 1130000 uV
Nov 30 08:35:19 ubuntu-phablet kernel: [    4.237263] cpr_scale: Down: cpr status = 0x00004ab5 (error_steps=13)
Nov 30 08:35:19 ubuntu-phablet kernel: [    4.237337] cpr_scale: 13 is over down-limit(1): Clamp
Nov 30 08:35:19 ubuntu-phablet kernel: [    4.237442] cpr_scale: DOWN: -> new_volt[corner:4, fuse_corner:2] = 1120000 uV
Nov 30 08:35:19 ubuntu-phablet kernel: [    4.723630] udevadm used greatest stack depth: 5504 bytes left
Nov 30 08:35:19 ubuntu-phablet kernel: [    4.760933] initrd: checking filesystem integrity for the userdata partition
Nov 30 08:35:19 ubuntu-phablet kernel: [    4.768672] EXT3-fs (mmcblk0p29): error: couldn't mount because of unsupported optional features (40)
Nov 30 08:35:19 ubuntu-phablet kernel: [    4.863421] EXT2-fs (mmcblk0p29): error: couldn't mount because of unsupported optional features (40)
Nov 30 08:35:19 ubuntu-phablet kernel: [    4.902891] EXT4-fs (mmcblk0p29): mounted filesystem with ordered data mode. Opts: errors=remount-ro
Nov 30 08:35:19 ubuntu-phablet kernel: [    4.957402] initrd: checking filesystem for userdata took (including e2fsck) 1 seconds
Nov 30 08:35:19 ubuntu-phablet kernel: [    4.979389] initrd: mounting /dev/mmcblk0p29
Nov 30 08:35:19 ubuntu-phablet kernel: [    4.986146] EXT3-fs (mmcblk0p29): error: unrecognized mount option "discard" or missing value
Nov 30 08:35:19 ubuntu-phablet kernel: [    5.003372] EXT4-fs: Warning: mounting with data=journal disables delayed allocation and O_DIRECT support!
Nov 30 08:35:19 ubuntu-phablet kernel: [    5.009794] EXT4-fs (mmcblk0p29): mounted filesystem with journalled data mode. Opts: discard,data=journal
Nov 30 08:35:19 ubuntu-phablet kernel: [    5.014370] initrd: boot mode: ubuntu
Nov 30 08:35:19 ubuntu-phablet kernel: [    5.047615] initrd: mounting system.img (user mode)
Nov 30 08:35:19 ubuntu-phablet kernel: [    5.071395] initrd: mounting device image as ro
Nov 30 08:35:19 ubuntu-phablet kernel: [    5.084297] EXT3-fs (loop1): error: couldn't mount because of unsupported optional features (40)
Nov 30 08:35:19 ubuntu-phablet kernel: [    5.093112] EXT2-fs (loop1): error: couldn't mount because of unsupported optional features (40)
Nov 30 08:35:19 ubuntu-phablet kernel: [    5.135990] EXT4-fs (loop1): mounted filesystem with ordered data mode. Opts: (null)
Nov 30 08:35:19 ubuntu-phablet kernel: [    5.145587] initrd: device is unknown
Nov 30 08:35:19 ubuntu-phablet kernel: [    5.190287] init used greatest stack depth: 5440 bytes left
Nov 30 08:35:19 ubuntu-phablet kernel: [    5.220819] init used greatest stack depth: 5168 bytes left
Nov 30 08:35:19 ubuntu-phablet kernel: [    5.472923] cpr_irq_handler: IRQ_STATUS = 0x05
Nov 30 08:35:19 ubuntu-phablet kernel: [    5.472979] cpr_scale: last_volt[corner:5, fuse_corner:3] = 1270000 uV
Nov 30 08:35:19 ubuntu-phablet kernel: [    5.473026] cpr_scale: Down: cpr status = 0x000063f5 (error_steps=13)
Nov 30 08:35:19 ubuntu-phablet kernel: [    5.473070] cpr_scale: 13 is over down-limit(1): Clamp
Nov 30 08:35:19 ubuntu-phablet kernel: [    5.473135] cpr_scale: DOWN: -> new_volt[corner:5, fuse_corner:3] = 1260000 uV
Nov 30 08:35:19 ubuntu-phablet kernel: [    5.483223] cpr_irq_handler: IRQ_STATUS = 0x05
Nov 30 08:35:19 ubuntu-phablet kernel: [    5.483271] cpr_scale: last_volt[corner:5, fuse_corner:3] = 1260000 uV
Nov 30 08:35:19 ubuntu-phablet kernel: [    5.483317] cpr_scale: Down: cpr status = 0x00005ffd (error_steps=15)
Nov 30 08:35:19 ubuntu-phablet kernel: [    5.483362] cpr_scale: 15 is over down-limit(1): Clamp
Nov 30 08:35:19 ubuntu-phablet kernel: [    5.483423] cpr_scale: DOWN: -> new_volt[corner:5, fuse_corner:3] = 1250000 uV
Nov 30 08:35:19 ubuntu-phablet kernel: [    5.493499] cpr_irq_handler: IRQ_STATUS = 0x05
Nov 30 08:35:19 ubuntu-phablet kernel: [    5.493548] cpr_scale: last_volt[corner:5, fuse_corner:3] = 1250000 uV
Nov 30 08:35:19 ubuntu-phablet kernel: [    5.493595] cpr_scale: Down: cpr status = 0x00005c3d (error_steps=15)
Nov 30 08:35:19 ubuntu-phablet kernel: [    5.493639] cpr_scale: 15 is over down-limit(1): Clamp
Nov 30 08:35:19 ubuntu-phablet kernel: [    5.493702] cpr_scale: DOWN: -> new_volt[corner:5, fuse_corner:3] = 1240000 uV
Nov 30 08:35:19 ubuntu-phablet kernel: [    5.503810] cpr_irq_handler: IRQ_STATUS = 0x05
Nov 30 08:35:19 ubuntu-phablet kernel: [    5.503861] cpr_scale: last_volt[corner:5, fuse_corner:3] = 1240000 uV
Nov 30 08:35:19 ubuntu-phablet kernel: [    5.503914] cpr_scale: Down: cpr status = 0x000057fd (error_steps=15)
Nov 30 08:35:19 ubuntu-phablet kernel: [    5.503959] cpr_scale: 15 is over down-limit(1): Clamp
Nov 30 08:35:19 ubuntu-phablet kernel: [    5.504027] cpr_scale: DOWN: -> new_volt[corner:5, fuse_corner:3] = 1230000 uV
Nov 30 08:35:19 ubuntu-phablet kernel: [    7.688051] init used greatest stack depth: 4688 bytes left
Nov 30 08:35:19 ubuntu-phablet kernel: [    8.005025] initrd: checking fstab /root/var/lib/lxc/android/rootfs/fstab* for additional mount points
Nov 30 08:35:19 ubuntu-phablet kernel: [    8.081963] initrd: checking mount label cache
Nov 30 08:35:19 ubuntu-phablet kernel: [    8.083758] initrd: mounting /dev/disk/by-partlabel/cache as /root/android//cache
Nov 30 08:35:19 ubuntu-phablet kernel: [    8.091912] EXT4-fs (mmcblk0p28): mounted filesystem with ordered data mode. Opts: barrier=1
Nov 30 08:35:19 ubuntu-phablet kernel: [    8.121093] initrd: checking mount label persist
Nov 30 08:35:19 ubuntu-phablet kernel: [    8.122764] initrd: mounting /dev/disk/by-partlabel/persist as /root/android//persist
Nov 30 08:35:19 ubuntu-phablet kernel: [    8.141914] EXT4-fs (mmcblk0p26): warning: maximal mount count reached, running e2fsck is recommended
Nov 30 08:35:19 ubuntu-phablet kernel: [    8.142672] EXT4-fs (mmcblk0p26): recovery complete
Nov 30 08:35:19 ubuntu-phablet kernel: [    8.144673] EXT4-fs (mmcblk0p26): mounted filesystem with ordered data mode. Opts: barrier=1
Nov 30 08:35:19 ubuntu-phablet kernel: [    8.160804] initrd: checking mount label modem
Nov 30 08:35:19 ubuntu-phablet kernel: [    8.162308] initrd: mounting /dev/disk/by-partlabel/modem as /root/android//firmware
Nov 30 08:35:19 ubuntu-phablet kernel: [    8.189579] initrd: checking mount label boot
Nov 30 08:35:19 ubuntu-phablet kernel: [    8.191094] initrd: mounting /dev/disk/by-partlabel/boot as /root/android//boot
Nov 30 08:35:19 ubuntu-phablet kernel: [    8.212885] cpr_irq_handler: IRQ_STATUS = 0x05
Nov 30 08:35:19 ubuntu-phablet kernel: [    8.212938] cpr_scale: last_volt[corner:5, fuse_corner:3] = 1230000 uV
Nov 30 08:35:19 ubuntu-phablet kernel: [    8.212985] cpr_scale: Down: cpr status = 0x0000542d (error_steps=11)
Nov 30 08:35:19 ubuntu-phablet kernel: [    8.213035] cpr_scale: 11 is over down-limit(1): Clamp
Nov 30 08:35:19 ubuntu-phablet kernel: [    8.213101] cpr_scale: DOWN: -> new_volt[corner:5, fuse_corner:3] = 1220000 uV
Nov 30 08:35:19 ubuntu-phablet kernel: [    8.222446] initrd: checking mount label recovery
Nov 30 08:35:19 ubuntu-phablet kernel: [    8.226416] initrd: mounting /dev/disk/by-partlabel/recovery as /root/android//recovery
Nov 30 08:35:19 ubuntu-phablet kernel: [    8.233158] cpr_irq_handler: IRQ_STATUS = 0x05
Nov 30 08:35:19 ubuntu-phablet kernel: [    8.233219] cpr_scale: last_volt[corner:4, fuse_corner:2] = 1120000 uV
Nov 30 08:35:19 ubuntu-phablet kernel: [    8.233278] cpr_scale: Down: cpr status = 0x00004565 (error_steps=9)
Nov 30 08:35:19 ubuntu-phablet kernel: [    8.233333] cpr_scale: 9 is over down-limit(1): Clamp
Nov 30 08:35:19 ubuntu-phablet kernel: [    8.233413] cpr_scale: DOWN: -> new_volt[corner:4, fuse_corner:2] = 1110000 uV
Nov 30 08:35:19 ubuntu-phablet kernel: [    8.243480] cpr_irq_handler: IRQ_STATUS = 0x05
Nov 30 08:35:19 ubuntu-phablet kernel: [    8.243538] cpr_scale: last_volt[corner:4, fuse_corner:2] = 1110000 uV
Nov 30 08:35:19 ubuntu-phablet kernel: [    8.243597] cpr_scale: Down: cpr status = 0x0000422d (error_steps=11)
Nov 30 08:35:19 ubuntu-phablet kernel: [    8.243652] cpr_scale: 11 is over down-limit(1): Clamp
Nov 30 08:35:19 ubuntu-phablet kernel: [    8.243732] cpr_scale: DOWN: -> new_volt[corner:4, fuse_corner:2] = 1100000 uV
Nov 30 08:35:19 ubuntu-phablet kernel: [    8.253823] cpr_irq_handler: IRQ_STATUS = 0x05
Nov 30 08:35:19 ubuntu-phablet kernel: [    8.253899] cpr_scale: last_volt[corner:4, fuse_corner:2] = 1100000 uV
Nov 30 08:35:19 ubuntu-phablet kernel: [    8.253974] cpr_scale: Down: cpr status = 0x00003cad (error_steps=11)
Nov 30 08:35:19 ubuntu-phablet kernel: [    8.254047] cpr_scale: 11 is over down-limit(1): Clamp
Nov 30 08:35:19 ubuntu-phablet kernel: [    8.254144] cpr_scale: DOWN: -> new_volt[corner:4, fuse_corner:2] = 1090000 uV
Nov 30 08:35:19 ubuntu-phablet kernel: [    8.264208] cpr_irq_handler: IRQ_STATUS = 0x05
Nov 30 08:35:19 ubuntu-phablet kernel: [    8.264268] cpr_scale: last_volt[corner:4, fuse_corner:2] = 1090000 uV
Nov 30 08:35:19 ubuntu-phablet kernel: [    8.264326] cpr_scale: Down: cpr status = 0x00003931 (error_steps=12)
Nov 30 08:35:19 ubuntu-phablet kernel: [    8.264382] cpr_scale: 12 is over down-limit(1): Clamp
Nov 30 08:35:19 ubuntu-phablet kernel: [    8.264459] cpr_scale: DOWN: -> new_volt[corner:4, fuse_corner:2] = 1080000 uV
Nov 30 08:35:19 ubuntu-phablet kernel: [    8.274538] cpr_irq_handler: IRQ_STATUS = 0x05
Nov 30 08:35:19 ubuntu-phablet kernel: [    8.274611] cpr_scale: last_volt[corner:4, fuse_corner:2] = 1080000 uV
Nov 30 08:35:19 ubuntu-phablet kernel: [    8.274686] cpr_scale: Down: cpr status = 0x00003429 (error_steps=10)
Nov 30 08:35:19 ubuntu-phablet kernel: [    8.274755] cpr_scale: 10 is over down-limit(1): Clamp
Nov 30 08:35:19 ubuntu-phablet kernel: [    8.274853] cpr_scale: DOWN: -> new_volt[corner:4, fuse_corner:2] = 1070000 uV
Nov 30 08:35:19 ubuntu-phablet kernel: [    8.288195] initrd: checking mount label mmc_host
Nov 30 08:35:19 ubuntu-phablet kernel: [    8.304130] initrd: checking mount label usb1
Nov 30 08:35:19 ubuntu-phablet kernel: [    8.329428] initrd: checking mount label zram0
Nov 30 08:35:19 ubuntu-phablet kernel: [    8.331104] initrd: mounting /dev/zram0 as /root/android/none
Nov 30 08:35:19 ubuntu-phablet kernel: [    8.340374] initrd: mounting /root/var/lib/lxc/android/system.img as /root/android/system
Nov 30 08:35:19 ubuntu-phablet kernel: [    8.402563] chg:qpnp_invalid_charger_work: qpnp_invalid_charger_work usb 1 batt 1 status 2 usb online 0
Nov 30 08:35:19 ubuntu-phablet kernel: [    8.402671] chg:qpnp_chg_iusbmax_set: mA 500
Nov 30 08:35:19 ubuntu-phablet kernel: [    8.402723] ft5x06_i2c 5-0038: Power state changed, set noise filter to 0x1
Nov 30 08:35:19 ubuntu-phablet kernel: [    8.402781] chg:qpnp_chg_chgr_chg_fastchg_irq_handler: FAST_CHG IRQ triggered
Nov 30 08:35:19 ubuntu-phablet kernel: [    8.402823] chg:qpnp_chg_vbatdet_set: voltage=4320 setting 36
Nov 30 08:35:19 ubuntu-phablet kernel: [    8.439810] Adding 102396k swap on /root/userdata/SWAP.img.  Priority:-1 extents:6 across:237568k SS
Nov 30 08:35:19 ubuntu-phablet kernel: [    8.532235] BMS: adjust_soc: s 50 i 169819 v 3844884 ocv 3848000 rbatt 140 uuc 61590 cc 1051 r 1067560 t 406
Nov 30 08:35:19 ubuntu-phablet kernel: [   10.544735] init: ureadahead main process (625) terminated with status 5
Nov 30 08:35:19 ubuntu-phablet kernel: [   10.565395] status used greatest stack depth: 4664 bytes left
Nov 30 08:35:19 ubuntu-phablet kernel: [   10.846171] list-records used greatest stack depth: 4568 bytes left
Nov 30 08:35:19 ubuntu-phablet kernel: [   11.932289] ssh-keygen (838): undefined instruction: pc=b6ec13c8
Nov 30 08:35:19 ubuntu-phablet kernel: [   11.932307] Code: 00000000 00000000 f26ee1fe e12fff1e (ee190f1d) 
Nov 30 08:35:19 ubuntu-phablet kernel: [   11.966316] enable_store: android_usb: already disabled
Nov 30 08:35:19 ubuntu-phablet kernel: [   12.010933] adbd (847): undefined instruction: pc=b6db93c8
Nov 30 08:35:19 ubuntu-phablet kernel: [   12.010950] Code: 00000000 00000000 f26ee1fe e12fff1e (ee190f1d) 
Nov 30 08:35:19 ubuntu-phablet kernel: [   12.012162] adb_open
Nov 30 08:35:19 ubuntu-phablet kernel: [   12.012219] msm_hsusb msm_hsusb: CI13XXX_CONTROLLER_CONNECT_EVENT received
Nov 30 08:35:19 ubuntu-phablet kernel: [   12.196541] msm_otg f9a55000.usb: Avail curr from USB = 100
Nov 30 08:35:19 ubuntu-phablet kernel: [   12.196663] chg:qpnp_chg_iusbmax_set: mA 100
Nov 30 08:35:19 ubuntu-phablet kernel: [   12.196750] gpio_request: gpio-109 (QPNP_CHARGER) status -16
Nov 30 08:35:19 ubuntu-phablet kernel: [   12.197099] android_work: android_work: did not send uevent (0 0   (null))
Nov 30 08:35:19 ubuntu-phablet kernel: [   12.200129] click (822): undefined instruction: pc=b6aa03c8
Nov 30 08:35:19 ubuntu-phablet kernel: [   12.200145] Code: 00000000 00000000 f26ee1fe e12fff1e (ee190f1d) 
Nov 30 08:35:19 ubuntu-phablet kernel: [   12.220025] chg:get_prop_capacity: resuming charging at 50% soc
Nov 30 08:35:19 ubuntu-phablet kernel: [   12.220041] chg:qpnp_chg_vbatdet_set: voltage=4380 setting 39
Nov 30 08:35:19 ubuntu-phablet kernel: [   12.263769] init: plymouth-upstart-bridge main process (864) terminated with status 1
Nov 30 08:35:19 ubuntu-phablet kernel: [   12.267228] android_work: android_work: sent uevent USB_STATE=CONNECTED
Nov 30 08:35:19 ubuntu-phablet kernel: [   12.269557] BMS: adjust_soc: s 50 i 1396684 v 3705207 ocv 3848000 rbatt 140 uuc 61590 cc 1288 r 1067560 t 410
Nov 30 08:35:19 ubuntu-phablet kernel: [   12.271176] android_work: android_work: sent uevent USB_STATE=DISCONNECTED
Nov 30 08:35:19 ubuntu-phablet kernel: [   12.359205] android_work: android_work: sent uevent USB_STATE=CONNECTED
Nov 30 08:35:19 ubuntu-phablet kernel: [   12.361062] android_usb gadget: high-speed config #1: fe8050c8.android_usb
Nov 30 08:35:19 ubuntu-phablet kernel: [   12.361117] msm_otg f9a55000.usb: Avail curr from USB = 500
Nov 30 08:35:19 ubuntu-phablet kernel: [   12.361253] chg:qpnp_chg_iusbmax_set: mA 500
Nov 30 08:35:19 ubuntu-phablet kernel: [   12.361330] gpio_request: gpio-109 (QPNP_CHARGER) status -16
Nov 30 08:35:19 ubuntu-phablet kernel: [   12.361365] chg:qpnp_chg_chgr_chg_fastchg_irq_handler: FAST_CHG IRQ triggered
Nov 30 08:35:19 ubuntu-phablet kernel: [   12.361381] chg:qpnp_chg_vbatdet_set: voltage=4320 setting 36
Nov 30 08:35:19 ubuntu-phablet kernel: [   12.412570] android_work: android_work: sent uevent USB_STATE=CONFIGURED
Nov 30 08:35:19 ubuntu-phablet kernel: [   12.447381] BMS: adjust_soc: s 50 i 869038 v 3764733 ocv 3848000 rbatt 140 uuc 61590 cc 1335 r 1067560 t 408
Nov 30 08:35:19 ubuntu-phablet kernel: [   12.463148] aa-clickhook (857): undefined instruction: pc=b69ae3c8
Nov 30 08:35:19 ubuntu-phablet kernel: [   12.463168] Code: 00000000 00000000 f26ee1fe e12fff1e (ee190f1d) 
Nov 30 08:35:20 ubuntu-phablet kernel: [   13.299168] aa-clickhook (920): undefined instruction: pc=b6a183c8
Nov 30 08:35:20 ubuntu-phablet kernel: [   13.299186] Code: 00000000 00000000 f26ee1fe e12fff1e (ee190f1d) 
Nov 30 08:35:20 ubuntu-phablet kernel: [   13.430378] BMS: btm_notify_die_temp: die temp = 62815, raw = 0x7b9b
Nov 30 08:35:20 ubuntu-phablet kernel: [   13.434837] BMS: refresh_die_temp_monitor: low = 57520, high = 67520
Nov 30 08:35:20 ubuntu-phablet kernel: [   13.481733] BMS: adjust_soc: s 50 i 525129 v 3802155 ocv 3848000 rbatt 140 uuc 61590 cc 1535 r 1067560 t 407
Nov 30 08:35:20 ubuntu-phablet kernel: [   13.527834] init: could not import file '/init.carrier.rc' from '/init.rc'
Nov 30 08:35:20 ubuntu-phablet kernel: [   13.527908] init: could not import file '/init.cm.rc' from '/init.rc'
Nov 30 08:35:20 ubuntu-phablet kernel: [   13.528175] init (975): /proc/975/oom_adj is deprecated, please use /proc/975/oom_score_adj instead.
Nov 30 08:35:20 ubuntu-phablet kernel: [   13.529223] init: do_chown: Could not access /selinux/booleans
Nov 30 08:35:20 ubuntu-phablet kernel: [   13.529332] init: do_chown: Could not access /sys/fs/selinux/booleans
Nov 30 08:35:20 ubuntu-phablet kernel: [   13.633829] pil-q6v5-mss fc880000.qcom,mss: mba: loading from 0x0c300000 to 0x0c339000
Nov 30 08:35:20 ubuntu-phablet kernel: [   13.668187] pil-q6v5-mss fc880000.qcom,mss: mba: Brought out of reset
Nov 30 08:35:20 ubuntu-phablet kernel: [   13.670179] pil-q6v5-mss fc880000.qcom,mss: modem: loading from 0x08400000 to 0x0c300000
Nov 30 08:35:21 ubuntu-phablet kernel: [   14.097670] init: cannot open '/initlogo.rle'
Nov 30 08:35:21 ubuntu-phablet kernel: [   14.105608] zram: Initialization done!
Nov 30 08:35:21 ubuntu-phablet kernel: [   14.153142] Adding 262140k swap on /dev/block/zram0.  Priority:-2 extents:1 across:262140k SS
Nov 30 08:35:21 ubuntu-phablet kernel: [   14.174065] init: Detected MSM SOC ID=221 SOC VER=0 BOARD TYPE=QRD
Nov 30 08:35:21 ubuntu-phablet kernel: [   14.174583] init: failed to open '/sys/class/graphics/fb2/msm_fb_type'
Nov 30 08:35:21 ubuntu-phablet kernel: [   14.207757] pil-q6v5-lpass fe200000.qcom,lpass: adsp: loading from 0x0dc00000 to 0x0f000000
Nov 30 08:35:21 ubuntu-phablet kernel: [   14.349545] pil-q6v5-mss fc880000.qcom,mss: modem: Brought out of reset
