Nov 30 21:20:45 ubuntu-phablet kernel: imklog 5.8.11, log source = /proc/kmsg started.
Nov 30 21:20:45 ubuntu-phablet rsyslogd: [origin software="rsyslogd" swVersion="5.8.11" x-pid="890" x-info="http://www.rsyslog.com"] start
Nov 30 21:20:45 ubuntu-phablet rsyslogd: rsyslogd's groupid changed to 103
Nov 30 21:20:45 ubuntu-phablet rsyslogd: rsyslogd's userid changed to 101
Nov 30 21:20:45 ubuntu-phablet rsyslogd-2039: Could not open output pipe '/dev/xconsole' [try http://www.rsyslog.com/e/2039 ]
Nov 30 21:20:45 ubuntu-phablet bluetoothd[894]: Bluetooth daemon 4.101
Nov 30 21:20:45 ubuntu-phablet kernel: [    0.000000] Booting Linux on physical CPU 0
Nov 30 21:20:45 ubuntu-phablet kernel: [    0.000000] Initializing cgroup subsys cpu
Nov 30 21:20:45 ubuntu-phablet kernel: [    0.000000] Linux version 3.4.0-gff5ac3e (alexforsale@elasrofxela) (gcc version 4.7 (GCC) ) #5 SMP PREEMPT Mon Nov 30 18:47:22 WIB 2015
Nov 30 21:20:45 ubuntu-phablet kernel: [    0.000000] CPU: ARMv7 Processor [410fc073] revision 3 (ARMv7), cr=10c5387d
Nov 30 21:20:45 ubuntu-phablet kernel: [    0.000000] CPU: PIPT / VIPT nonaliasing data cache, VIPT aliasing instruction cache
Nov 30 21:20:45 ubuntu-phablet kernel: [    0.000000] Machine: Qualcomm MSM 8226 (Flattened Device Tree), model: Qualcomm MSM 8226v2 H1A
Nov 30 21:20:45 ubuntu-phablet kernel: [    0.000000] Powerup reason=0x40180
Nov 30 21:20:45 ubuntu-phablet kernel: [    0.000000] Hw version=0x40
Nov 30 21:20:45 ubuntu-phablet kernel: [    0.000000] qcom,ion-heap@28 reserved EBI1 size 314000
Nov 30 21:20:45 ubuntu-phablet kernel: [    0.000000] qcom,mdss_fb_primary reserved EBI1 size 800000
Nov 30 21:20:45 ubuntu-phablet kernel: [    0.000000] Node qcom,mdss_fb_primary memblock_reserve memory 3200000-41a0000
Nov 30 21:20:45 ubuntu-phablet kernel: [    0.000000] Node qcom,msm-mem-hole removed memory 8400000-c400000
Nov 30 21:20:45 ubuntu-phablet kernel: [    0.000000] Node qcom,msm-mem-hole removed memory d200000-f500000
Nov 30 21:20:45 ubuntu-phablet kernel: [    0.000000] Node qcom,msm-mem-hole removed memory fa00000-ff00000
Nov 30 21:20:45 ubuntu-phablet kernel: [    0.000000] qcom,msm-rtb reserved EBI1 size 100000
Nov 30 21:20:45 ubuntu-phablet kernel: [    0.000000] memory pool 3 (start 0x3f300000 size d00000) initialized
Nov 30 21:20:45 ubuntu-phablet kernel: [    0.000000] Initialized persistent memory from 3f100000-3f2fffff
Nov 30 21:20:45 ubuntu-phablet kernel: [    0.000000] cma: CMA: reserved 16 MiB at 35000000
Nov 30 21:20:45 ubuntu-phablet kernel: [    0.000000] cma: Found secure_region, memory base 0, size 109 MiB
Nov 30 21:20:45 ubuntu-phablet kernel: [    0.000000] cma: CMA: reserved 112 MiB at 38000000
Nov 30 21:20:45 ubuntu-phablet kernel: [    0.000000] cma: Found adsp_region, memory base 0, size 42 MiB
Nov 30 21:20:45 ubuntu-phablet kernel: [    0.000000] cma: CMA: reserved 44 MiB at 32400000
Nov 30 21:20:45 ubuntu-phablet kernel: [    0.000000] cma: Found qsecom_region, memory base 0, size 13 MiB
Nov 30 21:20:45 ubuntu-phablet kernel: [    0.000000] cma: CMA: reserved 16 MiB at 37000000
Nov 30 21:20:45 ubuntu-phablet kernel: [    0.000000] Memory policy: ECC disabled, Data cache writealloc
Nov 30 21:20:45 ubuntu-phablet kernel: [    0.000000] IMEM DT static mapping successful
Nov 30 21:20:45 ubuntu-phablet kernel: [    0.000000] On node 0 totalpages: 232192
Nov 30 21:20:45 ubuntu-phablet kernel: [    0.000000] free_area_init_node: node 0, pgdat c0fe70c0, node_mem_map c2439000
Nov 30 21:20:45 ubuntu-phablet kernel: [    0.000000]   Normal zone: 1944 pages used for memmap
Nov 30 21:20:45 ubuntu-phablet kernel: [    0.000000]   Normal zone: 0 pages reserved
Nov 30 21:20:45 ubuntu-phablet kernel: [    0.000000]   Normal zone: 192616 pages, LIFO batch:31
Nov 30 21:20:45 ubuntu-phablet kernel: [    0.000000]   HighMem zone: 360 pages used for memmap
Nov 30 21:20:45 ubuntu-phablet kernel: [    0.000000]   HighMem zone: 37272 pages, LIFO batch:7
Nov 30 21:20:45 ubuntu-phablet kernel: [    0.000000] PERCPU: Embedded 10 pages/cpu @c2d7c000 s16448 r8192 d16320 u40960
Nov 30 21:20:45 ubuntu-phablet kernel: [    0.000000] pcpu-alloc: s16448 r8192 d16320 u40960 alloc=10*4096
Nov 30 21:20:45 ubuntu-phablet kernel: [    0.000000] pcpu-alloc: [0] 0 [0] 1 [0] 2 [0] 3 
Nov 30 21:20:45 ubuntu-phablet kernel: [    0.000000] Built 1 zonelists in Zone order, mobility grouping on.  Total pages: 229888
Nov 30 21:20:45 ubuntu-phablet kernel: [    0.000000] Kernel command line: androidboot.hardware=armani user_debug=31 msm_rtb.filter=0x37 console=tty0 androidboot.emmc=true androidboot.modem=HM1AW androidboot.hwversion=40 androidboot.serialno=9924b89b androidboot.baseband=msm mdss_mdp.panel=1:dsi:0:qcom,mdss_dsi_auo_720p_video
Nov 30 21:20:45 ubuntu-phablet kernel: [    0.000000] androidboot.modem= HM1AW
Nov 30 21:20:45 ubuntu-phablet kernel: [    0.000000] PID hash table entries: 4096 (order: 2, 16384 bytes)
Nov 30 21:20:45 ubuntu-phablet kernel: [    0.000000] Dentry cache hash table entries: 131072 (order: 7, 524288 bytes)
Nov 30 21:20:45 ubuntu-phablet kernel: [    0.000000] Inode-cache hash table entries: 65536 (order: 6, 262144 bytes)
Nov 30 21:20:45 ubuntu-phablet kernel: [    0.000000] Memory: 132MB 14MB 5MB 756MB = 907MB total
Nov 30 21:20:45 ubuntu-phablet kernel: [    0.000000] Memory: 681256k/681256k available, 260824k reserved, 17408K highmem
Nov 30 21:20:45 ubuntu-phablet kernel: [    0.000000] Virtual kernel memory layout:
Nov 30 21:20:45 ubuntu-phablet kernel: [    0.000000]     vector  : 0xffff0000 - 0xffff1000   (   4 kB)
Nov 30 21:20:45 ubuntu-phablet kernel: [    0.000000]     fixmap  : 0xfff00000 - 0xfffe0000   ( 896 kB)
Nov 30 21:20:45 ubuntu-phablet kernel: [    0.000000] 	   vmalloc : 0xf6800000 - 0xff000000   ( 136 MB)
Nov 30 21:20:45 ubuntu-phablet kernel: [    0.000000] 	    lowmem : 0xe0000000 - 0xf6000000   ( 352 MB)
Nov 30 21:20:45 ubuntu-phablet kernel: [    0.000000] 	    lowmem : 0xcff00000 - 0xe0000000   ( 257 MB)
Nov 30 21:20:45 ubuntu-phablet kernel: [    0.000000] 	   vmalloc : 0xcfa00000 - 0xcff00000   (   5 MB)
Nov 30 21:20:45 ubuntu-phablet kernel: [    0.000000] 	    lowmem : 0xcf500000 - 0xcfa00000   (   5 MB)
Nov 30 21:20:45 ubuntu-phablet kernel: [    0.000000] 	   vmalloc : 0xcd200000 - 0xcf500000   (  35 MB)
Nov 30 21:20:45 ubuntu-phablet kernel: [    0.000000] 	    lowmem : 0xcc400000 - 0xcd200000   (  14 MB)
Nov 30 21:20:45 ubuntu-phablet kernel: [    0.000000] 	   vmalloc : 0xc8400000 - 0xcc400000   (  64 MB)
Nov 30 21:20:45 ubuntu-phablet kernel: [    0.000000] 	    lowmem : 0xc0000000 - 0xc8400000   ( 132 MB)
Nov 30 21:20:45 ubuntu-phablet kernel: [    0.000000]     pkmap   : 0xbfe00000 - 0xc0000000   (   2 MB)
Nov 30 21:20:45 ubuntu-phablet bluetoothd[894]: Starting SDP server
Nov 30 21:20:45 ubuntu-phablet bluetoothd[894]: DIS cannot start: GATT is disabled
Nov 30 21:20:45 ubuntu-phablet bluetoothd[894]: Failed to init deviceinfo plugin
Nov 30 21:20:45 ubuntu-phablet bluetoothd[894]: Failed to init proximity plugin
Nov 30 21:20:45 ubuntu-phablet bluetoothd[894]: Failed to init time plugin
Nov 30 21:20:45 ubuntu-phablet bluetoothd[894]: Failed to init alert plugin
Nov 30 21:20:45 ubuntu-phablet bluetoothd[894]: Failed to init thermometer plugin
Nov 30 21:20:45 ubuntu-phablet bluetoothd[894]: Failed to init gatt_example plugin
Nov 30 21:20:45 ubuntu-phablet bluetoothd[894]: Failed to open RFKILL control device
Nov 30 21:20:45 ubuntu-phablet kernel: [    0.000000]     modules : 0xbf000000 - 0xbfe00000   (  14 MB)
Nov 30 21:20:45 ubuntu-phablet kernel: [    0.000000]       .text : 0xc0008000 - 0xc0dd3000   (14124 kB)
Nov 30 21:20:45 ubuntu-phablet kernel: [    0.000000]       .init : 0xc0e00000 - 0xc0f32040   (1225 kB)
Nov 30 21:20:45 ubuntu-phablet kernel: [    0.000000]       .data : 0xc0f34000 - 0xc101a048   ( 921 kB)
Nov 30 21:20:45 ubuntu-phablet kernel: [    0.000000]        .bss : 0xc101a06c - 0xc172bce0   (7240 kB)
Nov 30 21:20:45 ubuntu-phablet kernel: [    0.000000] SLUB: Genslabs=11, HWalign=64, Order=0-3, MinObjects=0, CPUs=4, Nodes=1
Nov 30 21:20:45 ubuntu-phablet kernel: [    0.000000] Preemptible hierarchical RCU implementation.
Nov 30 21:20:45 ubuntu-phablet kernel: [    0.000000] 	RCU dyntick-idle grace-period acceleration is enabled.
Nov 30 21:20:45 ubuntu-phablet kernel: [    0.000000] NR_IRQS:16 nr_irqs:16 16
Nov 30 21:20:45 ubuntu-phablet kernel: [    0.000000] kmemleak: Kernel memory leak detector disabled
Nov 30 21:20:45 ubuntu-phablet kernel: [    0.000000] sched_clock: 32 bits at 19MHz, resolution 52ns, wraps every 223696ms
Nov 30 21:20:45 ubuntu-phablet kernel: [    0.000000] Switching to timer-based delay loop
Nov 30 21:20:45 ubuntu-phablet kernel: [    0.000000] Console: colour dummy device 80x30
Nov 30 21:20:45 ubuntu-phablet kernel: [    0.000000] console [tty0] enabled
Nov 30 21:20:45 ubuntu-phablet kernel: [    0.002076] Calibrating delay loop (skipped), value calculated using timer frequency.. 38.40 BogoMIPS (lpj=192000)
Nov 30 21:20:45 ubuntu-phablet kernel: [    0.002163] pid_max: default: 32768 minimum: 301
Nov 30 21:20:45 ubuntu-phablet kernel: [    0.002503] Security Framework initialized
Nov 30 21:20:45 ubuntu-phablet kernel: [    0.002744] AppArmor: AppArmor initialized
Nov 30 21:20:45 ubuntu-phablet kernel: [    0.002785] Yama: becoming mindful.
Nov 30 21:20:45 ubuntu-phablet kernel: [    0.002987] Mount-cache hash table entries: 512
Nov 30 21:20:45 ubuntu-phablet kernel: [    0.004550] Initializing cgroup subsys debug
Nov 30 21:20:45 ubuntu-phablet kernel: [    0.004598] Initializing cgroup subsys cpuacct
Nov 30 21:20:45 ubuntu-phablet kernel: [    0.004638] Initializing cgroup subsys freezer
Nov 30 21:20:45 ubuntu-phablet kernel: [    0.004810] CPU: Testing write buffer coherency: ok
Nov 30 21:20:45 ubuntu-phablet kernel: [    0.004902] ftrace: allocating 30893 entries in 91 pages
Nov 30 21:20:45 ubuntu-phablet kernel: [    0.047660] ------------[ cut here ]------------
Nov 30 21:20:45 ubuntu-phablet kernel: [    0.047724] WARNING: at /home/alexforsale/phablet/kernel/xiaomi/armani/kernel/trace/ftrace.c:1590 ftrace_bug+0xec/0x174()
Nov 30 21:20:45 ubuntu-phablet kernel: [    0.047801] Modules linked in:
Nov 30 21:20:45 ubuntu-phablet kernel: [    0.047837] Backtrace: 
Nov 30 21:20:45 ubuntu-phablet kernel: [    0.047885] [<c010a95c>] (dump_backtrace+0x0/0x114) from [<c09d7e0c>] (dump_stack+0x20/0x24)
Nov 30 21:20:45 ubuntu-phablet kernel: [    0.047949]  r6:c0215cbc r5:00000009 r4:00000000 r3:271ae91c
Nov 30 21:20:45 ubuntu-phablet kernel: [    0.048036] [<c09d7dec>] (dump_stack+0x0/0x24) from [<c019c6b8>] (warn_slowpath_common+0x5c/0x74)
Nov 30 21:20:45 ubuntu-phablet kernel: [    0.048115] [<c019c65c>] (warn_slowpath_common+0x0/0x74) from [<c019c6fc>] (warn_slowpath_null+0x2c/0x34)
Nov 30 21:20:45 ubuntu-phablet kernel: [    0.048185]  r8:60000153 r7:00000000 r6:00000000 r5:c01003a0 r4:c0fe8a09
Nov 30 21:20:45 ubuntu-phablet kernel: [    0.048262] r3:00000009
Nov 30 21:20:45 ubuntu-phablet kernel: [    0.048313] [<c019c6d0>] (warn_slowpath_null+0x0/0x34) from [<c0215cbc>] (ftrace_bug+0xec/0x174)
Nov 30 21:20:45 ubuntu-phablet kernel: [    0.048391] [<c0215bd0>] (ftrace_bug+0x0/0x174) from [<c02160f4>] (ftrace_process_locs+0x3b0/0x500)
Nov 30 21:20:45 ubuntu-phablet kernel: [    0.048458]  r5:f1c21e40 r4:00000000
Nov 30 21:20:45 ubuntu-phablet kernel: [    0.048518] [<c0215d44>] (ftrace_process_locs+0x0/0x500) from [<c0e122f8>] (ftrace_init+0x98/0x18c)
Nov 30 21:20:45 ubuntu-phablet kernel: [    0.048597] [<c0e12260>] (ftrace_init+0x0/0x18c) from [<c0e00ab4>] (start_kernel+0x308/0x368)
Nov 30 21:20:45 ubuntu-phablet kernel: [    0.048662]  r7:c2d79240 r6:00000000 r5:00000000 r4:c0f3dfe8
Nov 30 21:20:45 ubuntu-phablet kernel: [    0.048745] [<c0e007ac>] (start_kernel+0x0/0x368) from [<0000803c>] (0x803c)
Nov 30 21:20:45 ubuntu-phablet kernel: [    0.048798]  r7:c0f42ac4 r6:c0f00f00 r5:c0f3c4dc r4:10c5387d
Nov 30 21:20:45 ubuntu-phablet kernel: [    0.048904] ---[ end trace da227214a82491b7 ]---
Nov 30 21:20:45 ubuntu-phablet kernel: [    0.048944] ftrace faulted on writing [<c01003a0>] asm_do_IRQ+0x10/0x1c
Nov 30 21:20:45 ubuntu-phablet kernel: [    0.049494] CPU0: thread -1, cpu 0, socket 0, mpidr 80000000
Nov 30 21:20:45 ubuntu-phablet kernel: [    0.049626] hw perfevents: enabled with ARMv7 Cortex-A7 PMU driver, 5 counters available
Nov 30 21:20:45 ubuntu-phablet kernel: [    0.054457] Setting up static identity map for 0x9edbb0 - 0x9edc14
Nov 30 21:20:45 ubuntu-phablet kernel: [    0.054547] Configuring XPU violations to be fatal errors
Nov 30 21:20:45 ubuntu-phablet kernel: [    0.054599] MSM Memory Dump table set up
Nov 30 21:20:45 ubuntu-phablet kernel: [    0.061187] CPU1: thread -1, cpu 1, socket 0, mpidr 80000001
Nov 30 21:20:45 ubuntu-phablet kernel: [    0.066219] CPU2: thread -1, cpu 2, socket 0, mpidr 80000002
Nov 30 21:20:45 ubuntu-phablet kernel: [    0.071432] CPU3: thread -1, cpu 3, socket 0, mpidr 80000003
Nov 30 21:20:45 ubuntu-phablet kernel: [    0.071750] Brought up 4 CPUs
Nov 30 21:20:45 ubuntu-phablet kernel: [    0.071887] SMP: Total of 4 processors activated (153.60 BogoMIPS).
Nov 30 21:20:45 ubuntu-phablet kernel: [    0.073713] devtmpfs: initialized
Nov 30 21:20:45 ubuntu-phablet kernel: [    0.096519] EVM: security.selinux
Nov 30 21:20:45 ubuntu-phablet kernel: [    0.096558] EVM: security.SMACK64
Nov 30 21:20:45 ubuntu-phablet kernel: [    0.096593] EVM: security.capability
Nov 30 21:20:45 ubuntu-phablet kernel: [    0.098662] dummy: 
Nov 30 21:20:45 ubuntu-phablet kernel: [    0.293445] NET: Registered protocol family 16
Nov 30 21:20:45 ubuntu-phablet kernel: [    0.309249] DMA: preallocated 256 KiB pool for atomic coherent allocations
Nov 30 21:20:45 ubuntu-phablet kernel: [    0.312495] KPI: Bootloader start count = 28428
Nov 30 21:20:45 ubuntu-phablet kernel: [    0.312544] KPI: Bootloader end count = 49793
Nov 30 21:20:45 ubuntu-phablet kernel: [    0.312585] KPI: Bootloader display count = 40543
Nov 30 21:20:45 ubuntu-phablet kernel: [    0.312627] KPI: Bootloader load kernel count = 2123
Nov 30 21:20:45 ubuntu-phablet kernel: [    0.312671] KPI: Kernel MPM timestamp = 92650
Nov 30 21:20:45 ubuntu-phablet kernel: [    0.312711] KPI: Kernel MPM Clock frequency = 32768
Nov 30 21:20:45 ubuntu-phablet kernel: [    0.312765] socinfo_print: v8, id=221, ver=2.0, raw_id=2325, raw_ver=1, hw_plat=11, hw_plat_ver=0
Nov 30 21:20:45 ubuntu-phablet kernel: [    0.312778]  accessory_chip=0, hw_plat_subtype=0, pmic_model=65540, pmic_die_revision=131073
Nov 30 21:20:45 ubuntu-phablet kernel: [    0.345525] gpiochip_add: registered GPIOs 0 to 116 on device: msmgpio
Nov 30 21:20:45 ubuntu-phablet kernel: [    0.357595] msm_watchdog f9017000.qcom,wdt: MSM Watchdog Initialized
Nov 30 21:20:45 ubuntu-phablet kernel: [    0.415532] 8226_s1: 500 <--> 1275 mV at 0 mV normal idle 
Nov 30 21:20:45 ubuntu-phablet kernel: [    0.416578] 8226_s1_corner: 0 <--> 0 mV at 0 mV normal idle 
Nov 30 21:20:45 ubuntu-phablet kernel: [    0.417665] 8226_s1_corner_ao: 0 <--> 0 mV at 0 mV normal idle 
Nov 30 21:20:45 ubuntu-phablet kernel: [    0.418713] 8226_s1_floor_corner: 0 <--> 0 mV at 0 mV normal idle 
Nov 30 21:20:45 ubuntu-phablet kernel: [    0.419809] 8226_s3: 1200 <--> 1300 mV at 1200 mV normal idle 
Nov 30 21:20:45 ubuntu-phablet kernel: [    0.420983] 8226_s4: 1800 <--> 2200 mV at 1800 mV normal idle 
Nov 30 21:20:45 ubuntu-phablet kernel: [    0.422153] 8226_s5: 1150 mV normal idle 
Nov 30 21:20:45 ubuntu-phablet kernel: [    0.423231] 8226_l1: 1225 mV normal idle 
Nov 30 21:20:45 ubuntu-phablet kernel: [    0.424367] 8226_l2: 1200 mV normal idle 
Nov 30 21:20:45 ubuntu-phablet kernel: [    0.425481] 8226_l3: 750 <--> 1337 mV at 0 mV normal idle 
Nov 30 21:20:45 ubuntu-phablet kernel: [    0.426509] 8226_l3_ao: 750 <--> 1337 mV at 0 mV normal idle 
Nov 30 21:20:45 ubuntu-phablet kernel: [    0.427558] 8226_l3_so: 750 <--> 1337 mV at 750 mV normal idle 
Nov 30 21:20:45 ubuntu-phablet kernel: [    0.428748] 8226_l4: 1200 mV normal idle 
Nov 30 21:20:45 ubuntu-phablet kernel: [    0.429830] 8226_l5: 1200 mV normal idle 
Nov 30 21:20:45 ubuntu-phablet kernel: [    0.431036] 8226_l6: 1800 mV normal idle 
Nov 30 21:20:45 ubuntu-phablet kernel: [    0.432173] 8226_l7: 1850 mV normal idle 
Nov 30 21:20:45 ubuntu-phablet kernel: [    0.433577] 8226_l8: 1800 mV normal idle 
Nov 30 21:20:45 ubuntu-phablet kernel: [    0.434657] 8226_l8_ao: 1800 mV normal idle 
Nov 30 21:20:45 ubuntu-phablet kernel: [    0.435739] 8226_l8_so: 1800 mV normal idle 
Nov 30 21:20:45 ubuntu-phablet kernel: [    0.436855] 8226_l9: 2050 mV normal idle 
Nov 30 21:20:45 ubuntu-phablet kernel: [    0.438005] 8226_l10: 1800 mV normal idle 
Nov 30 21:20:45 ubuntu-phablet kernel: [    0.439221] 8226_l12: 1800 mV normal idle 
Nov 30 21:20:45 ubuntu-phablet kernel: [    0.440347] 8226_l14: 2750 mV normal idle 
Nov 30 21:20:45 ubuntu-phablet kernel: [    0.441468] 8226_l15: 2800 mV normal idle 
Nov 30 21:20:45 ubuntu-phablet kernel: [    0.442588] 8226_l16: 3000 <--> 3350 mV at 3300 mV normal idle 
Nov 30 21:20:45 ubuntu-phablet kernel: [    0.443687] 8226_l17: 2950 mV normal idle 
Nov 30 21:20:45 ubuntu-phablet kernel: [    0.444755] 8226_l18: 2950 mV normal idle 
Nov 30 21:20:45 ubuntu-phablet kernel: [    0.445866] 8226_l19: 2850 mV normal idle 
Nov 30 21:20:45 ubuntu-phablet kernel: [    0.447017] 8226_l20: 3075 mV normal idle 
Nov 30 21:20:45 ubuntu-phablet kernel: [    0.448116] 8226_l21: 1800 <--> 2950 mV at 2950 mV normal idle 
Nov 30 21:20:45 ubuntu-phablet kernel: [    0.449247] 8226_l22: 1800 <--> 2950 mV at 2950 mV normal idle 
Nov 30 21:20:45 ubuntu-phablet kernel: [    0.450365] 8226_l23: 1800 <--> 2950 mV at 2950 mV normal idle 
Nov 30 21:20:45 ubuntu-phablet kernel: [    0.451524] 8226_l24: 1300 <--> 1350 mV at 1300 mV normal idle 
Nov 30 21:20:45 ubuntu-phablet kernel: [    0.452649] 8226_l25: 1775 <--> 2125 mV at 1775 mV normal idle 
Nov 30 21:20:45 ubuntu-phablet kernel: [    0.453784] 8226_l26: 1225 mV normal idle 
Nov 30 21:20:45 ubuntu-phablet kernel: [    0.454878] 8226_l27: 2050 mV normal idle 
Nov 30 21:20:45 ubuntu-phablet kernel: [    0.456010] 8226_l28: 1800 <--> 2950 mV at 2950 mV normal idle 
Nov 30 21:20:45 ubuntu-phablet kernel: [    0.457134] 8226_lvs1: 
Nov 30 21:20:45 ubuntu-phablet kernel: [    0.458322] 8226_s2: 900 <--> 1350 mV at 1150 mV 
Nov 30 21:20:45 ubuntu-phablet kernel: [    0.458706] spm_regulator_probe: name=8226_s2, range=MV, voltage=1150000 uV, mode=AUTO, step rate=9600 uV/us
Nov 30 21:20:45 ubuntu-phablet kernel: [    0.506390] AXI: msm_bus_fabric_init_driver(): msm_bus_fabric_init_driver
Nov 30 21:20:45 ubuntu-phablet kernel: [    0.508836] AXI: msm_bus_fabric_probe(): Coresight support absent for bus: 2048
Nov 30 21:20:45 ubuntu-phablet kernel: [    0.510765] AXI: msm_bus_fabric_probe(): Coresight support absent for bus: 1024
Nov 30 21:20:45 ubuntu-phablet kernel: [    0.512792] AXI: msm_bus_fabric_probe(): Coresight support absent for bus: 4096
Nov 30 21:20:45 ubuntu-phablet kernel: [    0.515897] AXI: msm_bus_fabric_probe(): Coresight support absent for bus: 5120
Nov 30 21:20:45 ubuntu-phablet kernel: [    0.516855] AXI: msm_bus_fabric_probe(): Coresight support absent for bus: 0
Nov 30 21:20:45 ubuntu-phablet kernel: [    0.517455] AXI: msm_bus_fabric_probe(): Coresight support absent for bus: 6144
Nov 30 21:20:45 ubuntu-phablet kernel: [    0.520086] qup_i2c f9927000.i2c: Missing 'qcom,master-id' DT entry
Nov 30 21:20:45 ubuntu-phablet kernel: [    0.521649] kworker/u:0 used greatest stack depth: 5920 bytes left
Nov 30 21:20:45 ubuntu-phablet kernel: [    0.523563] qup_i2c f9928000.i2c: Missing 'qcom,master-id' DT entry
Nov 30 21:20:45 ubuntu-phablet kernel: [    0.525330] cpr_efuse_init: efuse_addr = 0xfc4b8000 (len=0x1000)
Nov 30 21:20:45 ubuntu-phablet kernel: [    0.525522] cpr_fuse_is_setting_expected: [row:54] = 0x1c0000000000 @42:6 == 7 ?: yes
Nov 30 21:20:45 ubuntu-phablet kernel: [    0.525600] cpr_parse_speed_bin_fuse: [row: 22]: 0x202b0b1a000001a9, speed_bits = 1
Nov 30 21:20:45 ubuntu-phablet kernel: [    0.525683] cpr_fuse_is_setting_expected: [row:22] = 0x202b0b1a000001a9 @53:1 == 0 ?: no
Nov 30 21:20:45 ubuntu-phablet kernel: [    0.525759] cpr_fuse_is_setting_expected: [row:22] = 0x202b0b1a000001a9 @24:3 == 2 ?: no
Nov 30 21:20:45 ubuntu-phablet kernel: [    0.525840] cpr_pvs_init: pvs voltage: [1050000 1150000 1290000] uV
Nov 30 21:20:45 ubuntu-phablet kernel: [    0.525896] cpr_pvs_init: ceiling voltage: [1050000 1150000 1290000] uV
Nov 30 21:20:45 ubuntu-phablet kernel: [    0.525954] cpr_pvs_init: floor voltage: [1050000 1050000 1100000] uV
Nov 30 21:20:45 ubuntu-phablet kernel: [    0.526509] cpr_fuse_is_setting_expected: [row:138] = 0x8404a36a3a9595 @57:1 == 1 ?: no
Nov 30 21:20:45 ubuntu-phablet kernel: [    0.526597] cpr_init_cpr_efuse: [row:138] = 0x8404a36a3a9595
Nov 30 21:20:45 ubuntu-phablet kernel: [    0.526656] cpr_init_cpr_efuse: disable = 0, local = 1
Nov 30 21:20:45 ubuntu-phablet kernel: [    0.526703] cpr_init_cpr_efuse: Corner[1]: ro_sel = 2, target quot = 874
Nov 30 21:20:45 ubuntu-phablet kernel: [    0.526758] cpr_init_cpr_efuse: Corner[2]: ro_sel = 2, target quot = 937
Nov 30 21:20:45 ubuntu-phablet kernel: [    0.526813] cpr_init_cpr_efuse: Corner[3]: ro_sel = 2, target quot = 1429
Nov 30 21:20:45 ubuntu-phablet kernel: [    0.526922] cpr_parse_pvs_version_fuse: [row: 22]: 0x202b0b1a000001a9, pvs_version = 2
Nov 30 21:20:45 ubuntu-phablet kernel: [    0.527017] cpr_get_corner_quot_adjustment: quotient adjustment scaling factor: 0.610
Nov 30 21:20:45 ubuntu-phablet kernel: [    0.527082] cpr_get_corner_quot_adjustment: adjusted quotient[12] = 1429
Nov 30 21:20:45 ubuntu-phablet kernel: [    0.527137] cpr_get_corner_quot_adjustment: adjusted quotient[11] = 1371
Nov 30 21:20:45 ubuntu-phablet kernel: [    0.527192] cpr_get_corner_quot_adjustment: adjusted quotient[10] = 1312
Nov 30 21:20:45 ubuntu-phablet kernel: [    0.527246] cpr_get_corner_quot_adjustment: adjusted quotient[9] = 1278
Nov 30 21:20:45 ubuntu-phablet kernel: [    0.527300] cpr_get_corner_quot_adjustment: adjusted quotient[8] = 1254
Nov 30 21:20:45 ubuntu-phablet kernel: [    0.527354] cpr_get_corner_quot_adjustment: adjusted quotient[7] = 1184
Nov 30 21:20:45 ubuntu-phablet kernel: [    0.527408] cpr_get_corner_quot_adjustment: adjusted quotient[6] = 1125
Nov 30 21:20:45 ubuntu-phablet kernel: [    0.527462] cpr_get_corner_quot_adjustment: adjusted quotient[5] = 1067
Nov 30 21:20:45 ubuntu-phablet kernel: [    0.527591] cpr_init_cpr_parameters: CPR is enabled by default.
Nov 30 21:20:45 ubuntu-phablet kernel: [    0.527658] cpr_config: Timer count: 0x17700 (for 5000 us)
Nov 30 21:20:45 ubuntu-phablet kernel: [    0.528223] apc_corner: 0 <--> 0 mV 
Nov 30 21:20:45 ubuntu-phablet kernel: [    0.530852] msm-thermal qcom,msm-thermal.67: probe_freq_mitigation:Failed reading node=/soc/qcom,msm-thermal, key=qcom,freq-mitigation-temp. KTM continues
Nov 30 21:20:45 ubuntu-phablet kernel: [    0.531012] msm-thermal qcom,msm-thermal.67: probe_psm:Failed reading node=/soc/qcom,msm-thermal, key=qcom,pmic-sw-mode-temp. KTM continues
Nov 30 21:20:45 ubuntu-phablet kernel: [    0.531545] vdd_restriction_reg_init:Defer vdd rstr freq init
Nov 30 21:20:45 ubuntu-phablet kernel: [    0.531610] msm-thermal qcom,msm-thermal.67: probe_ocr:Failed reading node=/soc/qcom,msm-thermal, key=qti,pmic-opt-curr-temp. KTM continues
Nov 30 21:20:45 ubuntu-phablet kernel: [    0.532940] persistent_ram: found existing buffer, size 73855, start 73855
Nov 30 21:20:45 ubuntu-phablet kernel: [    0.534353] console [ram-1] enabled
Nov 30 21:20:45 ubuntu-phablet kernel: [    0.534415]  LCD_KCAL_DEBUG : add_lcd_kcal_devices 
Nov 30 21:20:45 ubuntu-phablet kernel: [    0.534705] hw-breakpoint: found 5 (+1 reserved) breakpoint and 4 watchpoint registers.
Nov 30 21:20:45 ubuntu-phablet kernel: [    0.534783] hw-breakpoint: maximum watchpoint size is 8 bytes.
Nov 30 21:20:45 ubuntu-phablet kernel: [    0.536079] msm-jtag-fuse fc4be024.jtagfuse: JTag Fuse initialized
Nov 30 21:20:45 ubuntu-phablet kernel: [    0.543099] sps:sps is ready.
Nov 30 21:20:45 ubuntu-phablet kernel: [    0.546380] gdsc_venus: 
Nov 30 21:20:45 ubuntu-phablet kernel: [    0.547071] gdsc_mdss: 
Nov 30 21:20:45 ubuntu-phablet kernel: [    0.547743] gdsc_jpeg: 
Nov 30 21:20:45 ubuntu-phablet kernel: [    0.548449] gdsc_vfe: 
Nov 30 21:20:45 ubuntu-phablet kernel: [    0.549174] gdsc_oxili_cx: 
Nov 30 21:20:45 ubuntu-phablet kernel: [    0.549778] gdsc_usb_hsic: 
Nov 30 21:20:45 ubuntu-phablet kernel: [    0.551902] msm_ocmem fdd00000.qcom,ocmem: OCMEM Virtual addr c8800000
Nov 30 21:20:45 ubuntu-phablet kernel: [    0.552147] Physical OCMEM zone layout:
Nov 30 21:20:45 ubuntu-phablet kernel: [    0.552195]  zone graphics	: 0xfec00000 - 0xfec1ffff ( 128 KB)
Nov 30 21:20:45 ubuntu-phablet kernel: [    0.608828] bio: create slab <bio-0> at 0
Nov 30 21:20:45 ubuntu-phablet kernel: [    0.611637] cma: Assigned CMA region at 0 to 8.qcom,ion-heap device
Nov 30 21:20:45 ubuntu-phablet kernel: [    0.611841] ION-heap mm: Cannot specify alignment for this type of heap
Nov 30 21:20:45 ubuntu-phablet kernel: [    0.612090] cma: Assigned CMA region at 0 to 16.qcom,ion-heap device
Nov 30 21:20:45 ubuntu-phablet kernel: [    0.612293] ION-heap adsp: Cannot specify alignment for this type of heap
Nov 30 21:20:45 ubuntu-phablet kernel: [    0.612537] cma: Assigned CMA region at 0 to 1b.qcom,ion-heap device
Nov 30 21:20:45 ubuntu-phablet kernel: [    0.613811] ION heap system created
Nov 30 21:20:45 ubuntu-phablet kernel: [    0.614102] ION heap kmalloc created
Nov 30 21:20:45 ubuntu-phablet kernel: [    0.614187] ION heap mm created at 0x38000000 with size 6d00000
Nov 30 21:20:45 ubuntu-phablet kernel: [    0.614328] ION heap adsp created at 0x32400000 with size 2a00000
Nov 30 21:20:45 ubuntu-phablet kernel: [    0.614415] ION heap qsecom created at 0x37000000 with size d00000
Nov 30 21:20:45 ubuntu-phablet kernel: [    0.614553] ION heap audio created at 0x3f300000 with size 314000
Nov 30 21:20:45 ubuntu-phablet kernel: [    0.614646] ION heap pil_1 created at 0x0dc00000 with size 1900000
Nov 30 21:20:45 ubuntu-phablet kernel: [    0.617725] SCSI subsystem initialized
Nov 30 21:20:45 ubuntu-phablet kernel: [    0.618097] usbcore: registered new interface driver usbfs
Nov 30 21:20:45 ubuntu-phablet kernel: [    0.618353] usbcore: registered new interface driver hub
Nov 30 21:20:45 ubuntu-phablet kernel: [    0.618627] usbcore: registered new device driver usb
Nov 30 21:20:45 ubuntu-phablet kernel: [    0.619489] Linux media interface: v0.10
Nov 30 21:20:45 ubuntu-phablet kernel: [    0.619649] Linux video capture interface: v2.00
Nov 30 21:20:45 ubuntu-phablet kernel: [    0.623133] msm_iommu_v1 fda64000.qcom,iommu: device jpeg_iommu mapped at c84e0000, with 3 ctx banks
Nov 30 21:20:45 ubuntu-phablet kernel: [    0.625302] msm_iommu_v1 fd928000.qcom,iommu: device mdp_iommu mapped at c8560000, with 3 ctx banks
Nov 30 21:20:45 ubuntu-phablet kernel: [    0.627439] msm_iommu_v1 fdc84000.qcom,iommu: device venus_iommu mapped at c8840000, with 3 ctx banks
Nov 30 21:20:45 ubuntu-phablet kernel: [    0.629461] msm_iommu_v1 fdb10000.qcom,iommu: device kgsl_iommu mapped at c8860000, with 3 ctx banks
Nov 30 21:20:45 ubuntu-phablet kernel: [    0.631450] msm_iommu_v1 fda44000.qcom,iommu: device vfe_iommu mapped at c8880000, with 3 ctx banks
Nov 30 21:20:45 ubuntu-phablet kernel: [    0.633927] msm_iommu_ctx_v1 fda6c000.qcom,iommu-ctx: context jpeg_enc0 using bank 0
Nov 30 21:20:45 ubuntu-phablet kernel: [    0.634336] msm_iommu_ctx_v1 fda6d000.qcom,iommu-ctx: context jpeg_enc1 using bank 1
Nov 30 21:20:45 ubuntu-phablet kernel: [    0.634644] msm_iommu_ctx_v1 fda6e000.qcom,iommu-ctx: context jpeg_dec using bank 2
Nov 30 21:20:45 ubuntu-phablet kernel: [    0.634969] msm_iommu_ctx_v1 fd930000.qcom,iommu-ctx: context mdp_0 using bank 0
Nov 30 21:20:45 ubuntu-phablet kernel: [    0.635290] msm_iommu_ctx_v1 fd931000.qcom,iommu-ctx: context mdp_1 using bank 1
Nov 30 21:20:45 ubuntu-phablet kernel: [    0.635606] msm_iommu_ctx_v1 fd932000.qcom,iommu-ctx: context mdp_2 using bank 2
Nov 30 21:20:45 ubuntu-phablet kernel: [    0.635931] msm_iommu_ctx_v1 fdc8c000.qcom,iommu-ctx: context venus_ns using bank 0
Nov 30 21:20:45 ubuntu-phablet kernel: [    0.636254] msm_iommu_ctx_v1 fdc8d000.qcom,iommu-ctx: context venus_cp using bank 1
Nov 30 21:20:45 ubuntu-phablet kernel: [    0.636554] msm_iommu_ctx_v1 fdc8e000.qcom,iommu-ctx: context venus_fw using bank 2
Nov 30 21:20:45 ubuntu-phablet kernel: [    0.636914] msm_iommu_ctx_v1 fdb18000.qcom,iommu-ctx: context gfx3d_user using bank 0
Nov 30 21:20:45 ubuntu-phablet kernel: [    0.637213] msm_iommu_ctx_v1 fdb19000.qcom,iommu-ctx: context gfx3d_priv using bank 1
Nov 30 21:20:45 ubuntu-phablet kernel: [    0.637514] msm_iommu_ctx_v1 fdb1a000.qcom,iommu-ctx: context gfx3d_spare using bank 2
Nov 30 21:20:45 ubuntu-phablet kernel: [    0.637902] msm_iommu_ctx_v1 fda4c000.qcom,iommu-ctx: context vfe0 using bank 0
Nov 30 21:20:45 ubuntu-phablet kernel: [    0.638201] msm_iommu_ctx_v1 fda4d000.qcom,iommu-ctx: context vfe1 using bank 1
Nov 30 21:20:45 ubuntu-phablet kernel: [    0.638512] msm_iommu_ctx_v1 fda4e000.qcom,iommu-ctx: context cpp using bank 2
Nov 30 21:20:45 ubuntu-phablet kernel: [    0.639980] Advanced Linux Sound Architecture Driver Version 1.0.25.
Nov 30 21:20:45 ubuntu-phablet kernel: [    0.641299] Bluetooth: Core ver 2.16
Nov 30 21:20:45 ubuntu-phablet kernel: [    0.641424] NET: Registered protocol family 31
Nov 30 21:20:45 ubuntu-phablet kernel: [    0.641470] Bluetooth: HCI device and connection manager initialized
Nov 30 21:20:45 ubuntu-phablet kernel: [    0.641533] Bluetooth: HCI socket layer initialized
Nov 30 21:20:45 ubuntu-phablet kernel: [    0.641584] Bluetooth: L2CAP socket layer initialized
Nov 30 21:20:45 ubuntu-phablet kernel: [    0.641989] Bluetooth: SCO socket layer initialized
Nov 30 21:20:45 ubuntu-phablet kernel: [    0.642745] cfg80211: Calling CRDA to update world regulatory domain
Nov 30 21:20:45 ubuntu-phablet kernel: [    0.642854] cfg80211: World regulatory domain updated:
Nov 30 21:20:45 ubuntu-phablet kernel: [    0.642902] cfg80211:   (start_freq - end_freq @ bandwidth), (max_antenna_gain, max_eirp)
Nov 30 21:20:45 ubuntu-phablet kernel: [    0.642973] cfg80211:   (2402000 KHz - 2472000 KHz @ 40000 KHz), (300 mBi, 2000 mBm)
Nov 30 21:20:45 ubuntu-phablet kernel: [    0.643040] cfg80211:   (2457000 KHz - 2482000 KHz @ 40000 KHz), (300 mBi, 2000 mBm)
Nov 30 21:20:45 ubuntu-phablet kernel: [    0.643107] cfg80211:   (2474000 KHz - 2494000 KHz @ 20000 KHz), (300 mBi, 2000 mBm)
Nov 30 21:20:45 ubuntu-phablet kernel: [    0.643174] cfg80211:   (5170000 KHz - 5250000 KHz @ 80000 KHz), (300 mBi, 2000 mBm)
Nov 30 21:20:45 ubuntu-phablet kernel: [    0.643241] cfg80211:   (5735000 KHz - 5835000 KHz @ 80000 KHz), (300 mBi, 2000 mBm)
Nov 30 21:20:45 ubuntu-phablet kernel: [    0.643308] cfg80211:   (57240000 KHz - 63720000 KHz @ 2160000 KHz), (N/A, 0 mBm)
Nov 30 21:20:45 ubuntu-phablet kernel: [    0.643554] NetLabel: Initializing
Nov 30 21:20:45 ubuntu-phablet kernel: [    0.643595] NetLabel:  domain hash size = 128
Nov 30 21:20:45 ubuntu-phablet kernel: [    0.643636] NetLabel:  protocols = UNLABELED CIPSOv4
Nov 30 21:20:45 ubuntu-phablet kernel: [    0.643808] NetLabel:  unlabeled traffic allowed by default
Nov 30 21:20:45 ubuntu-phablet kernel: [    0.644805] Switching to clocksource arch_sys_counter
Nov 30 21:20:45 ubuntu-phablet kernel: [    0.722662] AppArmor: AppArmor Filesystem Enabled
Nov 30 21:20:45 ubuntu-phablet kernel: [    0.745906] NET: Registered protocol family 2
Nov 30 21:20:45 ubuntu-phablet kernel: [    0.746830] IP route cache hash table entries: 32768 (order: 5, 131072 bytes)
Nov 30 21:20:45 ubuntu-phablet kernel: [    0.751395] TCP established hash table entries: 131072 (order: 8, 1048576 bytes)
Nov 30 21:20:45 ubuntu-phablet kernel: [    0.761201] TCP bind hash table entries: 65536 (order: 8, 1310720 bytes)
Nov 30 21:20:45 ubuntu-phablet kernel: [    0.763548] TCP: Hash tables configured (established 131072 bind 65536)
Nov 30 21:20:45 ubuntu-phablet kernel: [    0.763604] TCP: reno registered
Nov 30 21:20:45 ubuntu-phablet kernel: [    0.763821] UDP hash table entries: 512 (order: 2, 24576 bytes)
Nov 30 21:20:45 ubuntu-phablet kernel: [    0.764052] UDP-Lite hash table entries: 512 (order: 2, 24576 bytes)
Nov 30 21:20:45 ubuntu-phablet kernel: [    0.764781] NET: Registered protocol family 1
Nov 30 21:20:45 ubuntu-phablet kernel: [    0.765509] Trying to unpack rootfs image as initramfs...
Nov 30 21:20:45 ubuntu-phablet kernel: [    1.157815] Freeing initrd memory: 4320K
Nov 30 21:20:45 ubuntu-phablet kernel: [    1.164280] clock-a7 f9011050.qcom,clock-a7: Speed bin: 1
Nov 30 21:20:45 ubuntu-phablet kernel: [    1.164339] clock-a7 f9011050.qcom,clock-a7: PVS version: 2
Nov 30 21:20:45 ubuntu-phablet kernel: [    1.171547] gpiochip_find_base: found new base at 992
Nov 30 21:20:45 ubuntu-phablet kernel: [    1.171900] gpiochip_add: registered GPIOs 992 to 1023 on device: smp2p
Nov 30 21:20:45 ubuntu-phablet kernel: [    1.173614] gpiochip_find_base: found new base at 960
Nov 30 21:20:45 ubuntu-phablet kernel: [    1.173927] gpiochip_add: registered GPIOs 960 to 991 on device: smp2p
Nov 30 21:20:45 ubuntu-phablet kernel: [    1.174099] gpiochip_find_base: found new base at 928
Nov 30 21:20:45 ubuntu-phablet kernel: [    1.174407] gpiochip_add: registered GPIOs 928 to 959 on device: smp2p
Nov 30 21:20:45 ubuntu-phablet kernel: [    1.176214] gpiochip_find_base: found new base at 896
Nov 30 21:20:45 ubuntu-phablet kernel: [    1.176553] gpiochip_add: registered GPIOs 896 to 927 on device: smp2p
Nov 30 21:20:45 ubuntu-phablet kernel: [    1.176725] gpiochip_find_base: found new base at 864
Nov 30 21:20:45 ubuntu-phablet kernel: [    1.177034] gpiochip_add: registered GPIOs 864 to 895 on device: slave-kernel
Nov 30 21:20:45 ubuntu-phablet kernel: [    1.178822] gpiochip_find_base: found new base at 832
Nov 30 21:20:45 ubuntu-phablet kernel: [    1.179160] gpiochip_add: registered GPIOs 832 to 863 on device: master-kernel
Nov 30 21:20:45 ubuntu-phablet kernel: [    1.179391] gpiochip_find_base: found new base at 800
Nov 30 21:20:45 ubuntu-phablet kernel: [    1.179757] gpiochip_add: registered GPIOs 800 to 831 on device: smp2p
Nov 30 21:20:45 ubuntu-phablet kernel: [    1.181576] gpiochip_find_base: found new base at 768
Nov 30 21:20:45 ubuntu-phablet kernel: [    1.181915] gpiochip_add: registered GPIOs 768 to 799 on device: smp2p
Nov 30 21:20:45 ubuntu-phablet kernel: [    1.182081] gpiochip_find_base: found new base at 736
Nov 30 21:20:45 ubuntu-phablet kernel: [    1.182394] gpiochip_add: registered GPIOs 736 to 767 on device: slave-kernel
Nov 30 21:20:45 ubuntu-phablet kernel: [    1.184260] gpiochip_find_base: found new base at 704
Nov 30 21:20:45 ubuntu-phablet kernel: [    1.184601] gpiochip_add: registered GPIOs 704 to 735 on device: master-kernel
Nov 30 21:20:45 ubuntu-phablet kernel: [    1.184820] gpiochip_find_base: found new base at 672
Nov 30 21:20:45 ubuntu-phablet kernel: [    1.185201] gpiochip_add: registered GPIOs 672 to 703 on device: smp2p
Nov 30 21:20:45 ubuntu-phablet kernel: [    1.187116] gpiochip_find_base: found new base at 640
Nov 30 21:20:45 ubuntu-phablet kernel: [    1.187432] gpiochip_add: registered GPIOs 640 to 671 on device: smp2p
Nov 30 21:20:45 ubuntu-phablet kernel: [    1.187639] gpiochip_find_base: found new base at 608
Nov 30 21:20:45 ubuntu-phablet kernel: [    1.187955] gpiochip_add: registered GPIOs 608 to 639 on device: slave-kernel
Nov 30 21:20:45 ubuntu-phablet kernel: [    1.189916] gpiochip_find_base: found new base at 576
Nov 30 21:20:45 ubuntu-phablet kernel: [    1.190232] gpiochip_add: registered GPIOs 576 to 607 on device: master-kernel
Nov 30 21:20:45 ubuntu-phablet kernel: [    1.190683] gpiochip_find_base: found new base at 544
Nov 30 21:20:45 ubuntu-phablet kernel: [    1.191022] gpiochip_add: registered GPIOs 544 to 575 on device: rdbg
Nov 30 21:20:45 ubuntu-phablet kernel: [    1.193055] gpiochip_find_base: found new base at 512
Nov 30 21:20:45 ubuntu-phablet kernel: [    1.193371] gpiochip_add: registered GPIOs 512 to 543 on device: rdbg
Nov 30 21:20:45 ubuntu-phablet kernel: [    1.193543] gpiochip_find_base: found new base at 480
Nov 30 21:20:45 ubuntu-phablet kernel: [    1.193884] gpiochip_add: registered GPIOs 480 to 511 on device: rdbg
Nov 30 21:20:45 ubuntu-phablet kernel: [    1.195996] gpiochip_find_base: found new base at 448
Nov 30 21:20:45 ubuntu-phablet kernel: [    1.196314] gpiochip_add: registered GPIOs 448 to 479 on device: rdbg
Nov 30 21:20:45 ubuntu-phablet kernel: [    1.199655] pil-q6v5-lpass fe200000.qcom,lpass: using secure boot
Nov 30 21:20:45 ubuntu-phablet kernel: [    1.209765] pil_pronto fb21b000.qcom,pronto: using secure boot
Nov 30 21:20:45 ubuntu-phablet kernel: [    1.214743] pil_venus fdce0000.qcom,venus: using secure boot
Nov 30 21:20:45 ubuntu-phablet kernel: [    1.236431] NET: Registered protocol family 27
Nov 30 21:20:45 ubuntu-phablet kernel: [    1.263099] msm_rpm_log_probe: OK
Nov 30 21:20:45 ubuntu-phablet kernel: [    1.293430] ocmem: Client sensors (id: 6) not allowed to use OCMEM
Nov 30 21:20:45 ubuntu-phablet kernel: [    1.293521] OCMEM notifier registration failed
Nov 30 21:20:45 ubuntu-phablet kernel: [    1.293579] sns_ocmem_main: sns_ocmem_init failed -14
Nov 30 21:20:45 ubuntu-phablet kernel: [    1.305440] audit: initializing netlink socket (disabled)
Nov 30 21:20:45 ubuntu-phablet kernel: [    1.305589] type=2000 audit(1.290:1): initialized
Nov 30 21:20:45 ubuntu-phablet kernel: [    1.392966] highmem bounce pool size: 64 pages
Nov 30 21:20:45 ubuntu-phablet kernel: [    1.406111] NTFS driver 2.1.30 [Flags: R/O].
Nov 30 21:20:45 ubuntu-phablet kernel: [    1.406521] fuse init (API version 7.18)
Nov 30 21:20:45 ubuntu-phablet kernel: [    1.407577] msgmni has been set to 1425
Nov 30 21:20:45 ubuntu-phablet kernel: [    1.410107] Block layer SCSI generic (bsg) driver version 0.4 loaded (major 247)
Nov 30 21:20:45 ubuntu-phablet kernel: [    1.410147] io scheduler noop registered
Nov 30 21:20:45 ubuntu-phablet kernel: [    1.410169] io scheduler deadline registered (default)
Nov 30 21:20:45 ubuntu-phablet kernel: [    1.410207] io scheduler row registered
Nov 30 21:20:45 ubuntu-phablet kernel: [    1.410431] io scheduler cfq registered
Nov 30 21:20:45 ubuntu-phablet kernel: [    1.410751] gpiochip_find_base: found new base at 440
Nov 30 21:20:45 ubuntu-phablet kernel: [    1.410889] gpiochip_add: registered GPIOs 440 to 447 on device: pm8226-gpio
Nov 30 21:20:45 ubuntu-phablet kernel: [    1.411209] qcom,qpnp-pin qpnp-pin-f1de2400: qpnp_pin_probe: gpio_chip registered between 440-447
Nov 30 21:20:45 ubuntu-phablet kernel: [    1.411388] gpiochip_find_base: found new base at 432
Nov 30 21:20:45 ubuntu-phablet kernel: [    1.411507] gpiochip_add: registered GPIOs 432 to 439 on device: pm8226-mpp
Nov 30 21:20:45 ubuntu-phablet kernel: [    1.412028] qcom,qpnp-pin qpnp-pin-f1de2600: qpnp_pin_probe: gpio_chip registered between 432-439
Nov 30 21:20:45 ubuntu-phablet kernel: [    1.412332] mdss_mdp_probe: MDP HW Base phy_Address=0xfd900000 virt=0xc88c0000
Nov 30 21:20:45 ubuntu-phablet kernel: [    1.412381] mdss_mdp_probe: MDSS VBIF HW Base phy_Address=0xfd924000 virt=0xc8556000
Nov 30 21:20:45 ubuntu-phablet kernel: [    1.412694] mdss_mdp_parse_dt_handler: Error from prop qcom,mdss-ib-factor-overlap : u32 array read
Nov 30 21:20:45 ubuntu-phablet kernel: [    1.412733] mdss_mdp_parse_dt_fudge_factors: err reading qcom,mdss-ib-factor-overlap
Nov 30 21:20:45 ubuntu-phablet kernel: [    1.412774] mdss_mdp_parse_dt_prop_len: Error from prop qcom,mdss-ad-off : spec error in device tree
Nov 30 21:20:45 ubuntu-phablet kernel: [    1.412825] mdss_mdp_parse_bootarg: mdss_mdp_parse_bootarg:1482: pan_name=[1:dsi:0:qcom,mdss_dsi_auo_720p_video] end=[]
Nov 30 21:20:45 ubuntu-phablet kernel: [    1.413619] mdss_mdp_pp_argc: >>>>> mdss_mdp_pp_argc 
Nov 30 21:20:45 ubuntu-phablet kernel: [    1.413651] update_preset_lcdc_lut: update_preset_lcdc_lut red=[255], green=[255], blue=[255]
Nov 30 21:20:45 ubuntu-phablet kernel: [    1.413689] mdss_mdp_pp_argc_kcal: >>>>> mdss_mdp_pp_argc_kcal 
Nov 30 21:20:45 ubuntu-phablet kernel: [    1.415477] mdss_dsi_ctrl_probe: DSI Ctrl name = MDSS DSI CTRL->0
Nov 30 21:20:45 ubuntu-phablet kernel: [    1.415606] mdss_dsi_panel_init: Panel Name = auo 720p video mode dsi panel
Nov 30 21:20:45 ubuntu-phablet kernel: [    1.415877] mdss_dsi_panel_init:1057 Continuous splash flag enabled.
Nov 30 21:20:45 ubuntu-phablet kernel: [    1.415908] mdss_dsi_panel_init:1069 Partial update disabled.
Nov 30 21:20:45 ubuntu-phablet kernel: [    1.416303] dsi_panel_device_register:1279, Disp_en gpio not specified
Nov 30 21:20:45 ubuntu-phablet kernel: [    1.416399] mdss_dsi_retrieve_ctrl_resources: dsi base=c8574800 size=600
Nov 30 21:20:45 ubuntu-phablet kernel: [    1.445254] mdss_register_panel: adding framebuffer device fd922800.qcom,mdss_dsi
Nov 30 21:20:45 ubuntu-phablet kernel: [    1.445679] mdss_hw_init: MDP Rev=10010001
Nov 30 21:20:45 ubuntu-phablet kernel: [    1.447572] mdss_register_panel: adding framebuffer device qcom,mdss_wb_panel.23
Nov 30 21:20:45 ubuntu-phablet kernel: [    1.448850] mdss_fb_parse_dt: split framebuffer left=0 right=0
Nov 30 21:20:45 ubuntu-phablet kernel: [    1.448881] mdss_fb_alloc_fbmem_iommu: mdss_fb_alloc_fbmem_iommu frame buffer reserve_size=0x800000
Nov 30 21:20:45 ubuntu-phablet kernel: [    1.449213] mdss_fb_alloc_fbmem_iommu: allocating 8388608 bytes at c9000000 (3f800000 phys) for fb 0
Nov 30 21:20:45 ubuntu-phablet kernel: [    1.449516] mdss_fb_register: FrameBuffer[0] 720x1280 size=8388608 registered successfully!
Nov 30 21:20:45 ubuntu-phablet kernel: [    1.449610] mdss_mdp_overlay_init: mdss_mdp_overlay_init: unable to add event timer
Nov 30 21:20:45 ubuntu-phablet kernel: [    1.449814] Registered led device: lcd-backlight
Nov 30 21:20:45 ubuntu-phablet kernel: [    1.449888] mdss_fb_parse_dt: split framebuffer left=0 right=0
Nov 30 21:20:45 ubuntu-phablet kernel: [    1.450124] mdss_fb_register: FrameBuffer[1] 1280x720 size=0 registered successfully!
Nov 30 21:20:45 ubuntu-phablet kernel: [    1.450195] mdss_mdp_overlay_init: mdss_mdp_overlay_init: unable to add event timer
Nov 30 21:20:45 ubuntu-phablet kernel: [    1.520170] msm_serial_hsl_probe: detected port #0 (ttyHSL0)
Nov 30 21:20:45 ubuntu-phablet kernel: [    1.520434] f991f000.serial: ttyHSL0 at MMIO 0xf991f000 (irq = 141) is a MSM
Nov 30 21:20:45 ubuntu-phablet kernel: [    1.523605] msm_serial_hsl_init: driver initialized
Nov 30 21:20:45 ubuntu-phablet kernel: [    1.528961] diagchar initialized nowkgsl bus ib [0] = 1600000000
Nov 30 21:20:45 ubuntu-phablet kernel: [    1.531427] kgsl bus ib [1] = 3200000000
Nov 30 21:20:45 ubuntu-phablet kernel: [    1.531449] kgsl bus ib [2] = 4256000000
Nov 30 21:20:45 ubuntu-phablet kernel: [    1.531470] kgsl bus index is 2 for pwrlevel 0
Nov 30 21:20:45 ubuntu-phablet kernel: [    1.531493] kgsl bus index is 1 for pwrlevel 1
Nov 30 21:20:45 ubuntu-phablet kernel: [    1.531515] kgsl bus index is 0 for pwrlevel 2
Nov 30 21:20:45 ubuntu-phablet kernel: [    1.532058] kgsl kgsl-3d0: |kgsl_iommu_init| MMU type set for device is IOMMU
Nov 30 21:20:45 ubuntu-phablet kernel: [    1.544954] brd: module loaded
Nov 30 21:20:45 ubuntu-phablet kernel: [    1.549506] loop: module loaded
Nov 30 21:20:45 ubuntu-phablet kernel: [    1.550203] QSEECOM: qseecom_probe: support_bus_scaling=0x1
Nov 30 21:20:45 ubuntu-phablet kernel: [    1.550230] QSEECOM: qseecom_probe: bam_pipe_pair=0x2
Nov 30 21:20:45 ubuntu-phablet kernel: [    1.550258] QSEECOM: qseecom_probe: qsee-ce-hw-instance=0x0
Nov 30 21:20:45 ubuntu-phablet kernel: [    1.550286] QSEECOM: qseecom_probe: hlos-ce-hw-instance=0x0
Nov 30 21:20:45 ubuntu-phablet kernel: [    1.550357] QSEECOM: qseecom_probe: secure app region addr=0xd980000 size=0x256000
Nov 30 21:20:45 ubuntu-phablet kernel: [    1.551546] 8226_l28: Failed to create debugfs directory
Nov 30 21:20:45 ubuntu-phablet kernel: [    1.551869] isa1000_setup: isa1000 set up
Nov 30 21:20:45 ubuntu-phablet kernel: [    1.552176] i2c-core: driver [tabla-i2c-core] using legacy suspend method
Nov 30 21:20:45 ubuntu-phablet kernel: [    1.552208] i2c-core: driver [tabla-i2c-core] using legacy resume method
Nov 30 21:20:45 ubuntu-phablet kernel: [    1.552412] i2c-core: driver [wcd9xxx-i2c-core] using legacy suspend method
Nov 30 21:20:45 ubuntu-phablet kernel: [    1.552442] i2c-core: driver [wcd9xxx-i2c-core] using legacy resume method
Nov 30 21:20:45 ubuntu-phablet kernel: [    1.553156] SCSI Media Changer driver v0.25 
Nov 30 21:20:45 ubuntu-phablet kernel: [    1.553938] sps: BAM device 0xf9904000 is not registered yet.
Nov 30 21:20:45 ubuntu-phablet kernel: [    1.553979] sps:BAM 0xf9904000 is registered.
Nov 30 21:20:45 ubuntu-phablet kernel: [    1.554321] sps:BAM 0xf9904000 (va:0xc8830000) enabled: ver:0x15, number of pipes:24
Nov 30 21:20:45 ubuntu-phablet kernel: [    1.554814] spi_qsd f9923000.spi: master is unqueued, this is deprecated
Nov 30 21:20:45 ubuntu-phablet kernel: [    1.559955] modprobe used greatest stack depth: 5728 bytes left
Nov 30 21:20:45 ubuntu-phablet kernel: [    1.560110] gpio_request: gpio-0 (spi_mosi) status -16
Nov 30 21:20:45 ubuntu-phablet kernel: [    1.560122] spi_qsd f9923000.spi: msm_spi_request_gpios: gpio_request for pin 0 failed with error -16
Nov 30 21:20:45 ubuntu-phablet kernel: [    1.560176] spi_qsd f9923000.spi: can't setup spi0.3, status -16
Nov 30 21:20:45 ubuntu-phablet kernel: [    1.560205] spi_master spi0: spi_device register error /soc/spi@f9923000/ethernet-switch@3
Nov 30 21:20:45 ubuntu-phablet kernel: [    1.561589] tun: Universal TUN/TAP device driver, 1.6
Nov 30 21:20:45 ubuntu-phablet kernel: [    1.561617] tun: (C) 1999-2004 Max Krasnyansky <maxk@qualcomm.com>
Nov 30 21:20:45 ubuntu-phablet kernel: [    1.561848] rmnet_init: BAM devices[9]
Nov 30 21:20:45 ubuntu-phablet kernel: [    1.571221] PPP generic driver version 2.4.2
Nov 30 21:20:45 ubuntu-phablet kernel: [    1.571522] PPP BSD Compression module registered
Nov 30 21:20:45 ubuntu-phablet kernel: [    1.571549] PPP Deflate Compression module registered
Nov 30 21:20:45 ubuntu-phablet kernel: [    1.580188] PPP MPPE Compression module registered
Nov 30 21:20:45 ubuntu-phablet kernel: [    1.580224] NET: Registered protocol family 24
Nov 30 21:20:45 ubuntu-phablet kernel: [    1.580286] SLIP: version 0.8.4-NET3.019-NEWTTY (dynamic channels, max=256) (6 bit encapsulation enabled).
Nov 30 21:20:45 ubuntu-phablet kernel: [    1.580325] CSLIP: code copyright 1989 Regents of the University of California.
Nov 30 21:20:45 ubuntu-phablet kernel: [    1.580770] wcnss_wlan probed in built-in mode
Nov 30 21:20:45 ubuntu-phablet kernel: [    1.582650] usbcore: registered new interface driver asix
Nov 30 21:20:45 ubuntu-phablet kernel: [    1.582750] usbcore: registered new interface driver cdc_ether
Nov 30 21:20:45 ubuntu-phablet kernel: [    1.582825] usbcore: registered new interface driver net1080
Nov 30 21:20:45 ubuntu-phablet kernel: [    1.582899] usbcore: registered new interface driver cdc_subset
Nov 30 21:20:45 ubuntu-phablet kernel: [    1.582985] usbcore: registered new interface driver zaurus
Nov 30 21:20:45 ubuntu-phablet kernel: [    1.583214] usbcore: registered new interface driver cdc_ncm
Nov 30 21:20:45 ubuntu-phablet kernel: [    1.584982] msm_otg f9a55000.usb: msm_otg probe
Nov 30 21:20:45 ubuntu-phablet kernel: [    1.587021] msm_otg f9a55000.usb: OTG regs = c87f8000
Nov 30 21:20:45 ubuntu-phablet kernel: [    1.589476] ehci_hcd: USB 2.0 'Enhanced' Host Controller (EHCI) Driver
Nov 30 21:20:45 ubuntu-phablet kernel: [    1.589849] Unable to get vbus_otg
Nov 30 21:20:45 ubuntu-phablet kernel: [    1.589873] msm_hsusb_host msm_hsusb_host: unable to register with transceiver
Nov 30 21:20:45 ubuntu-phablet kernel: [    1.589928] platform msm_hsusb_host: Driver msm_hsusb_host requests probe deferral
Nov 30 21:20:45 ubuntu-phablet kernel: [    1.591183] usbcore: registered new interface driver cdc_acm
Nov 30 21:20:45 ubuntu-phablet kernel: [    1.591212] cdc_acm: USB Abstract Control Model driver for USB modems and ISDN adapters
Nov 30 21:20:45 ubuntu-phablet kernel: [    1.591246] Initializing USB Mass Storage driver...
Nov 30 21:20:45 ubuntu-phablet kernel: [    1.591342] usbcore: registered new interface driver usb-storage
Nov 30 21:20:45 ubuntu-phablet kernel: [    1.591368] USB Mass Storage support registered.
Nov 30 21:20:45 ubuntu-phablet kernel: [    1.591442] usbcore: registered new interface driver ums-alauda
Nov 30 21:20:45 ubuntu-phablet kernel: [    1.591510] usbcore: registered new interface driver ums-cypress
Nov 30 21:20:45 ubuntu-phablet kernel: [    1.591577] usbcore: registered new interface driver ums-datafab
Nov 30 21:20:45 ubuntu-phablet kernel: [    1.591644] usbcore: registered new interface driver ums-freecom
Nov 30 21:20:45 ubuntu-phablet kernel: [    1.591711] usbcore: registered new interface driver ums-isd200
Nov 30 21:20:45 ubuntu-phablet kernel: [    1.591777] usbcore: registered new interface driver ums-jumpshot
Nov 30 21:20:45 ubuntu-phablet kernel: [    1.591844] usbcore: registered new interface driver ums-karma
Nov 30 21:20:45 ubuntu-phablet kernel: [    1.591912] usbcore: registered new interface driver ums-onetouch
Nov 30 21:20:45 ubuntu-phablet kernel: [    1.591989] usbcore: registered new interface driver ums-sddr09
Nov 30 21:20:45 ubuntu-phablet kernel: [    1.592057] usbcore: registered new interface driver ums-sddr55
Nov 30 21:20:45 ubuntu-phablet kernel: [    1.592124] usbcore: registered new interface driver ums-usbat
Nov 30 21:20:45 ubuntu-phablet kernel: [    1.592299] usbcore: registered new interface driver usbserial
Nov 30 21:20:45 ubuntu-phablet kernel: [    1.592327] usbserial: USB Serial Driver core
Nov 30 21:20:45 ubuntu-phablet kernel: [    1.592403] usbcore: registered new interface driver qc_csvt
Nov 30 21:20:45 ubuntu-phablet kernel: [    1.592472] USB Serial support registered for qc_csvt
Nov 30 21:20:45 ubuntu-phablet kernel: [    1.592549] usbcore: registered new interface driver usb_ehset_test
Nov 30 21:20:45 ubuntu-phablet kernel: [    1.593827] msm_hsusb msm_hsusb: [ci13xxx_start] hw_ep_max = 32
Nov 30 21:20:45 ubuntu-phablet kernel: [    1.594637] mbim_init: initialize 1 instances
Nov 30 21:20:45 ubuntu-phablet kernel: [    1.594837] mbim_init: Initialized 1 ports
Nov 30 21:20:45 ubuntu-phablet kernel: [    1.597421] rndis_qc_init: initialize rndis QC instance
Nov 30 21:20:45 ubuntu-phablet kernel: [    1.598251] android_usb gadget: Mass Storage Function, version: 2009/09/11
Nov 30 21:20:45 ubuntu-phablet kernel: [    1.598284] android_usb gadget: Number of LUNs=2
Nov 30 21:20:45 ubuntu-phablet kernel: [    1.598311]  lun0: LUN: removable read only CD-ROM file: (no medium)
Nov 30 21:20:45 ubuntu-phablet kernel: [    1.598339]  lun1: LUN: removable file: (no medium)
Nov 30 21:20:45 ubuntu-phablet kernel: [    1.598827] android_usb gadget: android_usb ready
Nov 30 21:20:45 ubuntu-phablet kernel: [    1.600106] mousedev: PS/2 mouse device common for all mice
Nov 30 21:20:45 ubuntu-phablet kernel: [    1.600534] usbcore: registered new interface driver xpad
Nov 30 21:20:45 ubuntu-phablet kernel: [    1.600561] ft5x06_i2c_init
Nov 30 21:20:45 ubuntu-phablet kernel: [    1.600676] num_fw = 4
Nov 30 21:20:45 ubuntu-phablet kernel: [    1.600771] i2c-pull-up = 1
Nov 30 21:20:45 ubuntu-phablet kernel: [    1.600788] reset gpio = 16
Nov 30 21:20:45 ubuntu-phablet kernel: [    1.600805] irq gpio = 17
Nov 30 21:20:45 ubuntu-phablet kernel: [    1.600821] x_max = 720
Nov 30 21:20:45 ubuntu-phablet kernel: [    1.600836] y_max = 1280
Nov 30 21:20:45 ubuntu-phablet kernel: [    1.600852] z_max = 255
Nov 30 21:20:45 ubuntu-phablet kernel: [    1.600868] w_max = 200
Nov 30 21:20:45 ubuntu-phablet kernel: [    1.600883] landing_jiffies = 1000
Nov 30 21:20:45 ubuntu-phablet kernel: [    1.600902] landing_threshold = 16
Nov 30 21:20:45 ubuntu-phablet kernel: [    1.600920] staying_threshold = 8
Nov 30 21:20:45 ubuntu-phablet kernel: [    1.600938] raw min = 7000
Nov 30 21:20:45 ubuntu-phablet kernel: [    1.600954] raw max = 10000
Nov 30 21:20:45 ubuntu-phablet kernel: [    1.600971] key_num = 3
Nov 30 21:20:45 ubuntu-phablet kernel: [    1.600987] keymap[0] = 139
Nov 30 21:20:45 ubuntu-phablet kernel: [    1.601003] keypos[0] = 2
Nov 30 21:20:45 ubuntu-phablet kernel: [    1.601021] key[0]: 155 1317 10 50
Nov 30 21:20:45 ubuntu-phablet kernel: [    1.601040] keymap[1] = 102
Nov 30 21:20:45 ubuntu-phablet kernel: [    1.601056] keypos[1] = 6
Nov 30 21:20:45 ubuntu-phablet kernel: [    1.601074] key[1]: 355 1317 10 50
Nov 30 21:20:45 ubuntu-phablet kernel: [    1.601092] keymap[2] = 158
Nov 30 21:20:45 ubuntu-phablet kernel: [    1.601109] keypos[2] = 10
Nov 30 21:20:45 ubuntu-phablet kernel: [    1.601126] key[2]: 565 1317 10 50
Nov 30 21:20:45 ubuntu-phablet kernel: [    1.601145] key_num = 3
Nov 30 21:20:45 ubuntu-phablet kernel: [    1.601160] keymap[0] = 139
Nov 30 21:20:45 ubuntu-phablet kernel: [    1.601177] keypos[0] = 2
Nov 30 21:20:45 ubuntu-phablet kernel: [    1.601194] key[0]: 155 1319 10 50
Nov 30 21:20:45 ubuntu-phablet kernel: [    1.601213] keymap[1] = 102
Nov 30 21:20:45 ubuntu-phablet kernel: [    1.601230] keypos[1] = 6
Nov 30 21:20:45 ubuntu-phablet kernel: [    1.601247] key[1]: 355 1319 10 50
Nov 30 21:20:45 ubuntu-phablet kernel: [    1.601265] keymap[2] = 158
Nov 30 21:20:45 ubuntu-phablet kernel: [    1.601282] keypos[2] = 10
Nov 30 21:20:45 ubuntu-phablet kernel: [    1.601299] key[2]: 565 1319 10 50
Nov 30 21:20:45 ubuntu-phablet kernel: [    1.601318] key_num = 3
Nov 30 21:20:45 ubuntu-phablet kernel: [    1.601333] keymap[0] = 139
Nov 30 21:20:45 ubuntu-phablet kernel: [    1.601350] keypos[0] = 2
Nov 30 21:20:45 ubuntu-phablet kernel: [    1.601367] key[0]: 155 1319 10 50
Nov 30 21:20:45 ubuntu-phablet kernel: [    1.601386] keymap[1] = 102
Nov 30 21:20:45 ubuntu-phablet kernel: [    1.601403] keypos[1] = 6
Nov 30 21:20:45 ubuntu-phablet kernel: [    1.601420] key[1]: 355 1319 10 50
Nov 30 21:20:45 ubuntu-phablet kernel: [    1.601438] keymap[2] = 158
Nov 30 21:20:45 ubuntu-phablet kernel: [    1.601455] keypos[2] = 10
Nov 30 21:20:45 ubuntu-phablet kernel: [    1.601473] key[2]: 565 1319 10 50
Nov 30 21:20:45 ubuntu-phablet kernel: [    1.601491] key_num = 3
Nov 30 21:20:45 ubuntu-phablet kernel: [    1.601506] keymap[0] = 139
Nov 30 21:20:45 ubuntu-phablet kernel: [    1.601523] keypos[0] = 2
Nov 30 21:20:45 ubuntu-phablet kernel: [    1.601540] key[0]: 155 1319 10 50
Nov 30 21:20:45 ubuntu-phablet kernel: [    1.601559] keymap[1] = 102
Nov 30 21:20:45 ubuntu-phablet kernel: [    1.601576] keypos[1] = 6
Nov 30 21:20:45 ubuntu-phablet kernel: [    1.601593] key[1]: 355 1319 10 50
Nov 30 21:20:45 ubuntu-phablet kernel: [    1.601611] keymap[2] = 158
Nov 30 21:20:45 ubuntu-phablet kernel: [    1.601628] keypos[2] = 10
Nov 30 21:20:45 ubuntu-phablet kernel: [    1.601645] key[2]: 565 1319 10 50
Nov 30 21:20:45 ubuntu-phablet kernel: [    1.601665] firmare 0 chip = 0xa, vendor = 0x51 name = ft5316_firmware.fw
Nov 30 21:20:45 ubuntu-phablet kernel: [    1.815938] ft5x06_i2c 5-0038: firmware vendor is 51
Nov 30 21:20:45 ubuntu-phablet kernel: [    1.816080] ft5x06_i2c 5-0038: chip id = 0x14, found it!
Nov 30 21:20:45 ubuntu-phablet kernel: [    1.816211] ft5x06_i2c 5-0038: firmware name = ft5336_firmware_ofilm.fw
Nov 30 21:20:45 ubuntu-phablet kernel: [    1.816948] ft5x06_i2c 5-0038: firmware version is 0e
Nov 30 21:20:45 ubuntu-phablet kernel: [    1.818325] input: ft5x06 as /devices/f9927000.i2c/i2c-5/5-0038/input/input0
Nov 30 21:20:45 ubuntu-phablet kernel: [    1.820948] #### init for imagis #####
Nov 30 21:20:45 ubuntu-phablet kernel: [    1.825186] [ Imagis ] ist30xx_probe(), the i2c addr=0x50
Nov 30 21:20:45 ubuntu-phablet kernel: [    1.825556] ### reset gpio = 16 ####
Nov 30 21:20:45 ubuntu-phablet kernel: [    1.825680] ### irq gpio = 17 ####
Nov 30 21:20:45 ubuntu-phablet kernel: [    1.825777] ### max x = 720 ####
Nov 30 21:20:45 ubuntu-phablet kernel: [    1.825870] ### max y = 1280 ####
Nov 30 21:20:45 ubuntu-phablet kernel: [    1.825963] ### max w = 200 ####
Nov 30 21:20:45 ubuntu-phablet kernel: [    1.826055] ### key num = 3 ####
Nov 30 21:20:45 ubuntu-phablet kernel: [    1.826149] #### key [0] = 139 ####
Nov 30 21:20:45 ubuntu-phablet kernel: [    1.826247] #### key [1] = 102 ####
Nov 30 21:20:45 ubuntu-phablet kernel: [    1.826345] #### key [2] = 158 ####
Nov 30 21:20:45 ubuntu-phablet kernel: [    1.826476] gpio_request: gpio-17 (imagis_irq_gpio) status -16
Nov 30 21:20:45 ubuntu-phablet kernel: [    1.826523] [ Imagis ] irq gpio request failed!
Nov 30 21:20:45 ubuntu-phablet kernel: [    1.826648] [ Imagis ] Error, ist30xx mem free
Nov 30 21:20:45 ubuntu-phablet kernel: [    1.828044] IST30XX: probe of 5-0050 failed with error -16
Nov 30 21:20:45 ubuntu-phablet kernel: [    1.834356] using rtc device, qpnp_rtc, for alarms
Nov 30 21:20:45 ubuntu-phablet kernel: [    1.834565] qcom,qpnp-rtc qpnp-rtc-f1de3000: rtc core: registered qpnp_rtc as rtc0
Nov 30 21:20:45 ubuntu-phablet kernel: [    1.836234] i2c /dev entries driver
Nov 30 21:20:45 ubuntu-phablet kernel: [    1.844516] msm_vidc: 1: Failed to read qcom,load-freq-tbl from device tree
Nov 30 21:20:45 ubuntu-phablet kernel: [    1.844563] msm_vidc: 1: no elements in frequency table
Nov 30 21:20:45 ubuntu-phablet kernel: [    1.844606] msm_vidc: 1: Failed to read qcom,reg-presets from device tree
Nov 30 21:20:45 ubuntu-phablet kernel: [    1.844827] msm_vidc: 1: Failed to read qcom,buffer-type-tz-usage-table from device tree
Nov 30 21:20:45 ubuntu-phablet kernel: [    1.844903] msm_vidc: 1: Q6 hfi device probe called
Nov 30 21:20:45 ubuntu-phablet kernel: [    1.846882] msm_vidc: 1: debugfs_create_file: fail
Nov 30 21:20:45 ubuntu-phablet kernel: [    1.871932] Registered led device: flashlight
Nov 30 21:20:45 ubuntu-phablet kernel: [    1.874116] msm_eeprom_platform_probe MM data miss:1059
Nov 30 21:20:45 ubuntu-phablet kernel: [    1.874863] msm_eeprom_parse_memory_map: pageen not needed
Nov 30 21:20:45 ubuntu-phablet kernel: [    1.875082] msm_eeprom_parse_memory_map: pageen not needed
Nov 30 21:20:45 ubuntu-phablet kernel: [    1.875548] msm_eeprom_parse_memory_map: pageen not needed
Nov 30 21:20:45 ubuntu-phablet kernel: [    1.875631] msm_eeprom_parse_memory_map: pageen not needed
Nov 30 21:20:45 ubuntu-phablet kernel: [    1.875710] msm_eeprom_parse_memory_map: pageen not needed
Nov 30 21:20:45 ubuntu-phablet kernel: [    1.875790] msm_eeprom_parse_memory_map: pageen not needed
Nov 30 21:20:45 ubuntu-phablet kernel: [    1.875871] msm_eeprom_parse_memory_map: pageen not needed
Nov 30 21:20:45 ubuntu-phablet kernel: [    1.875953] msm_eeprom_parse_memory_map: pageen not needed
Nov 30 21:20:45 ubuntu-phablet kernel: [    1.876035] msm_eeprom_parse_memory_map: pageen not needed
Nov 30 21:20:45 ubuntu-phablet kernel: [    1.876119] msm_eeprom_parse_memory_map: pageen not needed
Nov 30 21:20:45 ubuntu-phablet kernel: [    1.876204] msm_eeprom_parse_memory_map: pageen not needed
Nov 30 21:20:45 ubuntu-phablet kernel: [    1.876289] msm_eeprom_parse_memory_map: pageen not needed
Nov 30 21:20:45 ubuntu-phablet kernel: [    1.876375] msm_eeprom_parse_memory_map: pageen not needed
Nov 30 21:20:45 ubuntu-phablet kernel: [    1.876463] msm_eeprom_parse_memory_map: pageen not needed
Nov 30 21:20:45 ubuntu-phablet kernel: [    1.876551] msm_eeprom_parse_memory_map: pageen not needed
Nov 30 21:20:45 ubuntu-phablet kernel: [    1.876640] msm_eeprom_parse_memory_map: pageen not needed
Nov 30 21:20:45 ubuntu-phablet kernel: [    1.876730] msm_eeprom_parse_memory_map: pageen not needed
Nov 30 21:20:45 ubuntu-phablet kernel: [    1.876821] msm_eeprom_parse_memory_map: pageen not needed
Nov 30 21:20:45 ubuntu-phablet kernel: [    1.876913] msm_eeprom_parse_memory_map: pageen not needed
Nov 30 21:20:45 ubuntu-phablet kernel: [    2.365125] h3lte_set_sensor_name: sensor_name = , is set = 0
Nov 30 21:20:45 ubuntu-phablet kernel: [    2.440971] msm_eeprom_platform_probe MM data miss:1059
Nov 30 21:20:45 ubuntu-phablet kernel: [    2.442233] msm_eeprom_parse_memory_map: pageen not needed
Nov 30 21:20:45 ubuntu-phablet kernel: [    2.896210] h3lte_set_sensor_name: sensor_name = ov5693_olq5f08, is set = 1
Nov 30 21:20:45 ubuntu-phablet kernel: [    2.942234] msm_sensor_driver_get_dt_data:809 Invalid sensor position
Nov 30 21:20:45 ubuntu-phablet kernel: [    2.942401] msm_sensor_driver_get_dt_data:818 Invalid sensor mode supported
Nov 30 21:20:45 ubuntu-phablet kernel: [    2.942580] g_sctrl[0] f103c000
Nov 30 21:20:45 ubuntu-phablet kernel: [    2.943482] msm_sensor_driver_get_dt_data:809 Invalid sensor position
Nov 30 21:20:45 ubuntu-phablet kernel: [    2.943663] msm_sensor_driver_get_dt_data:818 Invalid sensor mode supported
Nov 30 21:20:45 ubuntu-phablet kernel: [    2.943839] g_sctrl[1] f103c200
Nov 30 21:20:45 ubuntu-phablet kernel: [    2.956126] __msm_jpeg_init:951] Jpeg Device id 0
Nov 30 21:20:45 ubuntu-phablet kernel: [    2.986737] lirc_dev: IR Remote Control driver registered, major 236 
Nov 30 21:20:45 ubuntu-phablet kernel: [    2.986886] IR NEC protocol handler initialized
Nov 30 21:20:45 ubuntu-phablet kernel: [    2.986980] IR RC5(x) protocol handler initialized
Nov 30 21:20:45 ubuntu-phablet kernel: [    2.987075] IR RC6 protocol handler initialized
Nov 30 21:20:45 ubuntu-phablet kernel: [    2.987168] IR JVC protocol handler initialized
Nov 30 21:20:45 ubuntu-phablet kernel: [    2.987260] IR Sony protocol handler initialized
Nov 30 21:20:45 ubuntu-phablet kernel: [    2.987354] IR RC5 (streamzap) protocol handler initialized
Nov 30 21:20:45 ubuntu-phablet kernel: [    2.987458] IR SANYO protocol handler initialized
Nov 30 21:20:45 ubuntu-phablet kernel: [    2.987552] IR MCE Keyboard/mouse protocol handler initialized
Nov 30 21:20:45 ubuntu-phablet kernel: [    2.987659] IR LIRC bridge handler initialized
Nov 30 21:20:45 ubuntu-phablet kernel: [    2.988173] usbcore: registered new interface driver uvcvideo
Nov 30 21:20:45 ubuntu-phablet kernel: [    2.988287] USB Video Class driver (1.1.1)
Nov 30 21:20:45 ubuntu-phablet kernel: [    2.991739] Driver for 1-wire Dallas network protocol.
Nov 30 21:20:45 ubuntu-phablet kernel: [    2.993928] w1-gpio: w1_gpio_probe:gpio 439
Nov 30 21:20:45 ubuntu-phablet kernel: [    3.176102] BMS: qpnp_bms_init: QPNP BMS INIT
Nov 30 21:20:45 ubuntu-phablet kernel: [    3.176228] BMS: qpnp_bms_init: QPNP BMS INIT
Nov 30 21:20:45 ubuntu-phablet kernel: [    3.176392] spmi qpnp-bms-armani-f1ddfc00: Driver qcom,qpnp-bms-armani requests probe deferral
Nov 30 21:20:45 ubuntu-phablet kernel: [    3.176674] spmi qpnp-charger-armani-f1ddfa00: Driver qcom,qpnp-charger-armani requests probe deferral
Nov 30 21:20:45 ubuntu-phablet kernel: [    3.210837] qpnp_vadc_conv_seq_request: not a valid VADC channel
Nov 30 21:20:45 ubuntu-phablet kernel: [    3.210871] thermal_sys: failed to read out thermal zone 7
Nov 30 21:20:45 ubuntu-phablet kernel: [    3.211121] qpnp_vadc_conv_seq_request: not a valid VADC channel
Nov 30 21:20:45 ubuntu-phablet kernel: [    3.211150] thermal_sys: failed to read out thermal zone 8
Nov 30 21:20:45 ubuntu-phablet kernel: [    3.211859] device-mapper: uevent: version 1.0.3
Nov 30 21:20:45 ubuntu-phablet kernel: [    3.212355] device-mapper: ioctl: 4.22.0-ioctl (2011-10-19) initialised: dm-devel@redhat.com
Nov 30 21:20:45 ubuntu-phablet kernel: [    3.213161] cpuidle: using governor ladder
Nov 30 21:20:45 ubuntu-phablet kernel: [    3.213188] cpuidle: using governor menu
Nov 30 21:20:45 ubuntu-phablet kernel: [    3.213253] sdhci: Secure Digital Host Controller Interface driver
Nov 30 21:20:45 ubuntu-phablet kernel: [    3.213281] sdhci: Copyright(c) Pierre Ossman
Nov 30 21:20:45 ubuntu-phablet kernel: [    3.213994] sdhci-pltfm: SDHCI platform and OF driver helper
Nov 30 21:20:45 ubuntu-phablet kernel: [    3.218729] mmc0: no vmmc regulator found
Nov 30 21:20:45 ubuntu-phablet kernel: [    3.219897] Registered led device: mmc0::
Nov 30 21:20:45 ubuntu-phablet kernel: [    3.222297] mmc0: SDHCI controller on msm_sdcc.1 [msm_sdcc.1] using ADMA
Nov 30 21:20:45 ubuntu-phablet kernel: [    3.227168] mmc1: no vmmc regulator found
Nov 30 21:20:45 ubuntu-phablet kernel: [    3.228332] Registered led device: mmc1::
Nov 30 21:20:45 ubuntu-phablet kernel: [    3.229608] mmc1: SDHCI controller on msm_sdcc.2 [msm_sdcc.2] using ADMA
Nov 30 21:20:45 ubuntu-phablet kernel: [    3.230267] Registered led device: red
Nov 30 21:20:45 ubuntu-phablet kernel: [    3.230525] Registered led device: green
Nov 30 21:20:45 ubuntu-phablet kernel: [    3.230808] Registered led device: blue
Nov 30 21:20:45 ubuntu-phablet kernel: [    3.231605] Registered led device: wled:backlight
Nov 30 21:20:45 ubuntu-phablet kernel: [    3.231620] qcom,leds-qpnp leds-qpnp-f1de3200: bl: change to higher light 4095
Nov 30 21:20:45 ubuntu-phablet kernel: [    3.231677] qcom,leds-qpnp leds-qpnp-f1de3200: bl: change to analog 4095
Nov 30 21:20:45 ubuntu-phablet kernel: [    3.232871] qcom,leds-qpnp leds-qpnp-f1e02000: Regulator get failed(-517)
Nov 30 21:20:45 ubuntu-phablet kernel: [    3.232903] qcom,leds-qpnp leds-qpnp-f1e02000: Unable to read flash config data
Nov 30 21:20:45 ubuntu-phablet kernel: [    3.232949] spmi leds-qpnp-f1e02000: Driver qcom,leds-qpnp requests probe deferral
Nov 30 21:20:45 ubuntu-phablet kernel: [    3.236370] usbcore: registered new interface driver usbhid
Nov 30 21:20:45 ubuntu-phablet kernel: [    3.236401] usbhid: USB HID core driver
Nov 30 21:20:45 ubuntu-phablet kernel: [    3.237117] zram: Created 1 device(s) ...
Nov 30 21:20:45 ubuntu-phablet kernel: [    3.237887] ashmem: initialized
Nov 30 21:20:45 ubuntu-phablet kernel: [    3.238067] logger: created 1024K log 'log_main'
Nov 30 21:20:45 ubuntu-phablet kernel: [    3.238247] logger: created 1024K log 'log_events'
Nov 30 21:20:45 ubuntu-phablet kernel: [    3.238419] logger: created 1024K log 'log_radio'
Nov 30 21:20:45 ubuntu-phablet kernel: [    3.238589] logger: created 1024K log 'log_system'
Nov 30 21:20:45 ubuntu-phablet kernel: [    3.239400] sps:BAM 0xf9a44000 is registered.
Nov 30 21:20:45 ubuntu-phablet kernel: [    3.239428] usb_bam_ipa_create_resources: Failed to create USB_PROD resource
Nov 30 21:20:45 ubuntu-phablet kernel: [    3.239937] PMIC@SID0 Power-on reason: Triggered from KPD (power key press) and 'warm' boot
Nov 30 21:20:45 ubuntu-phablet kernel: [    3.240301] input: qpnp_pon as /devices/virtual/input/input1
Nov 30 21:20:45 ubuntu-phablet kernel: [    3.241615] PMIC@SID0: PM8226 v2.1 options: 0, 0, 2, 2
Nov 30 21:20:45 ubuntu-phablet kernel: [    3.242074] coresight-fuse fc4be024.fuse: Fuse initialized
Nov 30 21:20:45 ubuntu-phablet kernel: [    3.242835] coresight-cti fc308000.cti: CTI initialized
Nov 30 21:20:45 ubuntu-phablet kernel: [    3.243038] coresight-cti fc309000.cti: CTI initialized
Nov 30 21:20:45 ubuntu-phablet kernel: [    3.243249] coresight-cti fc30a000.cti: CTI initialized
Nov 30 21:20:45 ubuntu-phablet kernel: [    3.243449] coresight-cti fc30b000.cti: CTI initialized
Nov 30 21:20:45 ubuntu-phablet kernel: [    3.243669] coresight-cti fc30c000.cti: CTI initialized
Nov 30 21:20:45 ubuntu-phablet kernel: [    3.243871] coresight-cti fc30d000.cti: CTI initialized
Nov 30 21:20:45 ubuntu-phablet kernel: [    3.244081] coresight-cti fc30e000.cti: CTI initialized
Nov 30 21:20:45 ubuntu-phablet kernel: [    3.244281] coresight-cti fc30f000.cti: CTI initialized
Nov 30 21:20:45 ubuntu-phablet kernel: [    3.244491] coresight-cti fc310000.cti: CTI initialized
Nov 30 21:20:45 ubuntu-phablet kernel: [    3.244694] coresight-cti fc340000.cti: CTI initialized
Nov 30 21:20:45 ubuntu-phablet kernel: [    3.244962] coresight-cti fc341000.cti: CTI initialized
Nov 30 21:20:45 ubuntu-phablet kernel: [    3.245179] coresight-cti fc342000.cti: CTI initialized
Nov 30 21:20:45 ubuntu-phablet kernel: [    3.245392] coresight-cti fc343000.cti: CTI initialized
Nov 30 21:20:45 ubuntu-phablet kernel: [    3.245638] coresight-cti fc344000.cti: CTI initialized
Nov 30 21:20:45 ubuntu-phablet kernel: [    3.245877] coresight-cti fc348000.cti: CTI initialized
Nov 30 21:20:45 ubuntu-phablet kernel: [    3.246075] coresight-cti fc34d000.cti: CTI initialized
Nov 30 21:20:45 ubuntu-phablet kernel: [    3.246279] coresight-cti fc350000.cti: CTI initialized
Nov 30 21:20:45 ubuntu-phablet kernel: [    3.246476] coresight-cti fc354000.cti: CTI initialized
Nov 30 21:20:45 ubuntu-phablet kernel: [    3.246679] coresight-cti fc358000.cti: CTI initialized
Nov 30 21:20:45 ubuntu-phablet kernel: [    3.247433] coresight-csr fc302000.csr: CSR initialized
Nov 30 21:20:45 ubuntu-phablet kernel: [    3.250603] coresight-tmc fc322000.tmc: Byte Counter feature enabled
Nov 30 21:20:45 ubuntu-phablet kernel: [    3.250679] sps:BAM 0xfc37c000 is registered.
Nov 30 21:20:45 ubuntu-phablet kernel: [    3.251051] coresight-tmc fc322000.tmc: TMC initialized
Nov 30 21:20:45 ubuntu-phablet kernel: [    3.251648] coresight-tmc fc307000.tmc: TMC initialized
Nov 30 21:20:45 ubuntu-phablet kernel: [    3.252708] coresight-tpiu fc318000.tpiu: seta gpios not specified
Nov 30 21:20:45 ubuntu-phablet kernel: [    3.252740] coresight-tpiu fc318000.tpiu: setb gpios not specified
Nov 30 21:20:45 ubuntu-phablet kernel: [    3.252870] coresight-tpiu fc318000.tpiu: TPIU initialized
Nov 30 21:20:45 ubuntu-phablet kernel: [    3.253633] coresight-funnel fc31b000.funnel: FUNNEL initialized
Nov 30 21:20:45 ubuntu-phablet kernel: [    3.253828] coresight-funnel fc319000.funnel: FUNNEL initialized
Nov 30 21:20:45 ubuntu-phablet kernel: [    3.254034] coresight-funnel fc31a000.funnel: FUNNEL initialized
Nov 30 21:20:45 ubuntu-phablet kernel: [    3.254238] coresight-funnel fc345000.funnel: FUNNEL initialized
Nov 30 21:20:45 ubuntu-phablet kernel: [    3.254432] coresight-funnel fc364000.funnel: FUNNEL initialized
Nov 30 21:20:45 ubuntu-phablet kernel: [    3.255219] coresight-replicator fc31c000.replicator: REPLICATOR initialized
Nov 30 21:20:45 ubuntu-phablet kernel: [    3.256170] coresight-stm fc321000.stm: STM initialized
Nov 30 21:20:45 ubuntu-phablet kernel: [    3.256971] coresight-hwevent fd828018.hwevent: Hardware Event driver initialized
Nov 30 21:20:45 ubuntu-phablet kernel: [    3.257932] coresight-etm fc33c000.etm: ETM initialized
Nov 30 21:20:45 ubuntu-phablet kernel: [    3.258314] coresight-etm fc33d000.etm: ETM initialized
Nov 30 21:20:45 ubuntu-phablet kernel: [    3.258707] coresight-etm fc33e000.etm: ETM initialized
Nov 30 21:20:45 ubuntu-phablet kernel: [    3.259093] coresight-etm fc33f000.etm: ETM initialized
Nov 30 21:20:45 ubuntu-phablet kernel: [    3.259857] coresight-audio-etm audio_etm0.24: Audio ETM initialized
Nov 30 21:20:45 ubuntu-phablet kernel: [    3.260590] coresight-modem-etm modem_etm0.25: Modem ETM initialized
Nov 30 21:20:45 ubuntu-phablet kernel: [    3.261321] coresight-wcn-etm wcn_etm0.26: Wireless ETM initialized
Nov 30 21:20:45 ubuntu-phablet kernel: [    3.262045] coresight-rpm-etm rpm_etm0.27: RPM ETM initialized
Nov 30 21:20:45 ubuntu-phablet kernel: [    3.262980] usbcore: registered new interface driver snd-usb-audio
Nov 30 21:20:45 ubuntu-phablet kernel: [    3.278159] msm-compr-dsp msm-compr-dsp: msm_compr_probe: dev name msm-compr-dsp
Nov 30 21:20:45 ubuntu-phablet kernel: [    3.279092] msm-pcm-lpa msm-pcm-lpa: msm_pcm_probe: dev name msm-pcm-lpa
Nov 30 21:20:45 ubuntu-phablet kernel: [    3.280371] platform qcom,msm-voip-dsp.49: Driver msm-voip-dsp requests probe deferral
Nov 30 21:20:45 ubuntu-phablet kernel: [    3.281028] platform qcom,msm-pcm-voice.50: Driver msm-pcm-voice requests probe deferral
Nov 30 21:20:45 ubuntu-phablet kernel: [    3.286498] platform sound.42: Driver msm8226-asoc-tapan requests probe deferral
Nov 30 21:20:45 ubuntu-phablet kernel: [    3.287047] GACT probability NOT on
Nov 30 21:20:45 ubuntu-phablet kernel: [    3.287079] Mirror/redirect action on
Nov 30 21:20:45 ubuntu-phablet kernel: [    3.287103] u32 classifier
Nov 30 21:20:45 ubuntu-phablet kernel: [    3.287119]     Actions configured
Nov 30 21:20:45 ubuntu-phablet kernel: [    3.287449] TCP: cubic registered
Nov 30 21:20:45 ubuntu-phablet kernel: [    3.288426] NET: Registered protocol family 10
Nov 30 21:20:45 ubuntu-phablet kernel: [    3.291684] Mobile IPv6
Nov 30 21:20:45 ubuntu-phablet kernel: [    3.291708] IPv6 over IPv4 tunneling driver
Nov 30 21:20:45 ubuntu-phablet kernel: [    3.293090] NET: Registered protocol family 17
Nov 30 21:20:45 ubuntu-phablet kernel: [    3.293216] Bridge firewalling registered
Nov 30 21:20:45 ubuntu-phablet kernel: [    3.293275] Ebtables v2.0 registered
Nov 30 21:20:45 ubuntu-phablet kernel: [    3.293552] Bluetooth: RFCOMM TTY layer initialized
Nov 30 21:20:45 ubuntu-phablet kernel: [    3.293595] Bluetooth: RFCOMM socket layer initialized
Nov 30 21:20:45 ubuntu-phablet kernel: [    3.293620] Bluetooth: RFCOMM ver 1.11
Nov 30 21:20:45 ubuntu-phablet kernel: [    3.293641] Bluetooth: BNEP (Ethernet Emulation) ver 1.3
Nov 30 21:20:45 ubuntu-phablet kernel: [    3.293665] Bluetooth: BNEP filters: protocol multicast
Nov 30 21:20:45 ubuntu-phablet kernel: [    3.293692] Bluetooth: HIDP (Human Interface Emulation) ver 1.2
Nov 30 21:20:45 ubuntu-phablet kernel: [    3.293801] Registering the dns_resolver key type
Nov 30 21:20:45 ubuntu-phablet kernel: [    3.294333] VFP support v0.3: implementor 41 architecture 2 part 30 variant 7 rev 3
Nov 30 21:20:45 ubuntu-phablet kernel: [    3.294402] Registering SWP/SWPB emulation handler
Nov 30 21:20:45 ubuntu-phablet kernel: [    3.304791] registered taskstats version 1
Nov 30 21:20:45 ubuntu-phablet kernel: [    3.322005] mmc0: BKOPS_EN bit = 0
Nov 30 21:20:45 ubuntu-phablet kernel: [    3.324375] modprobe used greatest stack depth: 5544 bytes left
Nov 30 21:20:45 ubuntu-phablet kernel: [    3.324815] AppArmor: AppArmor sha1 policy hashing enabled
Nov 30 21:20:45 ubuntu-phablet kernel: [    3.326744] platform sound.42: Driver msm8226-asoc-tapan requests probe deferral
Nov 30 21:20:45 ubuntu-phablet kernel: [    3.327890] qcom,leds-qpnp leds-qpnp-f1e02000: Regulator get failed(-517)
Nov 30 21:20:45 ubuntu-phablet kernel: [    3.327926] qcom,leds-qpnp leds-qpnp-f1e02000: Unable to read flash config data
Nov 30 21:20:45 ubuntu-phablet kernel: [    3.327974] spmi leds-qpnp-f1e02000: Driver qcom,leds-qpnp requests probe deferral
Nov 30 21:20:45 ubuntu-phablet kernel: [    3.328221] bq2022: w1_bq2022_battery_id: pseduo_info:0x10139463
Nov 30 21:20:45 ubuntu-phablet kernel: [    3.328361] chg:qpnp_chg_vbatdet_set: voltage=4320 setting 36
Nov 30 21:20:45 ubuntu-phablet kernel: [    3.328934] batfet: 
Nov 30 21:20:45 ubuntu-phablet kernel: [    3.329248] 8226_smbbp_boost: 5000 mV 
Nov 30 21:20:45 ubuntu-phablet kernel: [    3.329443] mmc0: new HS200 MMC card at address 0001
Nov 30 21:20:45 ubuntu-phablet kernel: [    3.330134] 8226_smbbp_otg: 
Nov 30 21:20:45 ubuntu-phablet kernel: [    3.330252] 8226_smbbp_otg: supplied by 8226_smbbp_boost
Nov 30 21:20:45 ubuntu-phablet kernel: [    3.330484] mmcblk0: mmc0:0001 M8G1GC 7.28 GiB 
Nov 30 21:20:45 ubuntu-phablet kernel: [    3.331085] mmcblk0rpmb: mmc0:0001 M8G1GC partition 3 512 KiB
Nov 30 21:20:45 ubuntu-phablet kernel: [    3.331423] gpio_set_debounce: gpio-108 status -22
Nov 30 21:20:45 ubuntu-phablet kernel: [    3.331720] gpio_set_debounce: gpio-107 status -22
Nov 30 21:20:45 ubuntu-phablet kernel: [    3.331919] gpio_set_debounce: gpio-106 status -22
Nov 30 21:20:45 ubuntu-phablet kernel: [    3.332329] input: gpio-keys as /devices/gpio_keys.75/input/input2
Nov 30 21:20:45 ubuntu-phablet kernel: [    3.332891] Alternate GPT is invalid, using primary GPT.
Nov 30 21:20:45 ubuntu-phablet kernel: [    3.333022]  mmcblk0: p1 p2 p3 p4 p5 p6 p7 p8 p9 p10 p11 p12 p13 p14 p15 p16 p17 p18 p19 p20 p21 p22 p23 p24 p25 p26 p27 p28 p29
Nov 30 21:20:45 ubuntu-phablet kernel: [    3.333677] qcom,qpnp-rtc qpnp-rtc-f1de3000: setting system clock to 2015-11-30 21:20:35 UTC (1448918435)
Nov 30 21:20:45 ubuntu-phablet kernel: [    3.334642] msm_thermal: Interrupt mode init
Nov 30 21:20:45 ubuntu-phablet kernel: [    3.335800] clock_late_init: Removing enables held for handed-off clocks
Nov 30 21:20:45 ubuntu-phablet kernel: [    3.340117] ALSA device list:
Nov 30 21:20:45 ubuntu-phablet kernel: [    3.340138]   No soundcards found.
Nov 30 21:20:45 ubuntu-phablet kernel: [    3.340544] Freeing init memory: 200K
Nov 30 21:20:45 ubuntu-phablet kernel: [    3.349114] chg:qpnp_chg_vddmax_and_trim_set: voltage=4350+0 setting vddmax: 6f, trim: 00
Nov 30 21:20:45 ubuntu-phablet kernel: [    3.350186] chg:qpnp_chg_usb_chg_gone_irq_handler: chg_gone triggered, usb 1 3
Nov 30 21:20:45 ubuntu-phablet kernel: [    3.350260] chg:qpnp_chg_usb_usbin_valid_irq_handler: usbin-valid triggered: 1 host_mode: 0
Nov 30 21:20:45 ubuntu-phablet kernel: [    3.350360] chg:qpnp_chg_vddmax_and_trim_set: voltage=4350+0 setting vddmax: 6f, trim: 00
Nov 30 21:20:45 ubuntu-phablet kernel: [    3.350416] chg:qpnp_chg_dc_dcin_valid_irq_handler: dcin-valid triggered: 0
Nov 30 21:20:45 ubuntu-phablet kernel: [    3.350495] chg:qpnp_charger_probe: success chg_dis = 0, bpd = 1, usb = 1, dc = 0 b_health = 1 batt_present = 1
Nov 30 21:20:45 ubuntu-phablet kernel: [    3.350995] bq2022: w1_bq2022_battery_id: pseduo_info:0x10139463
Nov 30 21:20:45 ubuntu-phablet kernel: [    3.351204] BMS: read_shutdown_soc: stored soc = 0xa0, shutdown_soc = 79
Nov 30 21:20:45 ubuntu-phablet kernel: [    3.362398] exe used greatest stack depth: 5200 bytes left
Nov 30 21:20:45 ubuntu-phablet kernel: [    3.401268] BMS: read_soc_params_raw: PON_OCV_UV = 3823980, cc = 79b4
Nov 30 21:20:45 ubuntu-phablet kernel: [    3.401321] BMS: read_soc_params_raw: OCV is stale or bad, estimating new OCV.
Nov 30 21:20:45 ubuntu-phablet kernel: [    3.401367] BMS: read_saved_instant_ocv: read instant ocv 4080 reg aa
Nov 30 21:20:45 ubuntu-phablet kernel: [    3.406060] BMS: estimate_ocv: estimated pon ocv = 4060067 i842081 v3937440 r167 d18000
Nov 30 21:20:45 ubuntu-phablet kernel: [    3.406099] BMS: read_soc_params_raw: instant ocv 4080 estimated 4060
Nov 30 21:20:45 ubuntu-phablet kernel: [    3.406284] BMS: read_soc_params_raw: New PON_OCV_UV = 4080000, cc = 79b4
Nov 30 21:20:45 ubuntu-phablet kernel: [    3.438045] BMS: load_shutdown_data: raw_soc = 79 shutdown_soc = 79 shutdown_iavg = 250 shutdown_soc_invalid = 0, battery_removed = 0
Nov 30 21:20:45 ubuntu-phablet kernel: [    3.438269] BMS: setup_vbat_monitoring: set low thr to 3420000 and high to 4330000
Nov 30 21:20:45 ubuntu-phablet kernel: [    3.453774] BMS: refresh_die_temp_monitor: low = 47307, high = 57307
Nov 30 21:20:45 ubuntu-phablet kernel: [    3.520956] BMS: adjust_soc: s 79 i 912124 v 3931545 ocv 4080000 rbatt 153 uuc 61620 cc 22 r 1643200 t 384
Nov 30 21:20:45 ubuntu-phablet kernel: [    3.570906] BMS: adjust_soc: s 79 i 895335 v 3933609 ocv 4080000 rbatt 153 uuc 61620 cc 29 r 1643200 t 383
Nov 30 21:20:45 ubuntu-phablet kernel: [    3.659528] BMS: qpnp_bms_probe: probe success: soc =79 vbatt = 3898366 ocv = 4080000 r_sense_uohm = 10000 warm_reset = 1
Nov 30 21:20:45 ubuntu-phablet kernel: [    3.661028] platform sound.42: Driver msm8226-asoc-tapan requests probe deferral
Nov 30 21:20:45 ubuntu-phablet kernel: [    3.661317] msm_otg f9a55000.usb: phy_reset: success
Nov 30 21:20:45 ubuntu-phablet kernel: [    3.661986] Registered led device: led:flash_0
Nov 30 21:20:45 ubuntu-phablet kernel: [    3.662737] Registered led device: led:flash_1
Nov 30 21:20:45 ubuntu-phablet kernel: [    3.662951] Registered led device: led:flash_torch
Nov 30 21:20:45 ubuntu-phablet kernel: [    3.664108] platform sound.42: Driver msm8226-asoc-tapan requests probe deferral
Nov 30 21:20:45 ubuntu-phablet kernel: [    3.664150] chg:get_prop_capacity: resuming charging at 79% soc
Nov 30 21:20:45 ubuntu-phablet kernel: [    3.664160] chg:qpnp_chg_vbatdet_set: voltage=4380 setting 39
Nov 30 21:20:45 ubuntu-phablet kernel: [    3.672354] mmc1: new high speed SDHC card at address b368
Nov 30 21:20:45 ubuntu-phablet kernel: [    3.673302] mmcblk1: mmc1:b368 NCard 7.48 GiB 
Nov 30 21:20:45 ubuntu-phablet kernel: [    3.675079]  mmcblk1: p1 p2
Nov 30 21:20:45 ubuntu-phablet kernel: [    3.678203] platform sound.42: Driver msm8226-asoc-tapan requests probe deferral
Nov 30 21:20:45 ubuntu-phablet kernel: [    3.898222] msm_hsusb msm_hsusb: CI13XXX_CONTROLLER_RESET_EVENT received
Nov 30 21:20:45 ubuntu-phablet kernel: [    3.969731] udev used greatest stack depth: 5112 bytes left
Nov 30 21:20:45 ubuntu-phablet kernel: [    4.703642] initrd: checking filesystem integrity for the userdata partition
Nov 30 21:20:45 ubuntu-phablet kernel: [    4.711464] EXT3-fs (mmcblk0p29): error: couldn't mount because of unsupported optional features (40)
Nov 30 21:20:45 ubuntu-phablet kernel: [    4.716055] EXT2-fs (mmcblk0p29): error: couldn't mount because of unsupported optional features (40)
Nov 30 21:20:45 ubuntu-phablet kernel: [    4.729418] EXT4-fs (mmcblk0p29): warning: maximal mount count reached, running e2fsck is recommended
Nov 30 21:20:45 ubuntu-phablet kernel: [    4.730356] EXT4-fs (mmcblk0p29): mounted filesystem with ordered data mode. Opts: errors=remount-ro
Nov 30 21:20:45 ubuntu-phablet kernel: [    7.075797] cpr_irq_handler: IRQ_STATUS = 0x05
Nov 30 21:20:45 ubuntu-phablet kernel: [    7.075862] cpr_scale: last_volt[corner:4, fuse_corner:2] = 1150000 uV
Nov 30 21:20:45 ubuntu-phablet kernel: [    7.075922] cpr_scale: Down: cpr status = 0x0000532d (error_steps=11)
Nov 30 21:20:45 ubuntu-phablet kernel: [    7.075979] cpr_scale: 11 is over down-limit(1): Clamp
Nov 30 21:20:45 ubuntu-phablet kernel: [    7.076056] cpr_scale: DOWN: -> new_volt[corner:4, fuse_corner:2] = 1140000 uV
Nov 30 21:20:45 ubuntu-phablet kernel: [    7.086134] cpr_irq_handler: IRQ_STATUS = 0x05
Nov 30 21:20:45 ubuntu-phablet kernel: [    7.086192] cpr_scale: last_volt[corner:4, fuse_corner:2] = 1140000 uV
Nov 30 21:20:45 ubuntu-phablet kernel: [    7.086251] cpr_scale: Down: cpr status = 0x00004f75 (error_steps=13)
Nov 30 21:20:45 ubuntu-phablet kernel: [    7.086306] cpr_scale: 13 is over down-limit(1): Clamp
Nov 30 21:20:45 ubuntu-phablet kernel: [    7.086383] cpr_scale: DOWN: -> new_volt[corner:4, fuse_corner:2] = 1130000 uV
Nov 30 21:20:45 ubuntu-phablet kernel: [    7.096455] cpr_irq_handler: IRQ_STATUS = 0x05
Nov 30 21:20:45 ubuntu-phablet kernel: [    7.096514] cpr_scale: last_volt[corner:4, fuse_corner:2] = 1130000 uV
Nov 30 21:20:45 ubuntu-phablet kernel: [    7.096572] cpr_scale: Down: cpr status = 0x00004ab5 (error_steps=13)
Nov 30 21:20:45 ubuntu-phablet kernel: [    7.096628] cpr_scale: 13 is over down-limit(1): Clamp
Nov 30 21:20:45 ubuntu-phablet kernel: [    7.096702] cpr_scale: DOWN: -> new_volt[corner:4, fuse_corner:2] = 1120000 uV
Nov 30 21:20:45 ubuntu-phablet kernel: [    7.106782] cpr_irq_handler: IRQ_STATUS = 0x05
Nov 30 21:20:45 ubuntu-phablet kernel: [    7.106843] cpr_scale: last_volt[corner:4, fuse_corner:2] = 1120000 uV
Nov 30 21:20:45 ubuntu-phablet kernel: [    7.106902] cpr_scale: Down: cpr status = 0x000045f5 (error_steps=13)
Nov 30 21:20:45 ubuntu-phablet kernel: [    7.106958] cpr_scale: 13 is over down-limit(1): Clamp
Nov 30 21:20:45 ubuntu-phablet kernel: [    7.107034] cpr_scale: DOWN: -> new_volt[corner:4, fuse_corner:2] = 1110000 uV
Nov 30 21:20:45 ubuntu-phablet kernel: [    7.117109] cpr_irq_handler: IRQ_STATUS = 0x05
Nov 30 21:20:45 ubuntu-phablet kernel: [    7.117166] cpr_scale: last_volt[corner:4, fuse_corner:2] = 1110000 uV
Nov 30 21:20:45 ubuntu-phablet kernel: [    7.117224] cpr_scale: Down: cpr status = 0x000042b5 (error_steps=13)
Nov 30 21:20:45 ubuntu-phablet kernel: [    7.117280] cpr_scale: 13 is over down-limit(1): Clamp
Nov 30 21:20:45 ubuntu-phablet kernel: [    7.117354] cpr_scale: DOWN: -> new_volt[corner:4, fuse_corner:2] = 1100000 uV
Nov 30 21:20:45 ubuntu-phablet kernel: [    7.127423] cpr_irq_handler: IRQ_STATUS = 0x05
Nov 30 21:20:45 ubuntu-phablet kernel: [    7.127480] cpr_scale: last_volt[corner:4, fuse_corner:2] = 1100000 uV
Nov 30 21:20:45 ubuntu-phablet kernel: [    7.127538] cpr_scale: Down: cpr status = 0x00003d6d (error_steps=11)
Nov 30 21:20:45 ubuntu-phablet kernel: [    7.127593] cpr_scale: 11 is over down-limit(1): Clamp
Nov 30 21:20:45 ubuntu-phablet kernel: [    7.127666] cpr_scale: DOWN: -> new_volt[corner:4, fuse_corner:2] = 1090000 uV
Nov 30 21:20:45 ubuntu-phablet kernel: [    7.137736] cpr_irq_handler: IRQ_STATUS = 0x05
Nov 30 21:20:45 ubuntu-phablet kernel: [    7.137793] cpr_scale: last_volt[corner:4, fuse_corner:2] = 1090000 uV
Nov 30 21:20:45 ubuntu-phablet kernel: [    7.137851] cpr_scale: Down: cpr status = 0x0000392d (error_steps=11)
Nov 30 21:20:45 ubuntu-phablet kernel: [    7.137907] cpr_scale: 11 is over down-limit(1): Clamp
Nov 30 21:20:45 ubuntu-phablet kernel: [    7.137981] cpr_scale: DOWN: -> new_volt[corner:4, fuse_corner:2] = 1080000 uV
Nov 30 21:20:45 ubuntu-phablet kernel: [    7.148060] cpr_irq_handler: IRQ_STATUS = 0x05
Nov 30 21:20:45 ubuntu-phablet kernel: [    7.148116] cpr_scale: last_volt[corner:4, fuse_corner:2] = 1080000 uV
Nov 30 21:20:45 ubuntu-phablet kernel: [    7.148175] cpr_scale: Down: cpr status = 0x0000352d (error_steps=11)
Nov 30 21:20:45 ubuntu-phablet kernel: [    7.148231] cpr_scale: 11 is over down-limit(1): Clamp
Nov 30 21:20:45 ubuntu-phablet kernel: [    7.148303] cpr_scale: DOWN: -> new_volt[corner:4, fuse_corner:2] = 1070000 uV
Nov 30 21:20:45 ubuntu-phablet kernel: [    7.158376] cpr_irq_handler: IRQ_STATUS = 0x05
Nov 30 21:20:45 ubuntu-phablet kernel: [    7.158432] cpr_scale: last_volt[corner:4, fuse_corner:2] = 1070000 uV
Nov 30 21:20:45 ubuntu-phablet kernel: [    7.158490] cpr_scale: Down: cpr status = 0x00002fe5 (error_steps=9)
Nov 30 21:20:45 ubuntu-phablet kernel: [    7.158545] cpr_scale: 9 is over down-limit(1): Clamp
Nov 30 21:20:45 ubuntu-phablet kernel: [    7.158618] cpr_scale: DOWN: -> new_volt[corner:4, fuse_corner:2] = 1060000 uV
Nov 30 21:20:45 ubuntu-phablet kernel: [    7.168705] cpr_irq_handler: IRQ_STATUS = 0x05
Nov 30 21:20:45 ubuntu-phablet kernel: [    7.168781] cpr_scale: last_volt[corner:4, fuse_corner:2] = 1060000 uV
Nov 30 21:20:45 ubuntu-phablet kernel: [    7.168858] cpr_scale: Down: cpr status = 0x00002ba1 (error_steps=8)
Nov 30 21:20:45 ubuntu-phablet kernel: [    7.168930] cpr_scale: 8 is over down-limit(1): Clamp
Nov 30 21:20:45 ubuntu-phablet kernel: [    7.169026] cpr_scale: DOWN: -> new_volt[corner:4, fuse_corner:2] = 1050000 uV
Nov 30 21:20:45 ubuntu-phablet kernel: [    7.179104] cpr_irq_handler: IRQ_STATUS = 0x05
Nov 30 21:20:45 ubuntu-phablet kernel: [    7.179181] cpr_scale: last_volt[corner:4, fuse_corner:2] = 1050000 uV
Nov 30 21:20:45 ubuntu-phablet kernel: [    7.179258] cpr_scale: Down: cpr status = 0x0000269d (error_steps=7)
Nov 30 21:20:45 ubuntu-phablet kernel: [    7.179333] cpr_scale: [corn:4, fuse_corner:2] @ floor: 1050000 <= 1050000: NACK
Nov 30 21:20:45 ubuntu-phablet kernel: [    7.179422] cpr_scale: gcnt = 0x000133a9 (quot = 937)
Nov 30 21:20:45 ubuntu-phablet kernel: [    7.675214] cpr_irq_handler: IRQ_STATUS = 0x05
Nov 30 21:20:45 ubuntu-phablet kernel: [    7.675263] cpr_scale: last_volt[corner:7, fuse_corner:3] = 1290000 uV
Nov 30 21:20:45 ubuntu-phablet kernel: [    7.675302] cpr_scale: Down: cpr status = 0x00004e29 (error_steps=10)
Nov 30 21:20:45 ubuntu-phablet kernel: [    7.675340] cpr_scale: 10 is over down-limit(1): Clamp
Nov 30 21:20:45 ubuntu-phablet kernel: [    7.675398] cpr_scale: DOWN: -> new_volt[corner:7, fuse_corner:3] = 1280000 uV
Nov 30 21:20:45 ubuntu-phablet kernel: [    7.685461] cpr_irq_handler: IRQ_STATUS = 0x05
Nov 30 21:20:45 ubuntu-phablet kernel: [    7.685503] cpr_scale: last_volt[corner:7, fuse_corner:3] = 1280000 uV
Nov 30 21:20:45 ubuntu-phablet kernel: [    7.685542] cpr_scale: Down: cpr status = 0x00004ab5 (error_steps=13)
Nov 30 21:20:45 ubuntu-phablet kernel: [    7.685579] cpr_scale: 13 is over down-limit(1): Clamp
Nov 30 21:20:45 ubuntu-phablet kernel: [    7.685634] cpr_scale: DOWN: -> new_volt[corner:7, fuse_corner:3] = 1270000 uV
Nov 30 21:20:45 ubuntu-phablet kernel: [    7.695705] cpr_irq_handler: IRQ_STATUS = 0x05
Nov 30 21:20:45 ubuntu-phablet kernel: [    7.695747] cpr_scale: last_volt[corner:7, fuse_corner:3] = 1270000 uV
Nov 30 21:20:45 ubuntu-phablet kernel: [    7.695786] cpr_scale: Down: cpr status = 0x0000463d (error_steps=15)
Nov 30 21:20:45 ubuntu-phablet kernel: [    7.695823] cpr_scale: 15 is over down-limit(1): Clamp
Nov 30 21:20:45 ubuntu-phablet kernel: [    7.695877] cpr_scale: DOWN: -> new_volt[corner:7, fuse_corner:3] = 1260000 uV
Nov 30 21:20:45 ubuntu-phablet kernel: [    7.705950] cpr_irq_handler: IRQ_STATUS = 0x05
Nov 30 21:20:45 ubuntu-phablet kernel: [    7.705992] cpr_scale: last_volt[corner:7, fuse_corner:3] = 1260000 uV
Nov 30 21:20:45 ubuntu-phablet kernel: [    7.706032] cpr_scale: Down: cpr status = 0x0000437d (error_steps=15)
Nov 30 21:20:45 ubuntu-phablet kernel: [    7.706069] cpr_scale: 15 is over down-limit(1): Clamp
Nov 30 21:20:45 ubuntu-phablet kernel: [    7.706124] cpr_scale: DOWN: -> new_volt[corner:7, fuse_corner:3] = 1250000 uV
Nov 30 21:20:45 ubuntu-phablet kernel: [    7.716181] cpr_irq_handler: IRQ_STATUS = 0x05
Nov 30 21:20:45 ubuntu-phablet kernel: [    7.716223] cpr_scale: last_volt[corner:7, fuse_corner:3] = 1250000 uV
Nov 30 21:20:45 ubuntu-phablet kernel: [    7.716262] cpr_scale: Down: cpr status = 0x00003ffd (error_steps=15)
Nov 30 21:20:45 ubuntu-phablet kernel: [    7.716299] cpr_scale: 15 is over down-limit(1): Clamp
Nov 30 21:20:45 ubuntu-phablet kernel: [    7.716352] cpr_scale: DOWN: -> new_volt[corner:7, fuse_corner:3] = 1240000 uV
Nov 30 21:20:45 ubuntu-phablet kernel: [    7.726410] cpr_irq_handler: IRQ_STATUS = 0x05
Nov 30 21:20:45 ubuntu-phablet kernel: [    7.726450] cpr_scale: last_volt[corner:7, fuse_corner:3] = 1240000 uV
Nov 30 21:20:45 ubuntu-phablet kernel: [    7.726489] cpr_scale: Down: cpr status = 0x00003bb5 (error_steps=13)
Nov 30 21:20:45 ubuntu-phablet kernel: [    7.726526] cpr_scale: 13 is over down-limit(1): Clamp
Nov 30 21:20:45 ubuntu-phablet kernel: [    7.726579] cpr_scale: DOWN: -> new_volt[corner:7, fuse_corner:3] = 1230000 uV
Nov 30 21:20:45 ubuntu-phablet kernel: [    7.736687] cpr_irq_handler: IRQ_STATUS = 0x05
Nov 30 21:20:45 ubuntu-phablet kernel: [    7.736757] cpr_scale: last_volt[corner:7, fuse_corner:3] = 1230000 uV
Nov 30 21:20:45 ubuntu-phablet kernel: [    7.736803] cpr_scale: Down: cpr status = 0x00003671 (error_steps=12)
Nov 30 21:20:45 ubuntu-phablet kernel: [    7.736844] cpr_scale: 12 is over down-limit(1): Clamp
Nov 30 21:20:45 ubuntu-phablet kernel: [    7.736921] cpr_scale: DOWN: -> new_volt[corner:7, fuse_corner:3] = 1220000 uV
Nov 30 21:20:45 ubuntu-phablet kernel: [    7.737112] systemd-udevd used greatest stack depth: 5064 bytes left
Nov 30 21:20:45 ubuntu-phablet kernel: [    8.355154] chg:qpnp_invalid_charger_work: qpnp_invalid_charger_work usb 1 batt 1 status 2 usb online 0
Nov 30 21:20:45 ubuntu-phablet kernel: [    8.355273] chg:qpnp_chg_iusbmax_set: mA 500
Nov 30 21:20:45 ubuntu-phablet kernel: [    8.355327] ft5x06_i2c 5-0038: Power state changed, set noise filter to 0x1
Nov 30 21:20:45 ubuntu-phablet kernel: [    8.355387] chg:qpnp_chg_chgr_chg_fastchg_irq_handler: FAST_CHG IRQ triggered
Nov 30 21:20:45 ubuntu-phablet kernel: [    8.355433] chg:qpnp_chg_vbatdet_set: voltage=4320 setting 36
Nov 30 21:20:45 ubuntu-phablet kernel: [    8.431825] BMS: adjust_soc: s 79 i 312225 v 3994614 ocv 4080000 rbatt 153 uuc 61620 cc 1135 r 1643200 t 384
Nov 30 21:20:45 ubuntu-phablet kernel: [    8.672977] e2fsck used greatest stack depth: 5036 bytes left
Nov 30 21:20:45 ubuntu-phablet kernel: [    8.676067] initrd: checking filesystem for userdata took (including e2fsck) 4 seconds
Nov 30 21:20:45 ubuntu-phablet kernel: [    8.676174] initrd: mounting /dev/mmcblk0p29
Nov 30 21:20:45 ubuntu-phablet kernel: [    8.682547] EXT3-fs (mmcblk0p29): error: unrecognized mount option "discard" or missing value
Nov 30 21:20:45 ubuntu-phablet kernel: [    8.705908] EXT4-fs: Warning: mounting with data=journal disables delayed allocation and O_DIRECT support!
Nov 30 21:20:45 ubuntu-phablet kernel: [    8.710137] EXT4-fs (mmcblk0p29): mounted filesystem with journalled data mode. Opts: discard,data=journal
Nov 30 21:20:45 ubuntu-phablet kernel: [    8.714701] initrd: boot mode: ubuntu
Nov 30 21:20:45 ubuntu-phablet kernel: [    8.737599] initrd: mounting system.img (user mode)
Nov 30 21:20:45 ubuntu-phablet kernel: [    8.761560] initrd: mounting device image as ro
Nov 30 21:20:45 ubuntu-phablet kernel: [    8.771338] EXT3-fs (loop1): error: couldn't mount because of unsupported optional features (40)
Nov 30 21:20:45 ubuntu-phablet kernel: [    8.810480] EXT2-fs (loop1): error: couldn't mount because of unsupported optional features (40)
Nov 30 21:20:45 ubuntu-phablet kernel: [    8.817811] EXT4-fs (loop1): mounted filesystem with ordered data mode. Opts: (null)
Nov 30 21:20:45 ubuntu-phablet kernel: [    8.827178] initrd: device is armani
Nov 30 21:20:45 ubuntu-phablet kernel: [   10.263874] init used greatest stack depth: 4688 bytes left
Nov 30 21:20:45 ubuntu-phablet kernel: [   10.587255] initrd: checking fstab /root/var/lib/lxc/android/rootfs/fstab* for additional mount points
Nov 30 21:20:45 ubuntu-phablet kernel: [   10.662868] initrd: checking mount label cache
Nov 30 21:20:45 ubuntu-phablet kernel: [   10.664515] initrd: mounting /dev/disk/by-partlabel/cache as /root/android//cache
Nov 30 21:20:45 ubuntu-phablet kernel: [   10.672609] EXT4-fs (mmcblk0p28): mounted filesystem with ordered data mode. Opts: barrier=1
Nov 30 21:20:45 ubuntu-phablet kernel: [   10.701649] initrd: checking mount label persist
Nov 30 21:20:45 ubuntu-phablet kernel: [   10.703239] initrd: mounting /dev/disk/by-partlabel/persist as /root/android//persist
Nov 30 21:20:45 ubuntu-phablet kernel: [   10.716124] EXT4-fs (mmcblk0p26): warning: maximal mount count reached, running e2fsck is recommended
Nov 30 21:20:45 ubuntu-phablet kernel: [   10.716704] EXT4-fs (mmcblk0p26): recovery complete
Nov 30 21:20:45 ubuntu-phablet kernel: [   10.718670] EXT4-fs (mmcblk0p26): mounted filesystem with ordered data mode. Opts: barrier=1
Nov 30 21:20:45 ubuntu-phablet kernel: [   10.735258] initrd: checking mount label modem
Nov 30 21:20:45 ubuntu-phablet kernel: [   10.736867] initrd: mounting /dev/disk/by-partlabel/modem as /root/android//firmware
Nov 30 21:20:45 ubuntu-phablet kernel: [   10.770599] initrd: checking mount label boot
Nov 30 21:20:45 ubuntu-phablet kernel: [   10.772148] initrd: mounting /dev/disk/by-partlabel/boot as /root/android//boot
Nov 30 21:20:45 ubuntu-phablet kernel: [   10.797126] initrd: checking mount label recovery
Nov 30 21:20:45 ubuntu-phablet kernel: [   10.798712] initrd: mounting /dev/disk/by-partlabel/recovery as /root/android//recovery
Nov 30 21:20:45 ubuntu-phablet kernel: [   10.833712] initrd: checking mount label mmc_host
Nov 30 21:20:45 ubuntu-phablet kernel: [   10.850084] initrd: checking mount label usb1
Nov 30 21:20:45 ubuntu-phablet kernel: [   10.876436] initrd: checking mount label zram0
Nov 30 21:20:45 ubuntu-phablet kernel: [   10.878129] initrd: mounting /dev/zram0 as /root/android/none
Nov 30 21:20:45 ubuntu-phablet kernel: [   10.887449] initrd: mounting /root/var/lib/lxc/android/system.img as /root/android/system
Nov 30 21:20:45 ubuntu-phablet kernel: [   10.925329] cpr_irq_handler: IRQ_STATUS = 0x05
Nov 30 21:20:45 ubuntu-phablet kernel: [   10.925384] cpr_scale: last_volt[corner:5, fuse_corner:3] = 1290000 uV
Nov 30 21:20:45 ubuntu-phablet kernel: [   10.925431] cpr_scale: Down: cpr status = 0x00006c79 (error_steps=14)
Nov 30 21:20:45 ubuntu-phablet kernel: [   10.925475] cpr_scale: 14 is over down-limit(1): Clamp
Nov 30 21:20:45 ubuntu-phablet kernel: [   10.925542] cpr_scale: DOWN: -> new_volt[corner:5, fuse_corner:3] = 1280000 uV
Nov 30 21:20:45 ubuntu-phablet kernel: [   10.935595] cpr_irq_handler: IRQ_STATUS = 0x05
Nov 30 21:20:45 ubuntu-phablet kernel: [   10.935644] cpr_scale: last_volt[corner:5, fuse_corner:3] = 1280000 uV
Nov 30 21:20:45 ubuntu-phablet kernel: [   10.935691] cpr_scale: Down: cpr status = 0x0000683d (error_steps=15)
Nov 30 21:20:45 ubuntu-phablet kernel: [   10.935735] cpr_scale: 15 is over down-limit(1): Clamp
Nov 30 21:20:45 ubuntu-phablet kernel: [   10.935798] cpr_scale: DOWN: -> new_volt[corner:5, fuse_corner:3] = 1270000 uV
Nov 30 21:20:45 ubuntu-phablet kernel: [   10.945885] cpr_irq_handler: IRQ_STATUS = 0x05
Nov 30 21:20:45 ubuntu-phablet kernel: [   10.945934] cpr_scale: last_volt[corner:5, fuse_corner:3] = 1270000 uV
Nov 30 21:20:45 ubuntu-phablet kernel: [   10.945992] cpr_scale: Down: cpr status = 0x0000647d (error_steps=15)
Nov 30 21:20:45 ubuntu-phablet kernel: [   10.946049] cpr_scale: 15 is over down-limit(1): Clamp
Nov 30 21:20:45 ubuntu-phablet kernel: [   10.946118] cpr_scale: DOWN: -> new_volt[corner:5, fuse_corner:3] = 1260000 uV
Nov 30 21:20:45 ubuntu-phablet kernel: [   10.956191] cpr_irq_handler: IRQ_STATUS = 0x05
Nov 30 21:20:45 ubuntu-phablet kernel: [   10.956240] cpr_scale: last_volt[corner:5, fuse_corner:3] = 1260000 uV
Nov 30 21:20:45 ubuntu-phablet kernel: [   10.956286] cpr_scale: Down: cpr status = 0x000060fd (error_steps=15)
Nov 30 21:20:45 ubuntu-phablet kernel: [   10.956330] cpr_scale: 15 is over down-limit(1): Clamp
Nov 30 21:20:45 ubuntu-phablet kernel: [   10.956397] cpr_scale: DOWN: -> new_volt[corner:5, fuse_corner:3] = 1250000 uV
Nov 30 21:20:45 ubuntu-phablet kernel: [   10.966472] cpr_irq_handler: IRQ_STATUS = 0x05
Nov 30 21:20:45 ubuntu-phablet kernel: [   10.966519] cpr_scale: last_volt[corner:5, fuse_corner:3] = 1250000 uV
Nov 30 21:20:45 ubuntu-phablet kernel: [   10.966571] cpr_scale: Down: cpr status = 0x00005d7d (error_steps=15)
Nov 30 21:20:45 ubuntu-phablet kernel: [   10.966624] cpr_scale: 15 is over down-limit(1): Clamp
Nov 30 21:20:45 ubuntu-phablet kernel: [   10.966698] cpr_scale: DOWN: -> new_volt[corner:5, fuse_corner:3] = 1240000 uV
Nov 30 21:20:45 ubuntu-phablet kernel: [   11.056578] Adding 102396k swap on /root/userdata/SWAP.img.  Priority:-1 extents:7 across:258044k SS
Nov 30 21:20:45 ubuntu-phablet kernel: [   11.445235] cpr_irq_handler: IRQ_STATUS = 0x05
Nov 30 21:20:45 ubuntu-phablet kernel: [   11.445286] cpr_scale: last_volt[corner:6, fuse_corner:3] = 1290000 uV
Nov 30 21:20:45 ubuntu-phablet kernel: [   11.445329] cpr_scale: Down: cpr status = 0x00005e31 (error_steps=12)
Nov 30 21:20:45 ubuntu-phablet kernel: [   11.445370] cpr_scale: 12 is over down-limit(1): Clamp
Nov 30 21:20:45 ubuntu-phablet kernel: [   11.445431] cpr_scale: DOWN: -> new_volt[corner:6, fuse_corner:3] = 1280000 uV
Nov 30 21:20:45 ubuntu-phablet kernel: [   11.465165] cpr_irq_handler: IRQ_STATUS = 0x05
Nov 30 21:20:45 ubuntu-phablet kernel: [   11.465206] cpr_scale: last_volt[corner:7, fuse_corner:3] = 1220000 uV
Nov 30 21:20:45 ubuntu-phablet kernel: [   11.465245] cpr_scale: Down: cpr status = 0x00003399 (error_steps=6)
Nov 30 21:20:45 ubuntu-phablet kernel: [   11.465282] cpr_scale: 6 is over down-limit(1): Clamp
Nov 30 21:20:45 ubuntu-phablet kernel: [   11.465335] cpr_scale: DOWN: -> new_volt[corner:7, fuse_corner:3] = 1210000 uV
