Dec  3 21:45:37 ubuntu-phablet kernel: imklog 5.8.11, log source = /proc/kmsg started.
Dec  3 21:45:37 ubuntu-phablet rsyslogd: [origin software="rsyslogd" swVersion="5.8.11" x-pid="874" x-info="http://www.rsyslog.com"] start
Dec  3 21:45:37 ubuntu-phablet rsyslogd: rsyslogd's groupid changed to 103
Dec  3 21:45:37 ubuntu-phablet rsyslogd: rsyslogd's userid changed to 101
Dec  3 21:45:37 ubuntu-phablet rsyslogd-2039: Could not open output pipe '/dev/xconsole' [try http://www.rsyslog.com/e/2039 ]
Dec  3 21:45:37 ubuntu-phablet kernel: [    0.000000] Booting Linux on physical CPU 0
Dec  3 21:45:37 ubuntu-phablet kernel: [    0.000000] Initializing cgroup subsys cpu
Dec  3 21:45:37 ubuntu-phablet kernel: [    0.000000] Linux version 3.4.0-g3106909 (alexforsale@elasrofxela) (gcc version 4.7 (GCC) ) #6 SMP PREEMPT Fri Dec 4 02:28:20 WIB 2015
Dec  3 21:45:37 ubuntu-phablet kernel: [    0.000000] CPU: ARMv7 Processor [410fc073] revision 3 (ARMv7), cr=10c5387d
Dec  3 21:45:37 ubuntu-phablet kernel: [    0.000000] CPU: PIPT / VIPT nonaliasing data cache, VIPT aliasing instruction cache
Dec  3 21:45:37 ubuntu-phablet kernel: [    0.000000] Machine: Qualcomm MSM 8226 (Flattened Device Tree), model: Qualcomm MSM 8226v2 H1A
Dec  3 21:45:37 ubuntu-phablet kernel: [    0.000000] Powerup reason=0x40110
Dec  3 21:45:37 ubuntu-phablet kernel: [    0.000000] Hw version=0x40
Dec  3 21:45:37 ubuntu-phablet kernel: [    0.000000] qcom,ion-heap@28 reserved EBI1 size 314000
Dec  3 21:45:37 ubuntu-phablet kernel: [    0.000000] qcom,mdss_fb_primary reserved EBI1 size 800000
Dec  3 21:45:37 ubuntu-phablet kernel: [    0.000000] Node qcom,mdss_fb_primary memblock_reserve memory 3200000-41a0000
Dec  3 21:45:37 ubuntu-phablet kernel: [    0.000000] Node qcom,msm-mem-hole removed memory 8400000-c400000
Dec  3 21:45:37 ubuntu-phablet kernel: [    0.000000] Node qcom,msm-mem-hole removed memory d200000-f500000
Dec  3 21:45:37 ubuntu-phablet kernel: [    0.000000] Node qcom,msm-mem-hole removed memory fa00000-ff00000
Dec  3 21:45:37 ubuntu-phablet kernel: [    0.000000] qcom,msm-rtb reserved EBI1 size 100000
Dec  3 21:45:37 ubuntu-phablet kernel: [    0.000000] memory pool 3 (start 0x3f300000 size d00000) initialized
Dec  3 21:45:37 ubuntu-phablet kernel: [    0.000000] Initialized persistent memory from 3f100000-3f2fffff
Dec  3 21:45:37 ubuntu-phablet kernel: [    0.000000] cma: CMA: reserved 16 MiB at 35000000
Dec  3 21:45:37 ubuntu-phablet kernel: [    0.000000] cma: Found secure_region, memory base 0, size 109 MiB
Dec  3 21:45:37 ubuntu-phablet kernel: [    0.000000] cma: CMA: reserved 112 MiB at 38000000
Dec  3 21:45:37 ubuntu-phablet kernel: [    0.000000] cma: Found adsp_region, memory base 0, size 42 MiB
Dec  3 21:45:37 ubuntu-phablet kernel: [    0.000000] cma: CMA: reserved 44 MiB at 32400000
Dec  3 21:45:37 ubuntu-phablet kernel: [    0.000000] cma: Found qsecom_region, memory base 0, size 13 MiB
Dec  3 21:45:37 ubuntu-phablet kernel: [    0.000000] cma: CMA: reserved 16 MiB at 37000000
Dec  3 21:45:37 ubuntu-phablet kernel: [    0.000000] Memory policy: ECC disabled, Data cache writealloc
Dec  3 21:45:37 ubuntu-phablet kernel: [    0.000000] IMEM DT static mapping successful
Dec  3 21:45:37 ubuntu-phablet kernel: [    0.000000] On node 0 totalpages: 232192
Dec  3 21:45:37 ubuntu-phablet kernel: [    0.000000] free_area_init_node: node 0, pgdat c12f7780, node_mem_map c2439000
Dec  3 21:45:37 ubuntu-phablet kernel: [    0.000000]   Normal zone: 1944 pages used for memmap
Dec  3 21:45:37 ubuntu-phablet kernel: [    0.000000]   Normal zone: 0 pages reserved
Dec  3 21:45:37 ubuntu-phablet kernel: [    0.000000]   Normal zone: 192616 pages, LIFO batch:31
Dec  3 21:45:37 ubuntu-phablet kernel: [    0.000000]   HighMem zone: 360 pages used for memmap
Dec  3 21:45:37 ubuntu-phablet kernel: [    0.000000]   HighMem zone: 37272 pages, LIFO batch:7
Dec  3 21:45:37 ubuntu-phablet kernel: [    0.000000] PERCPU: Embedded 10 pages/cpu @c2d7c000 s16576 r8192 d16192 u40960
Dec  3 21:45:37 ubuntu-phablet kernel: [    0.000000] pcpu-alloc: s16576 r8192 d16192 u40960 alloc=10*4096
Dec  3 21:45:37 ubuntu-phablet kernel: [    0.000000] pcpu-alloc: [0] 0 [0] 1 [0] 2 [0] 3 
Dec  3 21:45:37 ubuntu-phablet kernel: [    0.000000] Built 1 zonelists in Zone order, mobility grouping on.  Total pages: 229888
Dec  3 21:45:37 ubuntu-phablet kernel: [    0.000000] Kernel command line: androidboot.hardware=armani user_debug=31 msm_rtb.filter=0x37 console=tty0 androidboot.emmc=true androidboot.modem=HM1AW androidboot.hwversion=40 androidboot.serialno=9924b89b androidboot.baseband=msm mdss_mdp.panel=1:dsi:0:qcom,mdss_dsi_auo_720p_video
Dec  3 21:45:37 ubuntu-phablet kernel: [    0.000000] androidboot.modem= HM1AW
Dec  3 21:45:37 ubuntu-phablet kernel: [    0.000000] PID hash table entries: 4096 (order: 2, 16384 bytes)
Dec  3 21:45:37 ubuntu-phablet kernel: [    0.000000] Dentry cache hash table entries: 131072 (order: 7, 524288 bytes)
Dec  3 21:45:37 ubuntu-phablet kernel: [    0.000000] Inode-cache hash table entries: 65536 (order: 6, 262144 bytes)
Dec  3 21:45:37 ubuntu-phablet kernel: [    0.000000] Memory: 132MB 14MB 5MB 756MB = 907MB total
Dec  3 21:45:37 ubuntu-phablet kernel: [    0.000000] Memory: 677216k/677216k available, 264864k reserved, 17408K highmem
Dec  3 21:45:37 ubuntu-phablet kernel: [    0.000000] Virtual kernel memory layout:
Dec  3 21:45:37 ubuntu-phablet kernel: [    0.000000]     vector  : 0xffff0000 - 0xffff1000   (   4 kB)
Dec  3 21:45:37 ubuntu-phablet kernel: [    0.000000]     fixmap  : 0xfff00000 - 0xfffe0000   ( 896 kB)
Dec  3 21:45:37 ubuntu-phablet kernel: [    0.000000] 	   vmalloc : 0xf6800000 - 0xff000000   ( 136 MB)
Dec  3 21:45:37 ubuntu-phablet kernel: [    0.000000] 	    lowmem : 0xe0000000 - 0xf6000000   ( 352 MB)
Dec  3 21:45:37 ubuntu-phablet kernel: [    0.000000] 	    lowmem : 0xcff00000 - 0xe0000000   ( 257 MB)
Dec  3 21:45:37 ubuntu-phablet kernel: [    0.000000] 	   vmalloc : 0xcfa00000 - 0xcff00000   (   5 MB)
Dec  3 21:45:37 ubuntu-phablet kernel: [    0.000000] 	    lowmem : 0xcf500000 - 0xcfa00000   (   5 MB)
Dec  3 21:45:37 ubuntu-phablet kernel: [    0.000000] 	   vmalloc : 0xcd200000 - 0xcf500000   (  35 MB)
Dec  3 21:45:37 ubuntu-phablet kernel: [    0.000000] 	    lowmem : 0xcc400000 - 0xcd200000   (  14 MB)
Dec  3 21:45:37 ubuntu-phablet kernel: [    0.000000] 	   vmalloc : 0xc8400000 - 0xcc400000   (  64 MB)
Dec  3 21:45:37 ubuntu-phablet kernel: [    0.000000] 	    lowmem : 0xc0000000 - 0xc8400000   ( 132 MB)
Dec  3 21:45:37 ubuntu-phablet kernel: [    0.000000]     pkmap   : 0xbfe00000 - 0xc0000000   (   2 MB)
Dec  3 21:45:37 ubuntu-phablet kernel: [    0.000000]     modules : 0xbf000000 - 0xbfe00000   (  14 MB)
Dec  3 21:45:37 ubuntu-phablet kernel: [    0.000000]       .text : 0xc0008000 - 0xc1095000   (16948 kB)
Dec  3 21:45:37 ubuntu-phablet kernel: [    0.000000]       .init : 0xc1100000 - 0xc12140c0   (1105 kB)
Dec  3 21:45:37 ubuntu-phablet kernel: [    0.000000]       .data : 0xc1216000 - 0xc132c770   (1114 kB)
Dec  3 21:45:37 ubuntu-phablet kernel: [    0.000000]        .bss : 0xc132c794 - 0xc1b1dda0   (8134 kB)
Dec  3 21:45:37 ubuntu-phablet kernel: [    0.000000] SLUB: Genslabs=11, HWalign=64, Order=0-3, MinObjects=0, CPUs=4, Nodes=1
Dec  3 21:45:37 ubuntu-phablet kernel: [    0.000000] Preemptible hierarchical RCU implementation.
Dec  3 21:45:37 ubuntu-phablet kernel: [    0.000000] 	RCU dyntick-idle grace-period acceleration is enabled.
Dec  3 21:45:37 ubuntu-phablet kernel: [    0.000000] NR_IRQS:16 nr_irqs:16 16
Dec  3 21:45:37 ubuntu-phablet kernel: [    0.000000] kmemleak: Kernel memory leak detector disabled
Dec  3 21:45:37 ubuntu-phablet kernel: [    0.000000] sched_clock: 32 bits at 19MHz, resolution 52ns, wraps every 223696ms
Dec  3 21:45:37 ubuntu-phablet kernel: [    0.000000] Switching to timer-based delay loop
Dec  3 21:45:37 ubuntu-phablet kernel: [    0.000000] Console: colour dummy device 80x30
Dec  3 21:45:37 ubuntu-phablet kernel: [    0.000000] console [tty0] enabled
Dec  3 21:45:37 ubuntu-phablet kernel: [    0.001242] Calibrating delay loop (skipped), value calculated using timer frequency.. 38.40 BogoMIPS (lpj=192000)
Dec  3 21:45:37 ubuntu-phablet kernel: [    0.001301] pid_max: default: 32768 minimum: 301
Dec  3 21:45:37 ubuntu-phablet kernel: [    0.001595] Security Framework initialized
Dec  3 21:45:37 ubuntu-phablet kernel: [    0.001821] AppArmor: AppArmor initialized
Dec  3 21:45:37 ubuntu-phablet kernel: [    0.001850] Yama: becoming mindful.
Dec  3 21:45:37 ubuntu-phablet kernel: [    0.002020] Mount-cache hash table entries: 512
Dec  3 21:45:37 ubuntu-phablet kernel: [    0.003392] Initializing cgroup subsys debug
Dec  3 21:45:37 ubuntu-phablet kernel: [    0.003427] Initializing cgroup subsys cpuacct
Dec  3 21:45:37 ubuntu-phablet kernel: [    0.003454] Initializing cgroup subsys freezer
Dec  3 21:45:37 ubuntu-phablet kernel: [    0.003530] CPU: Testing write buffer coherency: ok
Dec  3 21:45:37 ubuntu-phablet kernel: [    0.004021] CPU0: thread -1, cpu 0, socket 0, mpidr 80000000
Dec  3 21:45:37 ubuntu-phablet kernel: [    0.004129] hw perfevents: enabled with ARMv7 Cortex-A7 PMU driver, 5 counters available
Dec  3 21:45:37 ubuntu-phablet kernel: [    0.007831] Setting up static identity map for 0xb2dba8 - 0xb2dc0c
Dec  3 21:45:37 ubuntu-phablet kernel: [    0.007904] Configuring XPU violations to be fatal errors
Dec  3 21:45:37 ubuntu-phablet kernel: [    0.007940] MSM Memory Dump table set up
Dec  3 21:45:37 ubuntu-phablet kernel: [    0.013943] CPU1: thread -1, cpu 1, socket 0, mpidr 80000001
Dec  3 21:45:37 ubuntu-phablet kernel: [    0.018727] CPU2: thread -1, cpu 2, socket 0, mpidr 80000002
Dec  3 21:45:37 ubuntu-phablet kernel: [    0.023417] CPU3: thread -1, cpu 3, socket 0, mpidr 80000003
Dec  3 21:45:37 ubuntu-phablet kernel: [    0.023529] Brought up 4 CPUs
Dec  3 21:45:37 ubuntu-phablet kernel: [    0.023617] SMP: Total of 4 processors activated (153.60 BogoMIPS).
Dec  3 21:45:37 ubuntu-phablet kernel: [    0.025349] devtmpfs: initialized
Dec  3 21:45:37 ubuntu-phablet kernel: [    0.045383] EVM: security.selinux
Dec  3 21:45:37 ubuntu-phablet kernel: [    0.045413] EVM: security.SMACK64
Dec  3 21:45:37 ubuntu-phablet kernel: [    0.045438] EVM: security.capability
Dec  3 21:45:37 ubuntu-phablet kernel: [    0.047372] dummy: 
Dec  3 21:45:37 ubuntu-phablet kernel: [    0.220814] NET: Registered protocol family 16
Dec  3 21:45:37 ubuntu-phablet kernel: [    0.235669] DMA: preallocated 256 KiB pool for atomic coherent allocations
Dec  3 21:45:37 ubuntu-phablet kernel: [    0.238421] KPI: Bootloader start count = 30070
Dec  3 21:45:37 ubuntu-phablet kernel: [    0.238459] KPI: Bootloader end count = 51582
Dec  3 21:45:37 ubuntu-phablet kernel: [    0.238487] KPI: Bootloader display count = 42187
Dec  3 21:45:37 ubuntu-phablet kernel: [    0.238516] KPI: Bootloader load kernel count = 2258
Dec  3 21:45:37 ubuntu-phablet kernel: [    0.238547] KPI: Kernel MPM timestamp = 92909
Dec  3 21:45:37 ubuntu-phablet kernel: [    0.238575] KPI: Kernel MPM Clock frequency = 32768
Dec  3 21:45:37 ubuntu-phablet kernel: [    0.238617] socinfo_print: v8, id=221, ver=2.0, raw_id=2325, raw_ver=1, hw_plat=11, hw_plat_ver=0
Dec  3 21:45:37 ubuntu-phablet kernel: [    0.238627]  accessory_chip=0, hw_plat_subtype=0, pmic_model=65540, pmic_die_revision=131073
Dec  3 21:45:37 ubuntu-phablet kernel: [    0.267095] gpiochip_add: registered GPIOs 0 to 116 on device: msmgpio
Dec  3 21:45:37 ubuntu-phablet kernel: [    0.277746] msm_watchdog f9017000.qcom,wdt: MSM Watchdog Initialized
Dec  3 21:45:37 ubuntu-phablet kernel: [    0.327820] 8226_s1: 500 <--> 1275 mV at 0 mV normal idle 
Dec  3 21:45:37 ubuntu-phablet kernel: [    0.328758] 8226_s1_corner: 0 <--> 0 mV at 0 mV normal idle 
Dec  3 21:45:37 ubuntu-phablet kernel: [    0.329706] 8226_s1_corner_ao: 0 <--> 0 mV at 0 mV normal idle 
Dec  3 21:45:37 ubuntu-phablet kernel: [    0.330621] 8226_s1_floor_corner: 0 <--> 0 mV at 0 mV normal idle 
Dec  3 21:45:37 ubuntu-phablet kernel: [    0.331571] 8226_s3: 1200 <--> 1300 mV at 1200 mV normal idle 
Dec  3 21:45:37 ubuntu-phablet kernel: [    0.332527] 8226_s4: 1800 <--> 2200 mV at 1800 mV normal idle 
Dec  3 21:45:37 ubuntu-phablet kernel: [    0.333527] 8226_s5: 1150 mV normal idle 
Dec  3 21:45:37 ubuntu-phablet kernel: [    0.334466] 8226_l1: 1225 mV normal idle 
Dec  3 21:45:37 ubuntu-phablet kernel: [    0.335512] 8226_l2: 1200 mV normal idle 
Dec  3 21:45:37 ubuntu-phablet kernel: [    0.336493] 8226_l3: 750 <--> 1337 mV at 0 mV normal idle 
Dec  3 21:45:37 ubuntu-phablet kernel: [    0.337387] 8226_l3_ao: 750 <--> 1337 mV at 0 mV normal idle 
Dec  3 21:45:37 ubuntu-phablet kernel: [    0.338308] 8226_l3_so: 750 <--> 1337 mV at 750 mV normal idle 
Dec  3 21:45:37 ubuntu-phablet kernel: [    0.339331] 8226_l4: 1200 mV normal idle 
Dec  3 21:45:37 ubuntu-phablet kernel: [    0.340278] 8226_l5: 1200 mV normal idle 
Dec  3 21:45:37 ubuntu-phablet kernel: [    0.341276] 8226_l6: 1800 mV normal idle 
Dec  3 21:45:37 ubuntu-phablet kernel: [    0.342266] 8226_l7: 1850 mV normal idle 
Dec  3 21:45:37 ubuntu-phablet kernel: [    0.343532] 8226_l8: 1800 mV normal idle 
Dec  3 21:45:37 ubuntu-phablet kernel: [    0.344478] 8226_l8_ao: 1800 mV normal idle 
Dec  3 21:45:37 ubuntu-phablet kernel: [    0.345473] 8226_l8_so: 1800 mV normal idle 
Dec  3 21:45:37 ubuntu-phablet kernel: [    0.346460] 8226_l9: 2050 mV normal idle 
Dec  3 21:45:37 ubuntu-phablet kernel: [    0.347434] 8226_l10: 1800 mV normal idle 
Dec  3 21:45:37 ubuntu-phablet kernel: [    0.348499] 8226_l12: 1800 mV normal idle 
Dec  3 21:45:37 ubuntu-phablet kernel: [    0.349469] 8226_l14: 2750 mV normal idle 
Dec  3 21:45:37 ubuntu-phablet kernel: [    0.350412] 8226_l15: 2800 mV normal idle 
Dec  3 21:45:37 ubuntu-phablet kernel: [    0.351409] 8226_l16: 3000 <--> 3350 mV at 3300 mV normal idle 
Dec  3 21:45:37 ubuntu-phablet kernel: [    0.352383] 8226_l17: 2950 mV normal idle 
Dec  3 21:45:37 ubuntu-phablet kernel: [    0.353332] 8226_l18: 2950 mV normal idle 
Dec  3 21:45:37 ubuntu-phablet kernel: [    0.354315] 8226_l19: 2850 mV normal idle 
Dec  3 21:45:37 ubuntu-phablet kernel: [    0.355364] 8226_l20: 3075 mV normal idle 
Dec  3 21:45:37 ubuntu-phablet kernel: [    0.356292] 8226_l21: 1800 <--> 2950 mV at 2950 mV normal idle 
Dec  3 21:45:37 ubuntu-phablet kernel: [    0.357277] 8226_l22: 1800 <--> 2950 mV at 2950 mV normal idle 
Dec  3 21:45:37 ubuntu-phablet kernel: [    0.358249] 8226_l23: 1800 <--> 2950 mV at 2950 mV normal idle 
Dec  3 21:45:37 ubuntu-phablet kernel: [    0.359233] 8226_l24: 1300 <--> 1350 mV at 1300 mV normal idle 
Dec  3 21:45:37 ubuntu-phablet kernel: [    0.360215] 8226_l25: 1775 <--> 2125 mV at 1775 mV normal idle 
Dec  3 21:45:37 ubuntu-phablet kernel: [    0.361228] 8226_l26: 1225 mV normal idle 
Dec  3 21:45:37 ubuntu-phablet kernel: [    0.362179] 8226_l27: 2050 mV normal idle 
Dec  3 21:45:37 ubuntu-phablet kernel: [    0.363166] 8226_l28: 1800 <--> 2950 mV at 2950 mV normal idle 
Dec  3 21:45:37 ubuntu-phablet kernel: [    0.364142] 8226_lvs1: 
Dec  3 21:45:37 ubuntu-phablet kernel: [    0.365213] 8226_s2: 900 <--> 1350 mV at 1150 mV 
Dec  3 21:45:37 ubuntu-phablet kernel: [    0.365538] spm_regulator_probe: name=8226_s2, range=MV, voltage=1150000 uV, mode=AUTO, step rate=9600 uV/us
Dec  3 21:45:37 ubuntu-phablet kernel: [    0.406897] AXI: msm_bus_fabric_init_driver(): msm_bus_fabric_init_driver
Dec  3 21:45:37 ubuntu-phablet kernel: [    0.409069] AXI: msm_bus_fabric_probe(): Coresight support absent for bus: 2048
Dec  3 21:45:37 ubuntu-phablet kernel: [    0.410744] AXI: msm_bus_fabric_probe(): Coresight support absent for bus: 1024
Dec  3 21:45:37 ubuntu-phablet kernel: [    0.412489] AXI: msm_bus_fabric_probe(): Coresight support absent for bus: 4096
Dec  3 21:45:37 ubuntu-phablet kernel: [    0.415206] AXI: msm_bus_fabric_probe(): Coresight support absent for bus: 5120
Dec  3 21:45:37 ubuntu-phablet kernel: [    0.416070] AXI: msm_bus_fabric_probe(): Coresight support absent for bus: 0
Dec  3 21:45:37 ubuntu-phablet kernel: [    0.416568] AXI: msm_bus_fabric_probe(): Coresight support absent for bus: 6144
Dec  3 21:45:37 ubuntu-phablet kernel: [    0.418814] qup_i2c f9927000.i2c: Missing 'qcom,master-id' DT entry
Dec  3 21:45:37 ubuntu-phablet kernel: [    0.420180] kworker/u:0 used greatest stack depth: 5928 bytes left
Dec  3 21:45:37 ubuntu-phablet kernel: [    0.421817] qup_i2c f9928000.i2c: Missing 'qcom,master-id' DT entry
Dec  3 21:45:37 ubuntu-phablet kernel: [    0.423323] cpr_efuse_init: efuse_addr = 0xfc4b8000 (len=0x1000)
Dec  3 21:45:37 ubuntu-phablet kernel: [    0.423497] cpr_fuse_is_setting_expected: [row:54] = 0x1c0000000000 @42:6 == 7 ?: yes
Dec  3 21:45:37 ubuntu-phablet kernel: [    0.423554] cpr_parse_speed_bin_fuse: [row: 22]: 0x202b0b1a000001a9, speed_bits = 1
Dec  3 21:45:37 ubuntu-phablet kernel: [    0.423616] cpr_fuse_is_setting_expected: [row:22] = 0x202b0b1a000001a9 @53:1 == 0 ?: no
Dec  3 21:45:37 ubuntu-phablet kernel: [    0.423670] cpr_fuse_is_setting_expected: [row:22] = 0x202b0b1a000001a9 @24:3 == 2 ?: no
Dec  3 21:45:37 ubuntu-phablet kernel: [    0.423730] cpr_pvs_init: pvs voltage: [1050000 1150000 1290000] uV
Dec  3 21:45:37 ubuntu-phablet kernel: [    0.423770] cpr_pvs_init: ceiling voltage: [1050000 1150000 1290000] uV
Dec  3 21:45:37 ubuntu-phablet kernel: [    0.423808] cpr_pvs_init: floor voltage: [1050000 1050000 1100000] uV
Dec  3 21:45:37 ubuntu-phablet kernel: [    0.424316] cpr_fuse_is_setting_expected: [row:138] = 0x8404a36a3a9595 @57:1 == 1 ?: no
Dec  3 21:45:37 ubuntu-phablet kernel: [    0.424382] cpr_init_cpr_efuse: [row:138] = 0x8404a36a3a9595
Dec  3 21:45:37 ubuntu-phablet kernel: [    0.424425] cpr_init_cpr_efuse: disable = 0, local = 1
Dec  3 21:45:37 ubuntu-phablet kernel: [    0.424458] cpr_init_cpr_efuse: Corner[1]: ro_sel = 2, target quot = 874
Dec  3 21:45:37 ubuntu-phablet kernel: [    0.424495] cpr_init_cpr_efuse: Corner[2]: ro_sel = 2, target quot = 937
Dec  3 21:45:37 ubuntu-phablet kernel: [    0.424533] cpr_init_cpr_efuse: Corner[3]: ro_sel = 2, target quot = 1429
Dec  3 21:45:37 ubuntu-phablet kernel: [    0.424623] cpr_parse_pvs_version_fuse: [row: 22]: 0x202b0b1a000001a9, pvs_version = 2
Dec  3 21:45:37 ubuntu-phablet kernel: [    0.424696] cpr_get_corner_quot_adjustment: quotient adjustment scaling factor: 0.610
Dec  3 21:45:37 ubuntu-phablet kernel: [    0.424741] cpr_get_corner_quot_adjustment: adjusted quotient[12] = 1429
Dec  3 21:45:37 ubuntu-phablet kernel: [    0.424778] cpr_get_corner_quot_adjustment: adjusted quotient[11] = 1371
Dec  3 21:45:37 ubuntu-phablet kernel: [    0.424815] cpr_get_corner_quot_adjustment: adjusted quotient[10] = 1312
Dec  3 21:45:37 ubuntu-phablet kernel: [    0.424852] cpr_get_corner_quot_adjustment: adjusted quotient[9] = 1278
Dec  3 21:45:37 ubuntu-phablet kernel: [    0.424889] cpr_get_corner_quot_adjustment: adjusted quotient[8] = 1254
Dec  3 21:45:37 ubuntu-phablet kernel: [    0.424926] cpr_get_corner_quot_adjustment: adjusted quotient[7] = 1184
Dec  3 21:45:37 ubuntu-phablet kernel: [    0.425003] cpr_get_corner_quot_adjustment: adjusted quotient[6] = 1125
Dec  3 21:45:37 ubuntu-phablet kernel: [    0.425043] cpr_get_corner_quot_adjustment: adjusted quotient[5] = 1067
Dec  3 21:45:37 ubuntu-phablet kernel: [    0.425151] cpr_init_cpr_parameters: CPR is enabled by default.
Dec  3 21:45:37 ubuntu-phablet kernel: [    0.425200] cpr_config: Timer count: 0x17700 (for 5000 us)
Dec  3 21:45:37 ubuntu-phablet kernel: [    0.425675] apc_corner: 0 <--> 0 mV 
Dec  3 21:45:37 ubuntu-phablet kernel: [    0.427941] msm-thermal qcom,msm-thermal.67: probe_freq_mitigation:Failed reading node=/soc/qcom,msm-thermal, key=qcom,freq-mitigation-temp. KTM continues
Dec  3 21:45:37 ubuntu-phablet kernel: [    0.428014] msm-thermal qcom,msm-thermal.67: probe_psm:Failed reading node=/soc/qcom,msm-thermal, key=qcom,pmic-sw-mode-temp. KTM continues
Dec  3 21:45:37 ubuntu-phablet kernel: [    0.428473] vdd_restriction_reg_init:Defer vdd rstr freq init
Dec  3 21:45:37 ubuntu-phablet kernel: [    0.428520] msm-thermal qcom,msm-thermal.67: probe_ocr:Failed reading node=/soc/qcom,msm-thermal, key=qti,pmic-opt-curr-temp. KTM continues
Dec  3 21:45:37 ubuntu-phablet kernel: [    0.429673] persistent_ram: found existing buffer, size 86408, start 86408
Dec  3 21:45:37 ubuntu-phablet kernel: [    0.431083] console [ram-1] enabled
Dec  3 21:45:37 ubuntu-phablet kernel: [    0.431132]  LCD_KCAL_DEBUG : add_lcd_kcal_devices 
Dec  3 21:45:37 ubuntu-phablet kernel: [    0.431387] hw-breakpoint: found 5 (+1 reserved) breakpoint and 4 watchpoint registers.
Dec  3 21:45:37 ubuntu-phablet kernel: [    0.431435] hw-breakpoint: maximum watchpoint size is 8 bytes.
Dec  3 21:45:37 ubuntu-phablet kernel: [    0.432481] msm-jtag-fuse fc4be024.jtagfuse: JTag Fuse initialized
Dec  3 21:45:37 ubuntu-phablet kernel: [    0.439005] sps:sps is ready.
Dec  3 21:45:37 ubuntu-phablet kernel: [    0.441815] gdsc_venus: 
Dec  3 21:45:37 ubuntu-phablet kernel: [    0.442456] gdsc_mdss: 
Dec  3 21:45:37 ubuntu-phablet kernel: [    0.443035] gdsc_jpeg: 
Dec  3 21:45:37 ubuntu-phablet kernel: [    0.443681] gdsc_vfe: 
Dec  3 21:45:37 ubuntu-phablet kernel: [    0.444224] gdsc_oxili_cx: 
Dec  3 21:45:37 ubuntu-phablet kernel: [    0.444849] gdsc_usb_hsic: 
Dec  3 21:45:37 ubuntu-phablet kernel: [    0.446532] msm_ocmem fdd00000.qcom,ocmem: OCMEM Virtual addr c8800000
Dec  3 21:45:37 ubuntu-phablet kernel: [    0.446760] Physical OCMEM zone layout:
Dec  3 21:45:37 ubuntu-phablet kernel: [    0.446796]  zone graphics	: 0xfec00000 - 0xfec1ffff ( 128 KB)
Dec  3 21:45:37 ubuntu-phablet kernel: [    0.499217] bio: create slab <bio-0> at 0
Dec  3 21:45:37 ubuntu-phablet kernel: [    0.501701] cma: Assigned CMA region at 0 to 8.qcom,ion-heap device
Dec  3 21:45:37 ubuntu-phablet kernel: [    0.501871] ION-heap mm: Cannot specify alignment for this type of heap
Dec  3 21:45:37 ubuntu-phablet kernel: [    0.502079] cma: Assigned CMA region at 0 to 16.qcom,ion-heap device
Dec  3 21:45:37 ubuntu-phablet kernel: [    0.502240] ION-heap adsp: Cannot specify alignment for this type of heap
Dec  3 21:45:37 ubuntu-phablet kernel: [    0.502447] cma: Assigned CMA region at 0 to 1b.qcom,ion-heap device
Dec  3 21:45:37 ubuntu-phablet kernel: [    0.503560] ION heap system created
Dec  3 21:45:37 ubuntu-phablet kernel: [    0.503795] ION heap kmalloc created
Dec  3 21:45:37 ubuntu-phablet kernel: [    0.503863] ION heap mm created at 0x38000000 with size 6d00000
Dec  3 21:45:37 ubuntu-phablet kernel: [    0.503927] ION heap adsp created at 0x32400000 with size 2a00000
Dec  3 21:45:37 ubuntu-phablet kernel: [    0.503990] ION heap qsecom created at 0x37000000 with size d00000
Dec  3 21:45:37 ubuntu-phablet kernel: [    0.504079] ION heap audio created at 0x3f300000 with size 314000
Dec  3 21:45:37 ubuntu-phablet kernel: [    0.504150] ION heap pil_1 created at 0x0dc00000 with size 1900000
Dec  3 21:45:37 ubuntu-phablet kernel: [    0.506829] SCSI subsystem initialized
Dec  3 21:45:37 ubuntu-phablet kernel: [    0.507147] usbcore: registered new interface driver usbfs
Dec  3 21:45:37 ubuntu-phablet kernel: [    0.507340] usbcore: registered new interface driver hub
Dec  3 21:45:37 ubuntu-phablet kernel: [    0.507613] usbcore: registered new device driver usb
Dec  3 21:45:37 ubuntu-phablet kernel: [    0.508340] Linux media interface: v0.10
Dec  3 21:45:37 ubuntu-phablet kernel: [    0.508468] Linux video capture interface: v2.00
Dec  3 21:45:37 ubuntu-phablet kernel: [    0.511469] msm_iommu_v1 fda64000.qcom,iommu: device jpeg_iommu mapped at c84e0000, with 3 ctx banks
Dec  3 21:45:37 ubuntu-phablet kernel: [    0.513343] msm_iommu_v1 fd928000.qcom,iommu: device mdp_iommu mapped at c8560000, with 3 ctx banks
Dec  3 21:45:37 ubuntu-phablet kernel: [    0.515242] msm_iommu_v1 fdc84000.qcom,iommu: device venus_iommu mapped at c8840000, with 3 ctx banks
Dec  3 21:45:37 ubuntu-phablet kernel: [    0.516981] msm_iommu_v1 fdb10000.qcom,iommu: device kgsl_iommu mapped at c8860000, with 3 ctx banks
Dec  3 21:45:37 ubuntu-phablet kernel: [    0.518769] msm_iommu_v1 fda44000.qcom,iommu: device vfe_iommu mapped at c8880000, with 3 ctx banks
Dec  3 21:45:37 ubuntu-phablet kernel: [    0.520826] msm_iommu_ctx_v1 fda6c000.qcom,iommu-ctx: context jpeg_enc0 using bank 0
Dec  3 21:45:37 ubuntu-phablet kernel: [    0.521107] msm_iommu_ctx_v1 fda6d000.qcom,iommu-ctx: context jpeg_enc1 using bank 1
Dec  3 21:45:37 ubuntu-phablet kernel: [    0.521389] msm_iommu_ctx_v1 fda6e000.qcom,iommu-ctx: context jpeg_dec using bank 2
Dec  3 21:45:37 ubuntu-phablet kernel: [    0.521686] msm_iommu_ctx_v1 fd930000.qcom,iommu-ctx: context mdp_0 using bank 0
Dec  3 21:45:37 ubuntu-phablet kernel: [    0.521989] msm_iommu_ctx_v1 fd931000.qcom,iommu-ctx: context mdp_1 using bank 1
Dec  3 21:45:37 ubuntu-phablet kernel: [    0.522415] msm_iommu_ctx_v1 fd932000.qcom,iommu-ctx: context mdp_2 using bank 2
Dec  3 21:45:37 ubuntu-phablet kernel: [    0.522870] msm_iommu_ctx_v1 fdc8c000.qcom,iommu-ctx: context venus_ns using bank 0
Dec  3 21:45:37 ubuntu-phablet kernel: [    0.523174] msm_iommu_ctx_v1 fdc8d000.qcom,iommu-ctx: context venus_cp using bank 1
Dec  3 21:45:37 ubuntu-phablet kernel: [    0.523456] msm_iommu_ctx_v1 fdc8e000.qcom,iommu-ctx: context venus_fw using bank 2
Dec  3 21:45:37 ubuntu-phablet kernel: [    0.523767] msm_iommu_ctx_v1 fdb18000.qcom,iommu-ctx: context gfx3d_user using bank 0
Dec  3 21:45:37 ubuntu-phablet kernel: [    0.524070] msm_iommu_ctx_v1 fdb19000.qcom,iommu-ctx: context gfx3d_priv using bank 1
Dec  3 21:45:37 ubuntu-phablet kernel: [    0.524344] msm_iommu_ctx_v1 fdb1a000.qcom,iommu-ctx: context gfx3d_spare using bank 2
Dec  3 21:45:37 ubuntu-phablet kernel: [    0.524652] msm_iommu_ctx_v1 fda4c000.qcom,iommu-ctx: context vfe0 using bank 0
Dec  3 21:45:37 ubuntu-phablet kernel: [    0.524924] msm_iommu_ctx_v1 fda4d000.qcom,iommu-ctx: context vfe1 using bank 1
Dec  3 21:45:37 ubuntu-phablet kernel: [    0.525251] msm_iommu_ctx_v1 fda4e000.qcom,iommu-ctx: context cpp using bank 2
Dec  3 21:45:37 ubuntu-phablet kernel: [    0.526666] Advanced Linux Sound Architecture Driver Version 1.0.25.
Dec  3 21:45:37 ubuntu-phablet kernel: [    0.527835] Bluetooth: Core ver 2.16
Dec  3 21:45:37 ubuntu-phablet kernel: [    0.527941] NET: Registered protocol family 31
Dec  3 21:45:37 ubuntu-phablet kernel: [    0.527973] Bluetooth: HCI device and connection manager initialized
Dec  3 21:45:37 ubuntu-phablet kernel: [    0.528015] Bluetooth: HCI socket layer initialized
Dec  3 21:45:37 ubuntu-phablet kernel: [    0.528050] Bluetooth: L2CAP socket layer initialized
Dec  3 21:45:37 ubuntu-phablet kernel: [    0.528444] Bluetooth: SCO socket layer initialized
Dec  3 21:45:37 ubuntu-phablet kernel: [    0.529104] cfg80211: Calling CRDA to update world regulatory domain
Dec  3 21:45:37 ubuntu-phablet kernel: [    0.529193] cfg80211: World regulatory domain updated:
Dec  3 21:45:37 ubuntu-phablet kernel: [    0.529227] cfg80211:   (start_freq - end_freq @ bandwidth), (max_antenna_gain, max_eirp)
Dec  3 21:45:37 ubuntu-phablet kernel: [    0.529276] cfg80211:   (2402000 KHz - 2472000 KHz @ 40000 KHz), (300 mBi, 2000 mBm)
Dec  3 21:45:37 ubuntu-phablet kernel: [    0.529323] cfg80211:   (2457000 KHz - 2482000 KHz @ 40000 KHz), (300 mBi, 2000 mBm)
Dec  3 21:45:37 ubuntu-phablet kernel: [    0.529370] cfg80211:   (2474000 KHz - 2494000 KHz @ 20000 KHz), (300 mBi, 2000 mBm)
Dec  3 21:45:37 ubuntu-phablet kernel: [    0.529417] cfg80211:   (5170000 KHz - 5250000 KHz @ 80000 KHz), (300 mBi, 2000 mBm)
Dec  3 21:45:37 ubuntu-phablet kernel: [    0.529463] cfg80211:   (5735000 KHz - 5835000 KHz @ 80000 KHz), (300 mBi, 2000 mBm)
Dec  3 21:45:37 ubuntu-phablet kernel: [    0.529509] cfg80211:   (57240000 KHz - 63720000 KHz @ 2160000 KHz), (N/A, 0 mBm)
Dec  3 21:45:37 ubuntu-phablet kernel: [    0.529740] NetLabel: Initializing
Dec  3 21:45:37 ubuntu-phablet kernel: [    0.529771] NetLabel:  domain hash size = 128
Dec  3 21:45:37 ubuntu-phablet kernel: [    0.529800] NetLabel:  protocols = UNLABELED CIPSOv4
Dec  3 21:45:37 ubuntu-phablet kernel: [    0.529960] NetLabel:  unlabeled traffic allowed by default
Dec  3 21:45:37 ubuntu-phablet kernel: [    0.530791] Switching to clocksource arch_sys_counter
Dec  3 21:45:37 ubuntu-phablet kernel: [    0.591058] AppArmor: AppArmor Filesystem Enabled
Dec  3 21:45:37 ubuntu-phablet kernel: [    0.610013] NET: Registered protocol family 2
Dec  3 21:45:37 ubuntu-phablet kernel: [    0.610978] IP route cache hash table entries: 32768 (order: 5, 131072 bytes)
Dec  3 21:45:37 ubuntu-phablet kernel: [    0.615465] TCP established hash table entries: 131072 (order: 8, 1048576 bytes)
Dec  3 21:45:37 ubuntu-phablet kernel: [    0.625196] TCP bind hash table entries: 65536 (order: 8, 1310720 bytes)
Dec  3 21:45:37 ubuntu-phablet kernel: [    0.627570] TCP: Hash tables configured (established 131072 bind 65536)
Dec  3 21:45:37 ubuntu-phablet kernel: [    0.627609] TCP: reno registered
Dec  3 21:45:37 ubuntu-phablet kernel: [    0.627795] UDP hash table entries: 512 (order: 2, 24576 bytes)
Dec  3 21:45:37 ubuntu-phablet kernel: [    0.628003] UDP-Lite hash table entries: 512 (order: 2, 24576 bytes)
Dec  3 21:45:37 ubuntu-phablet kernel: [    0.628621] NET: Registered protocol family 1
Dec  3 21:45:37 ubuntu-phablet kernel: [    0.629342] Trying to unpack rootfs image as initramfs...
Dec  3 21:45:37 ubuntu-phablet kernel: [    1.008330] Freeing initrd memory: 4320K
Dec  3 21:45:37 ubuntu-phablet kernel: [    1.013997] clock-a7 f9011050.qcom,clock-a7: Speed bin: 1
Dec  3 21:45:37 ubuntu-phablet kernel: [    1.014040] clock-a7 f9011050.qcom,clock-a7: PVS version: 2
Dec  3 21:45:37 ubuntu-phablet kernel: [    1.020151] gpiochip_find_base: found new base at 992
Dec  3 21:45:37 ubuntu-phablet kernel: [    1.020441] gpiochip_add: registered GPIOs 992 to 1023 on device: smp2p
Dec  3 21:45:37 ubuntu-phablet kernel: [    1.022058] gpiochip_find_base: found new base at 960
Dec  3 21:45:37 ubuntu-phablet kernel: [    1.022364] gpiochip_add: registered GPIOs 960 to 991 on device: smp2p
Dec  3 21:45:37 ubuntu-phablet kernel: [    1.022495] gpiochip_find_base: found new base at 928
Dec  3 21:45:37 ubuntu-phablet kernel: [    1.022773] gpiochip_add: registered GPIOs 928 to 959 on device: smp2p
Dec  3 21:45:37 ubuntu-phablet kernel: [    1.024356] gpiochip_find_base: found new base at 896
Dec  3 21:45:37 ubuntu-phablet kernel: [    1.024656] gpiochip_add: registered GPIOs 896 to 927 on device: smp2p
Dec  3 21:45:37 ubuntu-phablet kernel: [    1.024787] gpiochip_find_base: found new base at 864
Dec  3 21:45:37 ubuntu-phablet kernel: [    1.025067] gpiochip_add: registered GPIOs 864 to 895 on device: slave-kernel
Dec  3 21:45:37 ubuntu-phablet kernel: [    1.026700] gpiochip_find_base: found new base at 832
Dec  3 21:45:37 ubuntu-phablet kernel: [    1.027003] gpiochip_add: registered GPIOs 832 to 863 on device: master-kernel
Dec  3 21:45:37 ubuntu-phablet kernel: [    1.027191] gpiochip_find_base: found new base at 800
Dec  3 21:45:37 ubuntu-phablet kernel: [    1.027470] gpiochip_add: registered GPIOs 800 to 831 on device: smp2p
Dec  3 21:45:37 ubuntu-phablet kernel: [    1.029132] gpiochip_find_base: found new base at 768
Dec  3 21:45:37 ubuntu-phablet kernel: [    1.029435] gpiochip_add: registered GPIOs 768 to 799 on device: smp2p
Dec  3 21:45:37 ubuntu-phablet kernel: [    1.029574] gpiochip_find_base: found new base at 736
Dec  3 21:45:37 ubuntu-phablet kernel: [    1.029856] gpiochip_add: registered GPIOs 736 to 767 on device: slave-kernel
Dec  3 21:45:37 ubuntu-phablet kernel: [    1.031612] gpiochip_find_base: found new base at 704
Dec  3 21:45:37 ubuntu-phablet kernel: [    1.031897] gpiochip_add: registered GPIOs 704 to 735 on device: master-kernel
Dec  3 21:45:37 ubuntu-phablet kernel: [    1.032098] gpiochip_find_base: found new base at 672
Dec  3 21:45:37 ubuntu-phablet kernel: [    1.032377] gpiochip_add: registered GPIOs 672 to 703 on device: smp2p
Dec  3 21:45:37 ubuntu-phablet kernel: [    1.034178] gpiochip_find_base: found new base at 640
Dec  3 21:45:37 ubuntu-phablet kernel: [    1.034460] gpiochip_add: registered GPIOs 640 to 671 on device: smp2p
Dec  3 21:45:37 ubuntu-phablet kernel: [    1.034588] gpiochip_find_base: found new base at 608
Dec  3 21:45:37 ubuntu-phablet kernel: [    1.034891] gpiochip_add: registered GPIOs 608 to 639 on device: slave-kernel
Dec  3 21:45:37 ubuntu-phablet kernel: [    1.036681] gpiochip_find_base: found new base at 576
Dec  3 21:45:37 ubuntu-phablet kernel: [    1.036964] gpiochip_add: registered GPIOs 576 to 607 on device: master-kernel
Dec  3 21:45:37 ubuntu-phablet kernel: [    1.037328] gpiochip_find_base: found new base at 544
Dec  3 21:45:37 ubuntu-phablet kernel: [    1.037635] gpiochip_add: registered GPIOs 544 to 575 on device: rdbg
Dec  3 21:45:37 ubuntu-phablet kernel: [    1.039485] gpiochip_find_base: found new base at 512
Dec  3 21:45:37 ubuntu-phablet kernel: [    1.039800] gpiochip_add: registered GPIOs 512 to 543 on device: rdbg
Dec  3 21:45:37 ubuntu-phablet kernel: [    1.039938] gpiochip_find_base: found new base at 480
Dec  3 21:45:37 ubuntu-phablet kernel: [    1.040243] gpiochip_add: registered GPIOs 480 to 511 on device: rdbg
Dec  3 21:45:37 ubuntu-phablet kernel: [    1.042178] gpiochip_find_base: found new base at 448
Dec  3 21:45:37 ubuntu-phablet kernel: [    1.042464] gpiochip_add: registered GPIOs 448 to 479 on device: rdbg
Dec  3 21:45:37 ubuntu-phablet kernel: [    1.045345] pil-q6v5-lpass fe200000.qcom,lpass: using secure boot
Dec  3 21:45:37 ubuntu-phablet kernel: [    1.054104] pil_pronto fb21b000.qcom,pronto: using secure boot
Dec  3 21:45:37 ubuntu-phablet kernel: [    1.058468] pil_venus fdce0000.qcom,venus: using secure boot
Dec  3 21:45:37 ubuntu-phablet kernel: [    1.076533] NET: Registered protocol family 27
Dec  3 21:45:37 ubuntu-phablet kernel: [    1.099228] msm_rpm_log_probe: OK
Dec  3 21:45:37 ubuntu-phablet kernel: [    1.127844] ocmem: Client sensors (id: 6) not allowed to use OCMEM
Dec  3 21:45:37 ubuntu-phablet kernel: [    1.127911] OCMEM notifier registration failed
Dec  3 21:45:37 ubuntu-phablet kernel: [    1.127954] sns_ocmem_main: sns_ocmem_init failed -14
Dec  3 21:45:37 ubuntu-phablet kernel: [    1.136287] audit: initializing netlink socket (disabled)
Dec  3 21:45:37 ubuntu-phablet kernel: [    1.136354] type=2000 audit(1.120:1): initialized
Dec  3 21:45:37 ubuntu-phablet kernel: [    1.137589] highmem bounce pool size: 64 pages
Dec  3 21:45:37 ubuntu-phablet kernel: [    1.149519] fuse init (API version 7.18)
Dec  3 21:45:37 ubuntu-phablet kernel: [    1.150493] msgmni has been set to 1417
Dec  3 21:45:37 ubuntu-phablet kernel: [    1.152966] Block layer SCSI generic (bsg) driver version 0.4 loaded (major 247)
Dec  3 21:45:37 ubuntu-phablet kernel: [    1.152995] io scheduler noop registered
Dec  3 21:45:37 ubuntu-phablet kernel: [    1.153011] io scheduler deadline registered (default)
Dec  3 21:45:37 ubuntu-phablet kernel: [    1.153041] io scheduler row registered
Dec  3 21:45:37 ubuntu-phablet kernel: [    1.153229] io scheduler cfq registered
Dec  3 21:45:37 ubuntu-phablet kernel: [    1.153509] gpiochip_find_base: found new base at 440
Dec  3 21:45:37 ubuntu-phablet kernel: [    1.153634] gpiochip_add: registered GPIOs 440 to 447 on device: pm8226-gpio
Dec  3 21:45:37 ubuntu-phablet kernel: [    1.153939] qcom,qpnp-pin qpnp-pin-f1d70400: qpnp_pin_probe: gpio_chip registered between 440-447
Dec  3 21:45:37 ubuntu-phablet kernel: [    1.154111] gpiochip_find_base: found new base at 432
Dec  3 21:45:37 ubuntu-phablet kernel: [    1.154218] gpiochip_add: registered GPIOs 432 to 439 on device: pm8226-mpp
Dec  3 21:45:37 ubuntu-phablet kernel: [    1.154713] qcom,qpnp-pin qpnp-pin-f1d70600: qpnp_pin_probe: gpio_chip registered between 432-439
Dec  3 21:45:37 ubuntu-phablet kernel: [    1.154977] mdss_mdp_probe: MDP HW Base phy_Address=0xfd900000 virt=0xc88c0000
Dec  3 21:45:37 ubuntu-phablet kernel: [    1.155016] mdss_mdp_probe: MDSS VBIF HW Base phy_Address=0xfd924000 virt=0xc8556000
Dec  3 21:45:37 ubuntu-phablet kernel: [    1.155263] mdss_mdp_parse_dt_handler: Error from prop qcom,mdss-ib-factor-overlap : u32 array read
Dec  3 21:45:37 ubuntu-phablet kernel: [    1.155290] mdss_mdp_parse_dt_fudge_factors: err reading qcom,mdss-ib-factor-overlap
Dec  3 21:45:37 ubuntu-phablet kernel: [    1.155320] mdss_mdp_parse_dt_prop_len: Error from prop qcom,mdss-ad-off : spec error in device tree
Dec  3 21:45:37 ubuntu-phablet kernel: [    1.155358] mdss_mdp_parse_bootarg: mdss_mdp_parse_bootarg:1482: pan_name=[1:dsi:0:qcom,mdss_dsi_auo_720p_video] end=[]
Dec  3 21:45:37 ubuntu-phablet kernel: [    1.156092] mdss_mdp_pp_argc: >>>>> mdss_mdp_pp_argc 
Dec  3 21:45:37 ubuntu-phablet kernel: [    1.156117] update_preset_lcdc_lut: update_preset_lcdc_lut red=[255], green=[255], blue=[255]
Dec  3 21:45:37 ubuntu-phablet kernel: [    1.156143] mdss_mdp_pp_argc_kcal: >>>>> mdss_mdp_pp_argc_kcal 
Dec  3 21:45:37 ubuntu-phablet kernel: [    1.157689] mdss_dsi_ctrl_probe: DSI Ctrl name = MDSS DSI CTRL->0
Dec  3 21:45:37 ubuntu-phablet kernel: [    1.157802] mdss_dsi_panel_init: Panel Name = auo 720p video mode dsi panel
Dec  3 21:45:37 ubuntu-phablet kernel: [    1.158060] mdss_dsi_panel_init:1057 Continuous splash flag enabled.
Dec  3 21:45:37 ubuntu-phablet kernel: [    1.158082] mdss_dsi_panel_init:1069 Partial update disabled.
Dec  3 21:45:37 ubuntu-phablet kernel: [    1.158440] dsi_panel_device_register:1279, Disp_en gpio not specified
Dec  3 21:45:37 ubuntu-phablet kernel: [    1.158525] mdss_dsi_retrieve_ctrl_resources: dsi base=c8574800 size=600
Dec  3 21:45:37 ubuntu-phablet kernel: [    1.181178] mdss_register_panel: adding framebuffer device fd922800.qcom,mdss_dsi
Dec  3 21:45:37 ubuntu-phablet kernel: [    1.181547] mdss_hw_init: MDP Rev=10010001
Dec  3 21:45:37 ubuntu-phablet kernel: [    1.183229] mdss_register_panel: adding framebuffer device qcom,mdss_wb_panel.23
Dec  3 21:45:37 ubuntu-phablet kernel: [    1.184287] mdss_fb_parse_dt: split framebuffer left=0 right=0
Dec  3 21:45:37 ubuntu-phablet kernel: [    1.184310] mdss_fb_alloc_fbmem_iommu: mdss_fb_alloc_fbmem_iommu frame buffer reserve_size=0x800000
Dec  3 21:45:37 ubuntu-phablet kernel: [    1.184620] mdss_fb_alloc_fbmem_iommu: allocating 8388608 bytes at c9000000 (3f800000 phys) for fb 0
Dec  3 21:45:37 ubuntu-phablet kernel: [    1.184875] mdss_fb_register: FrameBuffer[0] 720x1280 size=8388608 registered successfully!
Dec  3 21:45:37 ubuntu-phablet kernel: [    1.184943] mdss_mdp_overlay_init: mdss_mdp_overlay_init: unable to add event timer
Dec  3 21:45:37 ubuntu-phablet kernel: [    1.185122] Registered led device: lcd-backlight
Dec  3 21:45:37 ubuntu-phablet kernel: [    1.185191] mdss_fb_parse_dt: split framebuffer left=0 right=0
Dec  3 21:45:37 ubuntu-phablet kernel: [    1.185395] mdss_fb_register: FrameBuffer[1] 1280x720 size=0 registered successfully!
Dec  3 21:45:37 ubuntu-phablet kernel: [    1.185453] mdss_mdp_overlay_init: mdss_mdp_overlay_init: unable to add event timer
Dec  3 21:45:37 ubuntu-phablet kernel: [    1.247681] msm_serial_hsl_probe: detected port #0 (ttyHSL0)
Dec  3 21:45:37 ubuntu-phablet kernel: [    1.247910] f991f000.serial: ttyHSL0 at MMIO 0xf991f000 (irq = 141) is a MSM
Dec  3 21:45:37 ubuntu-phablet kernel: [    1.250987] msm_serial_hsl_init: driver initialized
Dec  3 21:45:37 ubuntu-phablet kernel: [    1.255599] diagchar initialized nowkgsl bus ib [0] = 1600000000
Dec  3 21:45:37 ubuntu-phablet kernel: [    1.257757] kgsl bus ib [1] = 3200000000
Dec  3 21:45:37 ubuntu-phablet kernel: [    1.257773] kgsl bus ib [2] = 4256000000
Dec  3 21:45:37 ubuntu-phablet kernel: [    1.257788] kgsl bus index is 2 for pwrlevel 0
Dec  3 21:45:37 ubuntu-phablet kernel: [    1.257803] kgsl bus index is 1 for pwrlevel 1
Dec  3 21:45:37 ubuntu-phablet kernel: [    1.257819] kgsl bus index is 0 for pwrlevel 2
Dec  3 21:45:37 ubuntu-phablet kernel: [    1.258261] kgsl kgsl-3d0: |kgsl_iommu_init| MMU type set for device is IOMMU
Dec  3 21:45:37 ubuntu-phablet kernel: [    1.269881] brd: module loaded
Dec  3 21:45:37 ubuntu-phablet kernel: [    1.274066] loop: module loaded
Dec  3 21:45:37 ubuntu-phablet kernel: [    1.274669] QSEECOM: qseecom_probe: support_bus_scaling=0x1
Dec  3 21:45:37 ubuntu-phablet kernel: [    1.274689] QSEECOM: qseecom_probe: bam_pipe_pair=0x2
Dec  3 21:45:37 ubuntu-phablet kernel: [    1.274710] QSEECOM: qseecom_probe: qsee-ce-hw-instance=0x0
Dec  3 21:45:37 ubuntu-phablet kernel: [    1.274730] QSEECOM: qseecom_probe: hlos-ce-hw-instance=0x0
Dec  3 21:45:37 ubuntu-phablet kernel: [    1.274790] QSEECOM: qseecom_probe: secure app region addr=0xd980000 size=0x256000
Dec  3 21:45:37 ubuntu-phablet kernel: [    1.275842] 8226_l28: Failed to create debugfs directory
Dec  3 21:45:37 ubuntu-phablet kernel: [    1.276155] isa1000_setup: isa1000 set up
Dec  3 21:45:37 ubuntu-phablet kernel: [    1.276430] i2c-core: driver [tabla-i2c-core] using legacy suspend method
Dec  3 21:45:37 ubuntu-phablet kernel: [    1.276451] i2c-core: driver [tabla-i2c-core] using legacy resume method
Dec  3 21:45:37 ubuntu-phablet kernel: [    1.276607] i2c-core: driver [wcd9xxx-i2c-core] using legacy suspend method
Dec  3 21:45:37 ubuntu-phablet kernel: [    1.276628] i2c-core: driver [wcd9xxx-i2c-core] using legacy resume method
Dec  3 21:45:37 ubuntu-phablet kernel: [    1.277283] SCSI Media Changer driver v0.25 
Dec  3 21:45:37 ubuntu-phablet kernel: [    1.277975] sps: BAM device 0xf9904000 is not registered yet.
Dec  3 21:45:37 ubuntu-phablet kernel: [    1.278005] sps:BAM 0xf9904000 is registered.
Dec  3 21:45:37 ubuntu-phablet kernel: [    1.278280] sps:BAM 0xf9904000 (va:0xc8830000) enabled: ver:0x15, number of pipes:24
Dec  3 21:45:37 ubuntu-phablet kernel: [    1.278726] spi_qsd f9923000.spi: master is unqueued, this is deprecated
Dec  3 21:45:37 ubuntu-phablet kernel: [    1.283292] modprobe used greatest stack depth: 5728 bytes left
Dec  3 21:45:37 ubuntu-phablet kernel: [    1.283420] gpio_request: gpio-0 (spi_mosi) status -16
Dec  3 21:45:37 ubuntu-phablet kernel: [    1.283431] spi_qsd f9923000.spi: msm_spi_request_gpios: gpio_request for pin 0 failed with error -16
Dec  3 21:45:37 ubuntu-phablet kernel: [    1.283472] spi_qsd f9923000.spi: can't setup spi0.3, status -16
Dec  3 21:45:37 ubuntu-phablet kernel: [    1.283492] spi_master spi0: spi_device register error /soc/spi@f9923000/ethernet-switch@3
Dec  3 21:45:37 ubuntu-phablet kernel: [    1.284682] tun: Universal TUN/TAP device driver, 1.6
Dec  3 21:45:37 ubuntu-phablet kernel: [    1.284703] tun: (C) 1999-2004 Max Krasnyansky <maxk@qualcomm.com>
Dec  3 21:45:37 ubuntu-phablet kernel: [    1.284900] rmnet_init: BAM devices[9]
Dec  3 21:45:37 ubuntu-phablet kernel: [    1.293377] PPP generic driver version 2.4.2
Dec  3 21:45:37 ubuntu-phablet kernel: [    1.293652] PPP BSD Compression module registered
Dec  3 21:45:37 ubuntu-phablet kernel: [    1.293670] PPP Deflate Compression module registered
Dec  3 21:45:37 ubuntu-phablet kernel: [    1.301334] PPP MPPE Compression module registered
Dec  3 21:45:37 ubuntu-phablet kernel: [    1.301362] NET: Registered protocol family 24
Dec  3 21:45:37 ubuntu-phablet kernel: [    1.301779] wcnss_wlan probed in built-in mode
Dec  3 21:45:37 ubuntu-phablet kernel: [    1.303413] usbcore: registered new interface driver asix
Dec  3 21:45:37 ubuntu-phablet kernel: [    1.303507] usbcore: registered new interface driver cdc_ether
Dec  3 21:45:37 ubuntu-phablet kernel: [    1.303573] usbcore: registered new interface driver net1080
Dec  3 21:45:37 ubuntu-phablet kernel: [    1.303639] usbcore: registered new interface driver cdc_subset
Dec  3 21:45:37 ubuntu-phablet kernel: [    1.303715] usbcore: registered new interface driver zaurus
Dec  3 21:45:37 ubuntu-phablet kernel: [    1.303950] usbcore: registered new interface driver cdc_ncm
Dec  3 21:45:37 ubuntu-phablet kernel: [    1.305446] msm_otg f9a55000.usb: msm_otg probe
Dec  3 21:45:37 ubuntu-phablet kernel: [    1.307195] msm_otg f9a55000.usb: OTG regs = c87f8000
Dec  3 21:45:37 ubuntu-phablet kernel: [    1.309253] ehci_hcd: USB 2.0 'Enhanced' Host Controller (EHCI) Driver
Dec  3 21:45:37 ubuntu-phablet kernel: [    1.309573] Unable to get vbus_otg
Dec  3 21:45:37 ubuntu-phablet kernel: [    1.309592] msm_hsusb_host msm_hsusb_host: unable to register with transceiver
Dec  3 21:45:37 ubuntu-phablet kernel: [    1.309636] platform msm_hsusb_host: Driver msm_hsusb_host requests probe deferral
Dec  3 21:45:37 ubuntu-phablet kernel: [    1.310706] usbcore: registered new interface driver cdc_acm
Dec  3 21:45:37 ubuntu-phablet kernel: [    1.310726] cdc_acm: USB Abstract Control Model driver for USB modems and ISDN adapters
Dec  3 21:45:37 ubuntu-phablet kernel: [    1.310748] Initializing USB Mass Storage driver...
Dec  3 21:45:37 ubuntu-phablet kernel: [    1.310841] usbcore: registered new interface driver usb-storage
Dec  3 21:45:37 ubuntu-phablet kernel: [    1.310860] USB Mass Storage support registered.
Dec  3 21:45:37 ubuntu-phablet kernel: [    1.310946] usbcore: registered new interface driver ums-alauda
Dec  3 21:45:37 ubuntu-phablet kernel: [    1.311008] usbcore: registered new interface driver ums-cypress
Dec  3 21:45:37 ubuntu-phablet kernel: [    1.311064] usbcore: registered new interface driver ums-datafab
Dec  3 21:45:37 ubuntu-phablet kernel: [    1.311119] usbcore: registered new interface driver ums-freecom
Dec  3 21:45:37 ubuntu-phablet kernel: [    1.311177] usbcore: registered new interface driver ums-isd200
Dec  3 21:45:37 ubuntu-phablet kernel: [    1.311233] usbcore: registered new interface driver ums-jumpshot
Dec  3 21:45:37 ubuntu-phablet kernel: [    1.311289] usbcore: registered new interface driver ums-karma
Dec  3 21:45:37 ubuntu-phablet kernel: [    1.311344] usbcore: registered new interface driver ums-onetouch
Dec  3 21:45:37 ubuntu-phablet kernel: [    1.311400] usbcore: registered new interface driver ums-sddr09
Dec  3 21:45:37 ubuntu-phablet kernel: [    1.311456] usbcore: registered new interface driver ums-sddr55
Dec  3 21:45:37 ubuntu-phablet kernel: [    1.311521] usbcore: registered new interface driver ums-usbat
Dec  3 21:45:37 ubuntu-phablet kernel: [    1.311668] usbcore: registered new interface driver usbserial
Dec  3 21:45:37 ubuntu-phablet kernel: [    1.311689] usbserial: USB Serial Driver core
Dec  3 21:45:37 ubuntu-phablet kernel: [    1.311753] usbcore: registered new interface driver qc_csvt
Dec  3 21:45:37 ubuntu-phablet kernel: [    1.311809] USB Serial support registered for qc_csvt
Dec  3 21:45:37 ubuntu-phablet kernel: [    1.311873] usbcore: registered new interface driver usb_ehset_test
Dec  3 21:45:37 ubuntu-phablet kernel: [    1.312991] msm_hsusb msm_hsusb: [ci13xxx_start] hw_ep_max = 32
Dec  3 21:45:37 ubuntu-phablet kernel: [    1.313690] mbim_init: initialize 1 instances
Dec  3 21:45:37 ubuntu-phablet kernel: [    1.313869] mbim_init: Initialized 1 ports
Dec  3 21:45:37 ubuntu-phablet kernel: [    1.316148] rndis_qc_init: initialize rndis QC instance
Dec  3 21:45:37 ubuntu-phablet kernel: [    1.316835] android_usb gadget: Mass Storage Function, version: 2009/09/11
Dec  3 21:45:37 ubuntu-phablet kernel: [    1.316860] android_usb gadget: Number of LUNs=2
Dec  3 21:45:37 ubuntu-phablet kernel: [    1.316880]  lun0: LUN: removable read only CD-ROM file: (no medium)
Dec  3 21:45:37 ubuntu-phablet kernel: [    1.316899]  lun1: LUN: removable file: (no medium)
Dec  3 21:45:37 ubuntu-phablet kernel: [    1.317327] android_usb gadget: android_usb ready
Dec  3 21:45:37 ubuntu-phablet kernel: [    1.318382] mousedev: PS/2 mouse device common for all mice
Dec  3 21:45:37 ubuntu-phablet kernel: [    1.318747] usbcore: registered new interface driver xpad
Dec  3 21:45:37 ubuntu-phablet kernel: [    1.318765] ft5x06_i2c_init
Dec  3 21:45:37 ubuntu-phablet kernel: [    1.318868] num_fw = 4
Dec  3 21:45:37 ubuntu-phablet kernel: [    1.318952] i2c-pull-up = 1
Dec  3 21:45:37 ubuntu-phablet kernel: [    1.318965] reset gpio = 16
Dec  3 21:45:37 ubuntu-phablet kernel: [    1.318978] irq gpio = 17
Dec  3 21:45:37 ubuntu-phablet kernel: [    1.318990] x_max = 720
Dec  3 21:45:37 ubuntu-phablet kernel: [    1.319002] y_max = 1280
Dec  3 21:45:37 ubuntu-phablet kernel: [    1.319014] z_max = 255
Dec  3 21:45:37 ubuntu-phablet kernel: [    1.319025] w_max = 200
Dec  3 21:45:37 ubuntu-phablet kernel: [    1.319037] landing_jiffies = 1000
Dec  3 21:45:37 ubuntu-phablet kernel: [    1.319051] landing_threshold = 16
Dec  3 21:45:37 ubuntu-phablet kernel: [    1.319064] staying_threshold = 8
Dec  3 21:45:37 ubuntu-phablet kernel: [    1.319078] raw min = 7000
Dec  3 21:45:37 ubuntu-phablet kernel: [    1.319090] raw max = 10000
Dec  3 21:45:37 ubuntu-phablet kernel: [    1.319102] key_num = 3
Dec  3 21:45:37 ubuntu-phablet kernel: [    1.319114] keymap[0] = 139
Dec  3 21:45:37 ubuntu-phablet kernel: [    1.319127] keypos[0] = 2
Dec  3 21:45:37 ubuntu-phablet kernel: [    1.319141] key[0]: 155 1317 10 50
Dec  3 21:45:37 ubuntu-phablet kernel: [    1.319154] keymap[1] = 102
Dec  3 21:45:37 ubuntu-phablet kernel: [    1.319167] keypos[1] = 6
Dec  3 21:45:37 ubuntu-phablet kernel: [    1.319180] key[1]: 355 1317 10 50
Dec  3 21:45:37 ubuntu-phablet kernel: [    1.319194] keymap[2] = 158
Dec  3 21:45:37 ubuntu-phablet kernel: [    1.319207] keypos[2] = 10
Dec  3 21:45:37 ubuntu-phablet kernel: [    1.319220] key[2]: 565 1317 10 50
Dec  3 21:45:37 ubuntu-phablet kernel: [    1.319234] key_num = 3
Dec  3 21:45:37 ubuntu-phablet kernel: [    1.319246] keymap[0] = 139
Dec  3 21:45:37 ubuntu-phablet kernel: [    1.319259] keypos[0] = 2
Dec  3 21:45:37 ubuntu-phablet kernel: [    1.319272] key[0]: 155 1319 10 50
Dec  3 21:45:37 ubuntu-phablet kernel: [    1.319286] keymap[1] = 102
Dec  3 21:45:37 ubuntu-phablet kernel: [    1.319298] keypos[1] = 6
Dec  3 21:45:37 ubuntu-phablet kernel: [    1.319312] key[1]: 355 1319 10 50
Dec  3 21:45:37 ubuntu-phablet kernel: [    1.319325] keymap[2] = 158
Dec  3 21:45:37 ubuntu-phablet kernel: [    1.319338] keypos[2] = 10
Dec  3 21:45:37 ubuntu-phablet kernel: [    1.319352] key[2]: 565 1319 10 50
Dec  3 21:45:37 ubuntu-phablet kernel: [    1.319365] key_num = 3
Dec  3 21:45:37 ubuntu-phablet kernel: [    1.319377] keymap[0] = 139
Dec  3 21:45:37 ubuntu-phablet kernel: [    1.319390] keypos[0] = 2
Dec  3 21:45:37 ubuntu-phablet kernel: [    1.319403] key[0]: 155 1319 10 50
Dec  3 21:45:37 ubuntu-phablet kernel: [    1.319417] keymap[1] = 102
Dec  3 21:45:37 ubuntu-phablet kernel: [    1.319430] keypos[1] = 6
Dec  3 21:45:37 ubuntu-phablet kernel: [    1.319443] key[1]: 355 1319 10 50
Dec  3 21:45:37 ubuntu-phablet kernel: [    1.319457] keymap[2] = 158
Dec  3 21:45:37 ubuntu-phablet kernel: [    1.319469] keypos[2] = 10
Dec  3 21:45:37 ubuntu-phablet kernel: [    1.319483] key[2]: 565 1319 10 50
Dec  3 21:45:37 ubuntu-phablet kernel: [    1.319496] key_num = 3
Dec  3 21:45:37 ubuntu-phablet kernel: [    1.319509] keymap[0] = 139
Dec  3 21:45:37 ubuntu-phablet kernel: [    1.319521] keypos[0] = 2
Dec  3 21:45:37 ubuntu-phablet kernel: [    1.319535] key[0]: 155 1319 10 50
Dec  3 21:45:37 ubuntu-phablet kernel: [    1.319548] keymap[1] = 102
Dec  3 21:45:37 ubuntu-phablet kernel: [    1.319561] keypos[1] = 6
Dec  3 21:45:37 ubuntu-phablet kernel: [    1.319574] key[1]: 355 1319 10 50
Dec  3 21:45:37 ubuntu-phablet kernel: [    1.319588] keymap[2] = 158
Dec  3 21:45:37 ubuntu-phablet kernel: [    1.319601] keypos[2] = 10
Dec  3 21:45:37 ubuntu-phablet kernel: [    1.319614] key[2]: 565 1319 10 50
Dec  3 21:45:37 ubuntu-phablet kernel: [    1.319629] firmare 0 chip = 0xa, vendor = 0x51 name = ft5316_firmware.fw
Dec  3 21:45:37 ubuntu-phablet kernel: [    1.541229] ft5x06_i2c 5-0038: firmware vendor is 51
Dec  3 21:45:37 ubuntu-phablet kernel: [    1.541252] ft5x06_i2c 5-0038: chip id = 0x14, found it!
Dec  3 21:45:37 ubuntu-phablet kernel: [    1.541270] ft5x06_i2c 5-0038: firmware name = ft5336_firmware_ofilm.fw
Dec  3 21:45:37 ubuntu-phablet kernel: [    1.541492] ft5x06_i2c 5-0038: firmware version is 0e
Dec  3 21:45:37 ubuntu-phablet kernel: [    1.541737] input: ft5x06 as /devices/f9927000.i2c/i2c-5/5-0038/input/input0
Dec  3 21:45:37 ubuntu-phablet kernel: [    1.542248] #### init for imagis #####
Dec  3 21:45:37 ubuntu-phablet kernel: [    1.543073] [ Imagis ] ist30xx_probe(), the i2c addr=0x50
Dec  3 21:45:37 ubuntu-phablet kernel: [    1.543151] ### reset gpio = 16 ####
Dec  3 21:45:37 ubuntu-phablet kernel: [    1.543172] ### irq gpio = 17 ####
Dec  3 21:45:37 ubuntu-phablet kernel: [    1.543186] ### max x = 720 ####
Dec  3 21:45:37 ubuntu-phablet kernel: [    1.543199] ### max y = 1280 ####
Dec  3 21:45:37 ubuntu-phablet kernel: [    1.543212] ### max w = 200 ####
Dec  3 21:45:37 ubuntu-phablet kernel: [    1.543225] ### key num = 3 ####
Dec  3 21:45:37 ubuntu-phablet kernel: [    1.543238] #### key [0] = 139 ####
Dec  3 21:45:37 ubuntu-phablet kernel: [    1.543252] #### key [1] = 102 ####
Dec  3 21:45:37 ubuntu-phablet kernel: [    1.543266] #### key [2] = 158 ####
Dec  3 21:45:37 ubuntu-phablet kernel: [    1.543290] gpio_request: gpio-17 (imagis_irq_gpio) status -16
Dec  3 21:45:37 ubuntu-phablet kernel: [    1.543298] [ Imagis ] irq gpio request failed!
Dec  3 21:45:37 ubuntu-phablet kernel: [    1.543318] [ Imagis ] Error, ist30xx mem free
Dec  3 21:45:37 ubuntu-phablet kernel: [    1.543562] IST30XX: probe of 5-0050 failed with error -16
Dec  3 21:45:37 ubuntu-phablet kernel: [    1.544855] using rtc device, qpnp_rtc, for alarms
Dec  3 21:45:37 ubuntu-phablet kernel: [    1.544893] qcom,qpnp-rtc qpnp-rtc-f1d71000: rtc core: registered qpnp_rtc as rtc0
Dec  3 21:45:37 ubuntu-phablet kernel: [    1.545145] i2c /dev entries driver
Dec  3 21:45:37 ubuntu-phablet kernel: [    1.547167] msm_vidc: 1: Failed to read qcom,load-freq-tbl from device tree
Dec  3 21:45:37 ubuntu-phablet kernel: [    1.547179] msm_vidc: 1: no elements in frequency table
Dec  3 21:45:37 ubuntu-phablet kernel: [    1.547188] msm_vidc: 1: Failed to read qcom,reg-presets from device tree
Dec  3 21:45:37 ubuntu-phablet kernel: [    1.547270] msm_vidc: 1: Failed to read qcom,buffer-type-tz-usage-table from device tree
Dec  3 21:45:37 ubuntu-phablet kernel: [    1.547287] msm_vidc: 1: Q6 hfi device probe called
Dec  3 21:45:37 ubuntu-phablet kernel: [    1.547710] msm_vidc: 1: debugfs_create_file: fail
Dec  3 21:45:37 ubuntu-phablet kernel: [    1.555090] Registered led device: flashlight
Dec  3 21:45:37 ubuntu-phablet kernel: [    1.555823] msm_eeprom_platform_probe MM data miss:1059
Dec  3 21:45:37 ubuntu-phablet kernel: [    1.556113] msm_eeprom_parse_memory_map: pageen not needed
Dec  3 21:45:37 ubuntu-phablet kernel: [    1.556148] msm_eeprom_parse_memory_map: pageen not needed
Dec  3 21:45:37 ubuntu-phablet kernel: [    1.556179] msm_eeprom_parse_memory_map: pageen not needed
Dec  3 21:45:37 ubuntu-phablet kernel: [    1.556210] msm_eeprom_parse_memory_map: pageen not needed
Dec  3 21:45:37 ubuntu-phablet kernel: [    1.556242] msm_eeprom_parse_memory_map: pageen not needed
Dec  3 21:45:37 ubuntu-phablet kernel: [    1.556273] msm_eeprom_parse_memory_map: pageen not needed
Dec  3 21:45:37 ubuntu-phablet kernel: [    1.556306] msm_eeprom_parse_memory_map: pageen not needed
Dec  3 21:45:37 ubuntu-phablet kernel: [    1.556339] msm_eeprom_parse_memory_map: pageen not needed
Dec  3 21:45:37 ubuntu-phablet kernel: [    1.556372] msm_eeprom_parse_memory_map: pageen not needed
Dec  3 21:45:37 ubuntu-phablet kernel: [    1.556405] msm_eeprom_parse_memory_map: pageen not needed
Dec  3 21:45:37 ubuntu-phablet kernel: [    1.556440] msm_eeprom_parse_memory_map: pageen not needed
Dec  3 21:45:37 ubuntu-phablet kernel: [    1.556474] msm_eeprom_parse_memory_map: pageen not needed
Dec  3 21:45:37 ubuntu-phablet kernel: [    1.556509] msm_eeprom_parse_memory_map: pageen not needed
Dec  3 21:45:37 ubuntu-phablet kernel: [    1.556545] msm_eeprom_parse_memory_map: pageen not needed
Dec  3 21:45:37 ubuntu-phablet kernel: [    1.556581] msm_eeprom_parse_memory_map: pageen not needed
Dec  3 21:45:37 ubuntu-phablet kernel: [    1.556618] msm_eeprom_parse_memory_map: pageen not needed
Dec  3 21:45:37 ubuntu-phablet kernel: [    1.556655] msm_eeprom_parse_memory_map: pageen not needed
Dec  3 21:45:37 ubuntu-phablet kernel: [    1.556693] msm_eeprom_parse_memory_map: pageen not needed
Dec  3 21:45:37 ubuntu-phablet kernel: [    1.556731] msm_eeprom_parse_memory_map: pageen not needed
Dec  3 21:45:37 ubuntu-phablet kernel: [    2.040901] h3lte_set_sensor_name: sensor_name = , is set = 0
Dec  3 21:45:37 ubuntu-phablet kernel: [    2.113075] msm_eeprom_platform_probe MM data miss:1059
Dec  3 21:45:37 ubuntu-phablet kernel: [    2.113355] msm_eeprom_parse_memory_map: pageen not needed
Dec  3 21:45:37 ubuntu-phablet kernel: [    2.571740] h3lte_set_sensor_name: sensor_name = ov5693_olq5f08, is set = 1
Dec  3 21:45:37 ubuntu-phablet kernel: [    2.612118] msm_sensor_driver_get_dt_data:809 Invalid sensor position
Dec  3 21:45:37 ubuntu-phablet kernel: [    2.612166] msm_sensor_driver_get_dt_data:818 Invalid sensor mode supported
Dec  3 21:45:37 ubuntu-phablet kernel: [    2.612216] g_sctrl[0] f13e8800
Dec  3 21:45:37 ubuntu-phablet kernel: [    2.612532] msm_sensor_driver_get_dt_data:809 Invalid sensor position
Dec  3 21:45:37 ubuntu-phablet kernel: [    2.612582] msm_sensor_driver_get_dt_data:818 Invalid sensor mode supported
Dec  3 21:45:37 ubuntu-phablet kernel: [    2.612630] g_sctrl[1] f13e8a00
Dec  3 21:45:37 ubuntu-phablet kernel: [    2.616440] __msm_jpeg_init:951] Jpeg Device id 0
Dec  3 21:45:37 ubuntu-phablet kernel: [    2.638249] lirc_dev: IR Remote Control driver registered, major 236 
Dec  3 21:45:37 ubuntu-phablet kernel: [    2.638302] IR NEC protocol handler initialized
Dec  3 21:45:37 ubuntu-phablet kernel: [    2.638335] IR RC5(x) protocol handler initialized
Dec  3 21:45:37 ubuntu-phablet kernel: [    2.638367] IR RC6 protocol handler initialized
Dec  3 21:45:37 ubuntu-phablet kernel: [    2.638400] IR JVC protocol handler initialized
Dec  3 21:45:37 ubuntu-phablet kernel: [    2.638431] IR Sony protocol handler initialized
Dec  3 21:45:37 ubuntu-phablet kernel: [    2.638464] IR RC5 (streamzap) protocol handler initialized
Dec  3 21:45:37 ubuntu-phablet kernel: [    2.638499] IR SANYO protocol handler initialized
Dec  3 21:45:37 ubuntu-phablet kernel: [    2.638532] IR MCE Keyboard/mouse protocol handler initialized
Dec  3 21:45:37 ubuntu-phablet kernel: [    2.638568] IR LIRC bridge handler initialized
Dec  3 21:45:37 ubuntu-phablet kernel: [    2.638771] usbcore: registered new interface driver uvcvideo
Dec  3 21:45:37 ubuntu-phablet kernel: [    2.638808] USB Video Class driver (1.1.1)
Dec  3 21:45:37 ubuntu-phablet kernel: [    2.640287] Driver for 1-wire Dallas network protocol.
Dec  3 21:45:37 ubuntu-phablet kernel: [    2.641258] w1-gpio: w1_gpio_probe:gpio 439
Dec  3 21:45:37 ubuntu-phablet kernel: [    2.841122] BMS: qpnp_bms_init: QPNP BMS INIT
Dec  3 21:45:37 ubuntu-phablet kernel: [    2.841507] BMS: qpnp_bms_init: QPNP BMS INIT
Dec  3 21:45:37 ubuntu-phablet kernel: [    2.841864] spmi qpnp-bms-armani-f1d6dc00: Driver qcom,qpnp-bms-armani requests probe deferral
Dec  3 21:45:37 ubuntu-phablet kernel: [    2.842787] spmi qpnp-charger-armani-f1d6da00: Driver qcom,qpnp-charger-armani requests probe deferral
Dec  3 21:45:37 ubuntu-phablet kernel: [    2.886358] qpnp_vadc_conv_seq_request: not a valid VADC channel
Dec  3 21:45:37 ubuntu-phablet kernel: [    2.886449] thermal_sys: failed to read out thermal zone 7
Dec  3 21:45:37 ubuntu-phablet kernel: [    2.887458] qpnp_vadc_conv_seq_request: not a valid VADC channel
Dec  3 21:45:37 ubuntu-phablet kernel: [    2.887542] thermal_sys: failed to read out thermal zone 8
Dec  3 21:45:37 ubuntu-phablet kernel: [    2.890697] device-mapper: ioctl: 4.22.0-ioctl (2011-10-19) initialised: dm-devel@redhat.com
Dec  3 21:45:37 ubuntu-phablet kernel: [    2.893617] cpuidle: using governor ladder
Dec  3 21:45:37 ubuntu-phablet kernel: [    2.893693] cpuidle: using governor menu
Dec  3 21:45:37 ubuntu-phablet kernel: [    2.893902] sdhci: Secure Digital Host Controller Interface driver
Dec  3 21:45:37 ubuntu-phablet kernel: [    2.893978] sdhci: Copyright(c) Pierre Ossman
Dec  3 21:45:37 ubuntu-phablet kernel: [    2.896170] sdhci-pltfm: SDHCI platform and OF driver helper
Dec  3 21:45:37 ubuntu-phablet kernel: [    2.905372] mmc0: no vmmc regulator found
Dec  3 21:45:37 ubuntu-phablet kernel: [    2.906871] Registered led device: mmc0::
Dec  3 21:45:37 ubuntu-phablet kernel: [    2.908733] mmc0: SDHCI controller on msm_sdcc.1 [msm_sdcc.1] using ADMA
Dec  3 21:45:37 ubuntu-phablet kernel: [    2.918672] mmc1: no vmmc regulator found
Dec  3 21:45:37 ubuntu-phablet kernel: [    2.920165] Registered led device: mmc1::
Dec  3 21:45:37 ubuntu-phablet kernel: [    2.924347] mmc1: SDHCI controller on msm_sdcc.2 [msm_sdcc.2] using ADMA
Dec  3 21:45:37 ubuntu-phablet kernel: [    2.926380] Registered led device: red
Dec  3 21:45:37 ubuntu-phablet kernel: [    2.927247] Registered led device: green
Dec  3 21:45:37 ubuntu-phablet kernel: [    2.928170] Registered led device: blue
Dec  3 21:45:37 ubuntu-phablet kernel: [    2.929672] Registered led device: wled:backlight
Dec  3 21:45:37 ubuntu-phablet kernel: [    2.929717] qcom,leds-qpnp leds-qpnp-f1d71200: bl: change to higher light 4095
Dec  3 21:45:37 ubuntu-phablet kernel: [    2.929848] qcom,leds-qpnp leds-qpnp-f1d71200: bl: change to analog 4095
Dec  3 21:45:37 ubuntu-phablet kernel: [    2.931340] qcom,leds-qpnp leds-qpnp-f1d72000: Regulator get failed(-517)
Dec  3 21:45:37 ubuntu-phablet kernel: [    2.931455] qcom,leds-qpnp leds-qpnp-f1d72000: Unable to read flash config data
Dec  3 21:45:37 ubuntu-phablet kernel: [    2.931626] spmi leds-qpnp-f1d72000: Driver qcom,leds-qpnp requests probe deferral
Dec  3 21:45:37 ubuntu-phablet kernel: [    2.936832] usbcore: registered new interface driver usbhid
Dec  3 21:45:37 ubuntu-phablet kernel: [    2.936930] usbhid: USB HID core driver
Dec  3 21:45:37 ubuntu-phablet kernel: [    2.940076] zram: Created 1 device(s) ...
Dec  3 21:45:37 ubuntu-phablet kernel: [    2.943639] ashmem: initialized
Dec  3 21:45:37 ubuntu-phablet kernel: [    2.944336] logger: created 1024K log 'log_main'
Dec  3 21:45:37 ubuntu-phablet kernel: [    2.945036] logger: created 1024K log 'log_events'
Dec  3 21:45:37 ubuntu-phablet kernel: [    2.945743] logger: created 1024K log 'log_radio'
Dec  3 21:45:37 ubuntu-phablet kernel: [    2.946492] logger: created 1024K log 'log_system'
Dec  3 21:45:37 ubuntu-phablet kernel: [    2.949680] sps:BAM 0xf9a44000 is registered.
Dec  3 21:45:37 ubuntu-phablet kernel: [    2.949781] usb_bam_ipa_create_resources: Failed to create USB_PROD resource
Dec  3 21:45:37 ubuntu-phablet kernel: [    2.951839] PMIC@SID0 Power-on reason: Triggered from USB (USB charger insertion) and 'warm' boot
Dec  3 21:45:37 ubuntu-phablet kernel: [    2.953190] input: qpnp_pon as /devices/virtual/input/input1
Dec  3 21:45:37 ubuntu-phablet kernel: [    2.956867] PMIC@SID0: PM8226 v2.1 options: 0, 0, 2, 2
Dec  3 21:45:37 ubuntu-phablet kernel: [    2.958769] coresight-fuse fc4be024.fuse: Fuse initialized
Dec  3 21:45:37 ubuntu-phablet kernel: [    2.962118] coresight-cti fc308000.cti: CTI initialized
Dec  3 21:45:37 ubuntu-phablet kernel: [    2.963018] coresight-cti fc309000.cti: CTI initialized
Dec  3 21:45:37 ubuntu-phablet kernel: [    2.963956] coresight-cti fc30a000.cti: CTI initialized
Dec  3 21:45:37 ubuntu-phablet kernel: [    2.964894] coresight-cti fc30b000.cti: CTI initialized
Dec  3 21:45:37 ubuntu-phablet kernel: [    2.965889] coresight-cti fc30c000.cti: CTI initialized
Dec  3 21:45:37 ubuntu-phablet kernel: [    2.966795] coresight-cti fc30d000.cti: CTI initialized
Dec  3 21:45:37 ubuntu-phablet kernel: [    2.967739] coresight-cti fc30e000.cti: CTI initialized
Dec  3 21:45:37 ubuntu-phablet kernel: [    2.968647] coresight-cti fc30f000.cti: CTI initialized
Dec  3 21:45:37 ubuntu-phablet kernel: [    2.969602] coresight-cti fc310000.cti: CTI initialized
Dec  3 21:45:37 ubuntu-phablet kernel: [    2.970510] coresight-cti fc340000.cti: CTI initialized
Dec  3 21:45:37 ubuntu-phablet kernel: [    2.971564] coresight-cti fc341000.cti: CTI initialized
Dec  3 21:45:37 ubuntu-phablet kernel: [    2.972492] coresight-cti fc342000.cti: CTI initialized
Dec  3 21:45:37 ubuntu-phablet kernel: [    2.973449] coresight-cti fc343000.cti: CTI initialized
Dec  3 21:45:37 ubuntu-phablet kernel: [    2.974369] coresight-cti fc344000.cti: CTI initialized
Dec  3 21:45:37 ubuntu-phablet kernel: [    2.975434] coresight-cti fc348000.cti: CTI initialized
Dec  3 21:45:37 ubuntu-phablet kernel: [    2.976362] coresight-cti fc34d000.cti: CTI initialized
Dec  3 21:45:37 ubuntu-phablet kernel: [    2.977337] coresight-cti fc350000.cti: CTI initialized
Dec  3 21:45:37 ubuntu-phablet kernel: [    2.978381] coresight-cti fc354000.cti: CTI initialized
Dec  3 21:45:37 ubuntu-phablet kernel: [    2.979307] coresight-cti fc358000.cti: CTI initialized
Dec  3 21:45:37 ubuntu-phablet kernel: [    2.982447] coresight-csr fc302000.csr: CSR initialized
Dec  3 21:45:37 ubuntu-phablet kernel: [    2.997978] coresight-tmc fc322000.tmc: Byte Counter feature enabled
Dec  3 21:45:37 ubuntu-phablet kernel: [    2.998203] sps:BAM 0xfc37c000 is registered.
Dec  3 21:45:37 ubuntu-phablet kernel: [    2.999743] coresight-tmc fc322000.tmc: TMC initialized
Dec  3 21:45:37 ubuntu-phablet kernel: [    3.002501] coresight-tmc fc307000.tmc: TMC initialized
Dec  3 21:45:37 ubuntu-phablet kernel: [    3.006322] coresight-tpiu fc318000.tpiu: seta gpios not specified
Dec  3 21:45:37 ubuntu-phablet kernel: [    3.006438] coresight-tpiu fc318000.tpiu: setb gpios not specified
Dec  3 21:45:37 ubuntu-phablet kernel: [    3.007005] coresight-tpiu fc318000.tpiu: TPIU initialized
Dec  3 21:45:37 ubuntu-phablet kernel: [    3.010296] coresight-funnel fc31b000.funnel: FUNNEL initialized
Dec  3 21:45:37 ubuntu-phablet kernel: [    3.011279] coresight-funnel fc319000.funnel: FUNNEL initialized
Dec  3 21:45:37 ubuntu-phablet kernel: [    3.012126] coresight-funnel fc31a000.funnel: FUNNEL initialized
Dec  3 21:45:37 ubuntu-phablet kernel: [    3.013011] coresight-funnel fc345000.funnel: FUNNEL initialized
Dec  3 21:45:37 ubuntu-phablet kernel: [    3.013854] coresight-funnel fc364000.funnel: FUNNEL initialized
Dec  3 21:45:37 ubuntu-phablet kernel: [    3.015815] mmc0: BKOPS_EN bit = 0
Dec  3 21:45:37 ubuntu-phablet kernel: [    3.017098] coresight-replicator fc31c000.replicator: REPLICATOR initialized
Dec  3 21:45:37 ubuntu-phablet kernel: [    3.021281] coresight-stm fc321000.stm: STM initialized
Dec  3 21:45:37 ubuntu-phablet kernel: [    3.024796] coresight-hwevent fd828018.hwevent: Hardware Event driver initialized
Dec  3 21:45:37 ubuntu-phablet kernel: [    3.028998] coresight-etm fc33c000.etm: ETM initialized
Dec  3 21:45:37 ubuntu-phablet kernel: [    3.030676] mmc0: new HS200 MMC card at address 0001
Dec  3 21:45:37 ubuntu-phablet kernel: [    3.030722] coresight-etm fc33d000.etm: ETM initialized
Dec  3 21:45:37 ubuntu-phablet kernel: [    3.032636] coresight-etm fc33e000.etm: ETM initialized
Dec  3 21:45:37 ubuntu-phablet kernel: [    3.034475] coresight-etm fc33f000.etm: ETM initialized
Dec  3 21:45:37 ubuntu-phablet kernel: [    3.035394] mmcblk0: mmc0:0001 M8G1GC 7.28 GiB 
Dec  3 21:45:37 ubuntu-phablet kernel: [    3.038077] coresight-audio-etm audio_etm0.24: Audio ETM initialized
Dec  3 21:45:37 ubuntu-phablet kernel: [    3.038382] mmcblk0rpmb: mmc0:0001 M8G1GC partition 3 512 KiB
Dec  3 21:45:37 ubuntu-phablet kernel: [    3.042283] coresight-modem-etm modem_etm0.25: Modem ETM initialized
Dec  3 21:45:37 ubuntu-phablet kernel: [    3.043508] Alternate GPT is invalid, using primary GPT.
Dec  3 21:45:37 ubuntu-phablet kernel: [    3.044142]  mmcblk0: p1 p2 p3 p4 p5 p6 p7 p8 p9 p10 p11 p12 p13 p14 p15 p16 p17 p18 p19 p20 p21 p22 p23 p24 p25 p26 p27 p28 p29
Dec  3 21:45:37 ubuntu-phablet kernel: [    3.046132] coresight-wcn-etm wcn_etm0.26: Wireless ETM initialized
Dec  3 21:45:37 ubuntu-phablet kernel: [    3.050255] coresight-rpm-etm rpm_etm0.27: RPM ETM initialized
Dec  3 21:45:37 ubuntu-phablet kernel: [    3.055269] usbcore: registered new interface driver snd-usb-audio
Dec  3 21:45:37 ubuntu-phablet kernel: [    3.129025] msm-compr-dsp msm-compr-dsp: msm_compr_probe: dev name msm-compr-dsp
Dec  3 21:45:37 ubuntu-phablet kernel: [    3.133217] msm-pcm-lpa msm-pcm-lpa: msm_pcm_probe: dev name msm-pcm-lpa
Dec  3 21:45:37 ubuntu-phablet kernel: [    3.138895] platform qcom,msm-voip-dsp.49: Driver msm-voip-dsp requests probe deferral
Dec  3 21:45:37 ubuntu-phablet kernel: [    3.141884] platform qcom,msm-pcm-voice.50: Driver msm-pcm-voice requests probe deferral
Dec  3 21:45:37 ubuntu-phablet kernel: [    3.165716] platform sound.42: Driver msm8226-asoc-tapan requests probe deferral
Dec  3 21:45:37 ubuntu-phablet kernel: [    3.167944] Netfilter messages via NETLINK v0.30.
Dec  3 21:45:37 ubuntu-phablet kernel: [    3.168111] nfnl_acct: registering with nfnetlink.
Dec  3 21:45:37 ubuntu-phablet kernel: [    3.168395] nf_conntrack version 0.5.0 (13657 buckets, 54628 max)
Dec  3 21:45:37 ubuntu-phablet kernel: [    3.172667] ctnetlink v0.93: registering with nfnetlink.
Dec  3 21:45:37 ubuntu-phablet kernel: [    3.174328] NF_TPROXY: Transparent proxy support initialized, version 4.1.0
Dec  3 21:45:37 ubuntu-phablet kernel: [    3.174437] NF_TPROXY: Copyright (c) 2006-2007 BalaBit IT Ltd.
Dec  3 21:45:37 ubuntu-phablet kernel: [    3.175959] xt_time: kernel timezone is -0000
Dec  3 21:45:37 ubuntu-phablet kernel: [    3.178644] ip_tables: (C) 2000-2006 Netfilter Core Team
Dec  3 21:45:37 ubuntu-phablet kernel: [    3.180306] arp_tables: (C) 2002 David S. Miller
Dec  3 21:45:37 ubuntu-phablet kernel: [    3.180709] TCP: cubic registered
Dec  3 21:45:37 ubuntu-phablet kernel: [    3.180784] Initializing XFRM netlink socket
Dec  3 21:45:37 ubuntu-phablet kernel: [    3.185720] NET: Registered protocol family 10
Dec  3 21:45:37 ubuntu-phablet kernel: [    3.201021] Mobile IPv6
Dec  3 21:45:37 ubuntu-phablet kernel: [    3.201262] ip6_tables: (C) 2000-2006 Netfilter Core Team
Dec  3 21:45:37 ubuntu-phablet kernel: [    3.203076] IPv6 over IPv4 tunneling driver
Dec  3 21:45:37 ubuntu-phablet kernel: [    3.206187] NET: Registered protocol family 17
Dec  3 21:45:37 ubuntu-phablet kernel: [    3.206452] NET: Registered protocol family 15
Dec  3 21:45:37 ubuntu-phablet kernel: [    3.206885] Bridge firewalling registered
Dec  3 21:45:37 ubuntu-phablet kernel: [    3.207019] Ebtables v2.0 registered
Dec  3 21:45:37 ubuntu-phablet kernel: [    3.208029] Bluetooth: RFCOMM TTY layer initialized
Dec  3 21:45:37 ubuntu-phablet kernel: [    3.208190] Bluetooth: RFCOMM socket layer initialized
Dec  3 21:45:37 ubuntu-phablet kernel: [    3.208279] Bluetooth: RFCOMM ver 1.11
Dec  3 21:45:37 ubuntu-phablet kernel: [    3.208356] Bluetooth: BNEP (Ethernet Emulation) ver 1.3
Dec  3 21:45:37 ubuntu-phablet kernel: [    3.208442] Bluetooth: BNEP filters: protocol multicast
Dec  3 21:45:37 ubuntu-phablet kernel: [    3.208538] Bluetooth: HIDP (Human Interface Emulation) ver 1.2
Dec  3 21:45:37 ubuntu-phablet kernel: [    3.208974] Registering the dns_resolver key type
Dec  3 21:45:37 ubuntu-phablet kernel: [    3.211244] VFP support v0.3: implementor 41 architecture 2 part 30 variant 7 rev 3
Dec  3 21:45:37 ubuntu-phablet kernel: [    3.211499] Registering SWP/SWPB emulation handler
Dec  3 21:45:37 ubuntu-phablet kernel: [    3.342753] AppArmor: AppArmor sha1 policy hashing enabled
Dec  3 21:45:37 ubuntu-phablet kernel: [    3.347841] platform sound.42: Driver msm8226-asoc-tapan requests probe deferral
Dec  3 21:45:37 ubuntu-phablet kernel: [    3.352967] qcom,leds-qpnp leds-qpnp-f1d72000: Regulator get failed(-517)
Dec  3 21:45:37 ubuntu-phablet kernel: [    3.353089] qcom,leds-qpnp leds-qpnp-f1d72000: Unable to read flash config data
Dec  3 21:45:37 ubuntu-phablet kernel: [    3.353165] gpio_set_debounce: gpio-108 status -22
Dec  3 21:45:37 ubuntu-phablet kernel: [    3.353266] spmi leds-qpnp-f1d72000: Driver qcom,leds-qpnp requests probe deferral
Dec  3 21:45:37 ubuntu-phablet kernel: [    3.354046] gpio_set_debounce: gpio-107 status -22
Dec  3 21:45:37 ubuntu-phablet kernel: [    3.354332] bq2022: w1_bq2022_battery_id: pseduo_info:0x10139463
Dec  3 21:45:37 ubuntu-phablet kernel: [    3.354669] chg:qpnp_chg_vbatdet_set: voltage=4320 setting 36
Dec  3 21:45:37 ubuntu-phablet kernel: [    3.354812] gpio_set_debounce: gpio-106 status -22
Dec  3 21:45:37 ubuntu-phablet kernel: [    3.356107] batfet: 
Dec  3 21:45:37 ubuntu-phablet kernel: [    3.356719] input: gpio-keys as /devices/gpio_keys.75/input/input2
Dec  3 21:45:37 ubuntu-phablet kernel: [    3.357432] 8226_smbbp_boost: 5000 mV 
Dec  3 21:45:37 ubuntu-phablet kernel: [    3.358929] 8226_smbbp_otg: 
Dec  3 21:45:37 ubuntu-phablet kernel: [    3.359097] 8226_smbbp_otg: supplied by 8226_smbbp_boost
Dec  3 21:45:37 ubuntu-phablet kernel: [    3.359368] qcom,qpnp-rtc qpnp-rtc-f1d71000: setting system clock to 2015-12-03 21:45:30 UTC (1449179130)
Dec  3 21:45:37 ubuntu-phablet kernel: [    3.363720] msm_thermal: Interrupt mode init
Dec  3 21:45:37 ubuntu-phablet kernel: [    3.365328] clock_late_init: Removing enables held for handed-off clocks
Dec  3 21:45:37 ubuntu-phablet kernel: [    3.370989] ALSA device list:
Dec  3 21:45:37 ubuntu-phablet kernel: [    3.371006]   No soundcards found.
Dec  3 21:45:37 ubuntu-phablet kernel: [    3.371225] Freeing init memory: 80K
Dec  3 21:45:37 ubuntu-phablet kernel: [    3.377128] chg:qpnp_chg_vddmax_and_trim_set: voltage=4350+0 setting vddmax: 6f, trim: 70
Dec  3 21:45:37 ubuntu-phablet kernel: [    3.378080] chg:qpnp_chg_usb_chg_gone_irq_handler: chg_gone triggered, usb 1 3
Dec  3 21:45:37 ubuntu-phablet kernel: [    3.378144] chg:qpnp_chg_usb_usbin_valid_irq_handler: usbin-valid triggered: 1 host_mode: 0
Dec  3 21:45:37 ubuntu-phablet kernel: [    3.378232] chg:qpnp_chg_vddmax_and_trim_set: voltage=4350+0 setting vddmax: 6f, trim: 70
Dec  3 21:45:37 ubuntu-phablet kernel: [    3.378271] chg:qpnp_chg_dc_dcin_valid_irq_handler: dcin-valid triggered: 0
Dec  3 21:45:37 ubuntu-phablet kernel: [    3.378346] chg:qpnp_charger_probe: success chg_dis = 0, bpd = 1, usb = 1, dc = 0 b_health = 1 batt_present = 1
Dec  3 21:45:37 ubuntu-phablet kernel: [    3.378846] bq2022: w1_bq2022_battery_id: pseduo_info:0x10139463
Dec  3 21:45:37 ubuntu-phablet kernel: [    3.379025] BMS: read_shutdown_soc: stored soc = 0xba, shutdown_soc = 92
Dec  3 21:45:37 ubuntu-phablet kernel: [    3.385701] mount used greatest stack depth: 5544 bytes left
Dec  3 21:45:37 ubuntu-phablet kernel: [    3.393814] exe used greatest stack depth: 5456 bytes left
Dec  3 21:45:37 ubuntu-phablet kernel: [    3.422501] mmc1: new high speed SDHC card at address b368
Dec  3 21:45:37 ubuntu-phablet kernel: [    3.423381] mmcblk1: mmc1:b368 NCard 7.48 GiB 
Dec  3 21:45:37 ubuntu-phablet kernel: [    3.425183]  mmcblk1: p1 p2
Dec  3 21:45:37 ubuntu-phablet kernel: [    3.428896] BMS: read_soc_params_raw: PON_OCV_UV = 4315093, cc = 727d
Dec  3 21:45:37 ubuntu-phablet kernel: [    3.428936] BMS: read_soc_params_raw: OCV is stale or bad, estimating new OCV.
Dec  3 21:45:37 ubuntu-phablet kernel: [    3.428972] BMS: read_saved_instant_ocv: read instant ocv 4204 reg c9
Dec  3 21:45:37 ubuntu-phablet kernel: [    3.433709] BMS: estimate_ocv: estimated pon ocv = 4304924 i883734 v4177341 r167 d20000
Dec  3 21:45:37 ubuntu-phablet kernel: [    3.433747] BMS: read_soc_params_raw: instant ocv 4204 estimated 4304
Dec  3 21:45:37 ubuntu-phablet kernel: [    3.433931] BMS: read_soc_params_raw: New PON_OCV_UV = 4204000, cc = 727d
Dec  3 21:45:37 ubuntu-phablet kernel: [    3.465491] BMS: load_shutdown_data: raw_soc = 92 shutdown_soc = 92 shutdown_iavg = 250 shutdown_soc_invalid = 0, battery_removed = 0
Dec  3 21:45:37 ubuntu-phablet kernel: [    3.465677] BMS: setup_vbat_monitoring: set low thr to 3420000 and high to 4330000
Dec  3 21:45:37 ubuntu-phablet kernel: [    3.481105] BMS: refresh_die_temp_monitor: low = 48388, high = 58388
Dec  3 21:45:37 ubuntu-phablet kernel: [    3.547958] BMS: adjust_soc: s 92 i 822989 v 4184415 ocv 4204000 rbatt 138 uuc 61620 cc 19 r 1889680 t 398
Dec  3 21:45:37 ubuntu-phablet kernel: [    3.606427] BMS: adjust_soc: s 92 i 831098 v 4182939 ocv 4204000 rbatt 138 uuc 61620 cc 25 r 1889680 t 398
Dec  3 21:45:37 ubuntu-phablet kernel: [    3.652257] BMS: qpnp_bms_probe: probe success: soc =92 vbatt = 4158990 ocv = 4204000 r_sense_uohm = 10000 warm_reset = 1
Dec  3 21:45:37 ubuntu-phablet kernel: [    3.653725] platform sound.42: Driver msm8226-asoc-tapan requests probe deferral
Dec  3 21:45:37 ubuntu-phablet kernel: [    3.654511] Registered led device: led:flash_0
Dec  3 21:45:37 ubuntu-phablet kernel: [    3.655032] msm_otg f9a55000.usb: phy_reset: success
Dec  3 21:45:37 ubuntu-phablet kernel: [    3.655111] Registered led device: led:flash_1
Dec  3 21:45:37 ubuntu-phablet kernel: [    3.655405] Registered led device: led:flash_torch
Dec  3 21:45:37 ubuntu-phablet kernel: [    3.656286] platform sound.42: Driver msm8226-asoc-tapan requests probe deferral
Dec  3 21:45:37 ubuntu-phablet kernel: [    3.706704] chg:get_prop_capacity: resuming charging at 92% soc
Dec  3 21:45:37 ubuntu-phablet kernel: [    3.706734] chg:qpnp_chg_vbatdet_set: voltage=4380 setting 39
Dec  3 21:45:37 ubuntu-phablet kernel: [    3.894802] msm_hsusb msm_hsusb: CI13XXX_CONTROLLER_RESET_EVENT received
Dec  3 21:45:37 ubuntu-phablet kernel: [    3.942348] udevadm used greatest stack depth: 5304 bytes left
Dec  3 21:45:37 ubuntu-phablet kernel: [    3.950802] exe used greatest stack depth: 5160 bytes left
Dec  3 21:45:37 ubuntu-phablet kernel: [    4.804615] initrd: checking filesystem integrity for the userdata partition
Dec  3 21:45:37 ubuntu-phablet kernel: [    4.811586] EXT4-fs (mmcblk0p29): couldn't mount as ext3 due to feature incompatibilities
Dec  3 21:45:37 ubuntu-phablet kernel: [    4.871764] EXT4-fs (mmcblk0p29): couldn't mount as ext2 due to feature incompatibilities
Dec  3 21:45:37 ubuntu-phablet kernel: [    4.885940] EXT4-fs (mmcblk0p29): mounted filesystem with ordered data mode. Opts: errors=remount-ro
Dec  3 21:45:37 ubuntu-phablet kernel: [    4.982090] initrd: checking filesystem for userdata took (including e2fsck) 1 seconds
Dec  3 21:45:37 ubuntu-phablet kernel: [    4.982180] initrd: mounting /dev/mmcblk0p29
Dec  3 21:45:37 ubuntu-phablet kernel: [    4.986457] EXT4-fs: Warning: mounting with data=journal disables delayed allocation and O_DIRECT support!
Dec  3 21:45:37 ubuntu-phablet kernel: [    4.986499] EXT4-fs (mmcblk0p29): couldn't mount as ext3 due to feature incompatibilities
Dec  3 21:45:37 ubuntu-phablet kernel: [    4.991563] EXT4-fs (mmcblk0p29): couldn't mount as ext2 due to feature incompatibilities
Dec  3 21:45:37 ubuntu-phablet kernel: [    5.018061] EXT4-fs (mmcblk0p29): mounted filesystem with journalled data mode. Opts: discard,data=journal
Dec  3 21:45:37 ubuntu-phablet kernel: [    5.022232] initrd: boot mode: ubuntu
Dec  3 21:45:37 ubuntu-phablet kernel: [    5.029287] EXT4-fs (loop0): couldn't mount as ext3 due to feature incompatibilities
Dec  3 21:45:37 ubuntu-phablet kernel: [    5.051395] EXT4-fs (loop0): mounting ext2 file system using the ext4 subsystem
Dec  3 21:45:37 ubuntu-phablet kernel: [    5.056635] EXT4-fs (loop0): mounted filesystem without journal. Opts: (null)
Dec  3 21:45:37 ubuntu-phablet kernel: [    5.057224] initrd: mounting system.img (user mode)
Dec  3 21:45:37 ubuntu-phablet kernel: [    5.061410] EXT4-fs (loop0): re-mounted. Opts: (null)
Dec  3 21:45:37 ubuntu-phablet kernel: [    5.092869] initrd: mounting device image as ro
Dec  3 21:45:37 ubuntu-phablet kernel: [    5.162846] initrd: device is armani
Dec  3 21:45:37 ubuntu-phablet kernel: [    7.433625] init used greatest stack depth: 4688 bytes left
Dec  3 21:45:37 ubuntu-phablet kernel: [    7.744464] initrd: checking fstab /root/var/lib/lxc/android/rootfs/fstab* for additional mount points
Dec  3 21:45:37 ubuntu-phablet kernel: [    7.814009] initrd: checking mount label cache
Dec  3 21:45:37 ubuntu-phablet kernel: [    7.815567] initrd: mounting /dev/disk/by-partlabel/cache as /root/android//cache
Dec  3 21:45:37 ubuntu-phablet kernel: [    7.849274] initrd: checking mount label persist
Dec  3 21:45:37 ubuntu-phablet kernel: [    7.850807] initrd: mounting /dev/disk/by-partlabel/persist as /root/android//persist
Dec  3 21:45:37 ubuntu-phablet kernel: [    7.879205] initrd: checking mount label modem
Dec  3 21:45:37 ubuntu-phablet kernel: [    7.880661] initrd: mounting /dev/disk/by-partlabel/modem as /root/android//firmware
Dec  3 21:45:37 ubuntu-phablet kernel: [    7.906386] initrd: checking mount label boot
Dec  3 21:45:37 ubuntu-phablet kernel: [    7.907830] initrd: mounting /dev/disk/by-partlabel/boot as /root/android//boot
Dec  3 21:45:37 ubuntu-phablet kernel: [    7.930345] initrd: checking mount label recovery
Dec  3 21:45:37 ubuntu-phablet kernel: [    7.931872] initrd: mounting /dev/disk/by-partlabel/recovery as /root/android//recovery
Dec  3 21:45:37 ubuntu-phablet kernel: [    7.963604] initrd: checking mount label mmc_host
Dec  3 21:45:37 ubuntu-phablet kernel: [    7.978596] initrd: checking mount label usb1
Dec  3 21:45:37 ubuntu-phablet kernel: [    8.002892] initrd: checking mount label zram0
Dec  3 21:45:37 ubuntu-phablet kernel: [    8.004538] initrd: mounting /dev/zram0 as /root/android/none
Dec  3 21:45:37 ubuntu-phablet kernel: [    8.012992] initrd: mounting /root/var/lib/lxc/android/system.img as /root/android/system
Dec  3 21:45:37 ubuntu-phablet kernel: [    8.174551] Adding 102396k swap on /root/userdata/SWAP.img.  Priority:-1 extents:77 across:6074852k SS
Dec  3 21:45:37 ubuntu-phablet kernel: [    8.381005] chg:qpnp_invalid_charger_work: qpnp_invalid_charger_work usb 1 batt 1 status 2 usb online 0
Dec  3 21:45:37 ubuntu-phablet kernel: [    8.381105] chg:qpnp_chg_iusbmax_set: mA 500
Dec  3 21:45:37 ubuntu-phablet kernel: [    8.381209] chg:qpnp_chg_chgr_chg_fastchg_irq_handler: FAST_CHG IRQ triggered
Dec  3 21:45:37 ubuntu-phablet kernel: [    8.381232] chg:qpnp_chg_vbatdet_set: voltage=4320 setting 36
Dec  3 21:45:37 ubuntu-phablet kernel: [    8.381323] ft5x06_i2c 5-0038: Power state changed, set noise filter to 0x1
Dec  3 21:45:37 ubuntu-phablet kernel: [    8.457127] BMS: adjust_soc: s 92 i 317316 v 4236873 ocv 4204000 rbatt 138 uuc 61620 cc 1032 r 1889680 t 398
Dec  3 21:45:37 ubuntu-phablet kernel: [    8.496565] init: ureadahead main process (622) terminated with status 5
Dec  3 21:45:37 ubuntu-phablet kernel: [    8.514666] status used greatest stack depth: 4456 bytes left
Dec  3 21:45:37 ubuntu-phablet kernel: [    8.515160] grep used greatest stack depth: 4024 bytes left
Dec  3 21:45:37 ubuntu-phablet kernel: [    9.812393] enable_store: android_usb: already disabled
Dec  3 21:45:37 ubuntu-phablet kernel: [    9.821709] ssh-keygen (834): undefined instruction: pc=b6eb93c8
Dec  3 21:45:37 ubuntu-phablet kernel: [    9.821724] Code: 00000000 00000000 f26ee1fe e12fff1e (ee190f1d) 
Dec  3 21:45:37 ubuntu-phablet kernel: [    9.932040] adbd (846): undefined instruction: pc=b6cef3c8
Dec  3 21:45:37 ubuntu-phablet kernel: [    9.932057] Code: 00000000 00000000 f26ee1fe e12fff1e (ee190f1d) 
Dec  3 21:45:37 ubuntu-phablet kernel: [    9.933303] adb_open
Dec  3 21:45:37 ubuntu-phablet kernel: [    9.933365] msm_hsusb msm_hsusb: CI13XXX_CONTROLLER_CONNECT_EVENT received
Dec  3 21:45:37 ubuntu-phablet kernel: [   10.100283] msm_otg f9a55000.usb: Avail curr from USB = 100
Dec  3 21:45:37 ubuntu-phablet kernel: [   10.100517] chg:qpnp_chg_iusbmax_set: mA 100
Dec  3 21:45:37 ubuntu-phablet kernel: [   10.100588] gpio_request: gpio-109 (QPNP_CHARGER) status -16
Dec  3 21:45:37 ubuntu-phablet kernel: [   10.100787] android_work: android_work: did not send uevent (0 0   (null))
Dec  3 21:45:37 ubuntu-phablet kernel: [   10.123367] chg:get_prop_capacity: resuming charging at 92% soc
Dec  3 21:45:37 ubuntu-phablet kernel: [   10.123392] chg:qpnp_chg_vbatdet_set: voltage=4380 setting 39
Dec  3 21:45:37 ubuntu-phablet kernel: [   10.170966] BMS: adjust_soc: s 92 i 1240305 v 4131660 ocv 4204000 rbatt 136 uuc 61590 cc 1239 r 1888760 t 401
Dec  3 21:45:37 ubuntu-phablet kernel: [   10.171287] android_work: android_work: sent uevent USB_STATE=CONNECTED
Dec  3 21:45:37 ubuntu-phablet kernel: [   10.174684] android_work: android_work: sent uevent USB_STATE=DISCONNECTED
Dec  3 21:45:37 ubuntu-phablet kernel: [   10.262787] android_work: android_work: sent uevent USB_STATE=CONNECTED
Dec  3 21:45:37 ubuntu-phablet kernel: [   10.264707] android_usb gadget: high-speed config #1: fe8050c8.android_usb
Dec  3 21:45:37 ubuntu-phablet kernel: [   10.264752] msm_otg f9a55000.usb: Avail curr from USB = 500
Dec  3 21:45:37 ubuntu-phablet kernel: [   10.276561] chg:qpnp_chg_iusbmax_set: mA 500
Dec  3 21:45:37 ubuntu-phablet kernel: [   10.276645] gpio_request: gpio-109 (QPNP_CHARGER) status -16
Dec  3 21:45:37 ubuntu-phablet kernel: [   10.276676] chg:qpnp_chg_chgr_chg_fastchg_irq_handler: FAST_CHG IRQ triggered
Dec  3 21:45:37 ubuntu-phablet kernel: [   10.276691] chg:qpnp_chg_vbatdet_set: voltage=4320 setting 36
Dec  3 21:45:37 ubuntu-phablet kernel: [   10.320946] android_work: android_work: sent uevent USB_STATE=CONFIGURED
Dec  3 21:45:37 ubuntu-phablet kernel: [   10.357106] click (818): undefined instruction: pc=b6a693c8
Dec  3 21:45:37 ubuntu-phablet kernel: [   10.357121] Code: 00000000 00000000 f26ee1fe e12fff1e (ee190f1d) 
Dec  3 21:45:37 ubuntu-phablet kernel: [   10.363641] init: plymouth-upstart-bridge main process (886) terminated with status 1
Dec  3 21:45:37 ubuntu-phablet kernel: [   10.375837] BMS: adjust_soc: s 92 i 691168 v 4189425 ocv 4204000 rbatt 136 uuc 41060 cc 1288 r 1888760 t 400
Dec  3 21:45:37 ubuntu-phablet kernel: [   10.531647] init: Failed to spawn bluetooth-touch-armani main process: unable to execute: Permission denied
Dec  3 21:45:37 ubuntu-phablet kernel: [   10.532703] aa-clickhook (845): undefined instruction: pc=b6a0b3c8
Dec  3 21:45:37 ubuntu-phablet kernel: [   10.532718] Code: 00000000 00000000 f26ee1fe e12fff1e (ee190f1d) 
Dec  3 21:45:37 ubuntu-phablet kernel: [   10.559595] init: bluetooth-touch main process (887) terminated with status 1
Dec  3 21:45:37 ubuntu-phablet bluetoothd[925]: Bluetooth daemon 4.101
Dec  3 21:45:37 ubuntu-phablet bluetoothd[925]: Starting SDP server
Dec  3 21:45:37 ubuntu-phablet bluetoothd[925]: DIS cannot start: GATT is disabled
Dec  3 21:45:37 ubuntu-phablet bluetoothd[925]: Failed to init deviceinfo plugin
Dec  3 21:45:37 ubuntu-phablet bluetoothd[925]: Failed to init proximity plugin
Dec  3 21:45:37 ubuntu-phablet bluetoothd[925]: Failed to init time plugin
Dec  3 21:45:37 ubuntu-phablet bluetoothd[925]: Failed to init alert plugin
Dec  3 21:45:37 ubuntu-phablet bluetoothd[925]: Failed to init thermometer plugin
Dec  3 21:45:37 ubuntu-phablet bluetoothd[925]: Failed to init gatt_example plugin
Dec  3 21:45:37 ubuntu-phablet bluetoothd[925]: Failed to open RFKILL control device
Dec  3 21:45:38 ubuntu-phablet kernel: [   11.028139] init: could not import file '/init.carrier.rc' from '/init.rc'
Dec  3 21:45:38 ubuntu-phablet kernel: [   11.028202] init: could not import file '/init.cm.rc' from '/init.rc'
Dec  3 21:45:38 ubuntu-phablet kernel: [   11.028438] init (968): /proc/968/oom_adj is deprecated, please use /proc/968/oom_score_adj instead.
Dec  3 21:45:38 ubuntu-phablet kernel: [   11.029425] init: do_chown: Could not access /selinux/booleans
Dec  3 21:45:38 ubuntu-phablet kernel: [   11.029522] init: do_chown: Could not access /sys/fs/selinux/booleans
Dec  3 21:45:38 ubuntu-phablet kernel: [   11.235132] aa-clickhook (967): undefined instruction: pc=b69a63c8
Dec  3 21:45:38 ubuntu-phablet kernel: [   11.235148] Code: 00000000 00000000 f26ee1fe e12fff1e (ee190f1d) 
Dec  3 21:45:38 ubuntu-phablet kernel: [   11.346103] BMS: btm_notify_die_temp: die temp = 62524, raw = 0x7b96
Dec  3 21:45:38 ubuntu-phablet kernel: [   11.350511] BMS: refresh_die_temp_monitor: low = 57131, high = 67131
Dec  3 21:45:38 ubuntu-phablet kernel: [   11.397614] BMS: adjust_soc: s 92 i 598768 v 4198560 ocv 4204000 rbatt 136 uuc 41060 cc 1466 r 1888760 t 400
Dec  3 21:45:38 ubuntu-phablet kernel: [   11.526227] init: cannot open '/initlogo.rle'
Dec  3 21:45:38 ubuntu-phablet kernel: [   11.532995] zram: Initialization done!
Dec  3 21:45:38 ubuntu-phablet kernel: [   11.573927] ssh-keygen (979): undefined instruction: pc=b6ea63c8
Dec  3 21:45:38 ubuntu-phablet kernel: [   11.573944] Code: 00000000 00000000 f26ee1fe e12fff1e (ee190f1d) 
Dec  3 21:45:38 ubuntu-phablet kernel: [   11.641970] Adding 262140k swap on /dev/block/zram0.  Priority:-2 extents:1 across:262140k SS
Dec  3 21:45:38 ubuntu-phablet kernel: [   11.658992] init: Detected MSM SOC ID=221 SOC VER=0 BOARD TYPE=QRD
Dec  3 21:45:38 ubuntu-phablet kernel: [   11.659414] init: failed to open '/sys/class/graphics/fb2/msm_fb_type'
Dec  3 21:45:38 ubuntu-phablet kernel: [   11.675075] pil-q6v5-lpass fe200000.qcom,lpass: adsp: loading from 0x0dc00000 to 0x0f000000
Dec  3 21:45:39 ubuntu-phablet kernel: [   12.058635] pil-q6v5-lpass fe200000.qcom,lpass: adsp: Brought out of reset
Dec  3 21:45:39 ubuntu-phablet kernel: [   12.114958] pil-q6v5-lpass fe200000.qcom,lpass: adsp: Power/Clock ready interrupt received
Dec  3 21:45:39 ubuntu-phablet kernel: [   12.136811] pil-q6v5-lpass fe200000.qcom,lpass: Subsystem error monitoring/handling services are up
Dec  3 21:45:39 ubuntu-phablet kernel: [   12.136864] adsp-loader qcom,msm-adsp-loader.41: adsp_loader_do: Q6/ADSP image is loaded
Dec  3 21:45:39 ubuntu-phablet kernel: [   12.138055] platform sound.42: Driver msm8226-asoc-tapan requests probe deferral
Dec  3 21:45:39 ubuntu-phablet kernel: [   12.138415] apr_tal:Q6 Is Up
Dec  3 21:45:39 ubuntu-phablet kernel: [   12.139649] platform sound.42: Driver msm8226-asoc-tapan requests probe deferral
Dec  3 21:45:39 ubuntu-phablet kernel: [   12.139926] diag: In diag_send_msg_mask_update, invalid status 0
Dec  3 21:45:39 ubuntu-phablet kernel: [   12.139955] diag: In diag_send_log_mask_update, invalid status 0
Dec  3 21:45:39 ubuntu-phablet kernel: [   12.141314] Slimbus QMI NGD CB received event:2
Dec  3 21:45:39 ubuntu-phablet kernel: [   12.142281] platform sound.42: Driver msm8226-asoc-tapan requests probe deferral
Dec  3 21:45:39 ubuntu-phablet kernel: [   12.150976] SLIM SAT: Received master capability
Dec  3 21:45:39 ubuntu-phablet kernel: [   12.151070] sps:BAM 0xfe104000 (va:0xc8980000) enabled: ver:0x15, number of pipes:19
Dec  3 21:45:39 ubuntu-phablet kernel: [   12.151082] sps:BAM 0xfe104000 is registered.
Dec  3 21:45:39 ubuntu-phablet kernel: [   12.156342] SLIM SAT: capability exchange successful
Dec  3 21:45:39 ubuntu-phablet kernel: [   12.156598] tapan-slim tapan-slim-pgd: Platform data from device tree
Dec  3 21:45:39 ubuntu-phablet kernel: [   12.156689] tapan-slim tapan-slim-pgd: cdc-vdd-h: vol=[1800000 1800000]uV, curr=[25000]uA, ond 0
Dec  3 21:45:39 ubuntu-phablet kernel: [   12.156725] tapan-slim tapan-slim-pgd: cdc-vdd-px: vol=[1800000 1800000]uV, curr=[25000]uA, ond 0
Dec  3 21:45:39 ubuntu-phablet kernel: [   12.156756] tapan-slim tapan-slim-pgd: cdc-vdd-cx: vol=[1200000 1200000]uV, curr=[2000]uA, ond 0
Dec  3 21:45:39 ubuntu-phablet kernel: [   12.156781] tapan-slim tapan-slim-pgd: cdc-vdd-buck: vol=[1800000 2150000]uV, curr=[650000]uA, ond 1
Dec  3 21:45:39 ubuntu-phablet kernel: [   12.156812] tapan-slim tapan-slim-pgd: cdc-vdd-buckhelper: vol=[1775000 2125000]uV, curr=[10000]uA, ond 1
Dec  3 21:45:39 ubuntu-phablet kernel: [   12.156849] tapan-slim tapan-slim-pgd: Looking up qcom,cdc-micbias4-cfilt-sel property in node /soc/slim@fe12f000/tapan_codec failed
Dec  3 21:45:39 ubuntu-phablet kernel: [   12.156932] tapan-slim tapan-slim-pgd: Looking up qcom,cdc-dmic-sample-rate property in node /soc/slim@fe12f000/tapan_codec failed
Dec  3 21:45:39 ubuntu-phablet kernel: [   12.167767] init: cannot find '/system/bin/surfaceflinger.disabled', disabling 'surfaceflinger'
Dec  3 21:45:39 ubuntu-phablet kernel: [   12.177599] healthd: wakealarm_init: timerfd_create failed
Dec  3 21:45:39 ubuntu-phablet kernel: [   12.211404] slimbus:1 laddr:0xcb, EAPC:0x1:0xe0
Dec  3 21:45:39 ubuntu-phablet kernel: [   12.211522] tapan-slim tapan-slim-pgd: wcd9xxx_slim_device_up: slim device up
Dec  3 21:45:39 ubuntu-phablet kernel: [   12.212078] slimbus:1 laddr:0xca, EAPC:0x0:0xe0
Dec  3 21:45:39 ubuntu-phablet kernel: [   12.218611] tapan-slim tapan-slim-pgd: wcd9xxx_check_codec_type: detected tapan_codec, major 0x103, minor 0x1, ver 0x1
Dec  3 21:45:39 ubuntu-phablet kernel: [   12.218632] wcd9xxx_core_res_init: num_irqs = 31, num_irq_regs = 4
Dec  3 21:45:39 ubuntu-phablet kernel: [   12.234716] tapan_codec tapan_codec: tapan_check_wcd9306: wcd9306 detected
Dec  3 21:45:39 ubuntu-phablet kernel: [   12.278652] tapan_codec tapan_codec: tapan_codec_probe()
Dec  3 21:45:39 ubuntu-phablet kernel: [   12.327128] asoc: snd-soc-dummy-dai <-> MultiMedia1 mapping ok
Dec  3 21:45:39 ubuntu-phablet kernel: [   12.328572] asoc: snd-soc-dummy-dai <-> MultiMedia2 mapping ok
Dec  3 21:45:39 ubuntu-phablet kernel: [   12.329814] asoc: snd-soc-dummy-dai <-> CS-VOICE mapping ok
Dec  3 21:45:39 ubuntu-phablet kernel: [   12.331271] asoc: snd-soc-dummy-dai <-> VoIP mapping ok
Dec  3 21:45:39 ubuntu-phablet kernel: [   12.334148] asoc: snd-soc-dummy-dai <-> MultiMedia3 mapping ok
Dec  3 21:45:39 ubuntu-phablet kernel: [   12.335501] asoc: snd-soc-dummy-dai <-> SLIMBUS0_HOSTLESS mapping ok
Dec  3 21:45:39 ubuntu-phablet kernel: [   12.338363] asoc: snd-soc-dummy-dai <-> INT_FM_HOSTLESS mapping ok
Dec  3 21:45:39 ubuntu-phablet kernel: [   12.339170] asoc: msm-stub-rx <-> msm-dai-q6-dev.241 mapping ok
Dec  3 21:45:39 ubuntu-phablet kernel: [   12.340600] asoc: msm-stub-tx <-> msm-dai-q6-dev.240 mapping ok
Dec  3 21:45:39 ubuntu-phablet kernel: [   12.342148] compress asoc: snd-soc-dummy-dai <-> MultiMedia4 mapping ok
Dec  3 21:45:39 ubuntu-phablet kernel: [   12.343273] asoc: snd-soc-dummy-dai <-> AUXPCM_HOSTLESS mapping ok
Dec  3 21:45:39 ubuntu-phablet kernel: [   12.344470] asoc: snd-soc-dummy-dai <-> SLIMBUS1_HOSTLESS mapping ok
Dec  3 21:45:39 ubuntu-phablet kernel: [   12.345496] asoc: snd-soc-dummy-dai <-> SLIMBUS3_HOSTLESS mapping ok
Dec  3 21:45:39 ubuntu-phablet kernel: [   12.346574] asoc: snd-soc-dummy-dai <-> SLIMBUS4_HOSTLESS mapping ok
Dec  3 21:45:39 ubuntu-phablet kernel: [   12.347808] asoc: snd-soc-dummy-dai <-> Voice2 mapping ok
Dec  3 21:45:39 ubuntu-phablet kernel: [   12.349531] asoc: snd-soc-dummy-dai <-> MultiMedia5 mapping ok
Dec  3 21:45:39 ubuntu-phablet kernel: [   12.350856] asoc: snd-soc-dummy-dai <-> MultiMedia9 mapping ok
Dec  3 21:45:39 ubuntu-phablet kernel: [   12.351909] asoc: snd-soc-dummy-dai <-> VoLTE mapping ok
Dec  3 21:45:39 ubuntu-phablet kernel: [   12.353070] asoc: snd-soc-dummy-dai <-> QCHAT mapping ok
Dec  3 21:45:39 ubuntu-phablet kernel: [   12.353907] asoc: snd-soc-dummy-dai <-> LSM1 mapping ok
Dec  3 21:45:39 ubuntu-phablet kernel: [   12.354753] asoc: snd-soc-dummy-dai <-> MultiMedia8 mapping ok
Dec  3 21:45:39 ubuntu-phablet kernel: [   12.355434] asoc: snd-soc-dummy-dai <-> LSM2 mapping ok
Dec  3 21:45:39 ubuntu-phablet kernel: [   12.356079] asoc: snd-soc-dummy-dai <-> LSM3 mapping ok
Dec  3 21:45:39 ubuntu-phablet kernel: [   12.356719] asoc: snd-soc-dummy-dai <-> LSM4 mapping ok
Dec  3 21:45:39 ubuntu-phablet kernel: [   12.357349] asoc: snd-soc-dummy-dai <-> LSM5 mapping ok
Dec  3 21:45:39 ubuntu-phablet kernel: [   12.357968] asoc: snd-soc-dummy-dai <-> LSM6 mapping ok
Dec  3 21:45:39 ubuntu-phablet kernel: [   12.358602] asoc: snd-soc-dummy-dai <-> LSM7 mapping ok
Dec  3 21:45:39 ubuntu-phablet kernel: [   12.359243] asoc: snd-soc-dummy-dai <-> LSM8 mapping ok
Dec  3 21:45:39 ubuntu-phablet kernel: [   12.359944] asoc: snd-soc-dummy-dai <-> INT_HFP_BT_HOSTLESS mapping ok
Dec  3 21:45:39 ubuntu-phablet kernel: [   12.360714] asoc: snd-soc-dummy-dai <-> MultiMedia6 mapping ok
Dec  3 21:45:39 ubuntu-phablet kernel: [   12.361647] asoc: snd-soc-dummy-dai <-> VoWLAN mapping ok
Dec  3 21:45:39 ubuntu-phablet kernel: [   12.362379] asoc: msm-stub-rx <-> msm-dai-q6-dev.12288 mapping ok
Dec  3 21:45:39 ubuntu-phablet kernel: [   12.362942] asoc: msm-stub-tx <-> msm-dai-q6-dev.12289 mapping ok
Dec  3 21:45:39 ubuntu-phablet kernel: [   12.363513] asoc: msm-stub-rx <-> msm-dai-q6-dev.12292 mapping ok
Dec  3 21:45:39 ubuntu-phablet kernel: [   12.364247] asoc: msm-stub-tx <-> msm-dai-q6-dev.12293 mapping ok
Dec  3 21:45:39 ubuntu-phablet kernel: [   12.364936] asoc: msm-stub-rx <-> msm-dai-q6-dev.224 mapping ok
Dec  3 21:45:39 ubuntu-phablet kernel: [   12.365704] asoc: msm-stub-tx <-> msm-dai-q6-dev.225 mapping ok
Dec  3 21:45:39 ubuntu-phablet kernel: [   12.366588] asoc: snd-soc-dummy-dai <-> HDMI_HOSTLESS mapping ok
Dec  3 21:45:39 ubuntu-phablet kernel: [   12.367168] asoc: msm-stub-rx <-> msm-dai-q6-auxpcm.1 mapping ok
Dec  3 21:45:39 ubuntu-phablet kernel: [   12.367767] asoc: msm-stub-tx <-> msm-dai-q6-auxpcm.1 mapping ok
Dec  3 21:45:39 ubuntu-phablet kernel: [   12.368406] asoc: msm-stub-tx <-> msm-dai-q6-dev.32772 mapping ok
Dec  3 21:45:39 ubuntu-phablet kernel: [   12.368804] warning: `ptt_socket_app' uses 32-bit capabilities (legacy support in use)
Dec  3 21:45:39 ubuntu-phablet kernel: [   12.369039] asoc: msm-stub-tx <-> msm-dai-q6-dev.32771 mapping ok
Dec  3 21:45:39 ubuntu-phablet kernel: [   12.369681] asoc: msm-stub-rx <-> msm-dai-q6-dev.32773 mapping ok
Dec  3 21:45:39 ubuntu-phablet kernel: [   12.370340] asoc: msm-stub-rx <-> msm-dai-q6-dev.32770 mapping ok
Dec  3 21:45:39 ubuntu-phablet kernel: [   12.378662] pil-q6v5-mss fc880000.qcom,mss: mba: loading from 0x0c300000 to 0x0c339000
Dec  3 21:45:39 ubuntu-phablet kernel: [   12.388358] 'opened /dev/adsprpc-smd c 243 0'
Dec  3 21:45:39 ubuntu-phablet kernel: [   12.426513] pil-q6v5-mss fc880000.qcom,mss: mba: Brought out of reset
Dec  3 21:45:39 ubuntu-phablet kernel: [   12.464980] pil-q6v5-mss fc880000.qcom,mss: modem: loading from 0x08400000 to 0x0c300000
Dec  3 21:45:39 ubuntu-phablet powerd[993]: Running on armani
Dec  3 21:45:39 ubuntu-phablet powerd[993]: No backlight devices found
Dec  3 21:45:39 ubuntu-phablet powerd[993]: Could not read maximum brightness, guessing at dim/bright values
Dec  3 21:45:39 ubuntu-phablet kernel: [   12.523081] init: using deprecated syntax for specifying property 'ro.serialno', use ${name} instead
Dec  3 21:45:39 ubuntu-phablet kernel: [   12.523256] init: using deprecated syntax for specifying property 'ro.product.manufacturer', use ${name} instead
Dec  3 21:45:39 ubuntu-phablet kernel: [   12.523401] init: using deprecated syntax for specifying property 'ro.product.model', use ${name} instead
Dec  3 21:45:39 ubuntu-phablet kernel: [   12.556142] adb_release
Dec  3 21:45:39 ubuntu-phablet kernel: [   12.559801] msm_thermal: enabled = 0
Dec  3 21:45:39 ubuntu-phablet kernel: [   12.561897] mtp_bind_config
Dec  3 21:45:39 ubuntu-phablet kernel: [   12.562254] msm_hsusb msm_hsusb: CI13XXX_CONTROLLER_CONNECT_EVENT received
Dec  3 21:45:39 ubuntu-phablet kernel: [   12.563080] mtp_bind_config
