Dec  3 21:04:27 ubuntu-phablet kernel: imklog 5.8.11, log source = /proc/kmsg started.
Dec  3 21:04:27 ubuntu-phablet rsyslogd: [origin software="rsyslogd" swVersion="5.8.11" x-pid="886" x-info="http://www.rsyslog.com"] start
Dec  3 21:04:27 ubuntu-phablet rsyslogd: rsyslogd's groupid changed to 103
Dec  3 21:04:27 ubuntu-phablet rsyslogd: rsyslogd's userid changed to 101
Dec  3 21:04:27 ubuntu-phablet rsyslogd-2039: Could not open output pipe '/dev/xconsole' [try http://www.rsyslog.com/e/2039 ]
Dec  3 21:04:27 ubuntu-phablet kernel: [    0.000000] Booting Linux on physical CPU 0
Dec  3 21:04:27 ubuntu-phablet kernel: [    0.000000] Initializing cgroup subsys cpu
Dec  3 21:04:27 ubuntu-phablet kernel: [    0.000000] Linux version 3.4.0-g3106909 (alexforsale@elasrofxela) (gcc version 4.7 (GCC) ) #6 SMP PREEMPT Fri Dec 4 02:28:20 WIB 2015
Dec  3 21:04:27 ubuntu-phablet kernel: [    0.000000] CPU: ARMv7 Processor [410fc073] revision 3 (ARMv7), cr=10c5387d
Dec  3 21:04:27 ubuntu-phablet kernel: [    0.000000] CPU: PIPT / VIPT nonaliasing data cache, VIPT aliasing instruction cache
Dec  3 21:04:27 ubuntu-phablet kernel: [    0.000000] Machine: Qualcomm MSM 8226 (Flattened Device Tree), model: Qualcomm MSM 8226v2 H1A
Dec  3 21:04:27 ubuntu-phablet kernel: [    0.000000] Powerup reason=0x40110
Dec  3 21:04:27 ubuntu-phablet kernel: [    0.000000] Hw version=0x40
Dec  3 21:04:27 ubuntu-phablet kernel: [    0.000000] qcom,ion-heap@28 reserved EBI1 size 314000
Dec  3 21:04:27 ubuntu-phablet kernel: [    0.000000] qcom,mdss_fb_primary reserved EBI1 size 800000
Dec  3 21:04:27 ubuntu-phablet kernel: [    0.000000] Node qcom,mdss_fb_primary memblock_reserve memory 3200000-41a0000
Dec  3 21:04:27 ubuntu-phablet kernel: [    0.000000] Node qcom,msm-mem-hole removed memory 8400000-c400000
Dec  3 21:04:27 ubuntu-phablet kernel: [    0.000000] Node qcom,msm-mem-hole removed memory d200000-f500000
Dec  3 21:04:27 ubuntu-phablet kernel: [    0.000000] Node qcom,msm-mem-hole removed memory fa00000-ff00000
Dec  3 21:04:27 ubuntu-phablet kernel: [    0.000000] qcom,msm-rtb reserved EBI1 size 100000
Dec  3 21:04:27 ubuntu-phablet kernel: [    0.000000] memory pool 3 (start 0x3f300000 size d00000) initialized
Dec  3 21:04:27 ubuntu-phablet kernel: [    0.000000] Initialized persistent memory from 3f100000-3f2fffff
Dec  3 21:04:27 ubuntu-phablet kernel: [    0.000000] cma: CMA: reserved 16 MiB at 35000000
Dec  3 21:04:27 ubuntu-phablet kernel: [    0.000000] cma: Found secure_region, memory base 0, size 109 MiB
Dec  3 21:04:27 ubuntu-phablet kernel: [    0.000000] cma: CMA: reserved 112 MiB at 38000000
Dec  3 21:04:27 ubuntu-phablet kernel: [    0.000000] cma: Found adsp_region, memory base 0, size 42 MiB
Dec  3 21:04:27 ubuntu-phablet kernel: [    0.000000] cma: CMA: reserved 44 MiB at 32400000
Dec  3 21:04:27 ubuntu-phablet kernel: [    0.000000] cma: Found qsecom_region, memory base 0, size 13 MiB
Dec  3 21:04:27 ubuntu-phablet kernel: [    0.000000] cma: CMA: reserved 16 MiB at 37000000
Dec  3 21:04:27 ubuntu-phablet kernel: [    0.000000] Memory policy: ECC disabled, Data cache writealloc
Dec  3 21:04:27 ubuntu-phablet kernel: [    0.000000] IMEM DT static mapping successful
Dec  3 21:04:27 ubuntu-phablet kernel: [    0.000000] On node 0 totalpages: 232192
Dec  3 21:04:27 ubuntu-phablet kernel: [    0.000000] free_area_init_node: node 0, pgdat c12f7780, node_mem_map c2439000
Dec  3 21:04:27 ubuntu-phablet kernel: [    0.000000]   Normal zone: 1944 pages used for memmap
Dec  3 21:04:27 ubuntu-phablet kernel: [    0.000000]   Normal zone: 0 pages reserved
Dec  3 21:04:27 ubuntu-phablet kernel: [    0.000000]   Normal zone: 192616 pages, LIFO batch:31
Dec  3 21:04:27 ubuntu-phablet kernel: [    0.000000]   HighMem zone: 360 pages used for memmap
Dec  3 21:04:27 ubuntu-phablet kernel: [    0.000000]   HighMem zone: 37272 pages, LIFO batch:7
Dec  3 21:04:27 ubuntu-phablet kernel: [    0.000000] PERCPU: Embedded 10 pages/cpu @c2d7c000 s16576 r8192 d16192 u40960
Dec  3 21:04:27 ubuntu-phablet kernel: [    0.000000] pcpu-alloc: s16576 r8192 d16192 u40960 alloc=10*4096
Dec  3 21:04:27 ubuntu-phablet kernel: [    0.000000] pcpu-alloc: [0] 0 [0] 1 [0] 2 [0] 3 
Dec  3 21:04:27 ubuntu-phablet kernel: [    0.000000] Built 1 zonelists in Zone order, mobility grouping on.  Total pages: 229888
Dec  3 21:04:27 ubuntu-phablet kernel: [    0.000000] Kernel command line: androidboot.hardware=armani user_debug=31 msm_rtb.filter=0x37 console=tty0 androidboot.emmc=true androidboot.modem=HM1AW androidboot.hwversion=40 androidboot.serialno=9924b89b androidboot.baseband=msm mdss_mdp.panel=1:dsi:0:qcom,mdss_dsi_auo_720p_video
Dec  3 21:04:27 ubuntu-phablet kernel: [    0.000000] androidboot.modem= HM1AW
Dec  3 21:04:27 ubuntu-phablet kernel: [    0.000000] PID hash table entries: 4096 (order: 2, 16384 bytes)
Dec  3 21:04:27 ubuntu-phablet kernel: [    0.000000] Dentry cache hash table entries: 131072 (order: 7, 524288 bytes)
Dec  3 21:04:27 ubuntu-phablet kernel: [    0.000000] Inode-cache hash table entries: 65536 (order: 6, 262144 bytes)
Dec  3 21:04:27 ubuntu-phablet kernel: [    0.000000] Memory: 132MB 14MB 5MB 756MB = 907MB total
Dec  3 21:04:27 ubuntu-phablet kernel: [    0.000000] Memory: 677216k/677216k available, 264864k reserved, 17408K highmem
Dec  3 21:04:27 ubuntu-phablet kernel: [    0.000000] Virtual kernel memory layout:
Dec  3 21:04:27 ubuntu-phablet kernel: [    0.000000]     vector  : 0xffff0000 - 0xffff1000   (   4 kB)
Dec  3 21:04:27 ubuntu-phablet kernel: [    0.000000]     fixmap  : 0xfff00000 - 0xfffe0000   ( 896 kB)
Dec  3 21:04:27 ubuntu-phablet kernel: [    0.000000] 	   vmalloc : 0xf6800000 - 0xff000000   ( 136 MB)
Dec  3 21:04:27 ubuntu-phablet kernel: [    0.000000] 	    lowmem : 0xe0000000 - 0xf6000000   ( 352 MB)
Dec  3 21:04:27 ubuntu-phablet kernel: [    0.000000] 	    lowmem : 0xcff00000 - 0xe0000000   ( 257 MB)
Dec  3 21:04:27 ubuntu-phablet kernel: [    0.000000] 	   vmalloc : 0xcfa00000 - 0xcff00000   (   5 MB)
Dec  3 21:04:27 ubuntu-phablet kernel: [    0.000000] 	    lowmem : 0xcf500000 - 0xcfa00000   (   5 MB)
Dec  3 21:04:27 ubuntu-phablet kernel: [    0.000000] 	   vmalloc : 0xcd200000 - 0xcf500000   (  35 MB)
Dec  3 21:04:27 ubuntu-phablet kernel: [    0.000000] 	    lowmem : 0xcc400000 - 0xcd200000   (  14 MB)
Dec  3 21:04:27 ubuntu-phablet kernel: [    0.000000] 	   vmalloc : 0xc8400000 - 0xcc400000   (  64 MB)
Dec  3 21:04:27 ubuntu-phablet kernel: [    0.000000] 	    lowmem : 0xc0000000 - 0xc8400000   ( 132 MB)
Dec  3 21:04:27 ubuntu-phablet kernel: [    0.000000]     pkmap   : 0xbfe00000 - 0xc0000000   (   2 MB)
Dec  3 21:04:27 ubuntu-phablet kernel: [    0.000000]     modules : 0xbf000000 - 0xbfe00000   (  14 MB)
Dec  3 21:04:27 ubuntu-phablet kernel: [    0.000000]       .text : 0xc0008000 - 0xc1095000   (16948 kB)
Dec  3 21:04:27 ubuntu-phablet kernel: [    0.000000]       .init : 0xc1100000 - 0xc12140c0   (1105 kB)
Dec  3 21:04:27 ubuntu-phablet kernel: [    0.000000]       .data : 0xc1216000 - 0xc132c770   (1114 kB)
Dec  3 21:04:27 ubuntu-phablet kernel: [    0.000000]        .bss : 0xc132c794 - 0xc1b1dda0   (8134 kB)
Dec  3 21:04:27 ubuntu-phablet kernel: [    0.000000] SLUB: Genslabs=11, HWalign=64, Order=0-3, MinObjects=0, CPUs=4, Nodes=1
Dec  3 21:04:27 ubuntu-phablet kernel: [    0.000000] Preemptible hierarchical RCU implementation.
Dec  3 21:04:27 ubuntu-phablet kernel: [    0.000000] 	RCU dyntick-idle grace-period acceleration is enabled.
Dec  3 21:04:27 ubuntu-phablet kernel: [    0.000000] NR_IRQS:16 nr_irqs:16 16
Dec  3 21:04:27 ubuntu-phablet kernel: [    0.000000] kmemleak: Kernel memory leak detector disabled
Dec  3 21:04:27 ubuntu-phablet kernel: [    0.000000] sched_clock: 32 bits at 19MHz, resolution 52ns, wraps every 223696ms
Dec  3 21:04:27 ubuntu-phablet kernel: [    0.000000] Switching to timer-based delay loop
Dec  3 21:04:27 ubuntu-phablet kernel: [    0.000000] Console: colour dummy device 80x30
Dec  3 21:04:27 ubuntu-phablet kernel: [    0.000000] console [tty0] enabled
Dec  3 21:04:27 ubuntu-phablet kernel: [    0.001240] Calibrating delay loop (skipped), value calculated using timer frequency.. 38.40 BogoMIPS (lpj=192000)
Dec  3 21:04:27 ubuntu-phablet kernel: [    0.001299] pid_max: default: 32768 minimum: 301
Dec  3 21:04:27 ubuntu-phablet kernel: [    0.001591] Security Framework initialized
Dec  3 21:04:27 ubuntu-phablet kernel: [    0.001814] AppArmor: AppArmor initialized
Dec  3 21:04:27 ubuntu-phablet kernel: [    0.001842] Yama: becoming mindful.
Dec  3 21:04:27 ubuntu-phablet kernel: [    0.002013] Mount-cache hash table entries: 512
Dec  3 21:04:27 ubuntu-phablet kernel: [    0.003379] Initializing cgroup subsys debug
Dec  3 21:04:27 ubuntu-phablet kernel: [    0.003414] Initializing cgroup subsys cpuacct
Dec  3 21:04:27 ubuntu-phablet kernel: [    0.003442] Initializing cgroup subsys freezer
Dec  3 21:04:27 ubuntu-phablet kernel: [    0.003517] CPU: Testing write buffer coherency: ok
Dec  3 21:04:27 ubuntu-phablet kernel: [    0.004006] CPU0: thread -1, cpu 0, socket 0, mpidr 80000000
Dec  3 21:04:27 ubuntu-phablet kernel: [    0.004111] hw perfevents: enabled with ARMv7 Cortex-A7 PMU driver, 5 counters available
Dec  3 21:04:27 ubuntu-phablet kernel: [    0.007815] Setting up static identity map for 0xb2dba8 - 0xb2dc0c
Dec  3 21:04:27 ubuntu-phablet kernel: [    0.007884] Configuring XPU violations to be fatal errors
Dec  3 21:04:27 ubuntu-phablet kernel: [    0.007920] MSM Memory Dump table set up
Dec  3 21:04:27 ubuntu-phablet kernel: [    0.013939] CPU1: thread -1, cpu 1, socket 0, mpidr 80000001
Dec  3 21:04:27 ubuntu-phablet kernel: [    0.018699] CPU2: thread -1, cpu 2, socket 0, mpidr 80000002
Dec  3 21:04:27 ubuntu-phablet kernel: [    0.023415] CPU3: thread -1, cpu 3, socket 0, mpidr 80000003
Dec  3 21:04:27 ubuntu-phablet kernel: [    0.023524] Brought up 4 CPUs
Dec  3 21:04:27 ubuntu-phablet kernel: [    0.023615] SMP: Total of 4 processors activated (153.60 BogoMIPS).
Dec  3 21:04:27 ubuntu-phablet kernel: [    0.025342] devtmpfs: initialized
Dec  3 21:04:27 ubuntu-phablet kernel: [    0.045372] EVM: security.selinux
Dec  3 21:04:27 ubuntu-phablet kernel: [    0.045401] EVM: security.SMACK64
Dec  3 21:04:27 ubuntu-phablet kernel: [    0.045426] EVM: security.capability
Dec  3 21:04:27 ubuntu-phablet kernel: [    0.047366] dummy: 
Dec  3 21:04:27 ubuntu-phablet kernel: [    0.220619] NET: Registered protocol family 16
Dec  3 21:04:27 ubuntu-phablet kernel: [    0.235472] DMA: preallocated 256 KiB pool for atomic coherent allocations
Dec  3 21:04:27 ubuntu-phablet kernel: [    0.238228] KPI: Bootloader start count = 30080
Dec  3 21:04:27 ubuntu-phablet kernel: [    0.238265] KPI: Bootloader end count = 51589
Dec  3 21:04:27 ubuntu-phablet kernel: [    0.238293] KPI: Bootloader display count = 42196
Dec  3 21:04:27 ubuntu-phablet kernel: [    0.238323] KPI: Bootloader load kernel count = 2258
Dec  3 21:04:27 ubuntu-phablet kernel: [    0.238354] KPI: Kernel MPM timestamp = 92919
Dec  3 21:04:27 ubuntu-phablet kernel: [    0.238382] KPI: Kernel MPM Clock frequency = 32768
Dec  3 21:04:27 ubuntu-phablet kernel: [    0.238423] socinfo_print: v8, id=221, ver=2.0, raw_id=2325, raw_ver=1, hw_plat=11, hw_plat_ver=0
Dec  3 21:04:27 ubuntu-phablet kernel: [    0.238433]  accessory_chip=0, hw_plat_subtype=0, pmic_model=65540, pmic_die_revision=131073
Dec  3 21:04:27 ubuntu-phablet kernel: [    0.266965] gpiochip_add: registered GPIOs 0 to 116 on device: msmgpio
Dec  3 21:04:27 ubuntu-phablet kernel: [    0.277648] msm_watchdog f9017000.qcom,wdt: MSM Watchdog Initialized
Dec  3 21:04:27 ubuntu-phablet kernel: [    0.327753] 8226_s1: 500 <--> 1275 mV at 0 mV normal idle 
Dec  3 21:04:27 ubuntu-phablet kernel: [    0.328688] 8226_s1_corner: 0 <--> 0 mV at 0 mV normal idle 
Dec  3 21:04:27 ubuntu-phablet kernel: [    0.329634] 8226_s1_corner_ao: 0 <--> 0 mV at 0 mV normal idle 
Dec  3 21:04:27 ubuntu-phablet kernel: [    0.330549] 8226_s1_floor_corner: 0 <--> 0 mV at 0 mV normal idle 
Dec  3 21:04:27 ubuntu-phablet kernel: [    0.331502] 8226_s3: 1200 <--> 1300 mV at 1200 mV normal idle 
Dec  3 21:04:27 ubuntu-phablet kernel: [    0.332459] 8226_s4: 1800 <--> 2200 mV at 1800 mV normal idle 
Dec  3 21:04:27 ubuntu-phablet kernel: [    0.333468] 8226_s5: 1150 mV normal idle 
Dec  3 21:04:27 ubuntu-phablet kernel: [    0.334405] 8226_l1: 1225 mV normal idle 
Dec  3 21:04:27 ubuntu-phablet kernel: [    0.335456] 8226_l2: 1200 mV normal idle 
Dec  3 21:04:27 ubuntu-phablet kernel: [    0.336453] 8226_l3: 750 <--> 1337 mV at 0 mV normal idle 
Dec  3 21:04:27 ubuntu-phablet kernel: [    0.337347] 8226_l3_ao: 750 <--> 1337 mV at 0 mV normal idle 
Dec  3 21:04:27 ubuntu-phablet kernel: [    0.338266] 8226_l3_so: 750 <--> 1337 mV at 750 mV normal idle 
Dec  3 21:04:27 ubuntu-phablet kernel: [    0.339290] 8226_l4: 1200 mV normal idle 
Dec  3 21:04:27 ubuntu-phablet kernel: [    0.340231] 8226_l5: 1200 mV normal idle 
Dec  3 21:04:27 ubuntu-phablet kernel: [    0.341232] 8226_l6: 1800 mV normal idle 
Dec  3 21:04:27 ubuntu-phablet kernel: [    0.342233] 8226_l7: 1850 mV normal idle 
Dec  3 21:04:27 ubuntu-phablet kernel: [    0.343499] 8226_l8: 1800 mV normal idle 
Dec  3 21:04:27 ubuntu-phablet kernel: [    0.344448] 8226_l8_ao: 1800 mV normal idle 
Dec  3 21:04:27 ubuntu-phablet kernel: [    0.345432] 8226_l8_so: 1800 mV normal idle 
Dec  3 21:04:27 ubuntu-phablet kernel: [    0.346410] 8226_l9: 2050 mV normal idle 
Dec  3 21:04:27 ubuntu-phablet kernel: [    0.347382] 8226_l10: 1800 mV normal idle 
Dec  3 21:04:27 ubuntu-phablet kernel: [    0.348447] 8226_l12: 1800 mV normal idle 
Dec  3 21:04:27 ubuntu-phablet kernel: [    0.349420] 8226_l14: 2750 mV normal idle 
Dec  3 21:04:27 ubuntu-phablet kernel: [    0.350358] 8226_l15: 2800 mV normal idle 
Dec  3 21:04:27 ubuntu-phablet kernel: [    0.351361] 8226_l16: 3000 <--> 3350 mV at 3300 mV normal idle 
Dec  3 21:04:27 ubuntu-phablet kernel: [    0.352345] 8226_l17: 2950 mV normal idle 
Dec  3 21:04:27 ubuntu-phablet kernel: [    0.353282] 8226_l18: 2950 mV normal idle 
Dec  3 21:04:27 ubuntu-phablet kernel: [    0.354268] 8226_l19: 2850 mV normal idle 
Dec  3 21:04:27 ubuntu-phablet kernel: [    0.355325] 8226_l20: 3075 mV normal idle 
Dec  3 21:04:27 ubuntu-phablet kernel: [    0.356263] 8226_l21: 1800 <--> 2950 mV at 2950 mV normal idle 
Dec  3 21:04:27 ubuntu-phablet kernel: [    0.357255] 8226_l22: 1800 <--> 2950 mV at 2950 mV normal idle 
Dec  3 21:04:27 ubuntu-phablet kernel: [    0.358231] 8226_l23: 1800 <--> 2950 mV at 2950 mV normal idle 
Dec  3 21:04:27 ubuntu-phablet kernel: [    0.359221] 8226_l24: 1300 <--> 1350 mV at 1300 mV normal idle 
Dec  3 21:04:27 ubuntu-phablet kernel: [    0.360200] 8226_l25: 1775 <--> 2125 mV at 1775 mV normal idle 
Dec  3 21:04:27 ubuntu-phablet kernel: [    0.361212] 8226_l26: 1225 mV normal idle 
Dec  3 21:04:27 ubuntu-phablet kernel: [    0.362161] 8226_l27: 2050 mV normal idle 
Dec  3 21:04:27 ubuntu-phablet kernel: [    0.363154] 8226_l28: 1800 <--> 2950 mV at 2950 mV normal idle 
Dec  3 21:04:27 ubuntu-phablet kernel: [    0.364123] 8226_lvs1: 
Dec  3 21:04:27 ubuntu-phablet kernel: [    0.365192] 8226_s2: 900 <--> 1350 mV at 1150 mV 
Dec  3 21:04:27 ubuntu-phablet kernel: [    0.365522] spm_regulator_probe: name=8226_s2, range=MV, voltage=1150000 uV, mode=AUTO, step rate=9600 uV/us
Dec  3 21:04:27 ubuntu-phablet kernel: [    0.406630] AXI: msm_bus_fabric_init_driver(): msm_bus_fabric_init_driver
Dec  3 21:04:27 ubuntu-phablet kernel: [    0.408773] AXI: msm_bus_fabric_probe(): Coresight support absent for bus: 2048
Dec  3 21:04:27 ubuntu-phablet kernel: [    0.410445] AXI: msm_bus_fabric_probe(): Coresight support absent for bus: 1024
Dec  3 21:04:27 ubuntu-phablet kernel: [    0.412173] AXI: msm_bus_fabric_probe(): Coresight support absent for bus: 4096
Dec  3 21:04:27 ubuntu-phablet kernel: [    0.414861] AXI: msm_bus_fabric_probe(): Coresight support absent for bus: 5120
Dec  3 21:04:27 ubuntu-phablet kernel: [    0.415762] AXI: msm_bus_fabric_probe(): Coresight support absent for bus: 0
Dec  3 21:04:27 ubuntu-phablet kernel: [    0.416258] AXI: msm_bus_fabric_probe(): Coresight support absent for bus: 6144
Dec  3 21:04:27 ubuntu-phablet kernel: [    0.418521] qup_i2c f9927000.i2c: Missing 'qcom,master-id' DT entry
Dec  3 21:04:27 ubuntu-phablet kernel: [    0.419903] kworker/u:0 used greatest stack depth: 5928 bytes left
Dec  3 21:04:27 ubuntu-phablet kernel: [    0.421559] qup_i2c f9928000.i2c: Missing 'qcom,master-id' DT entry
Dec  3 21:04:27 ubuntu-phablet kernel: [    0.423066] cpr_efuse_init: efuse_addr = 0xfc4b8000 (len=0x1000)
Dec  3 21:04:27 ubuntu-phablet kernel: [    0.423240] cpr_fuse_is_setting_expected: [row:54] = 0x1c0000000000 @42:6 == 7 ?: yes
Dec  3 21:04:27 ubuntu-phablet kernel: [    0.423297] cpr_parse_speed_bin_fuse: [row: 22]: 0x202b0b1a000001a9, speed_bits = 1
Dec  3 21:04:27 ubuntu-phablet kernel: [    0.423359] cpr_fuse_is_setting_expected: [row:22] = 0x202b0b1a000001a9 @53:1 == 0 ?: no
Dec  3 21:04:27 ubuntu-phablet kernel: [    0.423413] cpr_fuse_is_setting_expected: [row:22] = 0x202b0b1a000001a9 @24:3 == 2 ?: no
Dec  3 21:04:27 ubuntu-phablet kernel: [    0.423473] cpr_pvs_init: pvs voltage: [1050000 1150000 1290000] uV
Dec  3 21:04:27 ubuntu-phablet kernel: [    0.423512] cpr_pvs_init: ceiling voltage: [1050000 1150000 1290000] uV
Dec  3 21:04:27 ubuntu-phablet kernel: [    0.423550] cpr_pvs_init: floor voltage: [1050000 1050000 1100000] uV
Dec  3 21:04:27 ubuntu-phablet kernel: [    0.424063] cpr_fuse_is_setting_expected: [row:138] = 0x8404a36a3a9595 @57:1 == 1 ?: no
Dec  3 21:04:27 ubuntu-phablet kernel: [    0.424129] cpr_init_cpr_efuse: [row:138] = 0x8404a36a3a9595
Dec  3 21:04:27 ubuntu-phablet kernel: [    0.424172] cpr_init_cpr_efuse: disable = 0, local = 1
Dec  3 21:04:27 ubuntu-phablet kernel: [    0.424205] cpr_init_cpr_efuse: Corner[1]: ro_sel = 2, target quot = 874
Dec  3 21:04:27 ubuntu-phablet kernel: [    0.424243] cpr_init_cpr_efuse: Corner[2]: ro_sel = 2, target quot = 937
Dec  3 21:04:27 ubuntu-phablet kernel: [    0.424280] cpr_init_cpr_efuse: Corner[3]: ro_sel = 2, target quot = 1429
Dec  3 21:04:27 ubuntu-phablet kernel: [    0.424369] cpr_parse_pvs_version_fuse: [row: 22]: 0x202b0b1a000001a9, pvs_version = 2
Dec  3 21:04:27 ubuntu-phablet kernel: [    0.424443] cpr_get_corner_quot_adjustment: quotient adjustment scaling factor: 0.610
Dec  3 21:04:27 ubuntu-phablet kernel: [    0.424488] cpr_get_corner_quot_adjustment: adjusted quotient[12] = 1429
Dec  3 21:04:27 ubuntu-phablet kernel: [    0.424525] cpr_get_corner_quot_adjustment: adjusted quotient[11] = 1371
Dec  3 21:04:27 ubuntu-phablet kernel: [    0.424562] cpr_get_corner_quot_adjustment: adjusted quotient[10] = 1312
Dec  3 21:04:27 ubuntu-phablet kernel: [    0.424599] cpr_get_corner_quot_adjustment: adjusted quotient[9] = 1278
Dec  3 21:04:27 ubuntu-phablet kernel: [    0.424636] cpr_get_corner_quot_adjustment: adjusted quotient[8] = 1254
Dec  3 21:04:27 ubuntu-phablet kernel: [    0.424672] cpr_get_corner_quot_adjustment: adjusted quotient[7] = 1184
Dec  3 21:04:27 ubuntu-phablet kernel: [    0.424709] cpr_get_corner_quot_adjustment: adjusted quotient[6] = 1125
Dec  3 21:04:27 ubuntu-phablet kernel: [    0.424746] cpr_get_corner_quot_adjustment: adjusted quotient[5] = 1067
Dec  3 21:04:27 ubuntu-phablet kernel: [    0.424853] cpr_init_cpr_parameters: CPR is enabled by default.
Dec  3 21:04:27 ubuntu-phablet kernel: [    0.424903] cpr_config: Timer count: 0x17700 (for 5000 us)
Dec  3 21:04:27 ubuntu-phablet kernel: [    0.425426] apc_corner: 0 <--> 0 mV 
Dec  3 21:04:27 ubuntu-phablet kernel: [    0.427700] msm-thermal qcom,msm-thermal.67: probe_freq_mitigation:Failed reading node=/soc/qcom,msm-thermal, key=qcom,freq-mitigation-temp. KTM continues
Dec  3 21:04:27 ubuntu-phablet kernel: [    0.427773] msm-thermal qcom,msm-thermal.67: probe_psm:Failed reading node=/soc/qcom,msm-thermal, key=qcom,pmic-sw-mode-temp. KTM continues
Dec  3 21:04:27 ubuntu-phablet kernel: [    0.428228] vdd_restriction_reg_init:Defer vdd rstr freq init
Dec  3 21:04:27 ubuntu-phablet kernel: [    0.428276] msm-thermal qcom,msm-thermal.67: probe_ocr:Failed reading node=/soc/qcom,msm-thermal, key=qti,pmic-opt-curr-temp. KTM continues
Dec  3 21:04:27 ubuntu-phablet kernel: [    0.429445] persistent_ram: found existing buffer, size 78203, start 78203
Dec  3 21:04:27 ubuntu-phablet kernel: [    0.430799] console [ram-1] enabled
Dec  3 21:04:27 ubuntu-phablet kernel: [    0.430849]  LCD_KCAL_DEBUG : add_lcd_kcal_devices 
Dec  3 21:04:27 ubuntu-phablet kernel: [    0.431102] hw-breakpoint: found 5 (+1 reserved) breakpoint and 4 watchpoint registers.
Dec  3 21:04:27 ubuntu-phablet kernel: [    0.431151] hw-breakpoint: maximum watchpoint size is 8 bytes.
Dec  3 21:04:27 ubuntu-phablet kernel: [    0.432200] msm-jtag-fuse fc4be024.jtagfuse: JTag Fuse initialized
Dec  3 21:04:27 ubuntu-phablet kernel: [    0.438728] sps:sps is ready.
Dec  3 21:04:27 ubuntu-phablet kernel: [    0.441592] gdsc_venus: 
Dec  3 21:04:27 ubuntu-phablet kernel: [    0.442195] gdsc_mdss: 
Dec  3 21:04:27 ubuntu-phablet kernel: [    0.442783] gdsc_jpeg: 
Dec  3 21:04:27 ubuntu-phablet kernel: [    0.443416] gdsc_vfe: 
Dec  3 21:04:27 ubuntu-phablet kernel: [    0.443997] gdsc_oxili_cx: 
Dec  3 21:04:27 ubuntu-phablet kernel: [    0.444530] gdsc_usb_hsic: 
Dec  3 21:04:27 ubuntu-phablet kernel: [    0.446309] msm_ocmem fdd00000.qcom,ocmem: OCMEM Virtual addr c8800000
Dec  3 21:04:27 ubuntu-phablet kernel: [    0.446522] Physical OCMEM zone layout:
Dec  3 21:04:27 ubuntu-phablet kernel: [    0.446557]  zone graphics	: 0xfec00000 - 0xfec1ffff ( 128 KB)
Dec  3 21:04:27 ubuntu-phablet kernel: [    0.497987] bio: create slab <bio-0> at 0
Dec  3 21:04:27 ubuntu-phablet kernel: [    0.500415] cma: Assigned CMA region at 0 to 8.qcom,ion-heap device
Dec  3 21:04:27 ubuntu-phablet kernel: [    0.500584] ION-heap mm: Cannot specify alignment for this type of heap
Dec  3 21:04:27 ubuntu-phablet kernel: [    0.500791] cma: Assigned CMA region at 0 to 16.qcom,ion-heap device
Dec  3 21:04:27 ubuntu-phablet kernel: [    0.500950] ION-heap adsp: Cannot specify alignment for this type of heap
Dec  3 21:04:27 ubuntu-phablet kernel: [    0.501159] cma: Assigned CMA region at 0 to 1b.qcom,ion-heap device
Dec  3 21:04:27 ubuntu-phablet kernel: [    0.502267] ION heap system created
Dec  3 21:04:27 ubuntu-phablet kernel: [    0.502477] ION heap kmalloc created
Dec  3 21:04:27 ubuntu-phablet kernel: [    0.502547] ION heap mm created at 0x38000000 with size 6d00000
Dec  3 21:04:27 ubuntu-phablet kernel: [    0.502649] ION heap adsp created at 0x32400000 with size 2a00000
Dec  3 21:04:27 ubuntu-phablet kernel: [    0.502717] ION heap qsecom created at 0x37000000 with size d00000
Dec  3 21:04:27 ubuntu-phablet kernel: [    0.502831] ION heap audio created at 0x3f300000 with size 314000
Dec  3 21:04:27 ubuntu-phablet kernel: [    0.502906] ION heap pil_1 created at 0x0dc00000 with size 1900000
Dec  3 21:04:27 ubuntu-phablet kernel: [    0.505581] SCSI subsystem initialized
Dec  3 21:04:27 ubuntu-phablet kernel: [    0.505895] usbcore: registered new interface driver usbfs
Dec  3 21:04:27 ubuntu-phablet kernel: [    0.506088] usbcore: registered new interface driver hub
Dec  3 21:04:27 ubuntu-phablet kernel: [    0.506332] usbcore: registered new device driver usb
Dec  3 21:04:27 ubuntu-phablet kernel: [    0.507034] Linux media interface: v0.10
Dec  3 21:04:27 ubuntu-phablet kernel: [    0.507166] Linux video capture interface: v2.00
Dec  3 21:04:27 ubuntu-phablet kernel: [    0.510121] msm_iommu_v1 fda64000.qcom,iommu: device jpeg_iommu mapped at c84e0000, with 3 ctx banks
Dec  3 21:04:27 ubuntu-phablet kernel: [    0.511997] msm_iommu_v1 fd928000.qcom,iommu: device mdp_iommu mapped at c8560000, with 3 ctx banks
Dec  3 21:04:27 ubuntu-phablet kernel: [    0.513852] msm_iommu_v1 fdc84000.qcom,iommu: device venus_iommu mapped at c8840000, with 3 ctx banks
Dec  3 21:04:27 ubuntu-phablet kernel: [    0.515662] msm_iommu_v1 fdb10000.qcom,iommu: device kgsl_iommu mapped at c8860000, with 3 ctx banks
Dec  3 21:04:27 ubuntu-phablet kernel: [    0.517364] msm_iommu_v1 fda44000.qcom,iommu: device vfe_iommu mapped at c8880000, with 3 ctx banks
Dec  3 21:04:27 ubuntu-phablet kernel: [    0.519352] msm_iommu_ctx_v1 fda6c000.qcom,iommu-ctx: context jpeg_enc0 using bank 0
Dec  3 21:04:27 ubuntu-phablet kernel: [    0.519603] msm_iommu_ctx_v1 fda6d000.qcom,iommu-ctx: context jpeg_enc1 using bank 1
Dec  3 21:04:27 ubuntu-phablet kernel: [    0.519852] msm_iommu_ctx_v1 fda6e000.qcom,iommu-ctx: context jpeg_dec using bank 2
Dec  3 21:04:27 ubuntu-phablet kernel: [    0.520122] msm_iommu_ctx_v1 fd930000.qcom,iommu-ctx: context mdp_0 using bank 0
Dec  3 21:04:27 ubuntu-phablet kernel: [    0.520389] msm_iommu_ctx_v1 fd931000.qcom,iommu-ctx: context mdp_1 using bank 1
Dec  3 21:04:27 ubuntu-phablet kernel: [    0.520749] msm_iommu_ctx_v1 fd932000.qcom,iommu-ctx: context mdp_2 using bank 2
Dec  3 21:04:27 ubuntu-phablet kernel: [    0.521177] msm_iommu_ctx_v1 fdc8c000.qcom,iommu-ctx: context venus_ns using bank 0
Dec  3 21:04:27 ubuntu-phablet kernel: [    0.521453] msm_iommu_ctx_v1 fdc8d000.qcom,iommu-ctx: context venus_cp using bank 1
Dec  3 21:04:27 ubuntu-phablet kernel: [    0.521704] msm_iommu_ctx_v1 fdc8e000.qcom,iommu-ctx: context venus_fw using bank 2
Dec  3 21:04:27 ubuntu-phablet kernel: [    0.522002] msm_iommu_ctx_v1 fdb18000.qcom,iommu-ctx: context gfx3d_user using bank 0
Dec  3 21:04:27 ubuntu-phablet kernel: [    0.522252] msm_iommu_ctx_v1 fdb19000.qcom,iommu-ctx: context gfx3d_priv using bank 1
Dec  3 21:04:27 ubuntu-phablet kernel: [    0.522500] msm_iommu_ctx_v1 fdb1a000.qcom,iommu-ctx: context gfx3d_spare using bank 2
Dec  3 21:04:27 ubuntu-phablet kernel: [    0.522844] msm_iommu_ctx_v1 fda4c000.qcom,iommu-ctx: context vfe0 using bank 0
Dec  3 21:04:27 ubuntu-phablet kernel: [    0.523095] msm_iommu_ctx_v1 fda4d000.qcom,iommu-ctx: context vfe1 using bank 1
Dec  3 21:04:27 ubuntu-phablet kernel: [    0.523343] msm_iommu_ctx_v1 fda4e000.qcom,iommu-ctx: context cpp using bank 2
Dec  3 21:04:27 ubuntu-phablet kernel: [    0.524744] Advanced Linux Sound Architecture Driver Version 1.0.25.
Dec  3 21:04:27 ubuntu-phablet kernel: [    0.525913] Bluetooth: Core ver 2.16
Dec  3 21:04:27 ubuntu-phablet kernel: [    0.526017] NET: Registered protocol family 31
Dec  3 21:04:27 ubuntu-phablet kernel: [    0.526049] Bluetooth: HCI device and connection manager initialized
Dec  3 21:04:27 ubuntu-phablet kernel: [    0.526091] Bluetooth: HCI socket layer initialized
Dec  3 21:04:27 ubuntu-phablet kernel: [    0.526125] Bluetooth: L2CAP socket layer initialized
Dec  3 21:04:27 ubuntu-phablet kernel: [    0.526473] Bluetooth: SCO socket layer initialized
Dec  3 21:04:27 ubuntu-phablet kernel: [    0.527110] cfg80211: Calling CRDA to update world regulatory domain
Dec  3 21:04:27 ubuntu-phablet kernel: [    0.527198] cfg80211: World regulatory domain updated:
Dec  3 21:04:27 ubuntu-phablet kernel: [    0.527231] cfg80211:   (start_freq - end_freq @ bandwidth), (max_antenna_gain, max_eirp)
Dec  3 21:04:27 ubuntu-phablet kernel: [    0.527280] cfg80211:   (2402000 KHz - 2472000 KHz @ 40000 KHz), (300 mBi, 2000 mBm)
Dec  3 21:04:27 ubuntu-phablet kernel: [    0.527327] cfg80211:   (2457000 KHz - 2482000 KHz @ 40000 KHz), (300 mBi, 2000 mBm)
Dec  3 21:04:27 ubuntu-phablet kernel: [    0.527373] cfg80211:   (2474000 KHz - 2494000 KHz @ 20000 KHz), (300 mBi, 2000 mBm)
Dec  3 21:04:27 ubuntu-phablet kernel: [    0.527420] cfg80211:   (5170000 KHz - 5250000 KHz @ 80000 KHz), (300 mBi, 2000 mBm)
Dec  3 21:04:27 ubuntu-phablet kernel: [    0.527466] cfg80211:   (5735000 KHz - 5835000 KHz @ 80000 KHz), (300 mBi, 2000 mBm)
Dec  3 21:04:27 ubuntu-phablet kernel: [    0.527512] cfg80211:   (57240000 KHz - 63720000 KHz @ 2160000 KHz), (N/A, 0 mBm)
Dec  3 21:04:27 ubuntu-phablet kernel: [    0.527735] NetLabel: Initializing
Dec  3 21:04:27 ubuntu-phablet kernel: [    0.527766] NetLabel:  domain hash size = 128
Dec  3 21:04:27 ubuntu-phablet kernel: [    0.527795] NetLabel:  protocols = UNLABELED CIPSOv4
Dec  3 21:04:27 ubuntu-phablet kernel: [    0.527938] NetLabel:  unlabeled traffic allowed by default
Dec  3 21:04:27 ubuntu-phablet kernel: [    0.528769] Switching to clocksource arch_sys_counter
Dec  3 21:04:27 ubuntu-phablet kernel: [    0.589016] AppArmor: AppArmor Filesystem Enabled
Dec  3 21:04:27 ubuntu-phablet kernel: [    0.609251] NET: Registered protocol family 2
Dec  3 21:04:27 ubuntu-phablet kernel: [    0.610148] IP route cache hash table entries: 32768 (order: 5, 131072 bytes)
Dec  3 21:04:27 ubuntu-phablet kernel: [    0.614678] TCP established hash table entries: 131072 (order: 8, 1048576 bytes)
Dec  3 21:04:27 ubuntu-phablet kernel: [    0.624421] TCP bind hash table entries: 65536 (order: 8, 1310720 bytes)
Dec  3 21:04:27 ubuntu-phablet kernel: [    0.626775] TCP: Hash tables configured (established 131072 bind 65536)
Dec  3 21:04:27 ubuntu-phablet kernel: [    0.626814] TCP: reno registered
Dec  3 21:04:27 ubuntu-phablet kernel: [    0.626999] UDP hash table entries: 512 (order: 2, 24576 bytes)
Dec  3 21:04:27 ubuntu-phablet kernel: [    0.627172] UDP-Lite hash table entries: 512 (order: 2, 24576 bytes)
Dec  3 21:04:27 ubuntu-phablet kernel: [    0.627799] NET: Registered protocol family 1
Dec  3 21:04:27 ubuntu-phablet kernel: [    0.628358] Trying to unpack rootfs image as initramfs...
Dec  3 21:04:27 ubuntu-phablet kernel: [    1.008050] Freeing initrd memory: 4320K
Dec  3 21:04:27 ubuntu-phablet kernel: [    1.013697] clock-a7 f9011050.qcom,clock-a7: Speed bin: 1
Dec  3 21:04:27 ubuntu-phablet kernel: [    1.013740] clock-a7 f9011050.qcom,clock-a7: PVS version: 2
Dec  3 21:04:27 ubuntu-phablet kernel: [    1.019711] gpiochip_find_base: found new base at 992
Dec  3 21:04:27 ubuntu-phablet kernel: [    1.020000] gpiochip_add: registered GPIOs 992 to 1023 on device: smp2p
Dec  3 21:04:27 ubuntu-phablet kernel: [    1.021572] gpiochip_find_base: found new base at 960
Dec  3 21:04:27 ubuntu-phablet kernel: [    1.021850] gpiochip_add: registered GPIOs 960 to 991 on device: smp2p
Dec  3 21:04:27 ubuntu-phablet kernel: [    1.021981] gpiochip_find_base: found new base at 928
Dec  3 21:04:27 ubuntu-phablet kernel: [    1.022258] gpiochip_add: registered GPIOs 928 to 959 on device: smp2p
Dec  3 21:04:27 ubuntu-phablet kernel: [    1.023839] gpiochip_find_base: found new base at 896
Dec  3 21:04:27 ubuntu-phablet kernel: [    1.024139] gpiochip_add: registered GPIOs 896 to 927 on device: smp2p
Dec  3 21:04:27 ubuntu-phablet kernel: [    1.024270] gpiochip_find_base: found new base at 864
Dec  3 21:04:27 ubuntu-phablet kernel: [    1.024548] gpiochip_add: registered GPIOs 864 to 895 on device: slave-kernel
Dec  3 21:04:27 ubuntu-phablet kernel: [    1.026173] gpiochip_find_base: found new base at 832
Dec  3 21:04:27 ubuntu-phablet kernel: [    1.026474] gpiochip_add: registered GPIOs 832 to 863 on device: master-kernel
Dec  3 21:04:27 ubuntu-phablet kernel: [    1.026659] gpiochip_find_base: found new base at 800
Dec  3 21:04:27 ubuntu-phablet kernel: [    1.026974] gpiochip_add: registered GPIOs 800 to 831 on device: smp2p
Dec  3 21:04:27 ubuntu-phablet kernel: [    1.028633] gpiochip_find_base: found new base at 768
Dec  3 21:04:27 ubuntu-phablet kernel: [    1.028997] gpiochip_add: registered GPIOs 768 to 799 on device: smp2p
Dec  3 21:04:27 ubuntu-phablet kernel: [    1.029131] gpiochip_find_base: found new base at 736
Dec  3 21:04:27 ubuntu-phablet kernel: [    1.029412] gpiochip_add: registered GPIOs 736 to 767 on device: slave-kernel
Dec  3 21:04:27 ubuntu-phablet kernel: [    1.031134] gpiochip_find_base: found new base at 704
Dec  3 21:04:27 ubuntu-phablet kernel: [    1.031418] gpiochip_add: registered GPIOs 704 to 735 on device: master-kernel
Dec  3 21:04:27 ubuntu-phablet kernel: [    1.031615] gpiochip_find_base: found new base at 672
Dec  3 21:04:27 ubuntu-phablet kernel: [    1.031917] gpiochip_add: registered GPIOs 672 to 703 on device: smp2p
Dec  3 21:04:27 ubuntu-phablet kernel: [    1.033675] gpiochip_find_base: found new base at 640
Dec  3 21:04:27 ubuntu-phablet kernel: [    1.033958] gpiochip_add: registered GPIOs 640 to 671 on device: smp2p
Dec  3 21:04:27 ubuntu-phablet kernel: [    1.034085] gpiochip_find_base: found new base at 608
Dec  3 21:04:27 ubuntu-phablet kernel: [    1.034387] gpiochip_add: registered GPIOs 608 to 639 on device: slave-kernel
Dec  3 21:04:27 ubuntu-phablet kernel: [    1.036175] gpiochip_find_base: found new base at 576
Dec  3 21:04:27 ubuntu-phablet kernel: [    1.036457] gpiochip_add: registered GPIOs 576 to 607 on device: master-kernel
Dec  3 21:04:27 ubuntu-phablet kernel: [    1.036822] gpiochip_find_base: found new base at 544
Dec  3 21:04:27 ubuntu-phablet kernel: [    1.037125] gpiochip_add: registered GPIOs 544 to 575 on device: rdbg
Dec  3 21:04:27 ubuntu-phablet kernel: [    1.039036] gpiochip_find_base: found new base at 512
Dec  3 21:04:27 ubuntu-phablet kernel: [    1.039322] gpiochip_add: registered GPIOs 512 to 543 on device: rdbg
Dec  3 21:04:27 ubuntu-phablet kernel: [    1.039461] gpiochip_find_base: found new base at 480
Dec  3 21:04:27 ubuntu-phablet kernel: [    1.039766] gpiochip_add: registered GPIOs 480 to 511 on device: rdbg
Dec  3 21:04:27 ubuntu-phablet kernel: [    1.041643] gpiochip_find_base: found new base at 448
Dec  3 21:04:27 ubuntu-phablet kernel: [    1.041926] gpiochip_add: registered GPIOs 448 to 479 on device: rdbg
Dec  3 21:04:27 ubuntu-phablet kernel: [    1.044746] pil-q6v5-lpass fe200000.qcom,lpass: using secure boot
Dec  3 21:04:27 ubuntu-phablet kernel: [    1.053624] pil_pronto fb21b000.qcom,pronto: using secure boot
Dec  3 21:04:27 ubuntu-phablet kernel: [    1.057921] pil_venus fdce0000.qcom,venus: using secure boot
Dec  3 21:04:27 ubuntu-phablet kernel: [    1.076554] NET: Registered protocol family 27
Dec  3 21:04:27 ubuntu-phablet kernel: [    1.099407] msm_rpm_log_probe: OK
Dec  3 21:04:27 ubuntu-phablet kernel: [    1.127989] ocmem: Client sensors (id: 6) not allowed to use OCMEM
Dec  3 21:04:27 ubuntu-phablet kernel: [    1.128058] OCMEM notifier registration failed
Dec  3 21:04:27 ubuntu-phablet kernel: [    1.128101] sns_ocmem_main: sns_ocmem_init failed -14
Dec  3 21:04:27 ubuntu-phablet kernel: [    1.136441] audit: initializing netlink socket (disabled)
Dec  3 21:04:27 ubuntu-phablet kernel: [    1.136499] type=2000 audit(1.120:1): initialized
Dec  3 21:04:27 ubuntu-phablet kernel: [    1.137761] highmem bounce pool size: 64 pages
Dec  3 21:04:27 ubuntu-phablet kernel: [    1.149720] fuse init (API version 7.18)
Dec  3 21:04:27 ubuntu-phablet kernel: [    1.150693] msgmni has been set to 1417
Dec  3 21:04:27 ubuntu-phablet kernel: [    1.153099] Block layer SCSI generic (bsg) driver version 0.4 loaded (major 247)
Dec  3 21:04:27 ubuntu-phablet kernel: [    1.153128] io scheduler noop registered
Dec  3 21:04:27 ubuntu-phablet kernel: [    1.153144] io scheduler deadline registered (default)
Dec  3 21:04:27 ubuntu-phablet kernel: [    1.153173] io scheduler row registered
Dec  3 21:04:27 ubuntu-phablet kernel: [    1.153374] io scheduler cfq registered
Dec  3 21:04:27 ubuntu-phablet kernel: [    1.153652] gpiochip_find_base: found new base at 440
Dec  3 21:04:27 ubuntu-phablet kernel: [    1.153770] gpiochip_add: registered GPIOs 440 to 447 on device: pm8226-gpio
Dec  3 21:04:27 ubuntu-phablet kernel: [    1.154087] qcom,qpnp-pin qpnp-pin-f1d70400: qpnp_pin_probe: gpio_chip registered between 440-447
Dec  3 21:04:27 ubuntu-phablet kernel: [    1.154267] gpiochip_find_base: found new base at 432
Dec  3 21:04:27 ubuntu-phablet kernel: [    1.154374] gpiochip_add: registered GPIOs 432 to 439 on device: pm8226-mpp
Dec  3 21:04:27 ubuntu-phablet kernel: [    1.154871] qcom,qpnp-pin qpnp-pin-f1d70600: qpnp_pin_probe: gpio_chip registered between 432-439
Dec  3 21:04:27 ubuntu-phablet kernel: [    1.155134] mdss_mdp_probe: MDP HW Base phy_Address=0xfd900000 virt=0xc88c0000
Dec  3 21:04:27 ubuntu-phablet kernel: [    1.155173] mdss_mdp_probe: MDSS VBIF HW Base phy_Address=0xfd924000 virt=0xc8556000
Dec  3 21:04:27 ubuntu-phablet kernel: [    1.155459] mdss_mdp_parse_dt_handler: Error from prop qcom,mdss-ib-factor-overlap : u32 array read
Dec  3 21:04:27 ubuntu-phablet kernel: [    1.155486] mdss_mdp_parse_dt_fudge_factors: err reading qcom,mdss-ib-factor-overlap
Dec  3 21:04:27 ubuntu-phablet kernel: [    1.155516] mdss_mdp_parse_dt_prop_len: Error from prop qcom,mdss-ad-off : spec error in device tree
Dec  3 21:04:27 ubuntu-phablet kernel: [    1.155554] mdss_mdp_parse_bootarg: mdss_mdp_parse_bootarg:1482: pan_name=[1:dsi:0:qcom,mdss_dsi_auo_720p_video] end=[]
Dec  3 21:04:27 ubuntu-phablet kernel: [    1.156314] mdss_mdp_pp_argc: >>>>> mdss_mdp_pp_argc 
Dec  3 21:04:27 ubuntu-phablet kernel: [    1.156339] update_preset_lcdc_lut: update_preset_lcdc_lut red=[255], green=[255], blue=[255]
Dec  3 21:04:27 ubuntu-phablet kernel: [    1.156366] mdss_mdp_pp_argc_kcal: >>>>> mdss_mdp_pp_argc_kcal 
Dec  3 21:04:27 ubuntu-phablet kernel: [    1.157700] mdss_dsi_ctrl_probe: DSI Ctrl name = MDSS DSI CTRL->0
Dec  3 21:04:27 ubuntu-phablet kernel: [    1.157814] mdss_dsi_panel_init: Panel Name = auo 720p video mode dsi panel
Dec  3 21:04:27 ubuntu-phablet kernel: [    1.158070] mdss_dsi_panel_init:1057 Continuous splash flag enabled.
Dec  3 21:04:27 ubuntu-phablet kernel: [    1.158092] mdss_dsi_panel_init:1069 Partial update disabled.
Dec  3 21:04:27 ubuntu-phablet bluetoothd[890]: Bluetooth daemon 4.101
Dec  3 21:04:27 ubuntu-phablet bluetoothd[890]: Starting SDP server
Dec  3 21:04:27 ubuntu-phablet kernel: [    1.158444] dsi_panel_device_register:1279, Disp_en gpio not specified
Dec  3 21:04:27 ubuntu-phablet kernel: [    1.158530] mdss_dsi_retrieve_ctrl_resources: dsi base=c8574800 size=600
Dec  3 21:04:27 ubuntu-phablet kernel: [    1.189124] mdss_register_panel: adding framebuffer device fd922800.qcom,mdss_dsi
Dec  3 21:04:27 ubuntu-phablet kernel: [    1.189496] mdss_hw_init: MDP Rev=10010001
Dec  3 21:04:27 ubuntu-phablet kernel: [    1.191152] mdss_register_panel: adding framebuffer device qcom,mdss_wb_panel.23
Dec  3 21:04:27 ubuntu-phablet kernel: [    1.192221] mdss_fb_parse_dt: split framebuffer left=0 right=0
Dec  3 21:04:27 ubuntu-phablet kernel: [    1.192244] mdss_fb_alloc_fbmem_iommu: mdss_fb_alloc_fbmem_iommu frame buffer reserve_size=0x800000
Dec  3 21:04:27 ubuntu-phablet kernel: [    1.192553] mdss_fb_alloc_fbmem_iommu: allocating 8388608 bytes at c9000000 (3f800000 phys) for fb 0
Dec  3 21:04:27 ubuntu-phablet kernel: [    1.192803] mdss_fb_register: FrameBuffer[0] 720x1280 size=8388608 registered successfully!
Dec  3 21:04:27 ubuntu-phablet kernel: [    1.192880] mdss_mdp_overlay_init: mdss_mdp_overlay_init: unable to add event timer
Dec  3 21:04:27 ubuntu-phablet kernel: [    1.193059] Registered led device: lcd-backlight
Dec  3 21:04:27 ubuntu-phablet kernel: [    1.193128] mdss_fb_parse_dt: split framebuffer left=0 right=0
Dec  3 21:04:27 ubuntu-phablet kernel: [    1.193351] mdss_fb_register: FrameBuffer[1] 1280x720 size=0 registered successfully!
Dec  3 21:04:27 ubuntu-phablet kernel: [    1.193408] mdss_mdp_overlay_init: mdss_mdp_overlay_init: unable to add event timer
Dec  3 21:04:27 ubuntu-phablet kernel: [    1.255522] msm_serial_hsl_probe: detected port #0 (ttyHSL0)
Dec  3 21:04:27 ubuntu-phablet kernel: [    1.255750] f991f000.serial: ttyHSL0 at MMIO 0xf991f000 (irq = 141) is a MSM
Dec  3 21:04:27 ubuntu-phablet kernel: [    1.258617] msm_serial_hsl_init: driver initialized
Dec  3 21:04:27 ubuntu-phablet kernel: [    1.263276] diagchar initialized nowkgsl bus ib [0] = 1600000000
Dec  3 21:04:27 ubuntu-phablet kernel: [    1.265421] kgsl bus ib [1] = 3200000000
Dec  3 21:04:27 ubuntu-phablet kernel: [    1.265437] kgsl bus ib [2] = 4256000000
Dec  3 21:04:27 ubuntu-phablet kernel: [    1.265452] kgsl bus index is 2 for pwrlevel 0
Dec  3 21:04:27 ubuntu-phablet kernel: [    1.265467] kgsl bus index is 1 for pwrlevel 1
Dec  3 21:04:27 ubuntu-phablet kernel: [    1.265482] kgsl bus index is 0 for pwrlevel 2
Dec  3 21:04:27 ubuntu-phablet kernel: [    1.265929] kgsl kgsl-3d0: |kgsl_iommu_init| MMU type set for device is IOMMU
Dec  3 21:04:27 ubuntu-phablet kernel: [    1.277547] brd: module loaded
Dec  3 21:04:27 ubuntu-phablet kernel: [    1.281724] loop: module loaded
Dec  3 21:04:27 ubuntu-phablet kernel: [    1.282329] QSEECOM: qseecom_probe: support_bus_scaling=0x1
Dec  3 21:04:27 ubuntu-phablet kernel: [    1.282349] QSEECOM: qseecom_probe: bam_pipe_pair=0x2
Dec  3 21:04:27 ubuntu-phablet kernel: [    1.282370] QSEECOM: qseecom_probe: qsee-ce-hw-instance=0x0
Dec  3 21:04:27 ubuntu-phablet kernel: [    1.282390] QSEECOM: qseecom_probe: hlos-ce-hw-instance=0x0
Dec  3 21:04:27 ubuntu-phablet kernel: [    1.282449] QSEECOM: qseecom_probe: secure app region addr=0xd980000 size=0x256000
Dec  3 21:04:27 ubuntu-phablet kernel: [    1.283490] 8226_l28: Failed to create debugfs directory
Dec  3 21:04:27 ubuntu-phablet kernel: [    1.283804] isa1000_setup: isa1000 set up
Dec  3 21:04:27 ubuntu-phablet kernel: [    1.284077] i2c-core: driver [tabla-i2c-core] using legacy suspend method
Dec  3 21:04:27 ubuntu-phablet kernel: [    1.284100] i2c-core: driver [tabla-i2c-core] using legacy resume method
Dec  3 21:04:27 ubuntu-phablet kernel: [    1.284268] i2c-core: driver [wcd9xxx-i2c-core] using legacy suspend method
Dec  3 21:04:27 ubuntu-phablet kernel: [    1.284290] i2c-core: driver [wcd9xxx-i2c-core] using legacy resume method
Dec  3 21:04:27 ubuntu-phablet kernel: [    1.284963] SCSI Media Changer driver v0.25 
Dec  3 21:04:27 ubuntu-phablet kernel: [    1.285638] sps: BAM device 0xf9904000 is not registered yet.
Dec  3 21:04:27 ubuntu-phablet kernel: [    1.285668] sps:BAM 0xf9904000 is registered.
Dec  3 21:04:27 ubuntu-phablet kernel: [    1.285944] sps:BAM 0xf9904000 (va:0xc8830000) enabled: ver:0x15, number of pipes:24
Dec  3 21:04:27 ubuntu-phablet kernel: [    1.286384] spi_qsd f9923000.spi: master is unqueued, this is deprecated
Dec  3 21:04:27 ubuntu-phablet kernel: [    1.290945] modprobe used greatest stack depth: 5728 bytes left
Dec  3 21:04:27 ubuntu-phablet kernel: [    1.291070] gpio_request: gpio-0 (spi_mosi) status -16
Dec  3 21:04:27 ubuntu-phablet kernel: [    1.291081] spi_qsd f9923000.spi: msm_spi_request_gpios: gpio_request for pin 0 failed with error -16
Dec  3 21:04:27 ubuntu-phablet kernel: [    1.291122] spi_qsd f9923000.spi: can't setup spi0.3, status -16
Dec  3 21:04:27 ubuntu-phablet kernel: [    1.291142] spi_master spi0: spi_device register error /soc/spi@f9923000/ethernet-switch@3
Dec  3 21:04:27 ubuntu-phablet kernel: [    1.292334] tun: Universal TUN/TAP device driver, 1.6
Dec  3 21:04:27 ubuntu-phablet kernel: [    1.292356] tun: (C) 1999-2004 Max Krasnyansky <maxk@qualcomm.com>
Dec  3 21:04:27 ubuntu-phablet kernel: [    1.292553] rmnet_init: BAM devices[9]
Dec  3 21:04:27 ubuntu-phablet kernel: [    1.301015] PPP generic driver version 2.4.2
Dec  3 21:04:27 ubuntu-phablet kernel: [    1.301261] PPP BSD Compression module registered
Dec  3 21:04:27 ubuntu-phablet kernel: [    1.301281] PPP Deflate Compression module registered
Dec  3 21:04:27 ubuntu-phablet kernel: [    1.308822] PPP MPPE Compression module registered
Dec  3 21:04:27 ubuntu-phablet kernel: [    1.308880] NET: Registered protocol family 24
Dec  3 21:04:27 ubuntu-phablet kernel: [    1.309305] wcnss_wlan probed in built-in mode
Dec  3 21:04:27 ubuntu-phablet kernel: [    1.310944] usbcore: registered new interface driver asix
Dec  3 21:04:27 ubuntu-phablet kernel: [    1.311036] usbcore: registered new interface driver cdc_ether
Dec  3 21:04:27 ubuntu-phablet kernel: [    1.311104] usbcore: registered new interface driver net1080
Dec  3 21:04:27 ubuntu-phablet kernel: [    1.311172] usbcore: registered new interface driver cdc_subset
Dec  3 21:04:27 ubuntu-phablet bluetoothd[890]: DIS cannot start: GATT is disabled
Dec  3 21:04:27 ubuntu-phablet bluetoothd[890]: Failed to init deviceinfo plugin
Dec  3 21:04:27 ubuntu-phablet bluetoothd[890]: Failed to init proximity plugin
Dec  3 21:04:27 ubuntu-phablet bluetoothd[890]: Failed to init time plugin
Dec  3 21:04:27 ubuntu-phablet bluetoothd[890]: Failed to init alert plugin
Dec  3 21:04:27 ubuntu-phablet bluetoothd[890]: Failed to init thermometer plugin
Dec  3 21:04:27 ubuntu-phablet kernel: [    1.311250] usbcore: registered new interface driver zaurus
Dec  3 21:04:27 ubuntu-phablet kernel: [    1.311489] usbcore: registered new interface driver cdc_ncm
Dec  3 21:04:27 ubuntu-phablet kernel: [    1.312988] msm_otg f9a55000.usb: msm_otg probe
Dec  3 21:04:27 ubuntu-phablet kernel: [    1.314708] msm_otg f9a55000.usb: OTG regs = c87f8000
Dec  3 21:04:27 ubuntu-phablet kernel: [    1.316941] ehci_hcd: USB 2.0 'Enhanced' Host Controller (EHCI) Driver
Dec  3 21:04:27 ubuntu-phablet kernel: [    1.317256] Unable to get vbus_otg
Dec  3 21:04:27 ubuntu-phablet kernel: [    1.317274] msm_hsusb_host msm_hsusb_host: unable to register with transceiver
Dec  3 21:04:27 ubuntu-phablet kernel: [    1.317318] platform msm_hsusb_host: Driver msm_hsusb_host requests probe deferral
Dec  3 21:04:27 ubuntu-phablet kernel: [    1.318370] usbcore: registered new interface driver cdc_acm
Dec  3 21:04:27 ubuntu-phablet kernel: [    1.318391] cdc_acm: USB Abstract Control Model driver for USB modems and ISDN adapters
Dec  3 21:04:27 ubuntu-phablet kernel: [    1.318413] Initializing USB Mass Storage driver...
Dec  3 21:04:27 ubuntu-phablet kernel: [    1.318496] usbcore: registered new interface driver usb-storage
Dec  3 21:04:27 ubuntu-phablet kernel: [    1.318516] USB Mass Storage support registered.
Dec  3 21:04:27 ubuntu-phablet kernel: [    1.318581] usbcore: registered new interface driver ums-alauda
Dec  3 21:04:27 ubuntu-phablet kernel: [    1.318638] usbcore: registered new interface driver ums-cypress
Dec  3 21:04:27 ubuntu-phablet kernel: [    1.318693] usbcore: registered new interface driver ums-datafab
Dec  3 21:04:27 ubuntu-phablet kernel: [    1.318748] usbcore: registered new interface driver ums-freecom
Dec  3 21:04:27 ubuntu-phablet kernel: [    1.318805] usbcore: registered new interface driver ums-isd200
Dec  3 21:04:27 ubuntu-phablet kernel: [    1.318897] usbcore: registered new interface driver ums-jumpshot
Dec  3 21:04:27 ubuntu-phablet kernel: [    1.318959] usbcore: registered new interface driver ums-karma
Dec  3 21:04:27 ubuntu-phablet kernel: [    1.319016] usbcore: registered new interface driver ums-onetouch
Dec  3 21:04:27 ubuntu-phablet kernel: [    1.319073] usbcore: registered new interface driver ums-sddr09
Dec  3 21:04:27 ubuntu-phablet kernel: [    1.319129] usbcore: registered new interface driver ums-sddr55
Dec  3 21:04:27 ubuntu-phablet kernel: [    1.319184] usbcore: registered new interface driver ums-usbat
Dec  3 21:04:27 ubuntu-phablet kernel: [    1.319339] usbcore: registered new interface driver usbserial
Dec  3 21:04:27 ubuntu-phablet kernel: [    1.319359] usbserial: USB Serial Driver core
Dec  3 21:04:27 ubuntu-phablet kernel: [    1.319427] usbcore: registered new interface driver qc_csvt
Dec  3 21:04:27 ubuntu-phablet kernel: [    1.319483] USB Serial support registered for qc_csvt
Dec  3 21:04:27 ubuntu-phablet kernel: [    1.319547] usbcore: registered new interface driver usb_ehset_test
Dec  3 21:04:27 ubuntu-phablet kernel: [    1.320679] msm_hsusb msm_hsusb: [ci13xxx_start] hw_ep_max = 32
Dec  3 21:04:27 ubuntu-phablet kernel: [    1.321395] mbim_init: initialize 1 instances
Dec  3 21:04:27 ubuntu-phablet kernel: [    1.321571] mbim_init: Initialized 1 ports
Dec  3 21:04:27 ubuntu-phablet kernel: [    1.323837] rndis_qc_init: initialize rndis QC instance
Dec  3 21:04:27 ubuntu-phablet kernel: [    1.324516] android_usb gadget: Mass Storage Function, version: 2009/09/11
Dec  3 21:04:27 ubuntu-phablet kernel: [    1.324539] android_usb gadget: Number of LUNs=2
Dec  3 21:04:27 ubuntu-phablet kernel: [    1.324559]  lun0: LUN: removable read only CD-ROM file: (no medium)
Dec  3 21:04:27 ubuntu-phablet kernel: [    1.324579]  lun1: LUN: removable file: (no medium)
Dec  3 21:04:27 ubuntu-phablet kernel: [    1.325022] android_usb gadget: android_usb ready
Dec  3 21:04:27 ubuntu-phablet kernel: [    1.326077] mousedev: PS/2 mouse device common for all mice
Dec  3 21:04:27 ubuntu-phablet kernel: [    1.326436] usbcore: registered new interface driver xpad
Dec  3 21:04:27 ubuntu-phablet kernel: [    1.326454] ft5x06_i2c_init
Dec  3 21:04:27 ubuntu-phablet kernel: [    1.326558] num_fw = 4
Dec  3 21:04:27 ubuntu-phablet kernel: [    1.326642] i2c-pull-up = 1
Dec  3 21:04:27 ubuntu-phablet kernel: [    1.326655] reset gpio = 16
Dec  3 21:04:27 ubuntu-phablet kernel: [    1.326668] irq gpio = 17
Dec  3 21:04:27 ubuntu-phablet kernel: [    1.326680] x_max = 720
Dec  3 21:04:27 ubuntu-phablet kernel: [    1.326692] y_max = 1280
Dec  3 21:04:27 ubuntu-phablet kernel: [    1.326704] z_max = 255
Dec  3 21:04:27 ubuntu-phablet kernel: [    1.326716] w_max = 200
Dec  3 21:04:27 ubuntu-phablet kernel: [    1.326728] landing_jiffies = 1000
Dec  3 21:04:27 ubuntu-phablet kernel: [    1.326741] landing_threshold = 16
Dec  3 21:04:27 ubuntu-phablet kernel: [    1.326755] staying_threshold = 8
Dec  3 21:04:27 ubuntu-phablet kernel: [    1.326768] raw min = 7000
Dec  3 21:04:27 ubuntu-phablet kernel: [    1.326780] raw max = 10000
Dec  3 21:04:27 ubuntu-phablet kernel: [    1.326793] key_num = 3
Dec  3 21:04:27 ubuntu-phablet kernel: [    1.326805] keymap[0] = 139
Dec  3 21:04:27 ubuntu-phablet kernel: [    1.326818] keypos[0] = 2
Dec  3 21:04:27 ubuntu-phablet kernel: [    1.326831] key[0]: 155 1317 10 50
Dec  3 21:04:27 ubuntu-phablet kernel: [    1.326845] keymap[1] = 102
Dec  3 21:04:27 ubuntu-phablet kernel: [    1.326858] keypos[1] = 6
Dec  3 21:04:27 ubuntu-phablet kernel: [    1.326871] key[1]: 355 1317 10 50
Dec  3 21:04:27 ubuntu-phablet kernel: [    1.326885] keymap[2] = 158
Dec  3 21:04:27 ubuntu-phablet kernel: [    1.326898] keypos[2] = 10
Dec  3 21:04:27 ubuntu-phablet kernel: [    1.326911] key[2]: 565 1317 10 50
Dec  3 21:04:27 ubuntu-phablet kernel: [    1.326924] key_num = 3
Dec  3 21:04:27 ubuntu-phablet kernel: [    1.326937] keymap[0] = 139
Dec  3 21:04:27 ubuntu-phablet kernel: [    1.326949] keypos[0] = 2
Dec  3 21:04:27 ubuntu-phablet kernel: [    1.326963] key[0]: 155 1319 10 50
Dec  3 21:04:27 ubuntu-phablet kernel: [    1.326976] keymap[1] = 102
Dec  3 21:04:27 ubuntu-phablet kernel: [    1.326989] keypos[1] = 6
Dec  3 21:04:27 ubuntu-phablet kernel: [    1.327002] key[1]: 355 1319 10 50
Dec  3 21:04:27 ubuntu-phablet kernel: [    1.327016] keymap[2] = 158
Dec  3 21:04:27 ubuntu-phablet kernel: [    1.327029] keypos[2] = 10
Dec  3 21:04:27 ubuntu-phablet kernel: [    1.327042] key[2]: 565 1319 10 50
Dec  3 21:04:27 ubuntu-phablet kernel: [    1.327056] key_num = 3
Dec  3 21:04:27 ubuntu-phablet kernel: [    1.327068] keymap[0] = 139
Dec  3 21:04:27 ubuntu-phablet kernel: [    1.327081] keypos[0] = 2
Dec  3 21:04:27 ubuntu-phablet kernel: [    1.327094] key[0]: 155 1319 10 50
Dec  3 21:04:27 ubuntu-phablet kernel: [    1.327108] keymap[1] = 102
Dec  3 21:04:27 ubuntu-phablet kernel: [    1.327120] keypos[1] = 6
Dec  3 21:04:27 ubuntu-phablet kernel: [    1.327134] key[1]: 355 1319 10 50
Dec  3 21:04:27 ubuntu-phablet bluetoothd[890]: Failed to init gatt_example plugin
Dec  3 21:04:27 ubuntu-phablet bluetoothd[890]: Failed to open RFKILL control device
Dec  3 21:04:27 ubuntu-phablet kernel: [    1.327148] keymap[2] = 158
Dec  3 21:04:27 ubuntu-phablet kernel: [    1.327160] keypos[2] = 10
Dec  3 21:04:27 ubuntu-phablet kernel: [    1.327174] key[2]: 565 1319 10 50
Dec  3 21:04:27 ubuntu-phablet kernel: [    1.327187] key_num = 3
Dec  3 21:04:27 ubuntu-phablet kernel: [    1.327199] keymap[0] = 139
Dec  3 21:04:27 ubuntu-phablet kernel: [    1.327212] keypos[0] = 2
Dec  3 21:04:27 ubuntu-phablet kernel: [    1.327225] key[0]: 155 1319 10 50
Dec  3 21:04:27 ubuntu-phablet kernel: [    1.327239] keymap[1] = 102
Dec  3 21:04:27 ubuntu-phablet kernel: [    1.327252] keypos[1] = 6
Dec  3 21:04:27 ubuntu-phablet kernel: [    1.327265] key[1]: 355 1319 10 50
Dec  3 21:04:27 ubuntu-phablet kernel: [    1.327279] keymap[2] = 158
Dec  3 21:04:27 ubuntu-phablet kernel: [    1.327292] keypos[2] = 10
Dec  3 21:04:27 ubuntu-phablet kernel: [    1.327305] key[2]: 565 1319 10 50
Dec  3 21:04:27 ubuntu-phablet kernel: [    1.327320] firmare 0 chip = 0xa, vendor = 0x51 name = ft5316_firmware.fw
Dec  3 21:04:27 ubuntu-phablet kernel: [    1.549207] ft5x06_i2c 5-0038: firmware vendor is 51
Dec  3 21:04:27 ubuntu-phablet kernel: [    1.549229] ft5x06_i2c 5-0038: chip id = 0x14, found it!
Dec  3 21:04:27 ubuntu-phablet kernel: [    1.549248] ft5x06_i2c 5-0038: firmware name = ft5336_firmware_ofilm.fw
Dec  3 21:04:27 ubuntu-phablet kernel: [    1.549469] ft5x06_i2c 5-0038: firmware version is 0e
Dec  3 21:04:27 ubuntu-phablet kernel: [    1.549714] input: ft5x06 as /devices/f9927000.i2c/i2c-5/5-0038/input/input0
Dec  3 21:04:27 ubuntu-phablet kernel: [    1.550231] #### init for imagis #####
Dec  3 21:04:27 ubuntu-phablet kernel: [    1.551060] [ Imagis ] ist30xx_probe(), the i2c addr=0x50
Dec  3 21:04:27 ubuntu-phablet kernel: [    1.551141] ### reset gpio = 16 ####
Dec  3 21:04:27 ubuntu-phablet kernel: [    1.551163] ### irq gpio = 17 ####
Dec  3 21:04:27 ubuntu-phablet kernel: [    1.551178] ### max x = 720 ####
Dec  3 21:04:27 ubuntu-phablet kernel: [    1.551192] ### max y = 1280 ####
Dec  3 21:04:27 ubuntu-phablet kernel: [    1.551207] ### max w = 200 ####
Dec  3 21:04:27 ubuntu-phablet kernel: [    1.551221] ### key num = 3 ####
Dec  3 21:04:27 ubuntu-phablet kernel: [    1.551236] #### key [0] = 139 ####
Dec  3 21:04:27 ubuntu-phablet kernel: [    1.551251] #### key [1] = 102 ####
Dec  3 21:04:27 ubuntu-phablet kernel: [    1.551266] #### key [2] = 158 ####
Dec  3 21:04:27 ubuntu-phablet kernel: [    1.551289] gpio_request: gpio-17 (imagis_irq_gpio) status -16
Dec  3 21:04:27 ubuntu-phablet kernel: [    1.551297] [ Imagis ] irq gpio request failed!
Dec  3 21:04:27 ubuntu-phablet kernel: [    1.551316] [ Imagis ] Error, ist30xx mem free
Dec  3 21:04:27 ubuntu-phablet kernel: [    1.551562] IST30XX: probe of 5-0050 failed with error -16
Dec  3 21:04:27 ubuntu-phablet kernel: [    1.552846] using rtc device, qpnp_rtc, for alarms
Dec  3 21:04:27 ubuntu-phablet kernel: [    1.552886] qcom,qpnp-rtc qpnp-rtc-f1d71000: rtc core: registered qpnp_rtc as rtc0
Dec  3 21:04:27 ubuntu-phablet kernel: [    1.553135] i2c /dev entries driver
Dec  3 21:04:27 ubuntu-phablet kernel: [    1.555161] msm_vidc: 1: Failed to read qcom,load-freq-tbl from device tree
Dec  3 21:04:27 ubuntu-phablet kernel: [    1.555172] msm_vidc: 1: no elements in frequency table
Dec  3 21:04:27 ubuntu-phablet kernel: [    1.555181] msm_vidc: 1: Failed to read qcom,reg-presets from device tree
Dec  3 21:04:27 ubuntu-phablet kernel: [    1.555261] msm_vidc: 1: Failed to read qcom,buffer-type-tz-usage-table from device tree
Dec  3 21:04:27 ubuntu-phablet kernel: [    1.555278] msm_vidc: 1: Q6 hfi device probe called
Dec  3 21:04:27 ubuntu-phablet kernel: [    1.555702] msm_vidc: 1: debugfs_create_file: fail
Dec  3 21:04:27 ubuntu-phablet kernel: [    1.563123] Registered led device: flashlight
Dec  3 21:04:27 ubuntu-phablet kernel: [    1.563848] msm_eeprom_platform_probe MM data miss:1059
Dec  3 21:04:27 ubuntu-phablet kernel: [    1.564126] msm_eeprom_parse_memory_map: pageen not needed
Dec  3 21:04:27 ubuntu-phablet kernel: [    1.564160] msm_eeprom_parse_memory_map: pageen not needed
Dec  3 21:04:27 ubuntu-phablet kernel: [    1.564190] msm_eeprom_parse_memory_map: pageen not needed
Dec  3 21:04:27 ubuntu-phablet kernel: [    1.564221] msm_eeprom_parse_memory_map: pageen not needed
Dec  3 21:04:27 ubuntu-phablet kernel: [    1.564253] msm_eeprom_parse_memory_map: pageen not needed
Dec  3 21:04:27 ubuntu-phablet kernel: [    1.564285] msm_eeprom_parse_memory_map: pageen not needed
Dec  3 21:04:27 ubuntu-phablet kernel: [    1.564317] msm_eeprom_parse_memory_map: pageen not needed
Dec  3 21:04:27 ubuntu-phablet kernel: [    1.564350] msm_eeprom_parse_memory_map: pageen not needed
Dec  3 21:04:27 ubuntu-phablet kernel: [    1.564383] msm_eeprom_parse_memory_map: pageen not needed
Dec  3 21:04:27 ubuntu-phablet kernel: [    1.564417] msm_eeprom_parse_memory_map: pageen not needed
Dec  3 21:04:27 ubuntu-phablet kernel: [    1.564451] msm_eeprom_parse_memory_map: pageen not needed
Dec  3 21:04:27 ubuntu-phablet kernel: [    1.564486] msm_eeprom_parse_memory_map: pageen not needed
Dec  3 21:04:27 ubuntu-phablet kernel: [    1.564521] msm_eeprom_parse_memory_map: pageen not needed
Dec  3 21:04:27 ubuntu-phablet kernel: [    1.564556] msm_eeprom_parse_memory_map: pageen not needed
Dec  3 21:04:27 ubuntu-phablet kernel: [    1.564593] msm_eeprom_parse_memory_map: pageen not needed
Dec  3 21:04:27 ubuntu-phablet kernel: [    1.564629] msm_eeprom_parse_memory_map: pageen not needed
Dec  3 21:04:27 ubuntu-phablet kernel: [    1.564666] msm_eeprom_parse_memory_map: pageen not needed
Dec  3 21:04:27 ubuntu-phablet kernel: [    1.564704] msm_eeprom_parse_memory_map: pageen not needed
Dec  3 21:04:27 ubuntu-phablet kernel: [    1.564742] msm_eeprom_parse_memory_map: pageen not needed
Dec  3 21:04:27 ubuntu-phablet kernel: [    2.048897] h3lte_set_sensor_name: sensor_name = , is set = 0
Dec  3 21:04:27 ubuntu-phablet kernel: [    2.121264] msm_eeprom_platform_probe MM data miss:1059
Dec  3 21:04:27 ubuntu-phablet kernel: [    2.121544] msm_eeprom_parse_memory_map: pageen not needed
Dec  3 21:04:27 ubuntu-phablet kernel: [    2.579717] h3lte_set_sensor_name: sensor_name = ov5693_olq5f08, is set = 1
Dec  3 21:04:27 ubuntu-phablet kernel: [    2.620124] msm_sensor_driver_get_dt_data:809 Invalid sensor position
Dec  3 21:04:27 ubuntu-phablet kernel: [    2.620171] msm_sensor_driver_get_dt_data:818 Invalid sensor mode supported
Dec  3 21:04:27 ubuntu-phablet kernel: [    2.620221] g_sctrl[0] f13e0000
Dec  3 21:04:27 ubuntu-phablet kernel: [    2.620537] msm_sensor_driver_get_dt_data:809 Invalid sensor position
Dec  3 21:04:27 ubuntu-phablet kernel: [    2.620587] msm_sensor_driver_get_dt_data:818 Invalid sensor mode supported
Dec  3 21:04:27 ubuntu-phablet kernel: [    2.620636] g_sctrl[1] f13e0200
Dec  3 21:04:27 ubuntu-phablet kernel: [    2.624584] __msm_jpeg_init:951] Jpeg Device id 0
Dec  3 21:04:27 ubuntu-phablet kernel: [    2.646316] lirc_dev: IR Remote Control driver registered, major 236 
Dec  3 21:04:27 ubuntu-phablet kernel: [    2.646370] IR NEC protocol handler initialized
Dec  3 21:04:27 ubuntu-phablet kernel: [    2.646403] IR RC5(x) protocol handler initialized
Dec  3 21:04:27 ubuntu-phablet kernel: [    2.646436] IR RC6 protocol handler initialized
Dec  3 21:04:27 ubuntu-phablet kernel: [    2.646468] IR JVC protocol handler initialized
Dec  3 21:04:27 ubuntu-phablet kernel: [    2.646500] IR Sony protocol handler initialized
Dec  3 21:04:27 ubuntu-phablet kernel: [    2.646533] IR RC5 (streamzap) protocol handler initialized
Dec  3 21:04:27 ubuntu-phablet kernel: [    2.646568] IR SANYO protocol handler initialized
Dec  3 21:04:27 ubuntu-phablet kernel: [    2.646601] IR MCE Keyboard/mouse protocol handler initialized
Dec  3 21:04:27 ubuntu-phablet kernel: [    2.646637] IR LIRC bridge handler initialized
Dec  3 21:04:27 ubuntu-phablet kernel: [    2.646841] usbcore: registered new interface driver uvcvideo
Dec  3 21:04:27 ubuntu-phablet kernel: [    2.646880] USB Video Class driver (1.1.1)
Dec  3 21:04:27 ubuntu-phablet kernel: [    2.648367] Driver for 1-wire Dallas network protocol.
Dec  3 21:04:27 ubuntu-phablet kernel: [    2.649334] w1-gpio: w1_gpio_probe:gpio 439
Dec  3 21:04:27 ubuntu-phablet kernel: [    2.848966] BMS: qpnp_bms_init: QPNP BMS INIT
Dec  3 21:04:27 ubuntu-phablet kernel: [    2.849352] BMS: qpnp_bms_init: QPNP BMS INIT
Dec  3 21:04:27 ubuntu-phablet kernel: [    2.849710] spmi qpnp-bms-armani-f1d6dc00: Driver qcom,qpnp-bms-armani requests probe deferral
Dec  3 21:04:27 ubuntu-phablet kernel: [    2.850629] spmi qpnp-charger-armani-f1d6da00: Driver qcom,qpnp-charger-armani requests probe deferral
Dec  3 21:04:27 ubuntu-phablet kernel: [    2.894248] qpnp_vadc_conv_seq_request: not a valid VADC channel
Dec  3 21:04:27 ubuntu-phablet kernel: [    2.894338] thermal_sys: failed to read out thermal zone 7
Dec  3 21:04:27 ubuntu-phablet kernel: [    2.895361] qpnp_vadc_conv_seq_request: not a valid VADC channel
Dec  3 21:04:27 ubuntu-phablet kernel: [    2.895447] thermal_sys: failed to read out thermal zone 8
Dec  3 21:04:27 ubuntu-phablet kernel: [    2.898599] device-mapper: ioctl: 4.22.0-ioctl (2011-10-19) initialised: dm-devel@redhat.com
Dec  3 21:04:27 ubuntu-phablet kernel: [    2.901530] cpuidle: using governor ladder
Dec  3 21:04:27 ubuntu-phablet kernel: [    2.901607] cpuidle: using governor menu
Dec  3 21:04:27 ubuntu-phablet kernel: [    2.901817] sdhci: Secure Digital Host Controller Interface driver
Dec  3 21:04:27 ubuntu-phablet kernel: [    2.901899] sdhci: Copyright(c) Pierre Ossman
Dec  3 21:04:27 ubuntu-phablet kernel: [    2.904088] sdhci-pltfm: SDHCI platform and OF driver helper
Dec  3 21:04:27 ubuntu-phablet kernel: [    2.913302] mmc0: no vmmc regulator found
Dec  3 21:04:27 ubuntu-phablet kernel: [    2.914945] Registered led device: mmc0::
Dec  3 21:04:27 ubuntu-phablet kernel: [    2.916817] mmc0: SDHCI controller on msm_sdcc.1 [msm_sdcc.1] using ADMA
Dec  3 21:04:27 ubuntu-phablet kernel: [    2.926794] mmc1: no vmmc regulator found
Dec  3 21:04:27 ubuntu-phablet kernel: [    2.928290] Registered led device: mmc1::
Dec  3 21:04:27 ubuntu-phablet kernel: [    2.932532] mmc1: SDHCI controller on msm_sdcc.2 [msm_sdcc.2] using ADMA
Dec  3 21:04:27 ubuntu-phablet kernel: [    2.935102] Registered led device: red
Dec  3 21:04:27 ubuntu-phablet kernel: [    2.936254] Registered led device: green
Dec  3 21:04:27 ubuntu-phablet kernel: [    2.937368] Registered led device: blue
Dec  3 21:04:27 ubuntu-phablet kernel: [    2.939309] Registered led device: wled:backlight
Dec  3 21:04:27 ubuntu-phablet kernel: [    2.939367] qcom,leds-qpnp leds-qpnp-f1d71200: bl: change to higher light 4095
Dec  3 21:04:27 ubuntu-phablet kernel: [    2.939529] qcom,leds-qpnp leds-qpnp-f1d71200: bl: change to analog 4095
Dec  3 21:04:27 ubuntu-phablet kernel: [    2.941088] qcom,leds-qpnp leds-qpnp-f1d72000: Regulator get failed(-517)
Dec  3 21:04:27 ubuntu-phablet kernel: [    2.941201] qcom,leds-qpnp leds-qpnp-f1d72000: Unable to read flash config data
Dec  3 21:04:27 ubuntu-phablet kernel: [    2.941371] spmi leds-qpnp-f1d72000: Driver qcom,leds-qpnp requests probe deferral
Dec  3 21:04:27 ubuntu-phablet kernel: [    2.946578] usbcore: registered new interface driver usbhid
Dec  3 21:04:27 ubuntu-phablet kernel: [    2.946677] usbhid: USB HID core driver
Dec  3 21:04:27 ubuntu-phablet kernel: [    2.949978] zram: Created 1 device(s) ...
Dec  3 21:04:27 ubuntu-phablet kernel: [    2.954658] ashmem: initialized
Dec  3 21:04:27 ubuntu-phablet kernel: [    2.955398] logger: created 1024K log 'log_main'
Dec  3 21:04:27 ubuntu-phablet kernel: [    2.956163] logger: created 1024K log 'log_events'
Dec  3 21:04:27 ubuntu-phablet kernel: [    2.956870] logger: created 1024K log 'log_radio'
Dec  3 21:04:27 ubuntu-phablet kernel: [    2.957617] logger: created 1024K log 'log_system'
Dec  3 21:04:27 ubuntu-phablet kernel: [    2.962975] sps:BAM 0xf9a44000 is registered.
Dec  3 21:04:27 ubuntu-phablet kernel: [    2.963077] usb_bam_ipa_create_resources: Failed to create USB_PROD resource
Dec  3 21:04:27 ubuntu-phablet kernel: [    2.965039] PMIC@SID0 Power-on reason: Triggered from USB (USB charger insertion) and 'warm' boot
Dec  3 21:04:27 ubuntu-phablet kernel: [    2.966398] input: qpnp_pon as /devices/virtual/input/input1
Dec  3 21:04:27 ubuntu-phablet kernel: [    2.970065] PMIC@SID0: PM8226 v2.1 options: 0, 0, 2, 2
Dec  3 21:04:27 ubuntu-phablet kernel: [    2.971961] coresight-fuse fc4be024.fuse: Fuse initialized
Dec  3 21:04:27 ubuntu-phablet kernel: [    2.975282] coresight-cti fc308000.cti: CTI initialized
Dec  3 21:04:27 ubuntu-phablet kernel: [    2.976191] coresight-cti fc309000.cti: CTI initialized
Dec  3 21:04:27 ubuntu-phablet kernel: [    2.977133] coresight-cti fc30a000.cti: CTI initialized
Dec  3 21:04:27 ubuntu-phablet kernel: [    2.978080] coresight-cti fc30b000.cti: CTI initialized
Dec  3 21:04:27 ubuntu-phablet kernel: [    2.979177] coresight-cti fc30c000.cti: CTI initialized
Dec  3 21:04:27 ubuntu-phablet kernel: [    2.980090] coresight-cti fc30d000.cti: CTI initialized
Dec  3 21:04:27 ubuntu-phablet kernel: [    2.981047] coresight-cti fc30e000.cti: CTI initialized
Dec  3 21:04:27 ubuntu-phablet kernel: [    2.981952] coresight-cti fc30f000.cti: CTI initialized
Dec  3 21:04:27 ubuntu-phablet kernel: [    2.982901] coresight-cti fc310000.cti: CTI initialized
Dec  3 21:04:27 ubuntu-phablet kernel: [    2.983805] coresight-cti fc340000.cti: CTI initialized
Dec  3 21:04:27 ubuntu-phablet kernel: [    2.984758] coresight-cti fc341000.cti: CTI initialized
Dec  3 21:04:27 ubuntu-phablet kernel: [    2.985685] coresight-cti fc342000.cti: CTI initialized
Dec  3 21:04:27 ubuntu-phablet kernel: [    2.986659] coresight-cti fc343000.cti: CTI initialized
Dec  3 21:04:27 ubuntu-phablet kernel: [    2.987584] coresight-cti fc344000.cti: CTI initialized
Dec  3 21:04:27 ubuntu-phablet kernel: [    2.988552] coresight-cti fc348000.cti: CTI initialized
Dec  3 21:04:27 ubuntu-phablet kernel: [    2.989575] coresight-cti fc34d000.cti: CTI initialized
Dec  3 21:04:27 ubuntu-phablet kernel: [    2.990656] coresight-cti fc350000.cti: CTI initialized
Dec  3 21:04:27 ubuntu-phablet kernel: [    2.991734] coresight-cti fc354000.cti: CTI initialized
Dec  3 21:04:27 ubuntu-phablet kernel: [    2.992675] coresight-cti fc358000.cti: CTI initialized
Dec  3 21:04:27 ubuntu-phablet kernel: [    2.995694] coresight-csr fc302000.csr: CSR initialized
Dec  3 21:04:27 ubuntu-phablet kernel: [    3.011339] coresight-tmc fc322000.tmc: Byte Counter feature enabled
Dec  3 21:04:27 ubuntu-phablet kernel: [    3.011568] sps:BAM 0xfc37c000 is registered.
Dec  3 21:04:27 ubuntu-phablet kernel: [    3.013105] coresight-tmc fc322000.tmc: TMC initialized
Dec  3 21:04:27 ubuntu-phablet kernel: [    3.015747] coresight-tmc fc307000.tmc: TMC initialized
Dec  3 21:04:27 ubuntu-phablet kernel: [    3.019644] coresight-tpiu fc318000.tpiu: seta gpios not specified
Dec  3 21:04:27 ubuntu-phablet kernel: [    3.019761] coresight-tpiu fc318000.tpiu: setb gpios not specified
Dec  3 21:04:27 ubuntu-phablet kernel: [    3.020328] coresight-tpiu fc318000.tpiu: TPIU initialized
Dec  3 21:04:27 ubuntu-phablet kernel: [    3.023601] coresight-funnel fc31b000.funnel: FUNNEL initialized
Dec  3 21:04:27 ubuntu-phablet kernel: [    3.024096] mmc0: BKOPS_EN bit = 0
Dec  3 21:04:27 ubuntu-phablet kernel: [    3.024444] coresight-funnel fc319000.funnel: FUNNEL initialized
Dec  3 21:04:27 ubuntu-phablet kernel: [    3.025338] coresight-funnel fc31a000.funnel: FUNNEL initialized
Dec  3 21:04:27 ubuntu-phablet kernel: [    3.026195] coresight-funnel fc345000.funnel: FUNNEL initialized
Dec  3 21:04:27 ubuntu-phablet kernel: [    3.027079] coresight-funnel fc364000.funnel: FUNNEL initialized
Dec  3 21:04:27 ubuntu-phablet kernel: [    3.030439] coresight-replicator fc31c000.replicator: REPLICATOR initialized
Dec  3 21:04:27 ubuntu-phablet kernel: [    3.034542] coresight-stm fc321000.stm: STM initialized
Dec  3 21:04:27 ubuntu-phablet kernel: [    3.037946] coresight-hwevent fd828018.hwevent: Hardware Event driver initialized
Dec  3 21:04:27 ubuntu-phablet kernel: [    3.038796] mmc0: new HS200 MMC card at address 0001
Dec  3 21:04:27 ubuntu-phablet kernel: [    3.042557] coresight-etm fc33c000.etm: ETM initialized
Dec  3 21:04:27 ubuntu-phablet kernel: [    3.043769] mmcblk0: mmc0:0001 M8G1GC 7.28 GiB 
Dec  3 21:04:27 ubuntu-phablet kernel: [    3.044539] coresight-etm fc33d000.etm: ETM initialized
Dec  3 21:04:27 ubuntu-phablet kernel: [    3.046380] coresight-etm fc33e000.etm: ETM initialized
Dec  3 21:04:27 ubuntu-phablet kernel: [    3.046659] mmcblk0rpmb: mmc0:0001 M8G1GC partition 3 512 KiB
Dec  3 21:04:27 ubuntu-phablet kernel: [    3.048623] coresight-etm fc33f000.etm: ETM initialized
Dec  3 21:04:27 ubuntu-phablet kernel: [    3.052033] Alternate GPT is invalid, using primary GPT.
Dec  3 21:04:27 ubuntu-phablet kernel: [    3.052538] coresight-audio-etm audio_etm0.24: Audio ETM initialized
Dec  3 21:04:27 ubuntu-phablet kernel: [    3.052668]  mmcblk0: p1 p2 p3 p4 p5 p6 p7 p8 p9 p10 p11 p12 p13 p14 p15 p16 p17 p18 p19 p20 p21 p22 p23 p24 p25 p26 p27 p28 p29
Dec  3 21:04:27 ubuntu-phablet kernel: [    3.056733] coresight-modem-etm modem_etm0.25: Modem ETM initialized
Dec  3 21:04:27 ubuntu-phablet kernel: [    3.061012] coresight-wcn-etm wcn_etm0.26: Wireless ETM initialized
Dec  3 21:04:27 ubuntu-phablet kernel: [    3.065190] coresight-rpm-etm rpm_etm0.27: RPM ETM initialized
Dec  3 21:04:27 ubuntu-phablet kernel: [    3.070398] usbcore: registered new interface driver snd-usb-audio
Dec  3 21:04:27 ubuntu-phablet kernel: [    3.141917] msm-compr-dsp msm-compr-dsp: msm_compr_probe: dev name msm-compr-dsp
Dec  3 21:04:27 ubuntu-phablet kernel: [    3.146017] msm-pcm-lpa msm-pcm-lpa: msm_pcm_probe: dev name msm-pcm-lpa
Dec  3 21:04:27 ubuntu-phablet kernel: [    3.151797] platform qcom,msm-voip-dsp.49: Driver msm-voip-dsp requests probe deferral
Dec  3 21:04:27 ubuntu-phablet kernel: [    3.154694] platform qcom,msm-pcm-voice.50: Driver msm-pcm-voice requests probe deferral
Dec  3 21:04:27 ubuntu-phablet kernel: [    3.178437] platform sound.42: Driver msm8226-asoc-tapan requests probe deferral
Dec  3 21:04:27 ubuntu-phablet kernel: [    3.180859] Netfilter messages via NETLINK v0.30.
Dec  3 21:04:27 ubuntu-phablet kernel: [    3.181020] nfnl_acct: registering with nfnetlink.
Dec  3 21:04:27 ubuntu-phablet kernel: [    3.181304] nf_conntrack version 0.5.0 (13657 buckets, 54628 max)
Dec  3 21:04:27 ubuntu-phablet kernel: [    3.185331] ctnetlink v0.93: registering with nfnetlink.
Dec  3 21:04:27 ubuntu-phablet kernel: [    3.186970] NF_TPROXY: Transparent proxy support initialized, version 4.1.0
Dec  3 21:04:27 ubuntu-phablet kernel: [    3.187083] NF_TPROXY: Copyright (c) 2006-2007 BalaBit IT Ltd.
Dec  3 21:04:27 ubuntu-phablet kernel: [    3.188611] xt_time: kernel timezone is -0000
Dec  3 21:04:27 ubuntu-phablet kernel: [    3.191421] ip_tables: (C) 2000-2006 Netfilter Core Team
Dec  3 21:04:27 ubuntu-phablet kernel: [    3.193321] arp_tables: (C) 2002 David S. Miller
Dec  3 21:04:27 ubuntu-phablet kernel: [    3.193723] TCP: cubic registered
Dec  3 21:04:27 ubuntu-phablet kernel: [    3.193793] Initializing XFRM netlink socket
Dec  3 21:04:27 ubuntu-phablet kernel: [    3.198594] NET: Registered protocol family 10
Dec  3 21:04:27 ubuntu-phablet kernel: [    3.213824] Mobile IPv6
Dec  3 21:04:27 ubuntu-phablet kernel: [    3.214061] ip6_tables: (C) 2000-2006 Netfilter Core Team
Dec  3 21:04:27 ubuntu-phablet kernel: [    3.215688] IPv6 over IPv4 tunneling driver
Dec  3 21:04:27 ubuntu-phablet kernel: [    3.218851] NET: Registered protocol family 17
Dec  3 21:04:27 ubuntu-phablet kernel: [    3.219237] NET: Registered protocol family 15
Dec  3 21:04:27 ubuntu-phablet kernel: [    3.219711] Bridge firewalling registered
Dec  3 21:04:27 ubuntu-phablet kernel: [    3.219850] Ebtables v2.0 registered
Dec  3 21:04:27 ubuntu-phablet kernel: [    3.220790] Bluetooth: RFCOMM TTY layer initialized
Dec  3 21:04:27 ubuntu-phablet kernel: [    3.220955] Bluetooth: RFCOMM socket layer initialized
Dec  3 21:04:27 ubuntu-phablet kernel: [    3.221044] Bluetooth: RFCOMM ver 1.11
Dec  3 21:04:27 ubuntu-phablet kernel: [    3.221120] Bluetooth: BNEP (Ethernet Emulation) ver 1.3
Dec  3 21:04:27 ubuntu-phablet kernel: [    3.221206] Bluetooth: BNEP filters: protocol multicast
Dec  3 21:04:27 ubuntu-phablet kernel: [    3.221302] Bluetooth: HIDP (Human Interface Emulation) ver 1.2
Dec  3 21:04:27 ubuntu-phablet kernel: [    3.221741] Registering the dns_resolver key type
Dec  3 21:04:27 ubuntu-phablet kernel: [    3.223910] VFP support v0.3: implementor 41 architecture 2 part 30 variant 7 rev 3
Dec  3 21:04:27 ubuntu-phablet kernel: [    3.224160] Registering SWP/SWPB emulation handler
Dec  3 21:04:27 ubuntu-phablet kernel: [    3.354107] AppArmor: AppArmor sha1 policy hashing enabled
Dec  3 21:04:27 ubuntu-phablet kernel: [    3.359023] platform sound.42: Driver msm8226-asoc-tapan requests probe deferral
Dec  3 21:04:27 ubuntu-phablet kernel: [    3.363655] qcom,leds-qpnp leds-qpnp-f1d72000: Regulator get failed(-517)
Dec  3 21:04:27 ubuntu-phablet kernel: [    3.363774] qcom,leds-qpnp leds-qpnp-f1d72000: Unable to read flash config data
Dec  3 21:04:27 ubuntu-phablet kernel: [    3.363946] spmi leds-qpnp-f1d72000: Driver qcom,leds-qpnp requests probe deferral
Dec  3 21:04:27 ubuntu-phablet kernel: [    3.364266] gpio_set_debounce: gpio-108 status -22
Dec  3 21:04:27 ubuntu-phablet kernel: [    3.364795] bq2022: w1_bq2022_battery_id: pseduo_info:0x10139463
Dec  3 21:04:27 ubuntu-phablet kernel: [    3.365141] gpio_set_debounce: gpio-107 status -22
Dec  3 21:04:27 ubuntu-phablet kernel: [    3.365177] chg:qpnp_chg_vbatdet_set: voltage=4320 setting 36
Dec  3 21:04:27 ubuntu-phablet kernel: [    3.365959] gpio_set_debounce: gpio-106 status -22
Dec  3 21:04:27 ubuntu-phablet kernel: [    3.366402] batfet: 
Dec  3 21:04:27 ubuntu-phablet kernel: [    3.367796] input: gpio-keys as /devices/gpio_keys.75/input/input2
Dec  3 21:04:27 ubuntu-phablet kernel: [    3.367828] 8226_smbbp_boost: 5000 mV 
Dec  3 21:04:27 ubuntu-phablet kernel: [    3.369803] 8226_smbbp_otg: 
Dec  3 21:04:27 ubuntu-phablet kernel: [    3.369994] 8226_smbbp_otg: supplied by 8226_smbbp_boost
Dec  3 21:04:27 ubuntu-phablet kernel: [    3.371308] qcom,qpnp-rtc qpnp-rtc-f1d71000: setting system clock to 2015-12-03 21:04:14 UTC (1449176654)
Dec  3 21:04:27 ubuntu-phablet kernel: [    3.375239] msm_thermal: Interrupt mode init
Dec  3 21:04:27 ubuntu-phablet kernel: [    3.376751] clock_late_init: Removing enables held for handed-off clocks
Dec  3 21:04:27 ubuntu-phablet kernel: [    3.382579] ALSA device list:
Dec  3 21:04:27 ubuntu-phablet kernel: [    3.382603]   No soundcards found.
Dec  3 21:04:27 ubuntu-phablet kernel: [    3.382821] Freeing init memory: 80K
Dec  3 21:04:27 ubuntu-phablet kernel: [    3.387467] chg:qpnp_chg_vddmax_and_trim_set: voltage=4350+0 setting vddmax: 6f, trim: 70
Dec  3 21:04:27 ubuntu-phablet kernel: [    3.388558] chg:qpnp_chg_usb_chg_gone_irq_handler: chg_gone triggered, usb 1 3
Dec  3 21:04:27 ubuntu-phablet kernel: [    3.388626] chg:qpnp_chg_usb_usbin_valid_irq_handler: usbin-valid triggered: 1 host_mode: 0
Dec  3 21:04:27 ubuntu-phablet kernel: [    3.388725] chg:qpnp_chg_vddmax_and_trim_set: voltage=4350+0 setting vddmax: 6f, trim: 70
Dec  3 21:04:27 ubuntu-phablet kernel: [    3.388811] chg:qpnp_chg_dc_dcin_valid_irq_handler: dcin-valid triggered: 0
Dec  3 21:04:27 ubuntu-phablet kernel: [    3.389212] chg:qpnp_charger_probe: success chg_dis = 0, bpd = 1, usb = 1, dc = 0 b_health = 1 batt_present = 1
Dec  3 21:04:27 ubuntu-phablet kernel: [    3.389810] bq2022: w1_bq2022_battery_id: pseduo_info:0x10139463
Dec  3 21:04:27 ubuntu-phablet kernel: [    3.390011] BMS: read_shutdown_soc: stored soc = 0xbe, shutdown_soc = 94
Dec  3 21:04:27 ubuntu-phablet kernel: [    3.412836] exe used greatest stack depth: 5672 bytes left
Dec  3 21:04:27 ubuntu-phablet kernel: [    3.419659] init used greatest stack depth: 5552 bytes left
Dec  3 21:04:27 ubuntu-phablet kernel: [    3.433661] mmc1: new high speed SDHC card at address b368
Dec  3 21:04:27 ubuntu-phablet kernel: [    3.434613] mmcblk1: mmc1:b368 NCard 7.48 GiB 
Dec  3 21:04:27 ubuntu-phablet kernel: [    3.436233] BMS: read_soc_params_raw: PON_OCV_UV = 4315203, cc = 27db
Dec  3 21:04:27 ubuntu-phablet kernel: [    3.436279] BMS: read_soc_params_raw: OCV is stale or bad, estimating new OCV.
Dec  3 21:04:27 ubuntu-phablet kernel: [    3.436315] BMS: read_saved_instant_ocv: read instant ocv 4240 reg d2
Dec  3 21:04:27 ubuntu-phablet kernel: [    3.436358]  mmcblk1: p1 p2
Dec  3 21:04:27 ubuntu-phablet kernel: [    3.440964] BMS: estimate_ocv: estimated pon ocv = 4309706 i156789 v4283523 r167 d0
Dec  3 21:04:27 ubuntu-phablet kernel: [    3.440995] BMS: read_soc_params_raw: instant ocv 4240 estimated 4309
Dec  3 21:04:27 ubuntu-phablet kernel: [    3.441168] BMS: read_soc_params_raw: New PON_OCV_UV = 4240000, cc = 27db
Dec  3 21:04:27 ubuntu-phablet kernel: [    3.472737] BMS: load_shutdown_data: raw_soc = 95 shutdown_soc = 94 shutdown_iavg = 250 shutdown_soc_invalid = 0, battery_removed = 0
Dec  3 21:04:27 ubuntu-phablet kernel: [    3.472925] BMS: setup_vbat_monitoring: set low thr to 3420000 and high to 4330000
Dec  3 21:04:27 ubuntu-phablet kernel: [    3.488348] BMS: refresh_die_temp_monitor: low = 50159, high = 60159
Dec  3 21:04:27 ubuntu-phablet kernel: [    3.550543] BMS: calculate_state_of_charge: soc = 95 before forcing shutdown_soc = 94
Dec  3 21:04:27 ubuntu-phablet kernel: [    3.550583] BMS: calculate_state_of_charge: DONE for shutdown_soc = 94 soc is 94, adjusted ocv to 4226000uV
Dec  3 21:04:27 ubuntu-phablet kernel: [    3.555241] BMS: adjust_soc: s 94 i 105924 v 4290009 ocv 4226000 rbatt 140 uuc 61620 cc 4 r 1934461 t 382
Dec  3 21:04:27 ubuntu-phablet kernel: [    3.595994] BMS: adjust_soc: s 94 i 102267 v 4290009 ocv 4226000 rbatt 140 uuc 61620 cc 4 r 1930760 t 382
Dec  3 21:04:27 ubuntu-phablet kernel: [    3.662743] BMS: qpnp_bms_probe: probe success: soc =94 vbatt = 4251915 ocv = 4226000 r_sense_uohm = 10000 warm_reset = 1
Dec  3 21:04:27 ubuntu-phablet kernel: [    3.664044] platform sound.42: Driver msm8226-asoc-tapan requests probe deferral
Dec  3 21:04:27 ubuntu-phablet kernel: [    3.665042] Registered led device: led:flash_0
Dec  3 21:04:27 ubuntu-phablet kernel: [    3.665580] Registered led device: led:flash_1
Dec  3 21:04:27 ubuntu-phablet kernel: [    3.665893] Registered led device: led:flash_torch
Dec  3 21:04:27 ubuntu-phablet kernel: [    3.666753] platform sound.42: Driver msm8226-asoc-tapan requests probe deferral
Dec  3 21:04:27 ubuntu-phablet kernel: [    3.666955] msm_otg f9a55000.usb: phy_reset: success
Dec  3 21:04:27 ubuntu-phablet kernel: [    3.718376] chg:get_prop_capacity: resuming charging at 94% soc
Dec  3 21:04:27 ubuntu-phablet kernel: [    3.718406] chg:qpnp_chg_vbatdet_set: voltage=4380 setting 39
Dec  3 21:04:27 ubuntu-phablet kernel: [    3.889931] exe used greatest stack depth: 5544 bytes left
Dec  3 21:04:27 ubuntu-phablet kernel: [    3.900949] msm_hsusb msm_hsusb: CI13XXX_CONTROLLER_RESET_EVENT received
Dec  3 21:04:27 ubuntu-phablet kernel: [    4.852587] initrd: checking filesystem integrity for the userdata partition
Dec  3 21:04:27 ubuntu-phablet kernel: [    4.859759] EXT4-fs (mmcblk0p29): couldn't mount as ext3 due to feature incompatibilities
Dec  3 21:04:27 ubuntu-phablet kernel: [    4.879745] EXT4-fs (mmcblk0p29): couldn't mount as ext2 due to feature incompatibilities
Dec  3 21:04:27 ubuntu-phablet kernel: [    4.893157] EXT4-fs (mmcblk0p29): warning: maximal mount count reached, running e2fsck is recommended
Dec  3 21:04:27 ubuntu-phablet kernel: [    4.895141] EXT4-fs (mmcblk0p29): mounted filesystem with ordered data mode. Opts: errors=remount-ro
Dec  3 21:04:27 ubuntu-phablet kernel: [    5.170742] chg:qpnp_chg_chgr_chg_fastchg_irq_handler: FAST_CHG IRQ triggered
Dec  3 21:04:27 ubuntu-phablet kernel: [    5.170789] chg:qpnp_chg_vbatdet_set: voltage=4320 setting 36
Dec  3 21:04:27 ubuntu-phablet kernel: [    5.239296] BMS: adjust_soc: s 94 i 126377 v 4286766 ocv 4226000 rbatt 140 uuc 61620 cc 78 r 1930760 t 382
Dec  3 21:04:27 ubuntu-phablet kernel: [    8.388954] chg:qpnp_invalid_charger_work: qpnp_invalid_charger_work usb 1 batt 1 status 1 usb online 0
Dec  3 21:04:27 ubuntu-phablet kernel: [    9.381661] e2fsck used greatest stack depth: 4920 bytes left
Dec  3 21:04:27 ubuntu-phablet kernel: [    9.384432] initrd: checking filesystem for userdata took (including e2fsck) 5 seconds
Dec  3 21:04:27 ubuntu-phablet kernel: [    9.384536] initrd: mounting /dev/mmcblk0p29
Dec  3 21:04:27 ubuntu-phablet kernel: [    9.398952] EXT4-fs: Warning: mounting with data=journal disables delayed allocation and O_DIRECT support!
Dec  3 21:04:27 ubuntu-phablet kernel: [    9.398995] EXT4-fs (mmcblk0p29): couldn't mount as ext3 due to feature incompatibilities
Dec  3 21:04:27 ubuntu-phablet kernel: [    9.409859] EXT4-fs (mmcblk0p29): couldn't mount as ext2 due to feature incompatibilities
Dec  3 21:04:27 ubuntu-phablet kernel: [    9.423676] EXT4-fs (mmcblk0p29): mounted filesystem with journalled data mode. Opts: discard,data=journal
Dec  3 21:04:27 ubuntu-phablet kernel: [    9.427730] initrd: boot mode: ubuntu
Dec  3 21:04:27 ubuntu-phablet kernel: [    9.436321] EXT4-fs (loop0): couldn't mount as ext3 due to feature incompatibilities
Dec  3 21:04:27 ubuntu-phablet kernel: [    9.449448] EXT4-fs (loop0): mounting ext2 file system using the ext4 subsystem
Dec  3 21:04:27 ubuntu-phablet kernel: [    9.453749] EXT4-fs (loop0): mounted filesystem without journal. Opts: (null)
Dec  3 21:04:27 ubuntu-phablet kernel: [    9.454300] initrd: mounting system.img (user mode)
Dec  3 21:04:27 ubuntu-phablet kernel: [    9.493821] initrd: mounting device image as ro
Dec  3 21:04:27 ubuntu-phablet kernel: [    9.570004] initrd: device is armani
Dec  3 21:04:27 ubuntu-phablet kernel: [    9.655952] init used greatest stack depth: 4760 bytes left
Dec  3 21:04:27 ubuntu-phablet kernel: [   10.852958] init used greatest stack depth: 4728 bytes left
Dec  3 21:04:27 ubuntu-phablet kernel: [   11.149701] initrd: checking fstab /root/var/lib/lxc/android/rootfs/fstab* for additional mount points
Dec  3 21:04:27 ubuntu-phablet kernel: [   11.217229] initrd: checking mount label cache
Dec  3 21:04:27 ubuntu-phablet kernel: [   11.218720] initrd: mounting /dev/disk/by-partlabel/cache as /root/android//cache
Dec  3 21:04:27 ubuntu-phablet kernel: [   11.226220] ext4_msg: 4 callbacks suppressed
Dec  3 21:04:27 ubuntu-phablet kernel: [   11.226245] EXT4-fs (mmcblk0p28): mounted filesystem with ordered data mode. Opts: barrier=1
Dec  3 21:04:27 ubuntu-phablet kernel: [   11.251865] initrd: checking mount label persist
Dec  3 21:04:27 ubuntu-phablet kernel: [   11.253249] initrd: mounting /dev/disk/by-partlabel/persist as /root/android//persist
Dec  3 21:04:27 ubuntu-phablet kernel: [   11.265189] EXT4-fs (mmcblk0p26): warning: maximal mount count reached, running e2fsck is recommended
Dec  3 21:04:27 ubuntu-phablet kernel: [   11.265726] EXT4-fs (mmcblk0p26): recovery complete
Dec  3 21:04:27 ubuntu-phablet kernel: [   11.267653] EXT4-fs (mmcblk0p26): mounted filesystem with ordered data mode. Opts: barrier=1
Dec  3 21:04:27 ubuntu-phablet kernel: [   11.282246] initrd: checking mount label modem
Dec  3 21:04:27 ubuntu-phablet kernel: [   11.283656] initrd: mounting /dev/disk/by-partlabel/modem as /root/android//firmware
Dec  3 21:04:27 ubuntu-phablet kernel: [   11.308675] initrd: checking mount label boot
Dec  3 21:04:27 ubuntu-phablet kernel: [   11.310109] initrd: mounting /dev/disk/by-partlabel/boot as /root/android//boot
Dec  3 21:04:27 ubuntu-phablet kernel: [   11.331967] initrd: checking mount label recovery
Dec  3 21:04:27 ubuntu-phablet kernel: [   11.333385] initrd: mounting /dev/disk/by-partlabel/recovery as /root/android//recovery
Dec  3 21:04:27 ubuntu-phablet kernel: [   11.364374] initrd: checking mount label mmc_host
Dec  3 21:04:27 ubuntu-phablet kernel: [   11.378970] initrd: checking mount label usb1
Dec  3 21:04:27 ubuntu-phablet kernel: [   11.402283] initrd: checking mount label zram0
Dec  3 21:04:27 ubuntu-phablet kernel: [   11.403825] initrd: mounting /dev/zram0 as /root/android/none
Dec  3 21:04:27 ubuntu-phablet kernel: [   11.412212] initrd: mounting /root/var/lib/lxc/android/system.img as /root/android/system
Dec  3 21:04:27 ubuntu-phablet kernel: [   11.595417] Adding 102396k swap on /root/userdata/SWAP.img.  Priority:-1 extents:49 across:4305920k SS
Dec  3 21:04:27 ubuntu-phablet kernel: [   14.721179] init: ureadahead main process (627) terminated with status 5
Dec  3 21:04:27 ubuntu-phablet kernel: [   14.740070] status used greatest stack depth: 4456 bytes left
Dec  3 21:04:27 ubuntu-phablet kernel: [   15.201538] list-records used greatest stack depth: 4360 bytes left
Dec  3 21:04:27 ubuntu-phablet kernel: [   16.133748] enable_store: android_usb: already disabled
Dec  3 21:04:27 ubuntu-phablet kernel: [   16.149139] ssh-keygen (840): undefined instruction: pc=b6e603c8
Dec  3 21:04:27 ubuntu-phablet kernel: [   16.149155] Code: 00000000 00000000 f26ee1fe e12fff1e (ee190f1d) 
Dec  3 21:04:27 ubuntu-phablet kernel: [   16.213156] adbd (852): undefined instruction: pc=b6d2d3c8
Dec  3 21:04:27 ubuntu-phablet kernel: [   16.213175] Code: 00000000 00000000 f26ee1fe e12fff1e (ee190f1d) 
Dec  3 21:04:27 ubuntu-phablet kernel: [   16.228535] adb_open
Dec  3 21:04:27 ubuntu-phablet kernel: [   16.228600] msm_hsusb msm_hsusb: CI13XXX_CONTROLLER_CONNECT_EVENT received
Dec  3 21:04:27 ubuntu-phablet kernel: [   16.288738] BMS: btm_notify_die_temp: die temp = 61152, raw = 0x7b79
Dec  3 21:04:27 ubuntu-phablet kernel: [   16.293263] BMS: refresh_die_temp_monitor: low = 56299, high = 66299
Dec  3 21:04:27 ubuntu-phablet kernel: [   16.345076] BMS: adjust_soc: s 94 i 494800 v 4242846 ocv 4226000 rbatt 140 uuc 61620 cc 405 r 1930760 t 383
Dec  3 21:04:27 ubuntu-phablet kernel: [   16.371150] click (824): undefined instruction: pc=b6a313c8
Dec  3 21:04:27 ubuntu-phablet kernel: [   16.371169] Code: 00000000 00000000 f26ee1fe e12fff1e (ee190f1d) 
Dec  3 21:04:27 ubuntu-phablet kernel: [   16.428397] init: plymouth-upstart-bridge main process (867) terminated with status 1
Dec  3 21:04:27 ubuntu-phablet kernel: [   16.526953] init: Failed to spawn bluetooth-touch-armani main process: unable to execute: Permission denied
Dec  3 21:04:27 ubuntu-phablet kernel: [   16.553588] init: bluetooth-touch main process (868) terminated with status 1
Dec  3 21:04:27 ubuntu-phablet kernel: [   16.577790] aa-clickhook (851): undefined instruction: pc=b699d3c8
Dec  3 21:04:27 ubuntu-phablet kernel: [   16.577805] Code: 00000000 00000000 f26ee1fe e12fff1e (ee190f1d) 
Dec  3 21:04:27 ubuntu-phablet kernel: [   16.592061] msm_otg f9a55000.usb: Avail curr from USB = 100
Dec  3 21:04:27 ubuntu-phablet kernel: [   16.592165] chg:qpnp_chg_iusbmax_set: mA 100
Dec  3 21:04:27 ubuntu-phablet kernel: [   16.592235] gpio_request: gpio-109 (QPNP_CHARGER) status -16
Dec  3 21:04:27 ubuntu-phablet kernel: [   16.592270] ft5x06_i2c 5-0038: Power state changed, set noise filter to 0x1
Dec  3 21:04:27 ubuntu-phablet kernel: [   16.592364] android_work: android_work: did not send uevent (0 0   (null))
Dec  3 21:04:27 ubuntu-phablet kernel: [   16.610867] chg:get_prop_capacity: resuming charging at 94% soc
Dec  3 21:04:27 ubuntu-phablet kernel: [   16.610881] chg:qpnp_chg_vbatdet_set: voltage=4380 setting 39
Dec  3 21:04:27 ubuntu-phablet kernel: [   16.653671] BMS: adjust_soc: s 94 i 1202673 v 4160016 ocv 4226000 rbatt 140 uuc 61620 cc 443 r 1930760 t 386
Dec  3 21:04:27 ubuntu-phablet kernel: [   16.662560] android_work: android_work: sent uevent USB_STATE=CONNECTED
Dec  3 21:04:27 ubuntu-phablet kernel: [   16.666217] android_work: android_work: sent uevent USB_STATE=DISCONNECTED
Dec  3 21:04:27 ubuntu-phablet kernel: [   16.721200] bluetoothd used greatest stack depth: 4320 bytes left
Dec  3 21:04:27 ubuntu-phablet kernel: [   16.754449] android_work: android_work: sent uevent USB_STATE=CONNECTED
Dec  3 21:04:27 ubuntu-phablet kernel: [   16.756060] android_usb gadget: high-speed config #1: fe8050c8.android_usb
Dec  3 21:04:27 ubuntu-phablet kernel: [   16.756097] msm_otg f9a55000.usb: Avail curr from USB = 500
Dec  3 21:04:27 ubuntu-phablet kernel: [   16.756232] chg:qpnp_chg_iusbmax_set: mA 500
Dec  3 21:04:27 ubuntu-phablet kernel: [   16.756308] gpio_request: gpio-109 (QPNP_CHARGER) status -16
Dec  3 21:04:27 ubuntu-phablet kernel: [   16.756339] chg:qpnp_chg_chgr_chg_fastchg_irq_handler: FAST_CHG IRQ triggered
Dec  3 21:04:27 ubuntu-phablet kernel: [   16.756350] chg:qpnp_chg_vbatdet_set: voltage=4320 setting 36
Dec  3 21:04:27 ubuntu-phablet kernel: [   16.808909] android_work: android_work: sent uevent USB_STATE=CONFIGURED
Dec  3 21:04:27 ubuntu-phablet kernel: [   16.835674] BMS: adjust_soc: s 94 i 778590 v 4207770 ocv 4226000 rbatt 140 uuc 61620 cc 490 r 1930760 t 384
Dec  3 21:04:28 ubuntu-phablet kernel: [   16.932549] ssh-keygen used greatest stack depth: 4024 bytes left
Dec  3 21:04:28 ubuntu-phablet kernel: [   16.940615] ssh-keygen (901): undefined instruction: pc=b6e6f3c8
Dec  3 21:04:28 ubuntu-phablet kernel: [   16.940631] Code: 00000000 00000000 f26ee1fe e12fff1e (ee190f1d) 
Dec  3 21:04:28 ubuntu-phablet kernel: [   17.321778] aa-clickhook (905): undefined instruction: pc=b6a4f3c8
Dec  3 21:04:28 ubuntu-phablet kernel: [   17.321795] Code: 00000000 00000000 f26ee1fe e12fff1e (ee190f1d) 
Dec  3 21:04:29 ubuntu-phablet kernel: [   18.752223] init: could not import file '/init.carrier.rc' from '/init.rc'
Dec  3 21:04:29 ubuntu-phablet kernel: [   18.752305] init: could not import file '/init.cm.rc' from '/init.rc'
Dec  3 21:04:29 ubuntu-phablet kernel: [   18.752599] init (977): /proc/977/oom_adj is deprecated, please use /proc/977/oom_score_adj instead.
Dec  3 21:04:29 ubuntu-phablet kernel: [   18.753626] init: do_chown: Could not access /selinux/booleans
Dec  3 21:04:29 ubuntu-phablet kernel: [   18.753741] init: do_chown: Could not access /sys/fs/selinux/booleans
Dec  3 21:04:30 ubuntu-phablet kernel: [   19.199152] init: cannot open '/initlogo.rle'
Dec  3 21:04:30 ubuntu-phablet kernel: [   19.205990] zram: Initialization done!
Dec  3 21:04:30 ubuntu-phablet kernel: [   19.314933] Adding 262140k swap on /dev/block/zram0.  Priority:-2 extents:1 across:262140k SS
Dec  3 21:04:30 ubuntu-phablet kernel: [   19.332048] init: Detected MSM SOC ID=221 SOC VER=0 BOARD TYPE=QRD
Dec  3 21:04:30 ubuntu-phablet kernel: [   19.332468] init: failed to open '/sys/class/graphics/fb2/msm_fb_type'
Dec  3 21:04:30 ubuntu-phablet kernel: [   19.338487] pil-q6v5-lpass fe200000.qcom,lpass: adsp: loading from 0x0dc00000 to 0x0f000000
Dec  3 21:04:30 ubuntu-phablet kernel: [   19.726290] pil-q6v5-lpass fe200000.qcom,lpass: adsp: Brought out of reset
Dec  3 21:04:30 ubuntu-phablet kernel: [   19.782490] pil-q6v5-lpass fe200000.qcom,lpass: adsp: Power/Clock ready interrupt received
Dec  3 21:04:30 ubuntu-phablet kernel: [   19.804429] pil-q6v5-lpass fe200000.qcom,lpass: Subsystem error monitoring/handling services are up
Dec  3 21:04:30 ubuntu-phablet kernel: [   19.804484] adsp-loader qcom,msm-adsp-loader.41: adsp_loader_do: Q6/ADSP image is loaded
Dec  3 21:04:30 ubuntu-phablet kernel: [   19.810020] platform sound.42: Driver msm8226-asoc-tapan requests probe deferral
Dec  3 21:04:30 ubuntu-phablet kernel: [   19.810106] diag: In diag_send_msg_mask_update, invalid status 0
Dec  3 21:04:30 ubuntu-phablet kernel: [   19.810133] diag: In diag_send_log_mask_update, invalid status 0
Dec  3 21:04:30 ubuntu-phablet kernel: [   19.810636] apr_tal:Q6 Is Up
Dec  3 21:04:30 ubuntu-phablet kernel: [   19.811616] platform sound.42: Driver msm8226-asoc-tapan requests probe deferral
Dec  3 21:04:30 ubuntu-phablet kernel: [   19.826224] healthd: wakealarm_init: timerfd_create failed
Dec  3 21:04:30 ubuntu-phablet kernel: [   19.828766] init: cannot find '/system/bin/surfaceflinger.disabled', disabling 'surfaceflinger'
Dec  3 21:04:31 ubuntu-phablet kernel: [   19.912096] init: using deprecated syntax for specifying property 'ro.serialno', use ${name} instead
Dec  3 21:04:31 ubuntu-phablet kernel: [   19.912257] init: using deprecated syntax for specifying property 'ro.product.manufacturer', use ${name} instead
Dec  3 21:04:31 ubuntu-phablet kernel: [   19.912391] init: using deprecated syntax for specifying property 'ro.product.model', use ${name} instead
Dec  3 21:04:31 ubuntu-phablet kernel: [   19.918804] adb_release
Dec  3 21:04:31 ubuntu-phablet kernel: [   19.919999] mtp_bind_config
Dec  3 21:04:31 ubuntu-phablet kernel: [   19.920393] msm_hsusb msm_hsusb: CI13XXX_CONTROLLER_CONNECT_EVENT received
Dec  3 21:04:31 ubuntu-phablet kernel: [   19.920532] init: cannot find '/sbin/adbd', disabling 'adbd'
Dec  3 21:04:31 ubuntu-phablet kernel: [   19.921437] Slimbus QMI NGD CB received event:2
Dec  3 21:04:31 ubuntu-phablet kernel: [   19.922471] platform sound.42: Driver msm8226-asoc-tapan requests probe deferral
Dec  3 21:04:31 ubuntu-phablet kernel: [   19.923469] msm_otg f9a55000.usb: Avail curr from USB = 2
Dec  3 21:04:31 ubuntu-phablet kernel: [   19.923486] msm_hsusb msm_hsusb: CI13XXX_CONTROLLER_SUSPEND_EVENT received
Dec  3 21:04:31 ubuntu-phablet kernel: [   19.923519] android_work: android_work: did not send uevent (1 1   (null))
Dec  3 21:04:31 ubuntu-phablet kernel: [   19.923570] chg:qpnp_chg_iusbmax_set: mA 100
Dec  3 21:04:31 ubuntu-phablet kernel: [   19.923652] gpio_request: gpio-109 (QPNP_CHARGER) status -16
Dec  3 21:04:31 ubuntu-phablet kernel: [   19.923711] ft5x06_i2c 5-0038: Power state changed, set noise filter to 0x0
Dec  3 21:04:31 ubuntu-phablet kernel: [   19.924649] mtp_bind_config
Dec  3 21:04:31 ubuntu-phablet kernel: [   19.925073] msm_hsusb msm_hsusb: CI13XXX_CONTROLLER_CONNECT_EVENT received
Dec  3 21:04:31 ubuntu-phablet kernel: [   19.930061] SLIM SAT: Received master capability
Dec  3 21:04:31 ubuntu-phablet kernel: [   19.930132] sps:BAM 0xfe104000 (va:0xc8980000) enabled: ver:0x15, number of pipes:19
Dec  3 21:04:31 ubuntu-phablet kernel: [   19.930144] sps:BAM 0xfe104000 is registered.
Dec  3 21:04:31 ubuntu-phablet kernel: [   19.932571] SLIM SAT: capability exchange successful
Dec  3 21:04:31 ubuntu-phablet kernel: [   19.932810] tapan-slim tapan-slim-pgd: Platform data from device tree
Dec  3 21:04:31 ubuntu-phablet kernel: [   19.932897] tapan-slim tapan-slim-pgd: cdc-vdd-h: vol=[1800000 1800000]uV, curr=[25000]uA, ond 0
Dec  3 21:04:31 ubuntu-phablet kernel: [   19.932927] tapan-slim tapan-slim-pgd: cdc-vdd-px: vol=[1800000 1800000]uV, curr=[25000]uA, ond 0
Dec  3 21:04:31 ubuntu-phablet kernel: [   19.932955] tapan-slim tapan-slim-pgd: cdc-vdd-cx: vol=[1200000 1200000]uV, curr=[2000]uA, ond 0
Dec  3 21:04:31 ubuntu-phablet kernel: [   19.932983] tapan-slim tapan-slim-pgd: cdc-vdd-buck: vol=[1800000 2150000]uV, curr=[650000]uA, ond 1
Dec  3 21:04:31 ubuntu-phablet kernel: [   19.933017] tapan-slim tapan-slim-pgd: cdc-vdd-buckhelper: vol=[1775000 2125000]uV, curr=[10000]uA, ond 1
Dec  3 21:04:31 ubuntu-phablet kernel: [   19.933050] tapan-slim tapan-slim-pgd: Looking up qcom,cdc-micbias4-cfilt-sel property in node /soc/slim@fe12f000/tapan_codec failed
Dec  3 21:04:31 ubuntu-phablet kernel: [   19.933125] tapan-slim tapan-slim-pgd: Looking up qcom,cdc-dmic-sample-rate property in node /soc/slim@fe12f000/tapan_codec failed
Dec  3 21:04:31 ubuntu-phablet kernel: [   19.942304] chg:get_prop_capacity: resuming charging at 94% soc
Dec  3 21:04:31 ubuntu-phablet kernel: [   19.942333] chg:qpnp_chg_vbatdet_set: voltage=4380 setting 39
Dec  3 21:04:31 ubuntu-phablet kernel: [   19.978805] BMS: adjust_soc: s 94 i 1090301 v 4167975 ocv 4226000 rbatt 140 uuc 61620 cc 914 r 1930760 t 387
Dec  3 21:04:31 ubuntu-phablet kernel: [   19.989336] slimbus:1 laddr:0xcb, EAPC:0x1:0xe0
Dec  3 21:04:31 ubuntu-phablet kernel: [   19.989367] tapan-slim tapan-slim-pgd: wcd9xxx_slim_device_up: slim device up
Dec  3 21:04:31 ubuntu-phablet kernel: [   19.989960] slimbus:1 laddr:0xca, EAPC:0x0:0xe0
Dec  3 21:04:31 ubuntu-phablet kernel: [   19.995904] tapan-slim tapan-slim-pgd: wcd9xxx_check_codec_type: detected tapan_codec, major 0x103, minor 0x1, ver 0x1
Dec  3 21:04:31 ubuntu-phablet kernel: [   19.995921] wcd9xxx_core_res_init: num_irqs = 31, num_irq_regs = 4
Dec  3 21:04:31 ubuntu-phablet kernel: [   20.007965] tapan_codec tapan_codec: tapan_check_wcd9306: wcd9306 detected
Dec  3 21:04:31 ubuntu-phablet kernel: [   20.026758] tapan_codec tapan_codec: tapan_codec_probe()
Dec  3 21:04:31 ubuntu-phablet kernel: [   20.051720] asoc: snd-soc-dummy-dai <-> MultiMedia1 mapping ok
Dec  3 21:04:31 ubuntu-phablet kernel: [   20.052549] asoc: snd-soc-dummy-dai <-> MultiMedia2 mapping ok
Dec  3 21:04:31 ubuntu-phablet kernel: [   20.053311] asoc: snd-soc-dummy-dai <-> CS-VOICE mapping ok
Dec  3 21:04:31 ubuntu-phablet kernel: [   20.054065] asoc: snd-soc-dummy-dai <-> VoIP mapping ok
Dec  3 21:04:31 ubuntu-phablet kernel: [   20.054839] asoc: snd-soc-dummy-dai <-> MultiMedia3 mapping ok
Dec  3 21:04:31 ubuntu-phablet kernel: [   20.055616] asoc: snd-soc-dummy-dai <-> SLIMBUS0_HOSTLESS mapping ok
Dec  3 21:04:31 ubuntu-phablet kernel: [   20.056378] asoc: snd-soc-dummy-dai <-> INT_FM_HOSTLESS mapping ok
Dec  3 21:04:31 ubuntu-phablet kernel: [   20.057023] asoc: msm-stub-rx <-> msm-dai-q6-dev.241 mapping ok
Dec  3 21:04:31 ubuntu-phablet kernel: [   20.057645] asoc: msm-stub-tx <-> msm-dai-q6-dev.240 mapping ok
Dec  3 21:04:31 ubuntu-phablet kernel: [   20.058345] compress asoc: snd-soc-dummy-dai <-> MultiMedia4 mapping ok
Dec  3 21:04:31 ubuntu-phablet kernel: [   20.059099] asoc: snd-soc-dummy-dai <-> AUXPCM_HOSTLESS mapping ok
Dec  3 21:04:31 ubuntu-phablet kernel: [   20.059816] asoc: snd-soc-dummy-dai <-> SLIMBUS1_HOSTLESS mapping ok
Dec  3 21:04:31 ubuntu-phablet kernel: [   20.060542] asoc: snd-soc-dummy-dai <-> SLIMBUS3_HOSTLESS mapping ok
Dec  3 21:04:31 ubuntu-phablet kernel: [   20.061249] asoc: snd-soc-dummy-dai <-> SLIMBUS4_HOSTLESS mapping ok
Dec  3 21:04:31 ubuntu-phablet kernel: [   20.061977] asoc: snd-soc-dummy-dai <-> Voice2 mapping ok
Dec  3 21:04:31 ubuntu-phablet kernel: [   20.062766] asoc: snd-soc-dummy-dai <-> MultiMedia5 mapping ok
Dec  3 21:04:31 ubuntu-phablet kernel: [   20.063543] asoc: snd-soc-dummy-dai <-> MultiMedia9 mapping ok
Dec  3 21:04:31 ubuntu-phablet kernel: [   20.064271] asoc: snd-soc-dummy-dai <-> VoLTE mapping ok
Dec  3 21:04:31 ubuntu-phablet kernel: [   20.064994] asoc: snd-soc-dummy-dai <-> QCHAT mapping ok
Dec  3 21:04:31 ubuntu-phablet kernel: [   20.065652] asoc: snd-soc-dummy-dai <-> LSM1 mapping ok
Dec  3 21:04:31 ubuntu-phablet kernel: [   20.066402] asoc: snd-soc-dummy-dai <-> MultiMedia8 mapping ok
Dec  3 21:04:31 ubuntu-phablet kernel: [   20.067039] asoc: snd-soc-dummy-dai <-> LSM2 mapping ok
Dec  3 21:04:31 ubuntu-phablet kernel: [   20.067676] asoc: snd-soc-dummy-dai <-> LSM3 mapping ok
Dec  3 21:04:31 ubuntu-phablet kernel: [   20.068313] asoc: snd-soc-dummy-dai <-> LSM4 mapping ok
Dec  3 21:04:31 ubuntu-phablet kernel: [   20.069014] asoc: snd-soc-dummy-dai <-> LSM5 mapping ok
Dec  3 21:04:31 ubuntu-phablet kernel: [   20.069671] asoc: snd-soc-dummy-dai <-> LSM6 mapping ok
Dec  3 21:04:31 ubuntu-phablet kernel: [   20.070319] asoc: snd-soc-dummy-dai <-> LSM7 mapping ok
Dec  3 21:04:31 ubuntu-phablet kernel: [   20.070966] asoc: snd-soc-dummy-dai <-> LSM8 mapping ok
Dec  3 21:04:31 ubuntu-phablet kernel: [   20.071734] asoc: snd-soc-dummy-dai <-> INT_HFP_BT_HOSTLESS mapping ok
Dec  3 21:04:31 ubuntu-phablet kernel: [   20.072551] asoc: snd-soc-dummy-dai <-> MultiMedia6 mapping ok
